Archive member included to satisfy reference by file (symbol)

.\CortexM3\ARM_GCC_541\Debug\LCD_display.a(I2C_1.o)
                              .\CortexM3\ARM_GCC_541\Debug\Display.o (I2C_1_Start)
.\CortexM3\ARM_GCC_541\Debug\LCD_display.a(I2C_1_INT.o)
                              .\CortexM3\ARM_GCC_541\Debug\LCD_display.a(I2C_1.o) (I2C_1_ISR)
.\CortexM3\ARM_GCC_541\Debug\LCD_display.a(I2C_1_PM.o)
                              .\CortexM3\ARM_GCC_541\Debug\LCD_display.a(I2C_1.o) (I2C_1_backup)
.\CortexM3\ARM_GCC_541\Debug\LCD_display.a(I2C_1_MASTER.o)
                              .\CortexM3\ARM_GCC_541\Debug\LCD_display.a(I2C_1.o) (I2C_1_mstrStatus)
.\CortexM3\ARM_GCC_541\Debug\LCD_display.a(Timer_LCD.o)
                              .\CortexM3\ARM_GCC_541\Debug\Display.o (Timer_LCD_Stop)
.\CortexM3\ARM_GCC_541\Debug\LCD_display.a(isr_timer.o)
                              .\CortexM3\ARM_GCC_541\Debug\Stopur.o (isr_timer_StartEx)
.\CortexM3\ARM_GCC_541\Debug\LCD_display.a(CyLib.o)
                              .\CortexM3\ARM_GCC_541\Debug\Cm3Start.o (CyHalt)
.\CortexM3\ARM_GCC_541\Debug\LCD_display.a(cyPm.o)
                              .\CortexM3\ARM_GCC_541\Debug\LCD_display.a(CyLib.o) (CyPmReadStatus)
.\CortexM3\ARM_GCC_541\Debug\LCD_display.a(Timer_Stopur.o)
                              .\CortexM3\ARM_GCC_541\Debug\Stopur.o (Timer_Stopur_Stop)
.\CortexM3\ARM_GCC_541\Debug\LCD_display.a(isr_refreshrate_LCD.o)
                              .\CortexM3\ARM_GCC_541\Debug\Display.o (isr_refreshrate_LCD_StartEx)
.\CortexM3\ARM_GCC_541\Debug\LCD_display.a(CyBootAsmGnu.o)
                              .\CortexM3\ARM_GCC_541\Debug\cyfitter_cfg.o (CyDelayCycles)
.\CortexM3\ARM_GCC_541\Debug\LCD_display.a(CyFlash.o)
                              .\CortexM3\ARM_GCC_541\Debug\LCD_display.a(cyPm.o) (CyFlash_SetWaitCycles)
.\CortexM3\ARM_GCC_541\Debug\LCD_display.a(CySpc.o)
                              .\CortexM3\ARM_GCC_541\Debug\LCD_display.a(CyFlash.o) (CySpcStart)
s:/cypress/psoc creator/4.2/psoc creator/import/gnu/arm/5.4.1/bin/../lib/gcc/arm-none-eabi/5.4.1/../../../../arm-none-eabi/lib/armv7-m\libg_nano.a(lib_a-errno.o)
                              .\CortexM3\ARM_GCC_541\Debug\Cm3Start.o (__errno)
s:/cypress/psoc creator/4.2/psoc creator/import/gnu/arm/5.4.1/bin/../lib/gcc/arm-none-eabi/5.4.1/../../../../arm-none-eabi/lib/armv7-m\libg_nano.a(lib_a-exit.o)
                              s:/cypress/psoc creator/4.2/psoc creator/import/gnu/arm/5.4.1/bin/../lib/gcc/arm-none-eabi/5.4.1/../../../../arm-none-eabi/lib/armv7-m/crt0.o (exit)
s:/cypress/psoc creator/4.2/psoc creator/import/gnu/arm/5.4.1/bin/../lib/gcc/arm-none-eabi/5.4.1/../../../../arm-none-eabi/lib/armv7-m\libg_nano.a(lib_a-impure.o)
                              s:/cypress/psoc creator/4.2/psoc creator/import/gnu/arm/5.4.1/bin/../lib/gcc/arm-none-eabi/5.4.1/../../../../arm-none-eabi/lib/armv7-m\libg_nano.a(lib_a-exit.o) (_global_impure_ptr)
s:/cypress/psoc creator/4.2/psoc creator/import/gnu/arm/5.4.1/bin/../lib/gcc/arm-none-eabi/5.4.1/../../../../arm-none-eabi/lib/armv7-m\libg_nano.a(lib_a-init.o)
                              s:/cypress/psoc creator/4.2/psoc creator/import/gnu/arm/5.4.1/bin/../lib/gcc/arm-none-eabi/5.4.1/../../../../arm-none-eabi/lib/armv7-m/crt0.o (__libc_init_array)
s:/cypress/psoc creator/4.2/psoc creator/import/gnu/arm/5.4.1/bin/../lib/gcc/arm-none-eabi/5.4.1/../../../../arm-none-eabi/lib/armv7-m\libg_nano.a(lib_a-memcpy-stub.o)
                              .\CortexM3\ARM_GCC_541\Debug\cyfitter_cfg.o (memcpy)
s:/cypress/psoc creator/4.2/psoc creator/import/gnu/arm/5.4.1/bin/../lib/gcc/arm-none-eabi/5.4.1/../../../../arm-none-eabi/lib/armv7-m\libg_nano.a(lib_a-memset.o)
                              s:/cypress/psoc creator/4.2/psoc creator/import/gnu/arm/5.4.1/bin/../lib/gcc/arm-none-eabi/5.4.1/../../../../arm-none-eabi/lib/armv7-m/crt0.o (memset)
s:/cypress/psoc creator/4.2/psoc creator/import/gnu/arm/5.4.1/bin/../lib/gcc/arm-none-eabi/5.4.1/../../../../arm-none-eabi/lib/armv7-m\libg_nano.a(lib_a-sprintf.o)
                              .\CortexM3\ARM_GCC_541\Debug\Display.o (sprintf)
s:/cypress/psoc creator/4.2/psoc creator/import/gnu/arm/5.4.1/bin/../lib/gcc/arm-none-eabi/5.4.1/../../../../arm-none-eabi/lib/armv7-m\libg_nano.a(lib_a-strlen.o)
                              .\CortexM3\ARM_GCC_541\Debug\LiquidCrystal_I2C.o (strlen)
s:/cypress/psoc creator/4.2/psoc creator/import/gnu/arm/5.4.1/bin/../lib/gcc/arm-none-eabi/5.4.1/../../../../arm-none-eabi/lib/armv7-m\libg_nano.a(lib_a-nano-svfprintf.o)
                              s:/cypress/psoc creator/4.2/psoc creator/import/gnu/arm/5.4.1/bin/../lib/gcc/arm-none-eabi/5.4.1/../../../../arm-none-eabi/lib/armv7-m\libg_nano.a(lib_a-sprintf.o) (_svfprintf_r)
s:/cypress/psoc creator/4.2/psoc creator/import/gnu/arm/5.4.1/bin/../lib/gcc/arm-none-eabi/5.4.1/../../../../arm-none-eabi/lib/armv7-m\libg_nano.a(lib_a-nano-vfprintf_i.o)
[...]
Memory Configuration

Name             Origin             Length             Attributes
rom              0x00000000         0x00040000         xr
ram              0x1fff8000         0x00010000         xrw
*default*        0x00000000         0xffffffff

Linker script and memory map

LOAD s:/cypress/psoc creator/4.2/psoc creator/import/gnu/arm/5.4.1/bin/../lib/gcc/arm-none-eabi/5.4.1/armv7-m/crti.o
LOAD s:/cypress/psoc creator/4.2/psoc creator/import/gnu/arm/5.4.1/bin/../lib/gcc/arm-none-eabi/5.4.1/armv7-m/crtbegin.o
LOAD s:/cypress/psoc creator/4.2/psoc creator/import/gnu/arm/5.4.1/bin/../lib/gcc/arm-none-eabi/5.4.1/../../../../arm-none-eabi/lib/armv7-m/crt0.o
START GROUP
LOAD .\CortexM3\ARM_GCC_541\Debug\main.o
LOAD .\CortexM3\ARM_GCC_541\Debug\Display.o
LOAD .\CortexM3\ARM_GCC_541\Debug\LiquidCrystal_I2C.o
LOAD .\CortexM3\ARM_GCC_541\Debug\Stopur.o
LOAD .\CortexM3\ARM_GCC_541\Debug\cyfitter_cfg.o
LOAD .\CortexM3\ARM_GCC_541\Debug\cymetadata.o
LOAD .\CortexM3\ARM_GCC_541\Debug\Cm3Start.o
LOAD .\CortexM3\ARM_GCC_541\Debug\LCD_display.a
LOAD S:\Cypress\PSoC Creator\4.2\PSoC Creator\psoc\content\cycomponentlibrary\CyComponentLibrary.cylib\CortexM3\ARM_GCC_541\Debug\CyComponentLibrary.a
END GROUP
START GROUP
LOAD s:/cypress/psoc creator/4.2/psoc creator/import/gnu/arm/5.4.1/bin/../lib/gcc/arm-none-eabi/5.4.1/armv7-m\libgcc.a
LOAD s:/cypress/psoc creator/4.2/psoc creator/import/gnu/arm/5.4.1/bin/../lib/gcc/arm-none-eabi/5.4.1/../../../../arm-none-eabi/lib/armv7-m\libg_nano.a
LOAD s:/cypress/psoc creator/4.2/psoc creator/import/gnu/arm/5.4.1/bin/../lib/gcc/arm-none-eabi/5.4.1/../../../../arm-none-eabi/lib/armv7-m\libc_nano.a
END GROUP
START GROUP
LOAD s:/cypress/psoc creator/4.2/psoc creator/import/gnu/arm/5.4.1/bin/../lib/gcc/arm-none-eabi/5.4.1/armv7-m\libgcc.a
LOAD s:/cypress/psoc creator/4.2/psoc creator/import/gnu/arm/5.4.1/bin/../lib/gcc/arm-none-eabi/5.4.1/../../../../arm-none-eabi/lib/armv7-m\libc_nano.a
END GROUP
LOAD s:/cypress/psoc creator/4.2/psoc creator/import/gnu/arm/5.4.1/bin/../lib/gcc/arm-none-eabi/5.4.1/armv7-m/crtend.o
LOAD s:/cypress/psoc creator/4.2/psoc creator/import/gnu/arm/5.4.1/bin/../lib/gcc/arm-none-eabi/5.4.1/armv7-m/crtn.o
START GROUP
LOAD s:/cypress/psoc creator/4.2/psoc creator/import/gnu/arm/5.4.1/bin/../lib/gcc/arm-none-eabi/5.4.1/armv7-m\libgcc.a
LOAD s:/cypress/psoc creator/4.2/psoc creator/import/gnu/arm/5.4.1/bin/../lib/gcc/arm-none-eabi/5.4.1/../../../../arm-none-eabi/lib/armv7-m\libc.a
LOAD s:/cypress/psoc creator/4.2/psoc creator/import/gnu/arm/5.4.1/bin/../lib/gcc/arm-none-eabi/5.4.1/../../../../arm-none-eabi/lib/armv7-m\libnosys.a
END GROUP
                0x00000000                CY_APPL_ORIGIN = 0x0
                0x00000100                CY_FLASH_ROW_SIZE = 0x100
                0x00000020                CY_ECC_ROW_SIZE = 0x20
                0x00000000                CY_EE_IN_BTLDR = 0x0
                0x00000000                CY_APPL_LOADABLE = 0x0
                0x00000800                CY_EE_SIZE = 0x800
                0x00000001                CY_APPL_NUM = 0x1
                0x00000001                CY_APPL_MAX = 0x1
                0x00000040                CY_METADATA_SIZE = 0x40
                0x00000000                CY_APPL_LOADABLE = 0x0
                0x00000000                CY_CHECKSUM_EXCLUDE_SIZE = ALIGN (0x0, CY_FLASH_ROW_SIZE)
                [!provide]                PROVIDE (__cy_heap_start, _end)
                0x00000001                PROVIDE (__cy_region_num, ((__cy_regions_end - __cy_regions) / 0x10))
                0x20008000                PROVIDE (__cy_stack, (ORIGIN (ram) + LENGTH (ram)))
                [!provide]                PROVIDE (__cy_heap_end, (__cy_stack - 0x800))

.cybootloader   0x00000000        0x0
 *(.cybootloader)
                0x00000000                appl1_start = CY_APPL_ORIGIN?CY_APPL_ORIGIN:ALIGN (CY_FLASH_ROW_SIZE)
                0x0001ff00                appl2_start = (appl1_start + ALIGN ((((LENGTH (rom) - appl1_start) - (0x2 * CY_FLASH_ROW_SIZE)) / 0x2), CY_FLASH_ROW_SIZE))
                0x00000000                appl_start = (CY_APPL_NUM == 0x1)?appl1_start:appl2_start
                0x00000000                ecc_offset = ((appl_start / CY_FLASH_ROW_SIZE) * CY_ECC_ROW_SIZE)
                0x00000000                ee_offset = (CY_APPL_LOADABLE && ! (CY_EE_IN_BTLDR))?((CY_EE_SIZE / CY_APPL_MAX) * (CY_APPL_NUM - 0x1)):0x0
                0x00000800                ee_size = (CY_APPL_LOADABLE && ! (CY_EE_IN_BTLDR))?(CY_EE_SIZE / CY_APPL_MAX):CY_EE_SIZE
                [!provide]                PROVIDE (CY_ECC_OFFSET, ecc_offset)

.text           0x00000000     0x17a0
 CREATE_OBJECT_SYMBOLS
                0x00000000                PROVIDE (__cy_interrupt_vector, RomVectors)
 *(.romvectors)
 .romvectors    0x00000000       0x10 .\CortexM3\ARM_GCC_541\Debug\Cm3Start.o
                0x00000000                RomVectors
                0x00000001                ASSERT ((. != __cy_interrupt_vector), No interrupt vector)
                0x00000001                ASSERT (CY_APPL_ORIGIN?(SIZEOF (.cybootloader) <= CY_APPL_ORIGIN):0x1, Wrong image location)
                0x00000010                PROVIDE (__cy_reset, Reset)
 *(.text.Reset)
 .text.Reset    0x00000010       0x18 .\CortexM3\ARM_GCC_541\Debug\Cm3Start.o
                0x00000010                Reset
                0x00000001                ASSERT ((. != __cy_reset), No reset code)
 *(.dma_init)
                0x00000001                ASSERT ((((appl_start + .) <= 0x10000) || 0x1), DMA Init must be within the first 64k of flash)
 *(.text .text.* .gnu.linkonce.t.*)
 .text          0x00000028       0x5c s:/cypress/psoc creator/4.2/psoc creator/import/gnu/arm/5.4.1/bin/../lib/gcc/arm-none-eabi/5.4.1/armv7-m/crtbegin.o
 .text.main     0x00000084       0x18 .\CortexM3\ARM_GCC_541\Debug\main.o
                0x00000084                main
 .text.initDisp
                0x0000009c       0x9c .\CortexM3\ARM_GCC_541\Debug\Display.o
                0x0000009c                initDisp
 .text.dispTime
                0x00000138       0x58 .\CortexM3\ARM_GCC_541\Debug\Display.o
                0x00000138                dispTime
 .text.isr_refreshrate_LCD
                0x00000190       0x3c .\CortexM3\ARM_GCC_541\Debug\Display.o
                0x00000190                isr_refreshrate_LCD
 .text.LiquidCrystal_I2C_init
                0x000001cc       0x30 .\CortexM3\ARM_GCC_541\Debug\LiquidCrystal_I2C.o
                0x000001cc                LiquidCrystal_I2C_init
 .text.I2C_M_write_byte
                0x000001fc       0x18 .\CortexM3\ARM_GCC_541\Debug\LiquidCrystal_I2C.o
                0x000001fc                I2C_M_write_byte
 .text.expanderWrite
                0x00000214       0x1c .\CortexM3\ARM_GCC_541\Debug\LiquidCrystal_I2C.o
                0x00000214                expanderWrite
 .text.pulseEnable
                0x00000230       0x24 .\CortexM3\ARM_GCC_541\Debug\LiquidCrystal_I2C.o
                0x00000230                pulseEnable
 .text.write4bits
                0x00000254       0x10 .\CortexM3\ARM_GCC_541\Debug\LiquidCrystal_I2C.o
                0x00000254                write4bits
 .text.send     0x00000264       0x20 .\CortexM3\ARM_GCC_541\Debug\LiquidCrystal_I2C.o
                0x00000264                send
 .text.command  0x00000284        0xc .\CortexM3\ARM_GCC_541\Debug\LiquidCrystal_I2C.o
                0x00000284                command
 .text.clear    0x00000290       0x10 .\CortexM3\ARM_GCC_541\Debug\LiquidCrystal_I2C.o
                0x00000290                clear
 .text.home     0x000002a0       0x10 .\CortexM3\ARM_GCC_541\Debug\LiquidCrystal_I2C.o
                0x000002a0                home
 .text.setCursor
                0x000002b0       0x44 .\CortexM3\ARM_GCC_541\Debug\LiquidCrystal_I2C.o
                0x000002b0                setCursor
 .text.display  0x000002f4       0x1c .\CortexM3\ARM_GCC_541\Debug\LiquidCrystal_I2C.o
                0x000002f4                display
 .text.write    0x00000310        0xc .\CortexM3\ARM_GCC_541\Debug\LiquidCrystal_I2C.o
                0x00000310                write
 .text.LCD_print
                0x0000031c       0x20 .\CortexM3\ARM_GCC_541\Debug\LiquidCrystal_I2C.o
                0x0000031c                LCD_print
 .text.begin    0x0000033c       0xb4 .\CortexM3\ARM_GCC_541\Debug\LiquidCrystal_I2C.o
                0x0000033c                begin
 .text.setaddress
                0x000003f0        0xc .\CortexM3\ARM_GCC_541\Debug\LiquidCrystal_I2C.o
                0x000003f0                setaddress
 .text.initTimer
                0x000003fc       0x10 .\CortexM3\ARM_GCC_541\Debug\Stopur.o
                0x000003fc                initTimer
 .text.startTimer
                0x0000040c        0x8 .\CortexM3\ARM_GCC_541\Debug\Stopur.o
                0x0000040c                startTimer
 .text.stopTimer
                0x00000414        0x8 .\CortexM3\ARM_GCC_541\Debug\Stopur.o
                0x00000414                stopTimer
 .text.isr_timer
                0x0000041c       0x20 .\CortexM3\ARM_GCC_541\Debug\Stopur.o
                0x0000041c                isr_timer
 .text.getTime  0x0000043c       0x10 .\CortexM3\ARM_GCC_541\Debug\Stopur.o
                0x0000043c                getTime
 .text.CyClockStartupError
                0x0000044c        0x4 .\CortexM3\ARM_GCC_541\Debug\cyfitter_cfg.o
 .text.cfg_write_bytes32
                0x00000450       0x34 .\CortexM3\ARM_GCC_541\Debug\cyfitter_cfg.o
 .text.AnalogSetDefault
                0x00000484       0x28 .\CortexM3\ARM_GCC_541\Debug\cyfitter_cfg.o
 .text.CYMEMZERO
                0x000004ac        0xc .\CortexM3\ARM_GCC_541\Debug\cyfitter_cfg.o
 .text.ClockSetup
                0x000004b8       0xcc .\CortexM3\ARM_GCC_541\Debug\cyfitter_cfg.o
 .text.CYCONFIGCPY
                0x00000584        0x8 .\CortexM3\ARM_GCC_541\Debug\cyfitter_cfg.o
 .text.cyfitter_cfg
                0x0000058c       0xdc .\CortexM3\ARM_GCC_541\Debug\cyfitter_cfg.o
                0x0000058c                cyfitter_cfg
 .text.IntDefaultHandler
                0x00000668       0x10 .\CortexM3\ARM_GCC_541\Debug\Cm3Start.o
                0x00000668                IntDefaultHandler
 .text._sbrk    0x00000678       0x30 .\CortexM3\ARM_GCC_541\Debug\Cm3Start.o
                0x00000678                _sbrk
 .text.Start_c  0x000006a8       0x4c .\CortexM3\ARM_GCC_541\Debug\Cm3Start.o
                0x000006a8                Start_c
 .text.initialize_psoc
                0x000006f4       0x68 .\CortexM3\ARM_GCC_541\Debug\Cm3Start.o
                0x000006f4                initialize_psoc
 .text.I2C_1_Init
                0x0000075c       0x68 .\CortexM3\ARM_GCC_541\Debug\LCD_display.a(I2C_1.o)
                0x0000075c                I2C_1_Init
 .text.I2C_1_Enable
                0x000007c4       0x24 .\CortexM3\ARM_GCC_541\Debug\LCD_display.a(I2C_1.o)
                0x000007c4                I2C_1_Enable
 .text.I2C_1_Start
                0x000007e8       0x28 .\CortexM3\ARM_GCC_541\Debug\LCD_display.a(I2C_1.o)
                0x000007e8                I2C_1_Start
 .text.I2C_1_ISR
                0x00000810      0x2d0 .\CortexM3\ARM_GCC_541\Debug\LCD_display.a(I2C_1_INT.o)
                0x00000810                I2C_1_ISR
 .text.I2C_1_MasterSendStart
                0x00000ae0       0x80 .\CortexM3\ARM_GCC_541\Debug\LCD_display.a(I2C_1_MASTER.o)
                0x00000ae0                I2C_1_MasterSendStart
 .text.I2C_1_MasterSendStop
                0x00000b60       0x38 .\CortexM3\ARM_GCC_541\Debug\LCD_display.a(I2C_1_MASTER.o)
                0x00000b60                I2C_1_MasterSendStop
 .text.I2C_1_MasterWriteByte
                0x00000b98       0x58 .\CortexM3\ARM_GCC_541\Debug\LCD_display.a(I2C_1_MASTER.o)
                0x00000b98                I2C_1_MasterWriteByte
 .text.Timer_LCD_Enable
                0x00000bf0       0x10 .\CortexM3\ARM_GCC_541\Debug\LCD_display.a(Timer_LCD.o)
                0x00000bf0                Timer_LCD_Enable
 .text.Timer_LCD_Stop
                0x00000c00       0x10 .\CortexM3\ARM_GCC_541\Debug\LCD_display.a(Timer_LCD.o)
                0x00000c00                Timer_LCD_Stop
 .text.Timer_LCD_SetInterruptMode
                0x00000c10        0xc .\CortexM3\ARM_GCC_541\Debug\LCD_display.a(Timer_LCD.o)
                0x00000c10                Timer_LCD_SetInterruptMode
 .text.Timer_LCD_ReadStatusRegister
                0x00000c1c        0xc .\CortexM3\ARM_GCC_541\Debug\LCD_display.a(Timer_LCD.o)
                0x00000c1c                Timer_LCD_ReadStatusRegister
 .text.Timer_LCD_WritePeriod
                0x00000c28        0xc .\CortexM3\ARM_GCC_541\Debug\LCD_display.a(Timer_LCD.o)
                0x00000c28                Timer_LCD_WritePeriod
 .text.Timer_LCD_ReadCapture
                0x00000c34        0xc .\CortexM3\ARM_GCC_541\Debug\LCD_display.a(Timer_LCD.o)
                0x00000c34                Timer_LCD_ReadCapture
 .text.Timer_LCD_WriteCounter
                0x00000c40        0xc .\CortexM3\ARM_GCC_541\Debug\LCD_display.a(Timer_LCD.o)
                0x00000c40                Timer_LCD_WriteCounter
 .text.Timer_LCD_ClearFIFO
                0x00000c4c       0x14 .\CortexM3\ARM_GCC_541\Debug\LCD_display.a(Timer_LCD.o)
                0x00000c4c                Timer_LCD_ClearFIFO
 .text.Timer_LCD_Init
                0x00000c60       0x30 .\CortexM3\ARM_GCC_541\Debug\LCD_display.a(Timer_LCD.o)
                0x00000c60                Timer_LCD_Init
 .text.Timer_LCD_Start
                0x00000c90       0x1c .\CortexM3\ARM_GCC_541\Debug\LCD_display.a(Timer_LCD.o)
                0x00000c90                Timer_LCD_Start
 .text.isr_timer_SetVector
                0x00000cac        0xc .\CortexM3\ARM_GCC_541\Debug\LCD_display.a(isr_timer.o)
                0x00000cac                isr_timer_SetVector
 .text.isr_timer_SetPriority
                0x00000cb8       0x10 .\CortexM3\ARM_GCC_541\Debug\LCD_display.a(isr_timer.o)
                0x00000cb8                isr_timer_SetPriority
 .text.isr_timer_Enable
                0x00000cc8        0xc .\CortexM3\ARM_GCC_541\Debug\LCD_display.a(isr_timer.o)
                0x00000cc8                isr_timer_Enable
 .text.isr_timer_Disable
                0x00000cd4        0xc .\CortexM3\ARM_GCC_541\Debug\LCD_display.a(isr_timer.o)
                0x00000cd4                isr_timer_Disable
 .text.isr_timer_StartEx
                0x00000ce0       0x1c .\CortexM3\ARM_GCC_541\Debug\LCD_display.a(isr_timer.o)
                0x00000ce0                isr_timer_StartEx
 .text.CyHalt   0x00000cfc        0x4 .\CortexM3\ARM_GCC_541\Debug\LCD_display.a(CyLib.o)
                0x00000cfc                CyHalt
 .text.CyDelay  0x00000d00       0x2c .\CortexM3\ARM_GCC_541\Debug\LCD_display.a(CyLib.o)
                0x00000d00                CyDelay
 .text.CyDelayUs
                0x00000d2c       0x14 .\CortexM3\ARM_GCC_541\Debug\LCD_display.a(CyLib.o)
                0x00000d2c                CyDelayUs
 .text.CyIntSetVector
                0x00000d40       0x28 .\CortexM3\ARM_GCC_541\Debug\LCD_display.a(CyLib.o)
                0x00000d40                CyIntSetVector
 .text.CyIntSetPriority
                0x00000d68       0x30 .\CortexM3\ARM_GCC_541\Debug\LCD_display.a(CyLib.o)
                0x00000d68                CyIntSetPriority
 .text.Timer_Stopur_Enable
                0x00000d98       0x10 .\CortexM3\ARM_GCC_541\Debug\LCD_display.a(Timer_Stopur.o)
                0x00000d98                Timer_Stopur_Enable
 .text.Timer_Stopur_Stop
                0x00000da8       0x10 .\CortexM3\ARM_GCC_541\Debug\LCD_display.a(Timer_Stopur.o)
                0x00000da8                Timer_Stopur_Stop
 .text.Timer_Stopur_SetInterruptMode
                0x00000db8        0xc .\CortexM3\ARM_GCC_541\Debug\LCD_display.a(Timer_Stopur.o)
                0x00000db8                Timer_Stopur_SetInterruptMode
 .text.Timer_Stopur_ReadStatusRegister
                0x00000dc4        0xc .\CortexM3\ARM_GCC_541\Debug\LCD_display.a(Timer_Stopur.o)
                0x00000dc4                Timer_Stopur_ReadStatusRegister
 .text.Timer_Stopur_WritePeriod
                0x00000dd0        0xc .\CortexM3\ARM_GCC_541\Debug\LCD_display.a(Timer_Stopur.o)
                0x00000dd0                Timer_Stopur_WritePeriod
 .text.Timer_Stopur_ReadCapture
                0x00000ddc        0xc .\CortexM3\ARM_GCC_541\Debug\LCD_display.a(Timer_Stopur.o)
                0x00000ddc                Timer_Stopur_ReadCapture
 .text.Timer_Stopur_WriteCounter
                0x00000de8        0xc .\CortexM3\ARM_GCC_541\Debug\LCD_display.a(Timer_Stopur.o)
                0x00000de8                Timer_Stopur_WriteCounter
 .text.Timer_Stopur_ClearFIFO
                0x00000df4       0x14 .\CortexM3\ARM_GCC_541\Debug\LCD_display.a(Timer_Stopur.o)
                0x00000df4                Timer_Stopur_ClearFIFO
 .text.Timer_Stopur_Init
                0x00000e08       0x34 .\CortexM3\ARM_GCC_541\Debug\LCD_display.a(Timer_Stopur.o)
                0x00000e08                Timer_Stopur_Init
 .text.Timer_Stopur_Start
                0x00000e3c       0x1c .\CortexM3\ARM_GCC_541\Debug\LCD_display.a(Timer_Stopur.o)
                0x00000e3c                Timer_Stopur_Start
 .text.isr_refreshrate_LCD_SetVector
                0x00000e58        0xc .\CortexM3\ARM_GCC_541\Debug\LCD_display.a(isr_refreshrate_LCD.o)
                0x00000e58                isr_refreshrate_LCD_SetVector
 .text.isr_refreshrate_LCD_SetPriority
                0x00000e64       0x10 .\CortexM3\ARM_GCC_541\Debug\LCD_display.a(isr_refreshrate_LCD.o)
                0x00000e64                isr_refreshrate_LCD_SetPriority
 .text.isr_refreshrate_LCD_Enable
                0x00000e74        0xc .\CortexM3\ARM_GCC_541\Debug\LCD_display.a(isr_refreshrate_LCD.o)
                0x00000e74                isr_refreshrate_LCD_Enable
 .text.isr_refreshrate_LCD_Disable
                0x00000e80        0xc .\CortexM3\ARM_GCC_541\Debug\LCD_display.a(isr_refreshrate_LCD.o)
                0x00000e80                isr_refreshrate_LCD_Disable
 .text.isr_refreshrate_LCD_StartEx
                0x00000e8c       0x1c .\CortexM3\ARM_GCC_541\Debug\LCD_display.a(isr_refreshrate_LCD.o)
                0x00000e8c                isr_refreshrate_LCD_StartEx
 .text          0x00000ea8       0x20 .\CortexM3\ARM_GCC_541\Debug\LCD_display.a(CyBootAsmGnu.o)
                0x00000ea8                CyDelayCycles
                0x00000eb8                CyEnterCriticalSection
                0x00000ec0                CyExitCriticalSection
 .text.__errno  0x00000ec8        0xc s:/cypress/psoc creator/4.2/psoc creator/import/gnu/arm/5.4.1/bin/../lib/gcc/arm-none-eabi/5.4.1/../../../../arm-none-eabi/lib/armv7-m\libg_nano.a(lib_a-errno.o)
                0x00000ec8                __errno
 .text.__libc_init_array
                0x00000ed4       0x4c s:/cypress/psoc creator/4.2/psoc creator/import/gnu/arm/5.4.1/bin/../lib/gcc/arm-none-eabi/5.4.1/../../../../arm-none-eabi/lib/armv7-m\libg_nano.a(lib_a-init.o)
                0x00000ed4                __libc_init_array
 .text.memcpy   0x00000f20       0x16 s:/cypress/psoc creator/4.2/psoc creator/import/gnu/arm/5.4.1/bin/../lib/gcc/arm-none-eabi/5.4.1/../../../../arm-none-eabi/lib/armv7-m\libg_nano.a(lib_a-memcpy-stub.o)
                0x00000f20                memcpy
 .text.memset   0x00000f36       0x10 s:/cypress/psoc creator/4.2/psoc creator/import/gnu/arm/5.4.1/bin/../lib/gcc/arm-none-eabi/5.4.1/../../../../arm-none-eabi/lib/armv7-m\libg_nano.a(lib_a-memset.o)
                0x00000f36                memset
 *fill*         0x00000f46        0x2 
 .text.sprintf  0x00000f48       0x48 s:/cypress/psoc creator/4.2/psoc creator/import/gnu/arm/5.4.1/bin/../lib/gcc/arm-none-eabi/5.4.1/../../../../arm-none-eabi/lib/armv7-m\libg_nano.a(lib_a-sprintf.o)
                0x00000f48                siprintf
                0x00000f48                sprintf
 .text          0x00000f90       0x10 s:/cypress/psoc creator/4.2/psoc creator/import/gnu/arm/5.4.1/bin/../lib/gcc/arm-none-eabi/5.4.1/../../../../arm-none-eabi/lib/armv7-m\libg_nano.a(lib_a-strlen.o)
                0x00000f90                strlen
 .text.__ssputs_r
                0x00000fa0       0xb2 s:/cypress/psoc creator/4.2/psoc creator/import/gnu/arm/5.4.1/bin/../lib/gcc/arm-none-eabi/5.4.1/../../../../arm-none-eabi/lib/armv7-m\libg_nano.a(lib_a-nano-svfprintf.o)
                0x00000fa0                __ssputs_r
 *fill*         0x00001052        0x2 
 .text._svfprintf_r
                0x00001054      0x1e8 s:/cypress/psoc creator/4.2/psoc creator/import/gnu/arm/5.4.1/bin/../lib/gcc/arm-none-eabi/5.4.1/../../../../arm-none-eabi/lib/armv7-m\libg_nano.a(lib_a-nano-svfprintf.o)
                0x00001054                _svfiprintf_r
                0x00001054                _svfprintf_r
 .text._printf_common
                0x0000123c       0xec s:/cypress/psoc creator/4.2/psoc creator/import/gnu/arm/5.4.1/bin/../lib/gcc/arm-none-eabi/5.4.1/../../../../arm-none-eabi/lib/armv7-m\libg_nano.a(lib_a-nano-vfprintf_i.o)
                0x0000123c                _printf_common
 .text._printf_i
                0x00001328      0x24c s:/cypress/psoc creator/4.2/psoc creator/import/gnu/arm/5.4.1/bin/../lib/gcc/arm-none-eabi/5.4.1/../../../../arm-none-eabi/lib/armv7-m\libg_nano.a(lib_a-nano-vfprintf_i.o)
                0x00001328                _printf_i
 .text.memchr   0x00001574       0x1c s:/cypress/psoc creator/4.2/psoc creator/import/gnu/arm/5.4.1/bin/../lib/gcc/arm-none-eabi/5.4.1/../../../../arm-none-eabi/lib/armv7-m\libg_nano.a(lib_a-memchr-stub.o)
                0x00001574                memchr
 .text.memmove  0x00001590       0x36 s:/cypress/psoc creator/4.2/psoc creator/import/gnu/arm/5.4.1/bin/../lib/gcc/arm-none-eabi/5.4.1/../../../../arm-none-eabi/lib/armv7-m\libg_nano.a(lib_a-memmove.o)
                0x00001590                memmove
 *fill*         0x000015c6        0x2 
 .text._free_r  0x000015c8       0x98 s:/cypress/psoc creator/4.2/psoc creator/import/gnu/arm/5.4.1/bin/../lib/gcc/arm-none-eabi/5.4.1/../../../../arm-none-eabi/lib/armv7-m\libg_nano.a(lib_a-nano-freer.o)
                0x000015c8                _free_r
 .text._malloc_r
                0x00001660       0xbc s:/cypress/psoc creator/4.2/psoc creator/import/gnu/arm/5.4.1/bin/../lib/gcc/arm-none-eabi/5.4.1/../../../../arm-none-eabi/lib/armv7-m\libg_nano.a(lib_a-nano-mallocr.o)
                0x00001660                _malloc_r
 .text._realloc_r
                0x0000171c       0x4c s:/cypress/psoc creator/4.2/psoc creator/import/gnu/arm/5.4.1/bin/../lib/gcc/arm-none-eabi/5.4.1/../../../../arm-none-eabi/lib/armv7-m\libg_nano.a(lib_a-nano-reallocr.o)
                0x0000171c                _realloc_r
 .text._sbrk_r  0x00001768       0x20 s:/cypress/psoc creator/4.2/psoc creator/import/gnu/arm/5.4.1/bin/../lib/gcc/arm-none-eabi/5.4.1/../../../../arm-none-eabi/lib/armv7-m\libg_nano.a(lib_a-sbrkr.o)
                0x00001768                _sbrk_r
 .text.__malloc_lock
                0x00001788        0x2 s:/cypress/psoc creator/4.2/psoc creator/import/gnu/arm/5.4.1/bin/../lib/gcc/arm-none-eabi/5.4.1/../../../../arm-none-eabi/lib/armv7-m\libg_nano.a(lib_a-mlock.o)
                0x00001788                __malloc_lock
 .text.__malloc_unlock
                0x0000178a        0x2 s:/cypress/psoc creator/4.2/psoc creator/import/gnu/arm/5.4.1/bin/../lib/gcc/arm-none-eabi/5.4.1/../../../../arm-none-eabi/lib/armv7-m\libg_nano.a(lib_a-mlock.o)
                0x0000178a                __malloc_unlock
 .text._malloc_usable_size_r
                0x0000178c       0x14 s:/cypress/psoc creator/4.2/psoc creator/import/gnu/arm/5.4.1/bin/../lib/gcc/arm-none-eabi/5.4.1/../../../../arm-none-eabi/lib/armv7-m\libg_nano.a(lib_a-nano-msizer.o)
                0x0000178c                _malloc_usable_size_r
 *(.plt)
 *(.gnu.warning)
 *(.glue_7t)
 .glue_7t       0x000017a0        0x0 linker stubs
 *(.glue_7)
 .glue_7        0x000017a0        0x0 linker stubs
 *(.vfp11_veneer)
 .vfp11_veneer  0x000017a0        0x0 linker stubs
 *(.bootloader)
 *(.ARM.extab* .gnu.linkonce.armextab.*)
 *(.gcc_except_table)

.v4_bx          0x000017a0        0x0
 .v4_bx         0x000017a0        0x0 linker stubs

.iplt           0x000017a0        0x0
 .iplt          0x000017a0        0x0 s:/cypress/psoc creator/4.2/psoc creator/import/gnu/arm/5.4.1/bin/../lib/gcc/arm-none-eabi/5.4.1/armv7-m/crtbegin.o

.eh_frame_hdr
 *(.eh_frame_hdr)

.eh_frame       0x000017a0        0x4
 *(.eh_frame)
 .eh_frame      0x000017a0        0x0 s:/cypress/psoc creator/4.2/psoc creator/import/gnu/arm/5.4.1/bin/../lib/gcc/arm-none-eabi/5.4.1/armv7-m/crtbegin.o
 .eh_frame      0x000017a0        0x4 s:/cypress/psoc creator/4.2/psoc creator/import/gnu/arm/5.4.1/bin/../lib/gcc/arm-none-eabi/5.4.1/armv7-m/crtend.o
                [!provide]                PROVIDE (__exidx_start, .)

.ARM.exidx
 *(.ARM.exidx* .gnu.linkonce.armexidx.*)
                0x000017a4                __exidx_end = .

.rodata         0x000017a4       0xdc
 *(.rodata .rodata.* .gnu.linkonce.r.*)
 .rodata.str1.4
                0x000017a4       0x2c .\CortexM3\ARM_GCC_541\Debug\Display.o
                                 0x2a (size before relaxing)
 .rodata        0x000017d0       0x10 .\CortexM3\ARM_GCC_541\Debug\LiquidCrystal_I2C.o
 .rodata        0x000017e0       0x36 .\CortexM3\ARM_GCC_541\Debug\cyfitter_cfg.o
 .rodata.str1.1
                0x00001816        0x2 s:/cypress/psoc creator/4.2/psoc creator/import/gnu/arm/5.4.1/bin/../lib/gcc/arm-none-eabi/5.4.1/../../../../arm-none-eabi/lib/armv7-m\libg_nano.a(lib_a-impure.o)
 .rodata.str1.1
                0x00001818       0x11 s:/cypress/psoc creator/4.2/psoc creator/import/gnu/arm/5.4.1/bin/../lib/gcc/arm-none-eabi/5.4.1/../../../../arm-none-eabi/lib/armv7-m\libg_nano.a(lib_a-nano-svfprintf.o)
 .rodata.str1.1
                0x00001829       0x22 s:/cypress/psoc creator/4.2/psoc creator/import/gnu/arm/5.4.1/bin/../lib/gcc/arm-none-eabi/5.4.1/../../../../arm-none-eabi/lib/armv7-m\libg_nano.a(lib_a-nano-vfprintf_i.o)
                0x0000184c                . = ALIGN (0x4)
 *fill*         0x0000184b        0x1 
 *(.init)
 .init          0x0000184c        0x4 s:/cypress/psoc creator/4.2/psoc creator/import/gnu/arm/5.4.1/bin/../lib/gcc/arm-none-eabi/5.4.1/armv7-m/crti.o
                0x0000184c                _init
 .init          0x00001850        0x8 s:/cypress/psoc creator/4.2/psoc creator/import/gnu/arm/5.4.1/bin/../lib/gcc/arm-none-eabi/5.4.1/armv7-m/crtn.o
                0x00001858                . = ALIGN (0x4)
                0x00001858                __preinit_array_start = .
 *(.preinit_array)
                0x00001858                __preinit_array_end = .
                0x00001858                . = ALIGN (0x4)
                0x00001858                __init_array_start = .
 *(SORT(.init_array.*))
 *(.init_array)
 .init_array    0x00001858        0x4 s:/cypress/psoc creator/4.2/psoc creator/import/gnu/arm/5.4.1/bin/../lib/gcc/arm-none-eabi/5.4.1/armv7-m/crtbegin.o
 .init_array    0x0000185c        0x4 .\CortexM3\ARM_GCC_541\Debug\Cm3Start.o
                0x00001860                __init_array_end = .
                0x00001860                . = ALIGN (0x4)
 *(.fini)
 .fini          0x00001860        0x4 s:/cypress/psoc creator/4.2/psoc creator/import/gnu/arm/5.4.1/bin/../lib/gcc/arm-none-eabi/5.4.1/armv7-m/crti.o
                0x00001860                _fini
 .fini          0x00001864        0x8 s:/cypress/psoc creator/4.2/psoc creator/import/gnu/arm/5.4.1/bin/../lib/gcc/arm-none-eabi/5.4.1/armv7-m/crtn.o
                0x0000186c                . = ALIGN (0x4)
                0x0000186c                __fini_array_start = .
 *(.fini_array)
 .fini_array    0x0000186c        0x4 s:/cypress/psoc creator/4.2/psoc creator/import/gnu/arm/5.4.1/bin/../lib/gcc/arm-none-eabi/5.4.1/armv7-m/crtbegin.o
 *(SORT(.fini_array.*))
                0x00001870                __fini_array_end = .
                0x00001870                . = ALIGN (0x4)
 *crtbegin.o(.ctors)
 *(EXCLUDE_FILE(*crtend.o) .ctors)
 *(SORT(.ctors.*))
 *crtend.o(.ctors)
                0x00001870                . = ALIGN (0x4)
 *crtbegin.o(.dtors)
 *(EXCLUDE_FILE(*crtend.o) .dtors)
 *(SORT(.dtors.*))
 *crtend.o(.dtors)
                0x00001870                . = ALIGN (0x4)
                0x00001870                __cy_regions = .
                0x00001870        0x4 LONG 0x1880 __cy_region_init_ram
                0x00001874        0x4 LONG 0x1fff80c8 __cy_region_start_data
                0x00001878        0x4 LONG 0x80 __cy_region_init_size_ram
                0x0000187c        0x4 LONG 0x58 __cy_region_zero_size_ram
                0x00001880                __cy_regions_end = .
                0x00001880                . = ALIGN (0x8)
                0x00001880                _etext = .

.cy_checksum_exclude
                0x00001880        0x0
 *(.cy_checksum_exclude)

.ramvectors     0x1fff8000       0xc0
                0x1fff8000                __cy_region_start_ram = .
 *(.ramvectors)
 .ramvectors    0x1fff8000       0xc0 .\CortexM3\ARM_GCC_541\Debug\Cm3Start.o
                0x1fff8000                CyRamVectors

.noinit         0x1fff80c0        0x1
 *(.noinit)
 .noinit        0x1fff80c0        0x1 .\CortexM3\ARM_GCC_541\Debug\LCD_display.a(CyLib.o)
                0x1fff80c0                CyResetStatus

.data           0x1fff80c8       0x80 load address 0x00001880
                0x1fff80c8                __cy_region_start_data = .
 *(.jcr)
 .jcr           0x1fff80c8        0x0 s:/cypress/psoc creator/4.2/psoc creator/import/gnu/arm/5.4.1/bin/../lib/gcc/arm-none-eabi/5.4.1/armv7-m/crtbegin.o
 .jcr           0x1fff80c8        0x4 s:/cypress/psoc creator/4.2/psoc creator/import/gnu/arm/5.4.1/bin/../lib/gcc/arm-none-eabi/5.4.1/armv7-m/crtend.o
 *(.got.plt)
 *(.got)
 *(.shdata)
 *(.data .data.* .gnu.linkonce.d.*)
 .data          0x1fff80cc        0x4 .\CortexM3\ARM_GCC_541\Debug\Cm3Start.o
 .data          0x1fff80d0       0x10 .\CortexM3\ARM_GCC_541\Debug\LCD_display.a(CyLib.o)
                0x1fff80d0                cydelay_32k_ms
                0x1fff80d4                cydelay_freq_khz
                0x1fff80d8                cydelay_freq_mhz
                0x1fff80dc                cydelay_freq_hz
 .data.impure_data
                0x1fff80e0       0x60 s:/cypress/psoc creator/4.2/psoc creator/import/gnu/arm/5.4.1/bin/../lib/gcc/arm-none-eabi/5.4.1/../../../../arm-none-eabi/lib/armv7-m\libg_nano.a(lib_a-impure.o)
 .data._impure_ptr
                0x1fff8140        0x4 s:/cypress/psoc creator/4.2/psoc creator/import/gnu/arm/5.4.1/bin/../lib/gcc/arm-none-eabi/5.4.1/../../../../arm-none-eabi/lib/armv7-m\libg_nano.a(lib_a-impure.o)
                0x1fff8140                _impure_ptr
                0x1fff8148                . = ALIGN (0x8)
 *fill*         0x1fff8144        0x4 
 *(.ram)
                0x1fff8148                _edata = .

.igot.plt       0x1fff8148        0x0 load address 0x00001900
 .igot.plt      0x1fff8148        0x0 s:/cypress/psoc creator/4.2/psoc creator/import/gnu/arm/5.4.1/bin/../lib/gcc/arm-none-eabi/5.4.1/armv7-m/crtbegin.o

.bss            0x1fff8148       0x58 load address 0x00001900
                0x1fff8148                PROVIDE (__bss_start__, .)
 *(.shbss)
 *(.bss .bss.* .gnu.linkonce.b.*)
 .bss           0x1fff8148       0x1c s:/cypress/psoc creator/4.2/psoc creator/import/gnu/arm/5.4.1/bin/../lib/gcc/arm-none-eabi/5.4.1/armv7-m/crtbegin.o
 .bss           0x1fff8164        0x8 .\CortexM3\ARM_GCC_541\Debug\Display.o
                0x1fff8164                display1On
                0x1fff8168                display2On
 .bss           0x1fff816c        0x4 .\CortexM3\ARM_GCC_541\Debug\Stopur.o
                0x1fff816c                count
 .bss           0x1fff8170        0x1 .\CortexM3\ARM_GCC_541\Debug\LCD_display.a(I2C_1.o)
                0x1fff8170                I2C_1_initVar
 .bss           0x1fff8171        0x1 .\CortexM3\ARM_GCC_541\Debug\LCD_display.a(Timer_LCD.o)
                0x1fff8171                Timer_LCD_initVar
 .bss           0x1fff8172        0x1 .\CortexM3\ARM_GCC_541\Debug\LCD_display.a(Timer_Stopur.o)
                0x1fff8172                Timer_Stopur_initVar
 *fill*         0x1fff8173        0x1 
 .bss.__malloc_sbrk_start
                0x1fff8174        0x4 s:/cypress/psoc creator/4.2/psoc creator/import/gnu/arm/5.4.1/bin/../lib/gcc/arm-none-eabi/5.4.1/../../../../arm-none-eabi/lib/armv7-m\libg_nano.a(lib_a-nano-mallocr.o)
                0x1fff8174                __malloc_sbrk_start
 .bss.__malloc_free_list
                0x1fff8178        0x4 s:/cypress/psoc creator/4.2/psoc creator/import/gnu/arm/5.4.1/bin/../lib/gcc/arm-none-eabi/5.4.1/../../../../arm-none-eabi/lib/armv7-m\libg_nano.a(lib_a-nano-mallocr.o)
                0x1fff8178                __malloc_free_list
 *(COMMON)
 COMMON         0x1fff817c        0x8 .\CortexM3\ARM_GCC_541\Debug\LiquidCrystal_I2C.o
                0x1fff817c                _backlightval
                0x1fff817d                _addr
                0x1fff817e                _displaycontrol
                0x1fff817f                _charsize
                0x1fff8180                _displaymode
                0x1fff8181                _displayfunction
                0x1fff8182                _cols
                0x1fff8183                _rows
 COMMON         0x1fff8184        0x1 .\CortexM3\ARM_GCC_541\Debug\LCD_display.a(I2C_1.o)
                0x1fff8184                I2C_1_state
 *fill*         0x1fff8185        0x3 
 COMMON         0x1fff8188       0x11 .\CortexM3\ARM_GCC_541\Debug\LCD_display.a(I2C_1_MASTER.o)
                0x1fff8188                I2C_1_mstrWrBufIndex
                0x1fff8189                I2C_1_mstrControl
                0x1fff818a                I2C_1_mstrStatus
                0x1fff818b                I2C_1_mstrWrBufSize
                0x1fff818c                I2C_1_mstrRdBufIndex
                0x1fff8190                I2C_1_mstrWrBufPtr
                0x1fff8194                I2C_1_mstrRdBufPtr
                0x1fff8198                I2C_1_mstrRdBufSize
 *fill*         0x1fff8199        0x3 
 COMMON         0x1fff819c        0x4 s:/cypress/psoc creator/4.2/psoc creator/import/gnu/arm/5.4.1/bin/../lib/gcc/arm-none-eabi/5.4.1/../../../../arm-none-eabi/lib/armv7-m\libg_nano.a(lib_a-reent.o)
                0x1fff819c                errno
                0x1fff81a0                . = ALIGN (0x8)
 *(.ram.b)
                0x1fff81a0                _end = .
                0x1fff81a0                __end = .
                0x1fff81a0                PROVIDE (end, .)
                0x1fff81a0                PROVIDE (__bss_end__, .)
                0x00001880                __cy_region_init_ram = LOADADDR (.data)
                0x00000080                __cy_region_init_size_ram = (_edata - ADDR (.data))
                0x00000058                __cy_region_zero_size_ram = (_end - _edata)

.heap           0x1fff81a0       0x80 load address 0x00001900
                0x1fff81a0                . = _end
                0x1fff8220                . = (. + 0x80)
 *fill*         0x1fff81a0       0x80 
                0x1fff8220                __cy_heap_limit = .

.stack          0x20007800      0x800
                0x20007800                __cy_stack_limit = .
                0x20008000                . = (. + 0x800)
 *fill*         0x20007800      0x800 
                0x00000001                ASSERT ((__cy_stack_limit >= __cy_heap_limit), region RAM overflowed with stack)
                0x00000000                cy_checksum_exclude_size = (CY_APPL_LOADABLE == 0x1)?SIZEOF (.cy_checksum_exclude):0x0
                0x00000001                ASSERT ((cy_checksum_exclude_size <= CY_CHECKSUM_EXCLUDE_SIZE), CY_BOOT: Section .cy_checksum_exclude size exceedes specified limit.)

.cyloadermeta
 *(.cyloadermeta)

.cyloadablemeta
 *(.cyloadablemeta)

.cyconfigecc    0x80000000      0x1f0
 *(.cyconfigecc)
 .cyconfigecc   0x80000000      0x1f0 .\CortexM3\ARM_GCC_541\Debug\cymetadata.o
                0x80000000                cy_meta_configecc

.cycustnvl      0x90000000        0x4
 *(.cycustnvl)
 .cycustnvl     0x90000000        0x4 .\CortexM3\ARM_GCC_541\Debug\cymetadata.o
                0x90000000                cy_meta_custnvl

.cywolatch      0x90100000        0x4
 *(.cywolatch)
 .cywolatch     0x90100000        0x4 .\CortexM3\ARM_GCC_541\Debug\cymetadata.o
                0x90100000                cy_meta_wonvl

.cyeeprom       0x90200000        0x0
 *(.cyeeprom)
                0x00000001                ASSERT ((. <= ((0x90200000 + ee_offset) + ee_size)), .cyeeprom data will not fit in EEPROM)

.cyflashprotect
                0x90400000      0x100
 *(.cyflashprotect)
 .cyflashprotect
                0x90400000      0x100 .\CortexM3\ARM_GCC_541\Debug\cymetadata.o
                0x90400000                cy_meta_flashprotect

.cymeta         0x90500000        0xc
 *(.cymeta)
 .cymeta        0x90500000        0xc .\CortexM3\ARM_GCC_541\Debug\cymetadata.o
                0x90500000                cy_metadata

.rel.dyn        0x00001900        0x0 load address 0x9050000c
 .rel.iplt      0x00001900        0x0 s:/cypress/psoc creator/4.2/psoc creator/import/gnu/arm/5.4.1/bin/../lib/gcc/arm-none-eabi/5.4.1/armv7-m/crtbegin.o

.stab
 *(.stab)

.stabstr
 *(.stabstr)

.debug
 *(.debug)

.line
 *(.line)

.debug_srcinfo
 *(.debug_srcinfo)

.debug_sfnames
 *(.debug_sfnames)

.debug_aranges  0x00000000      0x9f8
 *(.debug_aranges)
 .debug_aranges
                0x00000000       0x20 .\CortexM3\ARM_GCC_541\Debug\main.o
 .debug_aranges
                0x00000020       0x38 .\CortexM3\ARM_GCC_541\Debug\Display.o
 .debug_aranges
                0x00000058      0x110 .\CortexM3\ARM_GCC_541\Debug\LiquidCrystal_I2C.o
 .debug_aranges
                0x00000168       0x48 .\CortexM3\ARM_GCC_541\Debug\Stopur.o
 .debug_aranges
                0x000001b0       0x58 .\CortexM3\ARM_GCC_541\Debug\cyfitter_cfg.o
 .debug_aranges
                0x00000208       0x18 .\CortexM3\ARM_GCC_541\Debug\cymetadata.o
 .debug_aranges
                0x00000220       0x48 .\CortexM3\ARM_GCC_541\Debug\Cm3Start.o
 .debug_aranges
                0x00000268       0x38 .\CortexM3\ARM_GCC_541\Debug\LCD_display.a(I2C_1.o)
 .debug_aranges
                0x000002a0       0x20 .\CortexM3\ARM_GCC_541\Debug\LCD_display.a(I2C_1_INT.o)
 .debug_aranges
                0x000002c0       0x38 .\CortexM3\ARM_GCC_541\Debug\LCD_display.a(I2C_1_PM.o)
 .debug_aranges
                0x000002f8       0x80 .\CortexM3\ARM_GCC_541\Debug\LCD_display.a(I2C_1_MASTER.o)
 .debug_aranges
                0x00000378       0x90 .\CortexM3\ARM_GCC_541\Debug\LCD_display.a(Timer_LCD.o)
 .debug_aranges
                0x00000408       0x80 .\CortexM3\ARM_GCC_541\Debug\LCD_display.a(isr_timer.o)
 .debug_aranges
                0x00000488      0x2a0 .\CortexM3\ARM_GCC_541\Debug\LCD_display.a(CyLib.o)
 .debug_aranges
                0x00000728       0x98 .\CortexM3\ARM_GCC_541\Debug\LCD_display.a(cyPm.o)
 .debug_aranges
                0x000007c0       0x90 .\CortexM3\ARM_GCC_541\Debug\LCD_display.a(Timer_Stopur.o)
 .debug_aranges
                0x00000850       0x80 .\CortexM3\ARM_GCC_541\Debug\LCD_display.a(isr_refreshrate_LCD.o)
 .debug_aranges
                0x000008d0       0x20 .\CortexM3\ARM_GCC_541\Debug\LCD_display.a(CyBootAsmGnu.o)
 .debug_aranges
                0x000008f0       0x88 .\CortexM3\ARM_GCC_541\Debug\LCD_display.a(CyFlash.o)
 .debug_aranges
                0x00000978       0x80 .\CortexM3\ARM_GCC_541\Debug\LCD_display.a(CySpc.o)

.debug_pubnames
 *(.debug_pubnames)

.debug_info     0x00000000     0x5940
 *(.debug_info .gnu.linkonce.wi.*)
 .debug_info    0x00000000      0x116 .\CortexM3\ARM_GCC_541\Debug\main.o
 .debug_info    0x00000116      0x418 .\CortexM3\ARM_GCC_541\Debug\Display.o
 .debug_info    0x0000052e      0x949 .\CortexM3\ARM_GCC_541\Debug\LiquidCrystal_I2C.o
 .debug_info    0x00000e77      0x194 .\CortexM3\ARM_GCC_541\Debug\Stopur.o
 .debug_info    0x0000100b      0x4a4 .\CortexM3\ARM_GCC_541\Debug\cyfitter_cfg.o
 .debug_info    0x000014af      0x135 .\CortexM3\ARM_GCC_541\Debug\cymetadata.o
 .debug_info    0x000015e4      0x3bb .\CortexM3\ARM_GCC_541\Debug\Cm3Start.o
 .debug_info    0x0000199f      0x2ad .\CortexM3\ARM_GCC_541\Debug\LCD_display.a(I2C_1.o)
 .debug_info    0x00001c4c      0x184 .\CortexM3\ARM_GCC_541\Debug\LCD_display.a(I2C_1_INT.o)
 .debug_info    0x00001dd0      0x207 .\CortexM3\ARM_GCC_541\Debug\LCD_display.a(I2C_1_PM.o)
 .debug_info    0x00001fd7      0x407 .\CortexM3\ARM_GCC_541\Debug\LCD_display.a(I2C_1_MASTER.o)
 .debug_info    0x000023de      0x2ee .\CortexM3\ARM_GCC_541\Debug\LCD_display.a(Timer_LCD.o)
 .debug_info    0x000026cc      0x2d2 .\CortexM3\ARM_GCC_541\Debug\LCD_display.a(isr_timer.o)
 .debug_info    0x0000299e     0x1374 .\CortexM3\ARM_GCC_541\Debug\LCD_display.a(CyLib.o)
 .debug_info    0x00003d12      0xa2a .\CortexM3\ARM_GCC_541\Debug\LCD_display.a(cyPm.o)
 .debug_info    0x0000473c      0x2f0 .\CortexM3\ARM_GCC_541\Debug\LCD_display.a(Timer_Stopur.o)
 .debug_info    0x00004a2c      0x2d2 .\CortexM3\ARM_GCC_541\Debug\LCD_display.a(isr_refreshrate_LCD.o)
 .debug_info    0x00004cfe       0xa5 .\CortexM3\ARM_GCC_541\Debug\LCD_display.a(CyBootAsmGnu.o)
 .debug_info    0x00004da3      0x64d .\CortexM3\ARM_GCC_541\Debug\LCD_display.a(CyFlash.o)
 .debug_info    0x000053f0      0x550 .\CortexM3\ARM_GCC_541\Debug\LCD_display.a(CySpc.o)

.debug_abbrev   0x00000000     0x18ff
 *(.debug_abbrev)
 .debug_abbrev  0x00000000       0xa0 .\CortexM3\ARM_GCC_541\Debug\main.o
 .debug_abbrev  0x000000a0      0x126 .\CortexM3\ARM_GCC_541\Debug\Display.o
 .debug_abbrev  0x000001c6      0x176 .\CortexM3\ARM_GCC_541\Debug\LiquidCrystal_I2C.o
 .debug_abbrev  0x0000033c       0xf3 .\CortexM3\ARM_GCC_541\Debug\Stopur.o
 .debug_abbrev  0x0000042f      0x1fe .\CortexM3\ARM_GCC_541\Debug\cyfitter_cfg.o
 .debug_abbrev  0x0000062d       0x66 .\CortexM3\ARM_GCC_541\Debug\cymetadata.o
 .debug_abbrev  0x00000693      0x1e8 .\CortexM3\ARM_GCC_541\Debug\Cm3Start.o
 .debug_abbrev  0x0000087b      0x10a .\CortexM3\ARM_GCC_541\Debug\LCD_display.a(I2C_1.o)
 .debug_abbrev  0x00000985       0xb6 .\CortexM3\ARM_GCC_541\Debug\LCD_display.a(I2C_1_INT.o)
 .debug_abbrev  0x00000a3b       0xfe .\CortexM3\ARM_GCC_541\Debug\LCD_display.a(I2C_1_PM.o)
 .debug_abbrev  0x00000b39      0x13c .\CortexM3\ARM_GCC_541\Debug\LCD_display.a(I2C_1_MASTER.o)
 .debug_abbrev  0x00000c75      0x12b .\CortexM3\ARM_GCC_541\Debug\LCD_display.a(Timer_LCD.o)
 .debug_abbrev  0x00000da0      0x173 .\CortexM3\ARM_GCC_541\Debug\LCD_display.a(isr_timer.o)
 .debug_abbrev  0x00000f13      0x254 .\CortexM3\ARM_GCC_541\Debug\LCD_display.a(CyLib.o)
 .debug_abbrev  0x00001167      0x1ab .\CortexM3\ARM_GCC_541\Debug\LCD_display.a(cyPm.o)
 .debug_abbrev  0x00001312      0x12b .\CortexM3\ARM_GCC_541\Debug\LCD_display.a(Timer_Stopur.o)
 .debug_abbrev  0x0000143d      0x173 .\CortexM3\ARM_GCC_541\Debug\LCD_display.a(isr_refreshrate_LCD.o)
 .debug_abbrev  0x000015b0       0x14 .\CortexM3\ARM_GCC_541\Debug\LCD_display.a(CyBootAsmGnu.o)
 .debug_abbrev  0x000015c4      0x1a7 .\CortexM3\ARM_GCC_541\Debug\LCD_display.a(CyFlash.o)
 .debug_abbrev  0x0000176b      0x194 .\CortexM3\ARM_GCC_541\Debug\LCD_display.a(CySpc.o)

.debug_line     0x00000000     0x28ce
 *(.debug_line)
 .debug_line    0x00000000      0x150 .\CortexM3\ARM_GCC_541\Debug\main.o
 .debug_line    0x00000150      0x265 .\CortexM3\ARM_GCC_541\Debug\Display.o
 .debug_line    0x000003b5      0x416 .\CortexM3\ARM_GCC_541\Debug\LiquidCrystal_I2C.o
 .debug_line    0x000007cb      0x1a5 .\CortexM3\ARM_GCC_541\Debug\Stopur.o
 .debug_line    0x00000970      0x1c4 .\CortexM3\ARM_GCC_541\Debug\cyfitter_cfg.o
 .debug_line    0x00000b34      0x119 .\CortexM3\ARM_GCC_541\Debug\cymetadata.o
 .debug_line    0x00000c4d      0x20c .\CortexM3\ARM_GCC_541\Debug\Cm3Start.o
 .debug_line    0x00000e59       0xdf .\CortexM3\ARM_GCC_541\Debug\LCD_display.a(I2C_1.o)
 .debug_line    0x00000f38      0x118 .\CortexM3\ARM_GCC_541\Debug\LCD_display.a(I2C_1_INT.o)
 .debug_line    0x00001050       0xbf .\CortexM3\ARM_GCC_541\Debug\LCD_display.a(I2C_1_PM.o)
 .debug_line    0x0000110f      0x201 .\CortexM3\ARM_GCC_541\Debug\LCD_display.a(I2C_1_MASTER.o)
 .debug_line    0x00001310      0x174 .\CortexM3\ARM_GCC_541\Debug\LCD_display.a(Timer_LCD.o)
 .debug_line    0x00001484      0x136 .\CortexM3\ARM_GCC_541\Debug\LCD_display.a(isr_timer.o)
 .debug_line    0x000015ba      0x816 .\CortexM3\ARM_GCC_541\Debug\LCD_display.a(CyLib.o)
 .debug_line    0x00001dd0      0x367 .\CortexM3\ARM_GCC_541\Debug\LCD_display.a(cyPm.o)
 .debug_line    0x00002137      0x177 .\CortexM3\ARM_GCC_541\Debug\LCD_display.a(Timer_Stopur.o)
 .debug_line    0x000022ae      0x140 .\CortexM3\ARM_GCC_541\Debug\LCD_display.a(isr_refreshrate_LCD.o)
 .debug_line    0x000023ee       0x66 .\CortexM3\ARM_GCC_541\Debug\LCD_display.a(CyBootAsmGnu.o)
 .debug_line    0x00002454      0x21a .\CortexM3\ARM_GCC_541\Debug\LCD_display.a(CyFlash.o)
 .debug_line    0x0000266e      0x260 .\CortexM3\ARM_GCC_541\Debug\LCD_display.a(CySpc.o)

.debug_frame    0x00000000     0x1d4c
 *(.debug_frame)
 .debug_frame   0x00000000       0x2c .\CortexM3\ARM_GCC_541\Debug\main.o
 .debug_frame   0x0000002c       0x80 .\CortexM3\ARM_GCC_541\Debug\Display.o
 .debug_frame   0x000000ac      0x37c .\CortexM3\ARM_GCC_541\Debug\LiquidCrystal_I2C.o
 .debug_frame   0x00000428       0xa0 .\CortexM3\ARM_GCC_541\Debug\Stopur.o
 .debug_frame   0x000004c8       0xe4 .\CortexM3\ARM_GCC_541\Debug\cyfitter_cfg.o
 .debug_frame   0x000005ac       0xb8 .\CortexM3\ARM_GCC_541\Debug\Cm3Start.o
 .debug_frame   0x00000664       0x94 .\CortexM3\ARM_GCC_541\Debug\LCD_display.a(I2C_1.o)
 .debug_frame   0x000006f8       0x30 .\CortexM3\ARM_GCC_541\Debug\LCD_display.a(I2C_1_INT.o)
 .debug_frame   0x00000728       0x74 .\CortexM3\ARM_GCC_541\Debug\LCD_display.a(I2C_1_PM.o)
 .debug_frame   0x0000079c      0x138 .\CortexM3\ARM_GCC_541\Debug\LCD_display.a(I2C_1_MASTER.o)
 .debug_frame   0x000008d4      0x124 .\CortexM3\ARM_GCC_541\Debug\LCD_display.a(Timer_LCD.o)
 .debug_frame   0x000009f8      0x104 .\CortexM3\ARM_GCC_541\Debug\LCD_display.a(isr_timer.o)
 .debug_frame   0x00000afc      0x738 .\CortexM3\ARM_GCC_541\Debug\LCD_display.a(CyLib.o)
 .debug_frame   0x00001234      0x1f8 .\CortexM3\ARM_GCC_541\Debug\LCD_display.a(cyPm.o)
 .debug_frame   0x0000142c      0x124 .\CortexM3\ARM_GCC_541\Debug\LCD_display.a(Timer_Stopur.o)
 .debug_frame   0x00001550      0x104 .\CortexM3\ARM_GCC_541\Debug\LCD_display.a(isr_refreshrate_LCD.o)
 .debug_frame   0x00001654      0x194 .\CortexM3\ARM_GCC_541\Debug\LCD_display.a(CyFlash.o)
 .debug_frame   0x000017e8      0x180 .\CortexM3\ARM_GCC_541\Debug\LCD_display.a(CySpc.o)
 .debug_frame   0x00001968       0x20 s:/cypress/psoc creator/4.2/psoc creator/import/gnu/arm/5.4.1/bin/../lib/gcc/arm-none-eabi/5.4.1/../../../../arm-none-eabi/lib/armv7-m\libg_nano.a(lib_a-errno.o)
 .debug_frame   0x00001988       0x28 s:/cypress/psoc creator/4.2/psoc creator/import/gnu/arm/5.4.1/bin/../lib/gcc/arm-none-eabi/5.4.1/../../../../arm-none-eabi/lib/armv7-m\libg_nano.a(lib_a-exit.o)
 .debug_frame   0x000019b0       0x2c s:/cypress/psoc creator/4.2/psoc creator/import/gnu/arm/5.4.1/bin/../lib/gcc/arm-none-eabi/5.4.1/../../../../arm-none-eabi/lib/armv7-m\libg_nano.a(lib_a-init.o)
 .debug_frame   0x000019dc       0x28 s:/cypress/psoc creator/4.2/psoc creator/import/gnu/arm/5.4.1/bin/../lib/gcc/arm-none-eabi/5.4.1/../../../../arm-none-eabi/lib/armv7-m\libg_nano.a(lib_a-memcpy-stub.o)
 .debug_frame   0x00001a04       0x20 s:/cypress/psoc creator/4.2/psoc creator/import/gnu/arm/5.4.1/bin/../lib/gcc/arm-none-eabi/5.4.1/../../../../arm-none-eabi/lib/armv7-m\libg_nano.a(lib_a-memset.o)
 .debug_frame   0x00001a24       0x70 s:/cypress/psoc creator/4.2/psoc creator/import/gnu/arm/5.4.1/bin/../lib/gcc/arm-none-eabi/5.4.1/../../../../arm-none-eabi/lib/armv7-m\libg_nano.a(lib_a-sprintf.o)
 .debug_frame   0x00001a94       0x90 s:/cypress/psoc creator/4.2/psoc creator/import/gnu/arm/5.4.1/bin/../lib/gcc/arm-none-eabi/5.4.1/../../../../arm-none-eabi/lib/armv7-m\libg_nano.a(lib_a-nano-svfprintf.o)
 .debug_frame   0x00001b24       0x60 s:/cypress/psoc creator/4.2/psoc creator/import/gnu/arm/5.4.1/bin/../lib/gcc/arm-none-eabi/5.4.1/../../../../arm-none-eabi/lib/armv7-m\libg_nano.a(lib_a-nano-vfprintf_i.o)
 .debug_frame   0x00001b84       0x28 s:/cypress/psoc creator/4.2/psoc creator/import/gnu/arm/5.4.1/bin/../lib/gcc/arm-none-eabi/5.4.1/../../../../arm-none-eabi/lib/armv7-m\libg_nano.a(lib_a-memchr-stub.o)
 .debug_frame   0x00001bac       0x28 s:/cypress/psoc creator/4.2/psoc creator/import/gnu/arm/5.4.1/bin/../lib/gcc/arm-none-eabi/5.4.1/../../../../arm-none-eabi/lib/armv7-m\libg_nano.a(lib_a-memmove.o)
 .debug_frame   0x00001bd4       0x38 s:/cypress/psoc creator/4.2/psoc creator/import/gnu/arm/5.4.1/bin/../lib/gcc/arm-none-eabi/5.4.1/../../../../arm-none-eabi/lib/armv7-m\libg_nano.a(lib_a-nano-freer.o)
 .debug_frame   0x00001c0c       0x2c s:/cypress/psoc creator/4.2/psoc creator/import/gnu/arm/5.4.1/bin/../lib/gcc/arm-none-eabi/5.4.1/../../../../arm-none-eabi/lib/armv7-m\libg_nano.a(lib_a-nano-mallocr.o)
 .debug_frame   0x00001c38       0x3c s:/cypress/psoc creator/4.2/psoc creator/import/gnu/arm/5.4.1/bin/../lib/gcc/arm-none-eabi/5.4.1/../../../../arm-none-eabi/lib/armv7-m\libg_nano.a(lib_a-nano-reallocr.o)
 .debug_frame   0x00001c74       0x2c s:/cypress/psoc creator/4.2/psoc creator/import/gnu/arm/5.4.1/bin/../lib/gcc/arm-none-eabi/5.4.1/../../../../arm-none-eabi/lib/armv7-m\libg_nano.a(lib_a-sbrkr.o)
 .debug_frame   0x00001ca0       0x30 s:/cypress/psoc creator/4.2/psoc creator/import/gnu/arm/5.4.1/bin/../lib/gcc/arm-none-eabi/5.4.1/../../../../arm-none-eabi/lib/armv7-m\libg_nano.a(lib_a-mlock.o)
 .debug_frame   0x00001cd0       0x20 s:/cypress/psoc creator/4.2/psoc creator/import/gnu/arm/5.4.1/bin/../lib/gcc/arm-none-eabi/5.4.1/../../../../arm-none-eabi/lib/armv7-m\libg_nano.a(lib_a-nano-msizer.o)
 .debug_frame   0x00001cf0       0x5c s:/cypress/psoc creator/4.2/psoc creator/import/gnu/arm/5.4.1/bin/../lib/gcc/arm-none-eabi/5.4.1/../../../../arm-none-eabi/lib/armv7-m\libg_nano.a(lib_a-reent.o)

.debug_str      0x00000000     0x1f41
 *(.debug_str)
 .debug_str     0x00000000      0x191 .\CortexM3\ARM_GCC_541\Debug\main.o
                                0x1d9 (size before relaxing)
 .debug_str     0x00000191       0xf9 .\CortexM3\ARM_GCC_541\Debug\Display.o
                                0x2b9 (size before relaxing)
 .debug_str     0x0000028a      0x249 .\CortexM3\ARM_GCC_541\Debug\LiquidCrystal_I2C.o
                                0x487 (size before relaxing)
 .debug_str     0x000004d3       0x5c .\CortexM3\ARM_GCC_541\Debug\Stopur.o
                                0x231 (size before relaxing)
 .debug_str     0x0000052f      0x17b .\CortexM3\ARM_GCC_541\Debug\cyfitter_cfg.o
                                0x324 (size before relaxing)
 .debug_str     0x000006aa       0x75 .\CortexM3\ARM_GCC_541\Debug\cymetadata.o
                                0x1f9 (size before relaxing)
 .debug_str     0x0000071f      0x13f .\CortexM3\ARM_GCC_541\Debug\Cm3Start.o
                                0x31f (size before relaxing)
 .debug_str     0x0000085e      0x140 .\CortexM3\ARM_GCC_541\Debug\LCD_display.a(I2C_1.o)
                                0x30e (size before relaxing)
 .debug_str     0x0000099e       0x94 .\CortexM3\ARM_GCC_541\Debug\LCD_display.a(I2C_1_INT.o)
                                0x28a (size before relaxing)
 .debug_str     0x00000a32       0x60 .\CortexM3\ARM_GCC_541\Debug\LCD_display.a(I2C_1_PM.o)
                                0x2a4 (size before relaxing)
 .debug_str     0x00000a92      0x14b .\CortexM3\ARM_GCC_541\Debug\LCD_display.a(I2C_1_MASTER.o)
                                0x3e7 (size before relaxing)
 .debug_str     0x00000bdd      0x186 .\CortexM3\ARM_GCC_541\Debug\LCD_display.a(Timer_LCD.o)
                                0x398 (size before relaxing)
 .debug_str     0x00000d63      0x124 .\CortexM3\ARM_GCC_541\Debug\LCD_display.a(isr_timer.o)
                                0x2f3 (size before relaxing)
 .debug_str     0x00000e87      0x7b1 .\CortexM3\ARM_GCC_541\Debug\LCD_display.a(CyLib.o)
                                0xa5c (size before relaxing)
 .debug_str     0x00001638      0x365 .\CortexM3\ARM_GCC_541\Debug\LCD_display.a(cyPm.o)
                                0x748 (size before relaxing)
 .debug_str     0x0000199d      0x1af .\CortexM3\ARM_GCC_541\Debug\LCD_display.a(Timer_Stopur.o)
                                0x3ce (size before relaxing)
 .debug_str     0x00001b4c      0x18e .\CortexM3\ARM_GCC_541\Debug\LCD_display.a(isr_refreshrate_LCD.o)
                                0x37f (size before relaxing)
 .debug_str     0x00001cda      0x1bb .\CortexM3\ARM_GCC_541\Debug\LCD_display.a(CyFlash.o)
                                0x3d5 (size before relaxing)
 .debug_str     0x00001e95       0xac .\CortexM3\ARM_GCC_541\Debug\LCD_display.a(CySpc.o)
                                0x34d (size before relaxing)

.debug_loc      0x00000000     0x2460
 *(.debug_loc)
 .debug_loc     0x00000000       0xfe .\CortexM3\ARM_GCC_541\Debug\Display.o
 .debug_loc     0x000000fe      0x325 .\CortexM3\ARM_GCC_541\Debug\LiquidCrystal_I2C.o
 .debug_loc     0x00000423      0x1d7 .\CortexM3\ARM_GCC_541\Debug\cyfitter_cfg.o
 .debug_loc     0x000005fa      0x144 .\CortexM3\ARM_GCC_541\Debug\Cm3Start.o
 .debug_loc     0x0000073e       0x39 .\CortexM3\ARM_GCC_541\Debug\LCD_display.a(I2C_1.o)
 .debug_loc     0x00000777       0x29 .\CortexM3\ARM_GCC_541\Debug\LCD_display.a(I2C_1_INT.o)
 .debug_loc     0x000007a0       0x13 .\CortexM3\ARM_GCC_541\Debug\LCD_display.a(I2C_1_PM.o)
 .debug_loc     0x000007b3      0x52f .\CortexM3\ARM_GCC_541\Debug\LCD_display.a(I2C_1_MASTER.o)
 .debug_loc     0x00000ce2       0x13 .\CortexM3\ARM_GCC_541\Debug\LCD_display.a(Timer_LCD.o)
 .debug_loc     0x00000cf5       0x56 .\CortexM3\ARM_GCC_541\Debug\LCD_display.a(isr_timer.o)
 .debug_loc     0x00000d4b      0xa11 .\CortexM3\ARM_GCC_541\Debug\LCD_display.a(CyLib.o)
 .debug_loc     0x0000175c      0x1e4 .\CortexM3\ARM_GCC_541\Debug\LCD_display.a(cyPm.o)
 .debug_loc     0x00001940       0x13 .\CortexM3\ARM_GCC_541\Debug\LCD_display.a(Timer_Stopur.o)
 .debug_loc     0x00001953       0x56 .\CortexM3\ARM_GCC_541\Debug\LCD_display.a(isr_refreshrate_LCD.o)
 .debug_loc     0x000019a9      0x3b2 .\CortexM3\ARM_GCC_541\Debug\LCD_display.a(CyFlash.o)
 .debug_loc     0x00001d5b      0x705 .\CortexM3\ARM_GCC_541\Debug\LCD_display.a(CySpc.o)

.debug_macinfo
 *(.debug_macinfo)

.debug_ranges   0x00000000      0x8a0
 *(.debug_ranges)
 .debug_ranges  0x00000000       0x10 .\CortexM3\ARM_GCC_541\Debug\main.o
 .debug_ranges  0x00000010       0x28 .\CortexM3\ARM_GCC_541\Debug\Display.o
 .debug_ranges  0x00000038      0x100 .\CortexM3\ARM_GCC_541\Debug\LiquidCrystal_I2C.o
 .debug_ranges  0x00000138       0x38 .\CortexM3\ARM_GCC_541\Debug\Stopur.o
 .debug_ranges  0x00000170       0x48 .\CortexM3\ARM_GCC_541\Debug\cyfitter_cfg.o
 .debug_ranges  0x000001b8       0x38 .\CortexM3\ARM_GCC_541\Debug\Cm3Start.o
 .debug_ranges  0x000001f0       0x28 .\CortexM3\ARM_GCC_541\Debug\LCD_display.a(I2C_1.o)
 .debug_ranges  0x00000218       0x10 .\CortexM3\ARM_GCC_541\Debug\LCD_display.a(I2C_1_INT.o)
 .debug_ranges  0x00000228       0x28 .\CortexM3\ARM_GCC_541\Debug\LCD_display.a(I2C_1_PM.o)
 .debug_ranges  0x00000250       0x70 .\CortexM3\ARM_GCC_541\Debug\LCD_display.a(I2C_1_MASTER.o)
 .debug_ranges  0x000002c0       0x80 .\CortexM3\ARM_GCC_541\Debug\LCD_display.a(Timer_LCD.o)
 .debug_ranges  0x00000340       0x70 .\CortexM3\ARM_GCC_541\Debug\LCD_display.a(isr_timer.o)
 .debug_ranges  0x000003b0      0x290 .\CortexM3\ARM_GCC_541\Debug\LCD_display.a(CyLib.o)
 .debug_ranges  0x00000640       0x88 .\CortexM3\ARM_GCC_541\Debug\LCD_display.a(cyPm.o)
 .debug_ranges  0x000006c8       0x80 .\CortexM3\ARM_GCC_541\Debug\LCD_display.a(Timer_Stopur.o)
 .debug_ranges  0x00000748       0x70 .\CortexM3\ARM_GCC_541\Debug\LCD_display.a(isr_refreshrate_LCD.o)
 .debug_ranges  0x000007b8       0x78 .\CortexM3\ARM_GCC_541\Debug\LCD_display.a(CyFlash.o)
 .debug_ranges  0x00000830       0x70 .\CortexM3\ARM_GCC_541\Debug\LCD_display.a(CySpc.o)

.comment        0x00000000       0x6e
 .comment       0x00000000       0x6e .\CortexM3\ARM_GCC_541\Debug\main.o
                                 0x6f (size before relaxing)
 .comment       0x0000006e       0x6f .\CortexM3\ARM_GCC_541\Debug\Display.o
 .comment       0x0000006e       0x6f .\CortexM3\ARM_GCC_541\Debug\LiquidCrystal_I2C.o
 .comment       0x0000006e       0x6f .\CortexM3\ARM_GCC_541\Debug\Stopur.o
 .comment       0x0000006e       0x6f .\CortexM3\ARM_GCC_541\Debug\cyfitter_cfg.o
 .comment       0x0000006e       0x6f .\CortexM3\ARM_GCC_541\Debug\cymetadata.o
 .comment       0x0000006e       0x6f .\CortexM3\ARM_GCC_541\Debug\Cm3Start.o
 .comment       0x0000006e       0x6f .\CortexM3\ARM_GCC_541\Debug\LCD_display.a(I2C_1.o)
 .comment       0x0000006e       0x6f .\CortexM3\ARM_GCC_541\Debug\LCD_display.a(I2C_1_INT.o)
 .comment       0x0000006e       0x6f .\CortexM3\ARM_GCC_541\Debug\LCD_display.a(I2C_1_PM.o)
 .comment       0x0000006e       0x6f .\CortexM3\ARM_GCC_541\Debug\LCD_display.a(I2C_1_MASTER.o)
 .comment       0x0000006e       0x6f .\CortexM3\ARM_GCC_541\Debug\LCD_display.a(Timer_LCD.o)
 .comment       0x0000006e       0x6f .\CortexM3\ARM_GCC_541\Debug\LCD_display.a(isr_timer.o)
 .comment       0x0000006e       0x6f .\CortexM3\ARM_GCC_541\Debug\LCD_display.a(CyLib.o)
 .comment       0x0000006e       0x6f .\CortexM3\ARM_GCC_541\Debug\LCD_display.a(cyPm.o)
 .comment       0x0000006e       0x6f .\CortexM3\ARM_GCC_541\Debug\LCD_display.a(Timer_Stopur.o)
 .comment       0x0000006e       0x6f .\CortexM3\ARM_GCC_541\Debug\LCD_display.a(isr_refreshrate_LCD.o)
 .comment       0x0000006e       0x6f .\CortexM3\ARM_GCC_541\Debug\LCD_display.a(CyFlash.o)
 .comment       0x0000006e       0x6f .\CortexM3\ARM_GCC_541\Debug\LCD_display.a(CySpc.o)

.debug_weaknames
 *(.debug_weaknames)

.debug_funcnames
 *(.debug_funcnames)

.debug_typenames
 *(.debug_typenames)

.debug_varnames
 *(.debug_varnames)

.note.gnu.arm.ident
 *(.note.gnu.arm.ident)

.ARM.attributes
                0x00000000       0x29
 *(.ARM.attributes)
 .ARM.attributes
                0x00000000       0x1d s:/cypress/psoc creator/4.2/psoc creator/import/gnu/arm/5.4.1/bin/../lib/gcc/arm-none-eabi/5.4.1/armv7-m/crti.o
 .ARM.attributes
                0x0000001d       0x2d s:/cypress/psoc creator/4.2/psoc creator/import/gnu/arm/5.4.1/bin/../lib/gcc/arm-none-eabi/5.4.1/armv7-m/crtbegin.o
 .ARM.attributes
                0x0000004a       0x1b s:/cypress/psoc creator/4.2/psoc creator/import/gnu/arm/5.4.1/bin/../lib/gcc/arm-none-eabi/5.4.1/../../../../arm-none-eabi/lib/armv7-m/crt0.o
 .ARM.attributes
                0x00000065       0x33 .\CortexM3\ARM_GCC_541\Debug\main.o
 .ARM.attributes
                0x00000098       0x33 .\CortexM3\ARM_GCC_541\Debug\Display.o
 .ARM.attributes
                0x000000cb       0x33 .\CortexM3\ARM_GCC_541\Debug\LiquidCrystal_I2C.o
 .ARM.attributes
                0x000000fe       0x33 .\CortexM3\ARM_GCC_541\Debug\Stopur.o
 .ARM.attributes
                0x00000131       0x33 .\CortexM3\ARM_GCC_541\Debug\cyfitter_cfg.o
 .ARM.attributes
                0x00000164       0x33 .\CortexM3\ARM_GCC_541\Debug\cymetadata.o
 .ARM.attributes
                0x00000197       0x33 .\CortexM3\ARM_GCC_541\Debug\Cm3Start.o
 .ARM.attributes
                0x000001ca       0x33 .\CortexM3\ARM_GCC_541\Debug\LCD_display.a(I2C_1.o)
 .ARM.attributes
                0x000001fd       0x33 .\CortexM3\ARM_GCC_541\Debug\LCD_display.a(I2C_1_INT.o)
 .ARM.attributes
                0x00000230       0x33 .\CortexM3\ARM_GCC_541\Debug\LCD_display.a(I2C_1_PM.o)
 .ARM.attributes
                0x00000263       0x33 .\CortexM3\ARM_GCC_541\Debug\LCD_display.a(I2C_1_MASTER.o)
 .ARM.attributes
                0x00000296       0x33 .\CortexM3\ARM_GCC_541\Debug\LCD_display.a(Timer_LCD.o)
 .ARM.attributes
                0x000002c9       0x33 .\CortexM3\ARM_GCC_541\Debug\LCD_display.a(isr_timer.o)
 .ARM.attributes
                0x000002fc       0x33 .\CortexM3\ARM_GCC_541\Debug\LCD_display.a(CyLib.o)
 .ARM.attributes
                0x0000032f       0x33 .\CortexM3\ARM_GCC_541\Debug\LCD_display.a(cyPm.o)
 .ARM.attributes
                0x00000362       0x33 .\CortexM3\ARM_GCC_541\Debug\LCD_display.a(Timer_Stopur.o)
 .ARM.attributes
                0x00000395       0x33 .\CortexM3\ARM_GCC_541\Debug\LCD_display.a(isr_refreshrate_LCD.o)
 .ARM.attributes
                0x000003c8       0x21 .\CortexM3\ARM_GCC_541\Debug\LCD_display.a(CyBootAsmGnu.o)
 .ARM.attributes
                0x000003e9       0x33 .\CortexM3\ARM_GCC_541\Debug\LCD_display.a(CyFlash.o)
 .ARM.attributes
                0x0000041c       0x33 .\CortexM3\ARM_GCC_541\Debug\LCD_display.a(CySpc.o)
 .ARM.attributes
                0x0000044f       0x2d s:/cypress/psoc creator/4.2/psoc creator/import/gnu/arm/5.4.1/bin/../lib/gcc/arm-none-eabi/5.4.1/../../../../arm-none-eabi/lib/armv7-m\libg_nano.a(lib_a-errno.o)
 .ARM.attributes
                0x0000047c       0x2d s:/cypress/psoc creator/4.2/psoc creator/import/gnu/arm/5.4.1/bin/../lib/gcc/arm-none-eabi/5.4.1/../../../../arm-none-eabi/lib/armv7-m\libg_nano.a(lib_a-exit.o)
 .ARM.attributes
                0x000004a9       0x2d s:/cypress/psoc creator/4.2/psoc creator/import/gnu/arm/5.4.1/bin/../lib/gcc/arm-none-eabi/5.4.1/../../../../arm-none-eabi/lib/armv7-m\libg_nano.a(lib_a-impure.o)
 .ARM.attributes
                0x000004d6       0x2d s:/cypress/psoc creator/4.2/psoc creator/import/gnu/arm/5.4.1/bin/../lib/gcc/arm-none-eabi/5.4.1/../../../../arm-none-eabi/lib/armv7-m\libg_nano.a(lib_a-init.o)
 .ARM.attributes
                0x00000503       0x2d s:/cypress/psoc creator/4.2/psoc creator/import/gnu/arm/5.4.1/bin/../lib/gcc/arm-none-eabi/5.4.1/../../../../arm-none-eabi/lib/armv7-m\libg_nano.a(lib_a-memcpy-stub.o)
 .ARM.attributes
                0x00000530       0x2d s:/cypress/psoc creator/4.2/psoc creator/import/gnu/arm/5.4.1/bin/../lib/gcc/arm-none-eabi/5.4.1/../../../../arm-none-eabi/lib/armv7-m\libg_nano.a(lib_a-memset.o)
 .ARM.attributes
                0x0000055d       0x2d s:/cypress/psoc creator/4.2/psoc creator/import/gnu/arm/5.4.1/bin/../lib/gcc/arm-none-eabi/5.4.1/../../../../arm-none-eabi/lib/armv7-m\libg_nano.a(lib_a-sprintf.o)
 .ARM.attributes
                0x0000058a       0x17 s:/cypress/psoc creator/4.2/psoc creator/import/gnu/arm/5.4.1/bin/../lib/gcc/arm-none-eabi/5.4.1/../../../../arm-none-eabi/lib/armv7-m\libg_nano.a(lib_a-strlen.o)
 .ARM.attributes
                0x000005a1       0x2d s:/cypress/psoc creator/4.2/psoc creator/import/gnu/arm/5.4.1/bin/../lib/gcc/arm-none-eabi/5.4.1/../../../../arm-none-eabi/lib/armv7-m\libg_nano.a(lib_a-nano-svfprintf.o)
 .ARM.attributes
                0x000005ce       0x2d s:/cypress/psoc creator/4.2/psoc creator/import/gnu/arm/5.4.1/bin/../lib/gcc/arm-none-eabi/5.4.1/../../../../arm-none-eabi/lib/armv7-m\libg_nano.a(lib_a-nano-vfprintf_i.o)
 .ARM.attributes
                0x000005fb       0x2d s:/cypress/psoc creator/4.2/psoc creator/import/gnu/arm/5.4.1/bin/../lib/gcc/arm-none-eabi/5.4.1/../../../../arm-none-eabi/lib/armv7-m\libg_nano.a(lib_a-memchr-stub.o)
 .ARM.attributes
                0x00000628       0x2d s:/cypress/psoc creator/4.2/psoc creator/import/gnu/arm/5.4.1/bin/../lib/gcc/arm-none-eabi/5.4.1/../../../../arm-none-eabi/lib/armv7-m\libg_nano.a(lib_a-memmove.o)
 .ARM.attributes
                0x00000655       0x2d s:/cypress/psoc creator/4.2/psoc creator/import/gnu/arm/5.4.1/bin/../lib/gcc/arm-none-eabi/5.4.1/../../../../arm-none-eabi/lib/armv7-m\libg_nano.a(lib_a-nano-freer.o)
 .ARM.attributes
                0x00000682       0x2d s:/cypress/psoc creator/4.2/psoc creator/import/gnu/arm/5.4.1/bin/../lib/gcc/arm-none-eabi/5.4.1/../../../../arm-none-eabi/lib/armv7-m\libg_nano.a(lib_a-nano-mallocr.o)
 .ARM.attributes
                0x000006af       0x2d s:/cypress/psoc creator/4.2/psoc creator/import/gnu/arm/5.4.1/bin/../lib/gcc/arm-none-eabi/5.4.1/../../../../arm-none-eabi/lib/armv7-m\libg_nano.a(lib_a-nano-reallocr.o)
 .ARM.attributes
                0x000006dc       0x2d s:/cypress/psoc creator/4.2/psoc creator/import/gnu/arm/5.4.1/bin/../lib/gcc/arm-none-eabi/5.4.1/../../../../arm-none-eabi/lib/armv7-m\libg_nano.a(lib_a-sbrkr.o)
 .ARM.attributes
                0x00000709       0x2d s:/cypress/psoc creator/4.2/psoc creator/import/gnu/arm/5.4.1/bin/../lib/gcc/arm-none-eabi/5.4.1/../../../../arm-none-eabi/lib/armv7-m\libg_nano.a(lib_a-mlock.o)
 .ARM.attributes
                0x00000736       0x2d s:/cypress/psoc creator/4.2/psoc creator/import/gnu/arm/5.4.1/bin/../lib/gcc/arm-none-eabi/5.4.1/../../../../arm-none-eabi/lib/armv7-m\libg_nano.a(lib_a-nano-msizer.o)
 .ARM.attributes
                0x00000763       0x2d s:/cypress/psoc creator/4.2/psoc creator/import/gnu/arm/5.4.1/bin/../lib/gcc/arm-none-eabi/5.4.1/../../../../arm-none-eabi/lib/armv7-m\libg_nano.a(lib_a-reent.o)
 .ARM.attributes
                0x00000790       0x2d s:/cypress/psoc creator/4.2/psoc creator/import/gnu/arm/5.4.1/bin/../lib/gcc/arm-none-eabi/5.4.1/armv7-m/crtend.o
 .ARM.attributes
                0x000007bd       0x1d s:/cypress/psoc creator/4.2/psoc creator/import/gnu/arm/5.4.1/bin/../lib/gcc/arm-none-eabi/5.4.1/armv7-m/crtn.o

/DISCARD/
 *(.note.GNU-stack)
OUTPUT(C:\Users\Jeppe N. Hansen\Documents\GitHub\E5PRJ3\LCD_displayMedTimer\LCD_display.cydsn\CortexM3\ARM_GCC_541\Debug\LCD_display.elf elf32-littlearm)
