Archive member included to satisfy reference by file (symbol)

.\CortexM3\ARM_GCC_541\Debug\Hovedprogram.a(SPIM_1.o)
                              .\CortexM3\ARM_GCC_541\Debug\LEDcontrol.o (SPIM_1_WriteTxData)
.\CortexM3\ARM_GCC_541\Debug\Hovedprogram.a(Timer1.o)
                              .\CortexM3\ARM_GCC_541\Debug\LEDcontrol.o (Timer1_WritePeriod)
.\CortexM3\ARM_GCC_541\Debug\Hovedprogram.a(isr_LED_refreshrate.o)
                              .\CortexM3\ARM_GCC_541\Debug\LEDcontrol.o (isr_LED_refreshrate_StartEx)
.\CortexM3\ARM_GCC_541\Debug\Hovedprogram.a(Timer2.o)
                              .\CortexM3\ARM_GCC_541\Debug\LEDcontrol.o (Timer2_WritePeriod)
.\CortexM3\ARM_GCC_541\Debug\Hovedprogram.a(isr_LED_pulse.o)
                              .\CortexM3\ARM_GCC_541\Debug\LEDcontrol.o (isr_LED_pulse_StartEx)
.\CortexM3\ARM_GCC_541\Debug\Hovedprogram.a(Timer3.o)
                              .\CortexM3\ARM_GCC_541\Debug\LEDcontrol.o (Timer3_WritePeriod)
.\CortexM3\ARM_GCC_541\Debug\Hovedprogram.a(isr_LED_ring.o)
                              .\CortexM3\ARM_GCC_541\Debug\LEDcontrol.o (isr_LED_ring_StartEx)
.\CortexM3\ARM_GCC_541\Debug\Hovedprogram.a(ADC_SAR_1.o)
                              .\CortexM3\ARM_GCC_541\Debug\WeightSensors.o (ADC_SAR_1_Start)
.\CortexM3\ARM_GCC_541\Debug\Hovedprogram.a(ADC_SAR_1_INT.o)
                              .\CortexM3\ARM_GCC_541\Debug\Hovedprogram.a(ADC_SAR_1.o) (ADC_SAR_1_ISR)
.\CortexM3\ARM_GCC_541\Debug\Hovedprogram.a(UART_1.o)
                              .\CortexM3\ARM_GCC_541\Debug\main.o (UART_1_Start)
.\CortexM3\ARM_GCC_541\Debug\Hovedprogram.a(isr_uart_rx.o)
                              .\CortexM3\ARM_GCC_541\Debug\main.o (isr_uart_rx_StartEx)
.\CortexM3\ARM_GCC_541\Debug\Hovedprogram.a(SPIM_1_IntClock.o)
                              .\CortexM3\ARM_GCC_541\Debug\Hovedprogram.a(SPIM_1.o) (SPIM_1_IntClock_Start)
.\CortexM3\ARM_GCC_541\Debug\Hovedprogram.a(ADC_SAR_1_theACLK.o)
                              .\CortexM3\ARM_GCC_541\Debug\Hovedprogram.a(ADC_SAR_1.o) (ADC_SAR_1_theACLK_SetModeRegister)
.\CortexM3\ARM_GCC_541\Debug\Hovedprogram.a(UART_1_IntClock.o)
                              .\CortexM3\ARM_GCC_541\Debug\Hovedprogram.a(UART_1.o) (UART_1_IntClock_Start)
.\CortexM3\ARM_GCC_541\Debug\Hovedprogram.a(CyLib.o)
                              .\CortexM3\ARM_GCC_541\Debug\Cm3Start.o (CyHalt)
.\CortexM3\ARM_GCC_541\Debug\Hovedprogram.a(cyPm.o)
                              .\CortexM3\ARM_GCC_541\Debug\Hovedprogram.a(CyLib.o) (CyPmReadStatus)
.\CortexM3\ARM_GCC_541\Debug\Hovedprogram.a(PlayerSelect.o)
                              .\CortexM3\ARM_GCC_541\Debug\WeightSensors.o (PlayerSelect_Start)
.\CortexM3\ARM_GCC_541\Debug\Hovedprogram.a(isr_button.o)
                              .\CortexM3\ARM_GCC_541\Debug\main.o (isr_button_StartEx)
.\CortexM3\ARM_GCC_541\Debug\Hovedprogram.a(SPIMOutCtrl.o)
                              .\CortexM3\ARM_GCC_541\Debug\LEDcontrol.o (SPIMOutCtrl_Write)
.\CortexM3\ARM_GCC_541\Debug\Hovedprogram.a(I2C_1.o)
                              .\CortexM3\ARM_GCC_541\Debug\Display.o (I2C_1_Start)
.\CortexM3\ARM_GCC_541\Debug\Hovedprogram.a(I2C_1_INT.o)
                              .\CortexM3\ARM_GCC_541\Debug\Hovedprogram.a(I2C_1.o) (I2C_1_ISR)
.\CortexM3\ARM_GCC_541\Debug\Hovedprogram.a(I2C_1_PM.o)
                              .\CortexM3\ARM_GCC_541\Debug\Hovedprogram.a(I2C_1.o) (I2C_1_backup)
.\CortexM3\ARM_GCC_541\Debug\Hovedprogram.a(I2C_1_MASTER.o)
                              .\CortexM3\ARM_GCC_541\Debug\Hovedprogram.a(I2C_1.o) (I2C_1_mstrStatus)
.\CortexM3\ARM_GCC_541\Debug\Hovedprogram.a(Timer_Stopur.o)
                              .\CortexM3\ARM_GCC_541\Debug\Stopur.o (Timer_Stopur_Stop)
.\CortexM3\ARM_GCC_541\Debug\Hovedprogram.a(isr_timer.o)
                              .\CortexM3\ARM_GCC_541\Debug\Stopur.o (isr_timer_StartEx)
.\CortexM3\ARM_GCC_541\Debug\Hovedprogram.a(Timer_LCD.o)
                              .\CortexM3\ARM_GCC_541\Debug\Display.o (Timer_LCD_Stop)
.\CortexM3\ARM_GCC_541\Debug\Hovedprogram.a(isr_refreshrate_LCD.o)
                              .\CortexM3\ARM_GCC_541\Debug\Display.o (isr_refreshrate_LCD_StartEx)
.\CortexM3\ARM_GCC_541\Debug\Hovedprogram.a(Timer4.o)
                              .\CortexM3\ARM_GCC_541\Debug\LEDcontrol.o (Timer4_WritePeriod)
.\CortexM3\ARM_GCC_541\Debug\Hovedprogram.a(isr_BlinkLED.o)
                              .\CortexM3\ARM_GCC_541\Debug\LEDcontrol.o (isr_BlinkLED_StartEx)
.\CortexM3\ARM_GCC_541\Debug\Hovedprogram.a(isr_delay.o)
                              .\CortexM3\ARM_GCC_541\Debug\LEDcontrol.o (isr_delay_StartEx)
.\CortexM3\ARM_GCC_541\Debug\Hovedprogram.a(Timer5.o)
                              .\CortexM3\ARM_GCC_541\Debug\LEDcontrol.o (Timer5_Stop)
.\CortexM3\ARM_GCC_541\Debug\Hovedprogram.a(CyBootAsmGnu.o)
                              .\CortexM3\ARM_GCC_541\Debug\cyfitter_cfg.o (CyDelayCycles)
.\CortexM3\ARM_GCC_541\Debug\Hovedprogram.a(CyFlash.o)
[...]
Memory Configuration

Name             Origin             Length             Attributes
rom              0x00000000         0x00040000         xr
ram              0x1fff8000         0x00010000         xrw
*default*        0x00000000         0xffffffff

Linker script and memory map

LOAD d:/psoc/psoc creator/4.3/psoc creator/import/gnu/arm/5.4.1/bin/../lib/gcc/arm-none-eabi/5.4.1/armv7-m/crti.o
LOAD d:/psoc/psoc creator/4.3/psoc creator/import/gnu/arm/5.4.1/bin/../lib/gcc/arm-none-eabi/5.4.1/armv7-m/crtbegin.o
LOAD d:/psoc/psoc creator/4.3/psoc creator/import/gnu/arm/5.4.1/bin/../lib/gcc/arm-none-eabi/5.4.1/../../../../arm-none-eabi/lib/armv7-m/crt0.o
START GROUP
LOAD .\CortexM3\ARM_GCC_541\Debug\main.o
LOAD .\CortexM3\ARM_GCC_541\Debug\WeightSensors.o
LOAD .\CortexM3\ARM_GCC_541\Debug\UART.o
LOAD .\CortexM3\ARM_GCC_541\Debug\Startknap.o
LOAD .\CortexM3\ARM_GCC_541\Debug\States.o
LOAD .\CortexM3\ARM_GCC_541\Debug\Display.o
LOAD .\CortexM3\ARM_GCC_541\Debug\LiquidCrystal_I2C.o
LOAD .\CortexM3\ARM_GCC_541\Debug\Stopur.o
LOAD .\CortexM3\ARM_GCC_541\Debug\LEDcontrol.o
LOAD .\CortexM3\ARM_GCC_541\Debug\cyfitter_cfg.o
LOAD .\CortexM3\ARM_GCC_541\Debug\cymetadata.o
LOAD .\CortexM3\ARM_GCC_541\Debug\Cm3Start.o
LOAD .\CortexM3\ARM_GCC_541\Debug\Hovedprogram.a
LOAD D:\Psoc\PSoC Creator\4.3\PSoC Creator\psoc\content\cycomponentlibrary\CyComponentLibrary.cylib\CortexM3\ARM_GCC_541\Debug\CyComponentLibrary.a
END GROUP
START GROUP
LOAD d:/psoc/psoc creator/4.3/psoc creator/import/gnu/arm/5.4.1/bin/../lib/gcc/arm-none-eabi/5.4.1/armv7-m\libgcc.a
LOAD d:/psoc/psoc creator/4.3/psoc creator/import/gnu/arm/5.4.1/bin/../lib/gcc/arm-none-eabi/5.4.1/../../../../arm-none-eabi/lib/armv7-m\libg_nano.a
LOAD d:/psoc/psoc creator/4.3/psoc creator/import/gnu/arm/5.4.1/bin/../lib/gcc/arm-none-eabi/5.4.1/../../../../arm-none-eabi/lib/armv7-m\libc_nano.a
END GROUP
START GROUP
LOAD d:/psoc/psoc creator/4.3/psoc creator/import/gnu/arm/5.4.1/bin/../lib/gcc/arm-none-eabi/5.4.1/armv7-m\libgcc.a
LOAD d:/psoc/psoc creator/4.3/psoc creator/import/gnu/arm/5.4.1/bin/../lib/gcc/arm-none-eabi/5.4.1/../../../../arm-none-eabi/lib/armv7-m\libc_nano.a
END GROUP
LOAD d:/psoc/psoc creator/4.3/psoc creator/import/gnu/arm/5.4.1/bin/../lib/gcc/arm-none-eabi/5.4.1/armv7-m/crtend.o
LOAD d:/psoc/psoc creator/4.3/psoc creator/import/gnu/arm/5.4.1/bin/../lib/gcc/arm-none-eabi/5.4.1/armv7-m/crtn.o
START GROUP
LOAD d:/psoc/psoc creator/4.3/psoc creator/import/gnu/arm/5.4.1/bin/../lib/gcc/arm-none-eabi/5.4.1/armv7-m\libgcc.a
LOAD d:/psoc/psoc creator/4.3/psoc creator/import/gnu/arm/5.4.1/bin/../lib/gcc/arm-none-eabi/5.4.1/../../../../arm-none-eabi/lib/armv7-m\libc.a
LOAD d:/psoc/psoc creator/4.3/psoc creator/import/gnu/arm/5.4.1/bin/../lib/gcc/arm-none-eabi/5.4.1/../../../../arm-none-eabi/lib/armv7-m\libnosys.a
END GROUP
                0x00000000                CY_APPL_ORIGIN = 0x0
                0x00000100                CY_FLASH_ROW_SIZE = 0x100
                0x00000020                CY_ECC_ROW_SIZE = 0x20
                0x00000000                CY_EE_IN_BTLDR = 0x0
                0x00000000                CY_APPL_LOADABLE = 0x0
                0x00000800                CY_EE_SIZE = 0x800
                0x00000001                CY_APPL_NUM = 0x1
                0x00000001                CY_APPL_MAX = 0x1
                0x00000040                CY_METADATA_SIZE = 0x40
                0x00000000                CY_APPL_LOADABLE = 0x0
                0x00000000                CY_CHECKSUM_EXCLUDE_SIZE = ALIGN (0x0, CY_FLASH_ROW_SIZE)
                [!provide]                PROVIDE (__cy_heap_start, _end)
                0x00000001                PROVIDE (__cy_region_num, ((__cy_regions_end - __cy_regions) / 0x10))
                0x20008000                PROVIDE (__cy_stack, (ORIGIN (ram) + LENGTH (ram)))
                [!provide]                PROVIDE (__cy_heap_end, (__cy_stack - 0x800))

.cybootloader   0x00000000        0x0
 *(.cybootloader)
                0x00000000                appl1_start = CY_APPL_ORIGIN?CY_APPL_ORIGIN:ALIGN (CY_FLASH_ROW_SIZE)
                0x0001ff00                appl2_start = (appl1_start + ALIGN ((((LENGTH (rom) - appl1_start) - (0x2 * CY_FLASH_ROW_SIZE)) / 0x2), CY_FLASH_ROW_SIZE))
                0x00000000                appl_start = (CY_APPL_NUM == 0x1)?appl1_start:appl2_start
                0x00000000                ecc_offset = ((appl_start / CY_FLASH_ROW_SIZE) * CY_ECC_ROW_SIZE)
                0x00000000                ee_offset = (CY_APPL_LOADABLE && ! (CY_EE_IN_BTLDR))?((CY_EE_SIZE / CY_APPL_MAX) * (CY_APPL_NUM - 0x1)):0x0
                0x00000800                ee_size = (CY_APPL_LOADABLE && ! (CY_EE_IN_BTLDR))?(CY_EE_SIZE / CY_APPL_MAX):CY_EE_SIZE
                [!provide]                PROVIDE (CY_ECC_OFFSET, ecc_offset)

.text           0x00000000     0x2378
 CREATE_OBJECT_SYMBOLS
                0x00000000                PROVIDE (__cy_interrupt_vector, RomVectors)
 *(.romvectors)
 .romvectors    0x00000000       0x10 .\CortexM3\ARM_GCC_541\Debug\Cm3Start.o
                0x00000000                RomVectors
                0x00000001                ASSERT ((. != __cy_interrupt_vector), No interrupt vector)
                0x00000001                ASSERT (CY_APPL_ORIGIN?(SIZEOF (.cybootloader) <= CY_APPL_ORIGIN):0x1, Wrong image location)
                0x00000010                PROVIDE (__cy_reset, Reset)
 *(.text.Reset)
 .text.Reset    0x00000010       0x18 .\CortexM3\ARM_GCC_541\Debug\Cm3Start.o
                0x00000010                Reset
                0x00000001                ASSERT ((. != __cy_reset), No reset code)
 *(.dma_init)
                0x00000001                ASSERT ((((appl_start + .) <= 0x10000) || 0x1), DMA Init must be within the first 64k of flash)
 *(.text .text.* .gnu.linkonce.t.*)
 .text          0x00000028       0x5c d:/psoc/psoc creator/4.3/psoc creator/import/gnu/arm/5.4.1/bin/../lib/gcc/arm-none-eabi/5.4.1/armv7-m/crtbegin.o
 .text.main     0x00000084       0x2c .\CortexM3\ARM_GCC_541\Debug\main.o
                0x00000084                main
 .text.readdata1
                0x000000b0       0x64 .\CortexM3\ARM_GCC_541\Debug\WeightSensors.o
                0x000000b0                readdata1
 *fill*         0x00000114        0x4 
 .text.readdata2
                0x00000118       0x64 .\CortexM3\ARM_GCC_541\Debug\WeightSensors.o
                0x00000118                readdata2
 *fill*         0x0000017c        0x4 
 .text.readdataLoser
                0x00000180       0x64 .\CortexM3\ARM_GCC_541\Debug\WeightSensors.o
                0x00000180                readdataLoser
 .text.WeightSensorsInit
                0x000001e4        0xc .\CortexM3\ARM_GCC_541\Debug\WeightSensors.o
                0x000001e4                WeightSensorsInit
 .text.CompareWeight
                0x000001f0       0x74 .\CortexM3\ARM_GCC_541\Debug\WeightSensors.o
                0x000001f0                CompareWeight
 .text.handleByteReceived
                0x00000264       0x18 .\CortexM3\ARM_GCC_541\Debug\UART.o
                0x00000264                handleByteReceived
 .text.ISR_UART_rx_handler
                0x0000027c       0x1c .\CortexM3\ARM_GCC_541\Debug\UART.o
                0x0000027c                ISR_UART_rx_handler
 .text.isr_button_handler
                0x00000298        0xc .\CortexM3\ARM_GCC_541\Debug\Startknap.o
                0x00000298                isr_button_handler
 .text.Next_state_Logic
                0x000002a4      0x1c0 .\CortexM3\ARM_GCC_541\Debug\States.o
                0x000002a4                Next_state_Logic
 .text.Output_logic
                0x00000464       0xc0 .\CortexM3\ARM_GCC_541\Debug\States.o
                0x00000464                Output_logic
 .text.dispTime
                0x00000524       0x70 .\CortexM3\ARM_GCC_541\Debug\Display.o
                0x00000524                dispTime
 .text.stopLCD  0x00000594       0x1c .\CortexM3\ARM_GCC_541\Debug\Display.o
                0x00000594                stopLCD
 .text.I2C_M_write_byte
                0x000005b0       0x18 .\CortexM3\ARM_GCC_541\Debug\LiquidCrystal_I2C.o
                0x000005b0                I2C_M_write_byte
 .text.expanderWrite
                0x000005c8       0x1c .\CortexM3\ARM_GCC_541\Debug\LiquidCrystal_I2C.o
                0x000005c8                expanderWrite
 .text.pulseEnable
                0x000005e4       0x24 .\CortexM3\ARM_GCC_541\Debug\LiquidCrystal_I2C.o
                0x000005e4                pulseEnable
 .text.write4bits
                0x00000608       0x10 .\CortexM3\ARM_GCC_541\Debug\LiquidCrystal_I2C.o
                0x00000608                write4bits
 .text.send     0x00000618       0x20 .\CortexM3\ARM_GCC_541\Debug\LiquidCrystal_I2C.o
                0x00000618                send
 .text.command  0x00000638        0xc .\CortexM3\ARM_GCC_541\Debug\LiquidCrystal_I2C.o
                0x00000638                command
 .text.setCursor
                0x00000644       0x44 .\CortexM3\ARM_GCC_541\Debug\LiquidCrystal_I2C.o
                0x00000644                setCursor
 .text.write    0x00000688        0xc .\CortexM3\ARM_GCC_541\Debug\LiquidCrystal_I2C.o
                0x00000688                write
 .text.LCD_print
                0x00000694       0x20 .\CortexM3\ARM_GCC_541\Debug\LiquidCrystal_I2C.o
                0x00000694                LCD_print
 .text.setaddress
                0x000006b4        0xc .\CortexM3\ARM_GCC_541\Debug\LiquidCrystal_I2C.o
                0x000006b4                setaddress
 .text.startTimer
                0x000006c0        0x8 .\CortexM3\ARM_GCC_541\Debug\Stopur.o
                0x000006c0                startTimer
 .text.stopTimer
                0x000006c8        0x8 .\CortexM3\ARM_GCC_541\Debug\Stopur.o
                0x000006c8                stopTimer
 .text.getTime  0x000006d0       0x10 .\CortexM3\ARM_GCC_541\Debug\Stopur.o
                0x000006d0                getTime
 .text.clearTimer
                0x000006e0        0xc .\CortexM3\ARM_GCC_541\Debug\Stopur.o
                0x000006e0                clearTimer
 .text.timeout  0x000006ec       0x18 .\CortexM3\ARM_GCC_541\Debug\Stopur.o
                0x000006ec                timeout
 .text.CyClockStartupError
                0x00000704        0x4 .\CortexM3\ARM_GCC_541\Debug\cyfitter_cfg.o
 .text.cfg_write_bytes32
                0x00000708       0x34 .\CortexM3\ARM_GCC_541\Debug\cyfitter_cfg.o
 .text.CYMEMZERO
                0x0000073c        0xc .\CortexM3\ARM_GCC_541\Debug\cyfitter_cfg.o
 .text.AnalogSetDefault
                0x00000748       0x6c .\CortexM3\ARM_GCC_541\Debug\cyfitter_cfg.o
 .text.CYCONFIGCPY
                0x000007b4        0x8 .\CortexM3\ARM_GCC_541\Debug\cyfitter_cfg.o
 .text.ClockSetup
                0x000007bc       0xfc .\CortexM3\ARM_GCC_541\Debug\cyfitter_cfg.o
 .text.PlayerSelect_Set
                0x000008b8       0x1c .\CortexM3\ARM_GCC_541\Debug\cyfitter_cfg.o
                0x000008b8                PlayerSelect_Set
 .text.PlayerSelect_Unset
                0x000008d4       0x1c .\CortexM3\ARM_GCC_541\Debug\cyfitter_cfg.o
                0x000008d4                PlayerSelect_Unset
 .text.cyfitter_cfg
                0x000008f0      0x120 .\CortexM3\ARM_GCC_541\Debug\cyfitter_cfg.o
                0x000008f0                cyfitter_cfg
 .text.IntDefaultHandler
                0x00000a10       0x10 .\CortexM3\ARM_GCC_541\Debug\Cm3Start.o
                0x00000a10                IntDefaultHandler
 .text._sbrk    0x00000a20       0x30 .\CortexM3\ARM_GCC_541\Debug\Cm3Start.o
                0x00000a20                _sbrk
 .text.Start_c  0x00000a50       0x4c .\CortexM3\ARM_GCC_541\Debug\Cm3Start.o
                0x00000a50                Start_c
 .text.initialize_psoc
                0x00000a9c       0x68 .\CortexM3\ARM_GCC_541\Debug\Cm3Start.o
                0x00000a9c                initialize_psoc
 .text.ADC_SAR_1_CalcGain
                0x00000b04       0x5c .\CortexM3\ARM_GCC_541\Debug\Hovedprogram.a(ADC_SAR_1.o)
 .text.ADC_SAR_1_Enable
                0x00000b60       0x94 .\CortexM3\ARM_GCC_541\Debug\Hovedprogram.a(ADC_SAR_1.o)
                0x00000b60                ADC_SAR_1_Enable
 .text.ADC_SAR_1_SetResolution
                0x00000bf4       0x38 .\CortexM3\ARM_GCC_541\Debug\Hovedprogram.a(ADC_SAR_1.o)
                0x00000bf4                ADC_SAR_1_SetResolution
 .text.ADC_SAR_1_Init
                0x00000c2c       0x3c .\CortexM3\ARM_GCC_541\Debug\Hovedprogram.a(ADC_SAR_1.o)
                0x00000c2c                ADC_SAR_1_Init
 .text.ADC_SAR_1_Start
                0x00000c68       0x1c .\CortexM3\ARM_GCC_541\Debug\Hovedprogram.a(ADC_SAR_1.o)
                0x00000c68                ADC_SAR_1_Start
 .text.ADC_SAR_1_StartConvert
                0x00000c84       0x10 .\CortexM3\ARM_GCC_541\Debug\Hovedprogram.a(ADC_SAR_1.o)
                0x00000c84                ADC_SAR_1_StartConvert
 .text.ADC_SAR_1_IsEndConversion
                0x00000c94       0x24 .\CortexM3\ARM_GCC_541\Debug\Hovedprogram.a(ADC_SAR_1.o)
                0x00000c94                ADC_SAR_1_IsEndConversion
 .text.ADC_SAR_1_GetResult16
                0x00000cb8       0x18 .\CortexM3\ARM_GCC_541\Debug\Hovedprogram.a(ADC_SAR_1.o)
                0x00000cb8                ADC_SAR_1_GetResult16
 .text.ADC_SAR_1_CountsTo_mVolts
                0x00000cd0       0x58 .\CortexM3\ARM_GCC_541\Debug\Hovedprogram.a(ADC_SAR_1.o)
                0x00000cd0                ADC_SAR_1_CountsTo_mVolts
 .text.ADC_SAR_1_ISR
                0x00000d28        0x4 .\CortexM3\ARM_GCC_541\Debug\Hovedprogram.a(ADC_SAR_1_INT.o)
                0x00000d28                ADC_SAR_1_ISR
 .text.UART_1_Init
                0x00000d2c       0x24 .\CortexM3\ARM_GCC_541\Debug\Hovedprogram.a(UART_1.o)
                0x00000d2c                UART_1_Init
 .text.UART_1_Enable
                0x00000d50       0x38 .\CortexM3\ARM_GCC_541\Debug\Hovedprogram.a(UART_1.o)
                0x00000d50                UART_1_Enable
 .text.UART_1_Start
                0x00000d88       0x1c .\CortexM3\ARM_GCC_541\Debug\Hovedprogram.a(UART_1.o)
                0x00000d88                UART_1_Start
 .text.UART_1_ReadRxData
                0x00000da4        0xc .\CortexM3\ARM_GCC_541\Debug\Hovedprogram.a(UART_1.o)
                0x00000da4                UART_1_ReadRxData
 .text.UART_1_GetRxBufferSize
                0x00000db0       0x18 .\CortexM3\ARM_GCC_541\Debug\Hovedprogram.a(UART_1.o)
                0x00000db0                UART_1_GetRxBufferSize
 .text.UART_1_PutChar
                0x00000dc8       0x18 .\CortexM3\ARM_GCC_541\Debug\Hovedprogram.a(UART_1.o)
                0x00000dc8                UART_1_PutChar
 .text.UART_1_PutString
                0x00000de0       0x24 .\CortexM3\ARM_GCC_541\Debug\Hovedprogram.a(UART_1.o)
                0x00000de0                UART_1_PutString
 .text.isr_uart_rx_SetVector
                0x00000e04        0xc .\CortexM3\ARM_GCC_541\Debug\Hovedprogram.a(isr_uart_rx.o)
                0x00000e04                isr_uart_rx_SetVector
 .text.isr_uart_rx_SetPriority
                0x00000e10       0x10 .\CortexM3\ARM_GCC_541\Debug\Hovedprogram.a(isr_uart_rx.o)
                0x00000e10                isr_uart_rx_SetPriority
 .text.isr_uart_rx_Enable
                0x00000e20       0x10 .\CortexM3\ARM_GCC_541\Debug\Hovedprogram.a(isr_uart_rx.o)
                0x00000e20                isr_uart_rx_Enable
 .text.isr_uart_rx_Disable
                0x00000e30       0x10 .\CortexM3\ARM_GCC_541\Debug\Hovedprogram.a(isr_uart_rx.o)
                0x00000e30                isr_uart_rx_Disable
 .text.isr_uart_rx_StartEx
                0x00000e40       0x1c .\CortexM3\ARM_GCC_541\Debug\Hovedprogram.a(isr_uart_rx.o)
                0x00000e40                isr_uart_rx_StartEx
 .text.ADC_SAR_1_theACLK_SetModeRegister
                0x00000e5c       0x14 .\CortexM3\ARM_GCC_541\Debug\Hovedprogram.a(ADC_SAR_1_theACLK.o)
                0x00000e5c                ADC_SAR_1_theACLK_SetModeRegister
 .text.UART_1_IntClock_Start
                0x00000e70       0x1c .\CortexM3\ARM_GCC_541\Debug\Hovedprogram.a(UART_1_IntClock.o)
                0x00000e70                UART_1_IntClock_Start
 .text.CyHalt   0x00000e8c        0x4 .\CortexM3\ARM_GCC_541\Debug\Hovedprogram.a(CyLib.o)
                0x00000e8c                CyHalt
 .text.CyDelay  0x00000e90       0x2c .\CortexM3\ARM_GCC_541\Debug\Hovedprogram.a(CyLib.o)
                0x00000e90                CyDelay
 .text.CyDelayUs
                0x00000ebc       0x14 .\CortexM3\ARM_GCC_541\Debug\Hovedprogram.a(CyLib.o)
                0x00000ebc                CyDelayUs
 .text.CyIntSetVector
                0x00000ed0       0x28 .\CortexM3\ARM_GCC_541\Debug\Hovedprogram.a(CyLib.o)
                0x00000ed0                CyIntSetVector
 .text.CyIntSetPriority
                0x00000ef8       0x30 .\CortexM3\ARM_GCC_541\Debug\Hovedprogram.a(CyLib.o)
                0x00000ef8                CyIntSetPriority
 .text.PlayerSelect_Start
                0x00000f28       0x20 .\CortexM3\ARM_GCC_541\Debug\Hovedprogram.a(PlayerSelect.o)
                0x00000f28                PlayerSelect_Start
 .text.PlayerSelect_FastSelect
                0x00000f48       0x20 .\CortexM3\ARM_GCC_541\Debug\Hovedprogram.a(PlayerSelect.o)
                0x00000f48                PlayerSelect_FastSelect
 .text.isr_button_SetVector
                0x00000f68        0xc .\CortexM3\ARM_GCC_541\Debug\Hovedprogram.a(isr_button.o)
                0x00000f68                isr_button_SetVector
 .text.isr_button_SetPriority
                0x00000f74       0x10 .\CortexM3\ARM_GCC_541\Debug\Hovedprogram.a(isr_button.o)
                0x00000f74                isr_button_SetPriority
 .text.isr_button_Enable
                0x00000f84        0xc .\CortexM3\ARM_GCC_541\Debug\Hovedprogram.a(isr_button.o)
                0x00000f84                isr_button_Enable
 .text.isr_button_Disable
                0x00000f90        0xc .\CortexM3\ARM_GCC_541\Debug\Hovedprogram.a(isr_button.o)
                0x00000f90                isr_button_Disable
 .text.isr_button_StartEx
                0x00000f9c       0x1c .\CortexM3\ARM_GCC_541\Debug\Hovedprogram.a(isr_button.o)
                0x00000f9c                isr_button_StartEx
 .text.I2C_1_MasterSendStart
                0x00000fb8       0x80 .\CortexM3\ARM_GCC_541\Debug\Hovedprogram.a(I2C_1_MASTER.o)
                0x00000fb8                I2C_1_MasterSendStart
 .text.I2C_1_MasterSendStop
                0x00001038       0x38 .\CortexM3\ARM_GCC_541\Debug\Hovedprogram.a(I2C_1_MASTER.o)
                0x00001038                I2C_1_MasterSendStop
 .text.I2C_1_MasterWriteByte
                0x00001070       0x58 .\CortexM3\ARM_GCC_541\Debug\Hovedprogram.a(I2C_1_MASTER.o)
                0x00001070                I2C_1_MasterWriteByte
 .text.Timer_Stopur_Enable
                0x000010c8       0x10 .\CortexM3\ARM_GCC_541\Debug\Hovedprogram.a(Timer_Stopur.o)
                0x000010c8                Timer_Stopur_Enable
 .text.Timer_Stopur_Stop
                0x000010d8       0x10 .\CortexM3\ARM_GCC_541\Debug\Hovedprogram.a(Timer_Stopur.o)
                0x000010d8                Timer_Stopur_Stop
 .text.Timer_Stopur_SetInterruptMode
                0x000010e8        0xc .\CortexM3\ARM_GCC_541\Debug\Hovedprogram.a(Timer_Stopur.o)
                0x000010e8                Timer_Stopur_SetInterruptMode
 .text.Timer_Stopur_ReadStatusRegister
                0x000010f4        0xc .\CortexM3\ARM_GCC_541\Debug\Hovedprogram.a(Timer_Stopur.o)
                0x000010f4                Timer_Stopur_ReadStatusRegister
 .text.Timer_Stopur_WritePeriod
                0x00001100        0xc .\CortexM3\ARM_GCC_541\Debug\Hovedprogram.a(Timer_Stopur.o)
                0x00001100                Timer_Stopur_WritePeriod
 .text.Timer_Stopur_ReadCapture
                0x0000110c        0xc .\CortexM3\ARM_GCC_541\Debug\Hovedprogram.a(Timer_Stopur.o)
                0x0000110c                Timer_Stopur_ReadCapture
 .text.Timer_Stopur_WriteCounter
                0x00001118        0xc .\CortexM3\ARM_GCC_541\Debug\Hovedprogram.a(Timer_Stopur.o)
                0x00001118                Timer_Stopur_WriteCounter
 .text.Timer_Stopur_ClearFIFO
                0x00001124       0x14 .\CortexM3\ARM_GCC_541\Debug\Hovedprogram.a(Timer_Stopur.o)
                0x00001124                Timer_Stopur_ClearFIFO
 .text.Timer_Stopur_Init
                0x00001138       0x34 .\CortexM3\ARM_GCC_541\Debug\Hovedprogram.a(Timer_Stopur.o)
                0x00001138                Timer_Stopur_Init
 .text.Timer_Stopur_Start
                0x0000116c       0x1c .\CortexM3\ARM_GCC_541\Debug\Hovedprogram.a(Timer_Stopur.o)
                0x0000116c                Timer_Stopur_Start
 .text.Timer_LCD_Enable
                0x00001188       0x10 .\CortexM3\ARM_GCC_541\Debug\Hovedprogram.a(Timer_LCD.o)
                0x00001188                Timer_LCD_Enable
 .text.Timer_LCD_Stop
                0x00001198       0x10 .\CortexM3\ARM_GCC_541\Debug\Hovedprogram.a(Timer_LCD.o)
                0x00001198                Timer_LCD_Stop
 .text.Timer_LCD_SetInterruptMode
                0x000011a8        0xc .\CortexM3\ARM_GCC_541\Debug\Hovedprogram.a(Timer_LCD.o)
                0x000011a8                Timer_LCD_SetInterruptMode
 .text.Timer_LCD_ReadStatusRegister
                0x000011b4        0xc .\CortexM3\ARM_GCC_541\Debug\Hovedprogram.a(Timer_LCD.o)
                0x000011b4                Timer_LCD_ReadStatusRegister
 .text.Timer_LCD_WritePeriod
                0x000011c0        0xc .\CortexM3\ARM_GCC_541\Debug\Hovedprogram.a(Timer_LCD.o)
                0x000011c0                Timer_LCD_WritePeriod
 .text.Timer_LCD_ReadCapture
                0x000011cc        0xc .\CortexM3\ARM_GCC_541\Debug\Hovedprogram.a(Timer_LCD.o)
                0x000011cc                Timer_LCD_ReadCapture
 .text.Timer_LCD_WriteCounter
                0x000011d8        0xc .\CortexM3\ARM_GCC_541\Debug\Hovedprogram.a(Timer_LCD.o)
                0x000011d8                Timer_LCD_WriteCounter
 .text.Timer_LCD_ClearFIFO
                0x000011e4       0x14 .\CortexM3\ARM_GCC_541\Debug\Hovedprogram.a(Timer_LCD.o)
                0x000011e4                Timer_LCD_ClearFIFO
 .text.Timer_LCD_Init
                0x000011f8       0x30 .\CortexM3\ARM_GCC_541\Debug\Hovedprogram.a(Timer_LCD.o)
                0x000011f8                Timer_LCD_Init
 .text.Timer_LCD_Start
                0x00001228       0x1c .\CortexM3\ARM_GCC_541\Debug\Hovedprogram.a(Timer_LCD.o)
                0x00001228                Timer_LCD_Start
 *fill*         0x00001244        0x4 
 .text          0x00001248       0x20 .\CortexM3\ARM_GCC_541\Debug\Hovedprogram.a(CyBootAsmGnu.o)
                0x00001248                CyDelayCycles
                0x00001258                CyEnterCriticalSection
                0x00001260                CyExitCriticalSection
 .text          0x00001268      0x370 d:/psoc/psoc creator/4.3/psoc creator/import/gnu/arm/5.4.1/bin/../lib/gcc/arm-none-eabi/5.4.1/armv7-m\libgcc.a(_arm_addsubdf3.o)
                0x00001268                __aeabi_drsub
                0x00001270                __aeabi_dsub
                0x00001270                __subdf3
                0x00001274                __aeabi_dadd
                0x00001274                __adddf3
                0x000014ec                __floatunsidf
                0x000014ec                __aeabi_ui2d
                0x0000150c                __floatsidf
                0x0000150c                __aeabi_i2d
                0x00001530                __aeabi_f2d
                0x00001530                __extendsfdf2
                0x0000156c                __floatundidf
                0x0000156c                __aeabi_ul2d
                0x0000157c                __floatdidf
                0x0000157c                __aeabi_l2d
 .text          0x000015d8      0x424 d:/psoc/psoc creator/4.3/psoc creator/import/gnu/arm/5.4.1/bin/../lib/gcc/arm-none-eabi/5.4.1/armv7-m\libgcc.a(_arm_muldivdf3.o)
                0x000015d8                __aeabi_dmul
                0x000015d8                __muldf3
                0x0000182c                __divdf3
                0x0000182c                __aeabi_ddiv
 .text          0x000019fc       0x40 d:/psoc/psoc creator/4.3/psoc creator/import/gnu/arm/5.4.1/bin/../lib/gcc/arm-none-eabi/5.4.1/armv7-m\libgcc.a(_arm_fixunsdfsi.o)
                0x000019fc                __aeabi_d2uiz
                0x000019fc                __fixunsdfsi
 .text.__errno  0x00001a3c        0xc d:/psoc/psoc creator/4.3/psoc creator/import/gnu/arm/5.4.1/bin/../lib/gcc/arm-none-eabi/5.4.1/../../../../arm-none-eabi/lib/armv7-m\libg_nano.a(lib_a-errno.o)
                0x00001a3c                __errno
 .text.__libc_init_array
                0x00001a48       0x4c d:/psoc/psoc creator/4.3/psoc creator/import/gnu/arm/5.4.1/bin/../lib/gcc/arm-none-eabi/5.4.1/../../../../arm-none-eabi/lib/armv7-m\libg_nano.a(lib_a-init.o)
                0x00001a48                __libc_init_array
 .text.memcpy   0x00001a94       0x16 d:/psoc/psoc creator/4.3/psoc creator/import/gnu/arm/5.4.1/bin/../lib/gcc/arm-none-eabi/5.4.1/../../../../arm-none-eabi/lib/armv7-m\libg_nano.a(lib_a-memcpy-stub.o)
                0x00001a94                memcpy
 .text.memset   0x00001aaa       0x10 d:/psoc/psoc creator/4.3/psoc creator/import/gnu/arm/5.4.1/bin/../lib/gcc/arm-none-eabi/5.4.1/../../../../arm-none-eabi/lib/armv7-m\libg_nano.a(lib_a-memset.o)
                0x00001aaa                memset
 *fill*         0x00001aba        0x2 
 .text.snprintf
                0x00001abc       0x64 d:/psoc/psoc creator/4.3/psoc creator/import/gnu/arm/5.4.1/bin/../lib/gcc/arm-none-eabi/5.4.1/../../../../arm-none-eabi/lib/armv7-m\libg_nano.a(lib_a-snprintf.o)
                0x00001abc                sniprintf
                0x00001abc                snprintf
 .text.sprintf  0x00001b20       0x48 d:/psoc/psoc creator/4.3/psoc creator/import/gnu/arm/5.4.1/bin/../lib/gcc/arm-none-eabi/5.4.1/../../../../arm-none-eabi/lib/armv7-m\libg_nano.a(lib_a-sprintf.o)
                0x00001b20                siprintf
                0x00001b20                sprintf
 .text          0x00001b68       0x10 d:/psoc/psoc creator/4.3/psoc creator/import/gnu/arm/5.4.1/bin/../lib/gcc/arm-none-eabi/5.4.1/../../../../arm-none-eabi/lib/armv7-m\libg_nano.a(lib_a-strlen.o)
                0x00001b68                strlen
 .text.__ssputs_r
                0x00001b78       0xb2 d:/psoc/psoc creator/4.3/psoc creator/import/gnu/arm/5.4.1/bin/../lib/gcc/arm-none-eabi/5.4.1/../../../../arm-none-eabi/lib/armv7-m\libg_nano.a(lib_a-nano-svfprintf.o)
                0x00001b78                __ssputs_r
 *fill*         0x00001c2a        0x2 
 .text._svfprintf_r
                0x00001c2c      0x1e8 d:/psoc/psoc creator/4.3/psoc creator/import/gnu/arm/5.4.1/bin/../lib/gcc/arm-none-eabi/5.4.1/../../../../arm-none-eabi/lib/armv7-m\libg_nano.a(lib_a-nano-svfprintf.o)
                0x00001c2c                _svfiprintf_r
                0x00001c2c                _svfprintf_r
 .text._printf_common
                0x00001e14       0xec d:/psoc/psoc creator/4.3/psoc creator/import/gnu/arm/5.4.1/bin/../lib/gcc/arm-none-eabi/5.4.1/../../../../arm-none-eabi/lib/armv7-m\libg_nano.a(lib_a-nano-vfprintf_i.o)
                0x00001e14                _printf_common
 .text._printf_i
                0x00001f00      0x24c d:/psoc/psoc creator/4.3/psoc creator/import/gnu/arm/5.4.1/bin/../lib/gcc/arm-none-eabi/5.4.1/../../../../arm-none-eabi/lib/armv7-m\libg_nano.a(lib_a-nano-vfprintf_i.o)
                0x00001f00                _printf_i
 .text.memchr   0x0000214c       0x1c d:/psoc/psoc creator/4.3/psoc creator/import/gnu/arm/5.4.1/bin/../lib/gcc/arm-none-eabi/5.4.1/../../../../arm-none-eabi/lib/armv7-m\libg_nano.a(lib_a-memchr-stub.o)
                0x0000214c                memchr
 .text.memmove  0x00002168       0x36 d:/psoc/psoc creator/4.3/psoc creator/import/gnu/arm/5.4.1/bin/../lib/gcc/arm-none-eabi/5.4.1/../../../../arm-none-eabi/lib/armv7-m\libg_nano.a(lib_a-memmove.o)
                0x00002168                memmove
 *fill*         0x0000219e        0x2 
 .text._free_r  0x000021a0       0x98 d:/psoc/psoc creator/4.3/psoc creator/import/gnu/arm/5.4.1/bin/../lib/gcc/arm-none-eabi/5.4.1/../../../../arm-none-eabi/lib/armv7-m\libg_nano.a(lib_a-nano-freer.o)
                0x000021a0                _free_r
 .text._malloc_r
                0x00002238       0xbc d:/psoc/psoc creator/4.3/psoc creator/import/gnu/arm/5.4.1/bin/../lib/gcc/arm-none-eabi/5.4.1/../../../../arm-none-eabi/lib/armv7-m\libg_nano.a(lib_a-nano-mallocr.o)
                0x00002238                _malloc_r
 .text._realloc_r
                0x000022f4       0x4c d:/psoc/psoc creator/4.3/psoc creator/import/gnu/arm/5.4.1/bin/../lib/gcc/arm-none-eabi/5.4.1/../../../../arm-none-eabi/lib/armv7-m\libg_nano.a(lib_a-nano-reallocr.o)
                0x000022f4                _realloc_r
 .text._sbrk_r  0x00002340       0x20 d:/psoc/psoc creator/4.3/psoc creator/import/gnu/arm/5.4.1/bin/../lib/gcc/arm-none-eabi/5.4.1/../../../../arm-none-eabi/lib/armv7-m\libg_nano.a(lib_a-sbrkr.o)
                0x00002340                _sbrk_r
 .text.__malloc_lock
                0x00002360        0x2 d:/psoc/psoc creator/4.3/psoc creator/import/gnu/arm/5.4.1/bin/../lib/gcc/arm-none-eabi/5.4.1/../../../../arm-none-eabi/lib/armv7-m\libg_nano.a(lib_a-mlock.o)
                0x00002360                __malloc_lock
 .text.__malloc_unlock
                0x00002362        0x2 d:/psoc/psoc creator/4.3/psoc creator/import/gnu/arm/5.4.1/bin/../lib/gcc/arm-none-eabi/5.4.1/../../../../arm-none-eabi/lib/armv7-m\libg_nano.a(lib_a-mlock.o)
                0x00002362                __malloc_unlock
 .text._malloc_usable_size_r
                0x00002364       0x14 d:/psoc/psoc creator/4.3/psoc creator/import/gnu/arm/5.4.1/bin/../lib/gcc/arm-none-eabi/5.4.1/../../../../arm-none-eabi/lib/armv7-m\libg_nano.a(lib_a-nano-msizer.o)
                0x00002364                _malloc_usable_size_r
 *(.plt)
 *(.gnu.warning)
 *(.glue_7t)
 .glue_7t       0x00002378        0x0 linker stubs
 *(.glue_7)
 .glue_7        0x00002378        0x0 linker stubs
 *(.vfp11_veneer)
 .vfp11_veneer  0x00002378        0x0 linker stubs
 *(.bootloader)
 *(.ARM.extab* .gnu.linkonce.armextab.*)
 *(.gcc_except_table)

.v4_bx          0x00002378        0x0
 .v4_bx         0x00002378        0x0 linker stubs

.iplt           0x00002378        0x0
 .iplt          0x00002378        0x0 d:/psoc/psoc creator/4.3/psoc creator/import/gnu/arm/5.4.1/bin/../lib/gcc/arm-none-eabi/5.4.1/armv7-m/crtbegin.o

.eh_frame_hdr
 *(.eh_frame_hdr)

.eh_frame       0x00002378        0x4
 *(.eh_frame)
 .eh_frame      0x00002378        0x0 d:/psoc/psoc creator/4.3/psoc creator/import/gnu/arm/5.4.1/bin/../lib/gcc/arm-none-eabi/5.4.1/armv7-m/crtbegin.o
 .eh_frame      0x00002378        0x4 d:/psoc/psoc creator/4.3/psoc creator/import/gnu/arm/5.4.1/bin/../lib/gcc/arm-none-eabi/5.4.1/armv7-m/crtend.o
                [!provide]                PROVIDE (__exidx_start, .)

.ARM.exidx
 *(.ARM.exidx* .gnu.linkonce.armexidx.*)
                0x0000237c                __exidx_end = .

.rodata         0x0000237c      0x15c
 *(.rodata .rodata.* .gnu.linkonce.r.*)
 .rodata.str1.4
                0x0000237c       0x3e .\CortexM3\ARM_GCC_541\Debug\WeightSensors.o
 *fill*         0x000023ba        0x2 
 .rodata.str1.4
                0x000023bc       0x30 .\CortexM3\ARM_GCC_541\Debug\Display.o
                                 0x2f (size before relaxing)
 .rodata        0x000023ec       0x10 .\CortexM3\ARM_GCC_541\Debug\LiquidCrystal_I2C.o
 .rodata        0x000023fc       0x70 .\CortexM3\ARM_GCC_541\Debug\cyfitter_cfg.o
                0x000023fc                PlayerSelect__addrTable
                0x00002404                PlayerSelect__maskTable
 .rodata.str1.1
                0x0000246c        0x2 d:/psoc/psoc creator/4.3/psoc creator/import/gnu/arm/5.4.1/bin/../lib/gcc/arm-none-eabi/5.4.1/../../../../arm-none-eabi/lib/armv7-m\libg_nano.a(lib_a-impure.o)
 .rodata.str1.1
                0x0000246e       0x11 d:/psoc/psoc creator/4.3/psoc creator/import/gnu/arm/5.4.1/bin/../lib/gcc/arm-none-eabi/5.4.1/../../../../arm-none-eabi/lib/armv7-m\libg_nano.a(lib_a-nano-svfprintf.o)
 .rodata.str1.1
                0x0000247f       0x22 d:/psoc/psoc creator/4.3/psoc creator/import/gnu/arm/5.4.1/bin/../lib/gcc/arm-none-eabi/5.4.1/../../../../arm-none-eabi/lib/armv7-m\libg_nano.a(lib_a-nano-vfprintf_i.o)
                0x000024a4                . = ALIGN (0x4)
 *fill*         0x000024a1        0x3 
 *(.init)
 .init          0x000024a4        0x4 d:/psoc/psoc creator/4.3/psoc creator/import/gnu/arm/5.4.1/bin/../lib/gcc/arm-none-eabi/5.4.1/armv7-m/crti.o
                0x000024a4                _init
 .init          0x000024a8        0x8 d:/psoc/psoc creator/4.3/psoc creator/import/gnu/arm/5.4.1/bin/../lib/gcc/arm-none-eabi/5.4.1/armv7-m/crtn.o
                0x000024b0                . = ALIGN (0x4)
                0x000024b0                __preinit_array_start = .
 *(.preinit_array)
                0x000024b0                __preinit_array_end = .
                0x000024b0                . = ALIGN (0x4)
                0x000024b0                __init_array_start = .
 *(SORT(.init_array.*))
 *(.init_array)
 .init_array    0x000024b0        0x4 d:/psoc/psoc creator/4.3/psoc creator/import/gnu/arm/5.4.1/bin/../lib/gcc/arm-none-eabi/5.4.1/armv7-m/crtbegin.o
 .init_array    0x000024b4        0x4 .\CortexM3\ARM_GCC_541\Debug\Cm3Start.o
                0x000024b8                __init_array_end = .
                0x000024b8                . = ALIGN (0x4)
 *(.fini)
 .fini          0x000024b8        0x4 d:/psoc/psoc creator/4.3/psoc creator/import/gnu/arm/5.4.1/bin/../lib/gcc/arm-none-eabi/5.4.1/armv7-m/crti.o
                0x000024b8                _fini
 .fini          0x000024bc        0x8 d:/psoc/psoc creator/4.3/psoc creator/import/gnu/arm/5.4.1/bin/../lib/gcc/arm-none-eabi/5.4.1/armv7-m/crtn.o
                0x000024c4                . = ALIGN (0x4)
                0x000024c4                __fini_array_start = .
 *(.fini_array)
 .fini_array    0x000024c4        0x4 d:/psoc/psoc creator/4.3/psoc creator/import/gnu/arm/5.4.1/bin/../lib/gcc/arm-none-eabi/5.4.1/armv7-m/crtbegin.o
 *(SORT(.fini_array.*))
                0x000024c8                __fini_array_end = .
                0x000024c8                . = ALIGN (0x4)
 *crtbegin.o(.ctors)
 *(EXCLUDE_FILE(*crtend.o) .ctors)
 *(SORT(.ctors.*))
 *crtend.o(.ctors)
                0x000024c8                . = ALIGN (0x4)
 *crtbegin.o(.dtors)
 *(EXCLUDE_FILE(*crtend.o) .dtors)
 *(SORT(.dtors.*))
 *crtend.o(.dtors)
                0x000024c8                . = ALIGN (0x4)
                0x000024c8                __cy_regions = .
                0x000024c8        0x4 LONG 0x24d8 __cy_region_init_ram
                0x000024cc        0x4 LONG 0x1fff80c8 __cy_region_start_data
                0x000024d0        0x4 LONG 0x80 __cy_region_init_size_ram
                0x000024d4        0x4 LONG 0xa8 __cy_region_zero_size_ram
                0x000024d8                __cy_regions_end = .
                0x000024d8                . = ALIGN (0x8)
                0x000024d8                _etext = .

.cy_checksum_exclude
                0x000024d8        0x0
 *(.cy_checksum_exclude)

.ramvectors     0x1fff8000       0xc0
                0x1fff8000                __cy_region_start_ram = .
 *(.ramvectors)
 .ramvectors    0x1fff8000       0xc0 .\CortexM3\ARM_GCC_541\Debug\Cm3Start.o
                0x1fff8000                CyRamVectors

.noinit         0x1fff80c0        0x1
 *(.noinit)
 .noinit        0x1fff80c0        0x1 .\CortexM3\ARM_GCC_541\Debug\Hovedprogram.a(CyLib.o)
                0x1fff80c0                CyResetStatus

.data           0x1fff80c8       0x80 load address 0x000024d8
                0x1fff80c8                __cy_region_start_data = .
 *(.jcr)
 .jcr           0x1fff80c8        0x0 d:/psoc/psoc creator/4.3/psoc creator/import/gnu/arm/5.4.1/bin/../lib/gcc/arm-none-eabi/5.4.1/armv7-m/crtbegin.o
 .jcr           0x1fff80c8        0x4 d:/psoc/psoc creator/4.3/psoc creator/import/gnu/arm/5.4.1/bin/../lib/gcc/arm-none-eabi/5.4.1/armv7-m/crtend.o
 *(.got.plt)
 *(.got)
 *(.shdata)
 *(.data .data.* .gnu.linkonce.d.*)
 .data          0x1fff80cc        0x4 .\CortexM3\ARM_GCC_541\Debug\Cm3Start.o
 .data          0x1fff80d0       0x10 .\CortexM3\ARM_GCC_541\Debug\Hovedprogram.a(CyLib.o)
                0x1fff80d0                cydelay_32k_ms
                0x1fff80d4                cydelay_freq_khz
                0x1fff80d8                cydelay_freq_mhz
                0x1fff80dc                cydelay_freq_hz
 .data          0x1fff80e0        0x1 .\CortexM3\ARM_GCC_541\Debug\Hovedprogram.a(PlayerSelect.o)
 *fill*         0x1fff80e1        0x3 
 .data.impure_data
                0x1fff80e4       0x60 d:/psoc/psoc creator/4.3/psoc creator/import/gnu/arm/5.4.1/bin/../lib/gcc/arm-none-eabi/5.4.1/../../../../arm-none-eabi/lib/armv7-m\libg_nano.a(lib_a-impure.o)
 .data._impure_ptr
                0x1fff8144        0x4 d:/psoc/psoc creator/4.3/psoc creator/import/gnu/arm/5.4.1/bin/../lib/gcc/arm-none-eabi/5.4.1/../../../../arm-none-eabi/lib/armv7-m\libg_nano.a(lib_a-impure.o)
                0x1fff8144                _impure_ptr
                0x1fff8148                . = ALIGN (0x8)
 *(.ram)
                0x1fff8148                _edata = .

.igot.plt       0x1fff8148        0x0 load address 0x00002558
 .igot.plt      0x1fff8148        0x0 d:/psoc/psoc creator/4.3/psoc creator/import/gnu/arm/5.4.1/bin/../lib/gcc/arm-none-eabi/5.4.1/armv7-m/crtbegin.o

.bss            0x1fff8148       0xa8 load address 0x00002558
                0x1fff8148                PROVIDE (__bss_start__, .)
 *(.shbss)
 *(.bss .bss.* .gnu.linkonce.b.*)
 .bss           0x1fff8148       0x1c d:/psoc/psoc creator/4.3/psoc creator/import/gnu/arm/5.4.1/bin/../lib/gcc/arm-none-eabi/5.4.1/armv7-m/crtbegin.o
 .bss           0x1fff8164        0x6 .\CortexM3\ARM_GCC_541\Debug\WeightSensors.o
                0x1fff8164                WSptr
 *fill*         0x1fff816a        0x2 
 .bss           0x1fff816c       0x14 .\CortexM3\ARM_GCC_541\Debug\States.o
                0x1fff816c                pLoser
                0x1fff8170                glasvaegtLoser
                0x1fff8174                tidWinner
                0x1fff8178                tidLoser
                0x1fff817c                glasvaegtWinner
 .bss           0x1fff8180        0x8 .\CortexM3\ARM_GCC_541\Debug\Display.o
                0x1fff8180                display1On
                0x1fff8184                display2On
 .bss           0x1fff8188        0x4 .\CortexM3\ARM_GCC_541\Debug\Stopur.o
                0x1fff8188                count
 .bss           0x1fff818c        0x1 .\CortexM3\ARM_GCC_541\Debug\Hovedprogram.a(ADC_SAR_1.o)
                0x1fff818c                ADC_SAR_1_initVar
 .bss           0x1fff818d        0x2 .\CortexM3\ARM_GCC_541\Debug\Hovedprogram.a(UART_1.o)
                0x1fff818d                UART_1_initVar
 .bss           0x1fff818f        0x1 .\CortexM3\ARM_GCC_541\Debug\Hovedprogram.a(Timer_Stopur.o)
                0x1fff818f                Timer_Stopur_initVar
 .bss           0x1fff8190        0x1 .\CortexM3\ARM_GCC_541\Debug\Hovedprogram.a(Timer_LCD.o)
                0x1fff8190                Timer_LCD_initVar
 *fill*         0x1fff8191        0x3 
 .bss.__malloc_sbrk_start
                0x1fff8194        0x4 d:/psoc/psoc creator/4.3/psoc creator/import/gnu/arm/5.4.1/bin/../lib/gcc/arm-none-eabi/5.4.1/../../../../arm-none-eabi/lib/armv7-m\libg_nano.a(lib_a-nano-mallocr.o)
                0x1fff8194                __malloc_sbrk_start
 .bss.__malloc_free_list
                0x1fff8198        0x4 d:/psoc/psoc creator/4.3/psoc creator/import/gnu/arm/5.4.1/bin/../lib/gcc/arm-none-eabi/5.4.1/../../../../arm-none-eabi/lib/armv7-m\libg_nano.a(lib_a-nano-mallocr.o)
                0x1fff8198                __malloc_free_list
 *(COMMON)
 COMMON         0x1fff819c        0x4 .\CortexM3\ARM_GCC_541\Debug\main.o
                0x1fff819c                BPptr
 COMMON         0x1fff81a0       0x32 .\CortexM3\ARM_GCC_541\Debug\WeightSensors.o
                0x1fff81a0                uart_string
 COMMON         0x1fff81d2        0x1 .\CortexM3\ARM_GCC_541\Debug\States.o
                0x1fff81d2                state
 COMMON         0x1fff81d3        0x8 .\CortexM3\ARM_GCC_541\Debug\LiquidCrystal_I2C.o
                0x1fff81d3                _backlightval
                0x1fff81d4                _addr
                0x1fff81d5                _displaycontrol
                0x1fff81d6                _charsize
                0x1fff81d7                _displaymode
                0x1fff81d8                _displayfunction
                0x1fff81d9                _cols
                0x1fff81da                _rows
 *fill*         0x1fff81db        0x1 
 COMMON         0x1fff81dc        0xa .\CortexM3\ARM_GCC_541\Debug\Hovedprogram.a(ADC_SAR_1.o)
                0x1fff81dc                ADC_SAR_1_countsPerVolt
                0x1fff81de                ADC_SAR_1_shift
                0x1fff81e0                ADC_SAR_1_countsPer10Volt
                0x1fff81e4                ADC_SAR_1_offset
 COMMON         0x1fff81e6        0x1 .\CortexM3\ARM_GCC_541\Debug\Hovedprogram.a(I2C_1.o)
                0x1fff81e6                I2C_1_state
 *fill*         0x1fff81e7        0x1 
 COMMON         0x1fff81e8        0x4 d:/psoc/psoc creator/4.3/psoc creator/import/gnu/arm/5.4.1/bin/../lib/gcc/arm-none-eabi/5.4.1/../../../../arm-none-eabi/lib/armv7-m\libg_nano.a(lib_a-reent.o)
                0x1fff81e8                errno
                0x1fff81f0                . = ALIGN (0x8)
 *fill*         0x1fff81ec        0x4 
 *(.ram.b)
                0x1fff81f0                _end = .
                0x1fff81f0                __end = .
                0x1fff81f0                PROVIDE (end, .)
                0x1fff81f0                PROVIDE (__bss_end__, .)
                0x000024d8                __cy_region_init_ram = LOADADDR (.data)
                0x00000080                __cy_region_init_size_ram = (_edata - ADDR (.data))
                0x000000a8                __cy_region_zero_size_ram = (_end - _edata)

.heap           0x1fff81f0       0x80 load address 0x00002558
                0x1fff81f0                . = _end
                0x1fff8270                . = (. + 0x80)
 *fill*         0x1fff81f0       0x80 
                0x1fff8270                __cy_heap_limit = .

.stack          0x20007800      0x800
                0x20007800                __cy_stack_limit = .
                0x20008000                . = (. + 0x800)
 *fill*         0x20007800      0x800 
                0x00000001                ASSERT ((__cy_stack_limit >= __cy_heap_limit), region RAM overflowed with stack)
                0x00000000                cy_checksum_exclude_size = (CY_APPL_LOADABLE == 0x1)?SIZEOF (.cy_checksum_exclude):0x0
                0x00000001                ASSERT ((cy_checksum_exclude_size <= CY_CHECKSUM_EXCLUDE_SIZE), CY_BOOT: Section .cy_checksum_exclude size exceedes specified limit.)

.cyloadermeta
 *(.cyloadermeta)

.cyloadablemeta
 *(.cyloadablemeta)

.cyconfigecc    0x80000000      0xb74
 *(.cyconfigecc)
 .cyconfigecc   0x80000000      0xb74 .\CortexM3\ARM_GCC_541\Debug\cymetadata.o
                0x80000000                cy_meta_configecc

.cycustnvl      0x90000000        0x4
 *(.cycustnvl)
 .cycustnvl     0x90000000        0x4 .\CortexM3\ARM_GCC_541\Debug\cymetadata.o
                0x90000000                cy_meta_custnvl

.cywolatch      0x90100000        0x4
 *(.cywolatch)
 .cywolatch     0x90100000        0x4 .\CortexM3\ARM_GCC_541\Debug\cymetadata.o
                0x90100000                cy_meta_wonvl

.cyeeprom       0x90200000        0x0
 *(.cyeeprom)
                0x00000001                ASSERT ((. <= ((0x90200000 + ee_offset) + ee_size)), .cyeeprom data will not fit in EEPROM)

.cyflashprotect
                0x90400000      0x100
 *(.cyflashprotect)
 .cyflashprotect
                0x90400000      0x100 .\CortexM3\ARM_GCC_541\Debug\cymetadata.o
                0x90400000                cy_meta_flashprotect

.cymeta         0x90500000        0xc
 *(.cymeta)
 .cymeta        0x90500000        0xc .\CortexM3\ARM_GCC_541\Debug\cymetadata.o
                0x90500000                cy_metadata

.rel.dyn        0x00002558        0x0 load address 0x9050000c
 .rel.iplt      0x00002558        0x0 d:/psoc/psoc creator/4.3/psoc creator/import/gnu/arm/5.4.1/bin/../lib/gcc/arm-none-eabi/5.4.1/armv7-m/crtbegin.o

.stab
 *(.stab)

.stabstr
 *(.stabstr)

.debug
 *(.debug)

.line
 *(.line)

.debug_srcinfo
 *(.debug_srcinfo)

.debug_sfnames
 *(.debug_sfnames)

.debug_aranges  0x00000000     0x1640
 *(.debug_aranges)
 .debug_aranges
                0x00000000       0x20 .\CortexM3\ARM_GCC_541\Debug\main.o
 .debug_aranges
                0x00000020       0x40 .\CortexM3\ARM_GCC_541\Debug\WeightSensors.o
 .debug_aranges
                0x00000060       0x28 .\CortexM3\ARM_GCC_541\Debug\UART.o
 .debug_aranges
                0x00000088       0x20 .\CortexM3\ARM_GCC_541\Debug\Startknap.o
 .debug_aranges
                0x000000a8       0x28 .\CortexM3\ARM_GCC_541\Debug\States.o
 .debug_aranges
                0x000000d0       0x38 .\CortexM3\ARM_GCC_541\Debug\Display.o
 .debug_aranges
                0x00000108      0x110 .\CortexM3\ARM_GCC_541\Debug\LiquidCrystal_I2C.o
 .debug_aranges
                0x00000218       0x50 .\CortexM3\ARM_GCC_541\Debug\Stopur.o
 .debug_aranges
                0x00000268       0xe8 .\CortexM3\ARM_GCC_541\Debug\LEDcontrol.o
 .debug_aranges
                0x00000350       0x68 .\CortexM3\ARM_GCC_541\Debug\cyfitter_cfg.o
 .debug_aranges
                0x000003b8       0x18 .\CortexM3\ARM_GCC_541\Debug\cymetadata.o
 .debug_aranges
                0x000003d0       0x48 .\CortexM3\ARM_GCC_541\Debug\Cm3Start.o
 .debug_aranges
                0x00000418       0xd8 .\CortexM3\ARM_GCC_541\Debug\Hovedprogram.a(SPIM_1.o)
 .debug_aranges
                0x000004f0       0x90 .\CortexM3\ARM_GCC_541\Debug\Hovedprogram.a(Timer1.o)
 .debug_aranges
                0x00000580       0x80 .\CortexM3\ARM_GCC_541\Debug\Hovedprogram.a(isr_LED_refreshrate.o)
 .debug_aranges
                0x00000600       0x90 .\CortexM3\ARM_GCC_541\Debug\Hovedprogram.a(Timer2.o)
 .debug_aranges
                0x00000690       0x80 .\CortexM3\ARM_GCC_541\Debug\Hovedprogram.a(isr_LED_pulse.o)
 .debug_aranges
                0x00000710       0x90 .\CortexM3\ARM_GCC_541\Debug\Hovedprogram.a(Timer3.o)
 .debug_aranges
                0x000007a0       0x80 .\CortexM3\ARM_GCC_541\Debug\Hovedprogram.a(isr_LED_ring.o)
 .debug_aranges
                0x00000820       0xa8 .\CortexM3\ARM_GCC_541\Debug\Hovedprogram.a(ADC_SAR_1.o)
 .debug_aranges
                0x000008c8       0x20 .\CortexM3\ARM_GCC_541\Debug\Hovedprogram.a(ADC_SAR_1_INT.o)
 .debug_aranges
                0x000008e8       0xf0 .\CortexM3\ARM_GCC_541\Debug\Hovedprogram.a(UART_1.o)
 .debug_aranges
                0x000009d8       0x80 .\CortexM3\ARM_GCC_541\Debug\Hovedprogram.a(isr_uart_rx.o)
 .debug_aranges
                0x00000a58       0x70 .\CortexM3\ARM_GCC_541\Debug\Hovedprogram.a(SPIM_1_IntClock.o)
 .debug_aranges
                0x00000ac8       0x80 .\CortexM3\ARM_GCC_541\Debug\Hovedprogram.a(ADC_SAR_1_theACLK.o)
 .debug_aranges
                0x00000b48       0x70 .\CortexM3\ARM_GCC_541\Debug\Hovedprogram.a(UART_1_IntClock.o)
 .debug_aranges
                0x00000bb8      0x2a0 .\CortexM3\ARM_GCC_541\Debug\Hovedprogram.a(CyLib.o)
 .debug_aranges
                0x00000e58       0x98 .\CortexM3\ARM_GCC_541\Debug\Hovedprogram.a(cyPm.o)
 .debug_aranges
                0x00000ef0       0x30 .\CortexM3\ARM_GCC_541\Debug\Hovedprogram.a(PlayerSelect.o)
 .debug_aranges
                0x00000f20       0x80 .\CortexM3\ARM_GCC_541\Debug\Hovedprogram.a(isr_button.o)
 .debug_aranges
                0x00000fa0       0x28 .\CortexM3\ARM_GCC_541\Debug\Hovedprogram.a(SPIMOutCtrl.o)
 .debug_aranges
                0x00000fc8       0x38 .\CortexM3\ARM_GCC_541\Debug\Hovedprogram.a(I2C_1.o)
 .debug_aranges
                0x00001000       0x20 .\CortexM3\ARM_GCC_541\Debug\Hovedprogram.a(I2C_1_INT.o)
 .debug_aranges
                0x00001020       0x38 .\CortexM3\ARM_GCC_541\Debug\Hovedprogram.a(I2C_1_PM.o)
 .debug_aranges
                0x00001058       0x80 .\CortexM3\ARM_GCC_541\Debug\Hovedprogram.a(I2C_1_MASTER.o)
 .debug_aranges
                0x000010d8       0x90 .\CortexM3\ARM_GCC_541\Debug\Hovedprogram.a(Timer_Stopur.o)
 .debug_aranges
                0x00001168       0x80 .\CortexM3\ARM_GCC_541\Debug\Hovedprogram.a(isr_timer.o)
 .debug_aranges
                0x000011e8       0x90 .\CortexM3\ARM_GCC_541\Debug\Hovedprogram.a(Timer_LCD.o)
 .debug_aranges
                0x00001278       0x80 .\CortexM3\ARM_GCC_541\Debug\Hovedprogram.a(isr_refreshrate_LCD.o)
 .debug_aranges
                0x000012f8       0x90 .\CortexM3\ARM_GCC_541\Debug\Hovedprogram.a(Timer4.o)
 .debug_aranges
                0x00001388       0x80 .\CortexM3\ARM_GCC_541\Debug\Hovedprogram.a(isr_BlinkLED.o)
 .debug_aranges
                0x00001408       0x80 .\CortexM3\ARM_GCC_541\Debug\Hovedprogram.a(isr_delay.o)
 .debug_aranges
                0x00001488       0x90 .\CortexM3\ARM_GCC_541\Debug\Hovedprogram.a(Timer5.o)
 .debug_aranges
                0x00001518       0x20 .\CortexM3\ARM_GCC_541\Debug\Hovedprogram.a(CyBootAsmGnu.o)
 .debug_aranges
                0x00001538       0x88 .\CortexM3\ARM_GCC_541\Debug\Hovedprogram.a(CyFlash.o)
 .debug_aranges
                0x000015c0       0x80 .\CortexM3\ARM_GCC_541\Debug\Hovedprogram.a(CySpc.o)

.debug_pubnames
 *(.debug_pubnames)

.debug_info     0x00000000     0xb370
 *(.debug_info .gnu.linkonce.wi.*)
 .debug_info    0x00000000      0x17d .\CortexM3\ARM_GCC_541\Debug\main.o
 .debug_info    0x0000017d      0x3e6 .\CortexM3\ARM_GCC_541\Debug\WeightSensors.o
 .debug_info    0x00000563      0x18c .\CortexM3\ARM_GCC_541\Debug\UART.o
 .debug_info    0x000006ef       0xfc .\CortexM3\ARM_GCC_541\Debug\Startknap.o
 .debug_info    0x000007eb      0x41e .\CortexM3\ARM_GCC_541\Debug\States.o
 .debug_info    0x00000c09      0x44d .\CortexM3\ARM_GCC_541\Debug\Display.o
 .debug_info    0x00001056      0x949 .\CortexM3\ARM_GCC_541\Debug\LiquidCrystal_I2C.o
 .debug_info    0x0000199f      0x1b0 .\CortexM3\ARM_GCC_541\Debug\Stopur.o
 .debug_info    0x00001b4f      0xf1a .\CortexM3\ARM_GCC_541\Debug\LEDcontrol.o
 .debug_info    0x00002a69      0x6d9 .\CortexM3\ARM_GCC_541\Debug\cyfitter_cfg.o
 .debug_info    0x00003142      0x139 .\CortexM3\ARM_GCC_541\Debug\cymetadata.o
 .debug_info    0x0000327b      0x3bb .\CortexM3\ARM_GCC_541\Debug\Cm3Start.o
 .debug_info    0x00003636      0x4d8 .\CortexM3\ARM_GCC_541\Debug\Hovedprogram.a(SPIM_1.o)
 .debug_info    0x00003b0e      0x2f0 .\CortexM3\ARM_GCC_541\Debug\Hovedprogram.a(Timer1.o)
 .debug_info    0x00003dfe      0x2d2 .\CortexM3\ARM_GCC_541\Debug\Hovedprogram.a(isr_LED_refreshrate.o)
 .debug_info    0x000040d0      0x2f0 .\CortexM3\ARM_GCC_541\Debug\Hovedprogram.a(Timer2.o)
 .debug_info    0x000043c0      0x2d2 .\CortexM3\ARM_GCC_541\Debug\Hovedprogram.a(isr_LED_pulse.o)
 .debug_info    0x00004692      0x2f0 .\CortexM3\ARM_GCC_541\Debug\Hovedprogram.a(Timer3.o)
 .debug_info    0x00004982      0x2d2 .\CortexM3\ARM_GCC_541\Debug\Hovedprogram.a(isr_LED_ring.o)
 .debug_info    0x00004c54      0x5c0 .\CortexM3\ARM_GCC_541\Debug\Hovedprogram.a(ADC_SAR_1.o)
 .debug_info    0x00005214       0x92 .\CortexM3\ARM_GCC_541\Debug\Hovedprogram.a(ADC_SAR_1_INT.o)
 .debug_info    0x000052a6      0x60c .\CortexM3\ARM_GCC_541\Debug\Hovedprogram.a(UART_1.o)
 .debug_info    0x000058b2      0x2d2 .\CortexM3\ARM_GCC_541\Debug\Hovedprogram.a(isr_uart_rx.o)
 .debug_info    0x00005b84      0x283 .\CortexM3\ARM_GCC_541\Debug\Hovedprogram.a(SPIM_1_IntClock.o)
 .debug_info    0x00005e07      0x2c4 .\CortexM3\ARM_GCC_541\Debug\Hovedprogram.a(ADC_SAR_1_theACLK.o)
 .debug_info    0x000060cb      0x283 .\CortexM3\ARM_GCC_541\Debug\Hovedprogram.a(UART_1_IntClock.o)
 .debug_info    0x0000634e     0x1374 .\CortexM3\ARM_GCC_541\Debug\Hovedprogram.a(CyLib.o)
 .debug_info    0x000076c2      0xa2a .\CortexM3\ARM_GCC_541\Debug\Hovedprogram.a(cyPm.o)
 .debug_info    0x000080ec      0x146 .\CortexM3\ARM_GCC_541\Debug\Hovedprogram.a(PlayerSelect.o)
 .debug_info    0x00008232      0x2d2 .\CortexM3\ARM_GCC_541\Debug\Hovedprogram.a(isr_button.o)
 .debug_info    0x00008504       0xd6 .\CortexM3\ARM_GCC_541\Debug\Hovedprogram.a(SPIMOutCtrl.o)
 .debug_info    0x000085da      0x2ad .\CortexM3\ARM_GCC_541\Debug\Hovedprogram.a(I2C_1.o)
 .debug_info    0x00008887      0x184 .\CortexM3\ARM_GCC_541\Debug\Hovedprogram.a(I2C_1_INT.o)
 .debug_info    0x00008a0b      0x207 .\CortexM3\ARM_GCC_541\Debug\Hovedprogram.a(I2C_1_PM.o)
 .debug_info    0x00008c12      0x407 .\CortexM3\ARM_GCC_541\Debug\Hovedprogram.a(I2C_1_MASTER.o)
 .debug_info    0x00009019      0x2f0 .\CortexM3\ARM_GCC_541\Debug\Hovedprogram.a(Timer_Stopur.o)
 .debug_info    0x00009309      0x2d2 .\CortexM3\ARM_GCC_541\Debug\Hovedprogram.a(isr_timer.o)
 .debug_info    0x000095db      0x2ee .\CortexM3\ARM_GCC_541\Debug\Hovedprogram.a(Timer_LCD.o)
 .debug_info    0x000098c9      0x2d2 .\CortexM3\ARM_GCC_541\Debug\Hovedprogram.a(isr_refreshrate_LCD.o)
 .debug_info    0x00009b9b      0x2f0 .\CortexM3\ARM_GCC_541\Debug\Hovedprogram.a(Timer4.o)
 .debug_info    0x00009e8b      0x2d2 .\CortexM3\ARM_GCC_541\Debug\Hovedprogram.a(isr_BlinkLED.o)
 .debug_info    0x0000a15d      0x2d2 .\CortexM3\ARM_GCC_541\Debug\Hovedprogram.a(isr_delay.o)
 .debug_info    0x0000a42f      0x2f0 .\CortexM3\ARM_GCC_541\Debug\Hovedprogram.a(Timer5.o)
 .debug_info    0x0000a71f       0xb4 .\CortexM3\ARM_GCC_541\Debug\Hovedprogram.a(CyBootAsmGnu.o)
 .debug_info    0x0000a7d3      0x64d .\CortexM3\ARM_GCC_541\Debug\Hovedprogram.a(CyFlash.o)
 .debug_info    0x0000ae20      0x550 .\CortexM3\ARM_GCC_541\Debug\Hovedprogram.a(CySpc.o)

.debug_abbrev   0x00000000     0x3875
 *(.debug_abbrev)
 .debug_abbrev  0x00000000       0xb9 .\CortexM3\ARM_GCC_541\Debug\main.o
 .debug_abbrev  0x000000b9      0x163 .\CortexM3\ARM_GCC_541\Debug\WeightSensors.o
 .debug_abbrev  0x0000021c       0xae .\CortexM3\ARM_GCC_541\Debug\UART.o
 .debug_abbrev  0x000002ca       0x96 .\CortexM3\ARM_GCC_541\Debug\Startknap.o
 .debug_abbrev  0x00000360       0xe3 .\CortexM3\ARM_GCC_541\Debug\States.o
 .debug_abbrev  0x00000443      0x126 .\CortexM3\ARM_GCC_541\Debug\Display.o
 .debug_abbrev  0x00000569      0x176 .\CortexM3\ARM_GCC_541\Debug\LiquidCrystal_I2C.o
 .debug_abbrev  0x000006df       0xf3 .\CortexM3\ARM_GCC_541\Debug\Stopur.o
 .debug_abbrev  0x000007d2      0x229 .\CortexM3\ARM_GCC_541\Debug\LEDcontrol.o
 .debug_abbrev  0x000009fb      0x22d .\CortexM3\ARM_GCC_541\Debug\cyfitter_cfg.o
 .debug_abbrev  0x00000c28       0x77 .\CortexM3\ARM_GCC_541\Debug\cymetadata.o
 .debug_abbrev  0x00000c9f      0x1e8 .\CortexM3\ARM_GCC_541\Debug\Cm3Start.o
 .debug_abbrev  0x00000e87      0x146 .\CortexM3\ARM_GCC_541\Debug\Hovedprogram.a(SPIM_1.o)
 .debug_abbrev  0x00000fcd      0x12b .\CortexM3\ARM_GCC_541\Debug\Hovedprogram.a(Timer1.o)
 .debug_abbrev  0x000010f8      0x173 .\CortexM3\ARM_GCC_541\Debug\Hovedprogram.a(isr_LED_refreshrate.o)
 .debug_abbrev  0x0000126b      0x12b .\CortexM3\ARM_GCC_541\Debug\Hovedprogram.a(Timer2.o)
 .debug_abbrev  0x00001396      0x173 .\CortexM3\ARM_GCC_541\Debug\Hovedprogram.a(isr_LED_pulse.o)
 .debug_abbrev  0x00001509      0x12b .\CortexM3\ARM_GCC_541\Debug\Hovedprogram.a(Timer3.o)
 .debug_abbrev  0x00001634      0x173 .\CortexM3\ARM_GCC_541\Debug\Hovedprogram.a(isr_LED_ring.o)
 .debug_abbrev  0x000017a7      0x1ac .\CortexM3\ARM_GCC_541\Debug\Hovedprogram.a(ADC_SAR_1.o)
 .debug_abbrev  0x00001953       0x42 .\CortexM3\ARM_GCC_541\Debug\Hovedprogram.a(ADC_SAR_1_INT.o)
 .debug_abbrev  0x00001995      0x175 .\CortexM3\ARM_GCC_541\Debug\Hovedprogram.a(UART_1.o)
 .debug_abbrev  0x00001b0a      0x173 .\CortexM3\ARM_GCC_541\Debug\Hovedprogram.a(isr_uart_rx.o)
 .debug_abbrev  0x00001c7d      0x139 .\CortexM3\ARM_GCC_541\Debug\Hovedprogram.a(SPIM_1_IntClock.o)
 .debug_abbrev  0x00001db6      0x121 .\CortexM3\ARM_GCC_541\Debug\Hovedprogram.a(ADC_SAR_1_theACLK.o)
 .debug_abbrev  0x00001ed7      0x139 .\CortexM3\ARM_GCC_541\Debug\Hovedprogram.a(UART_1_IntClock.o)
 .debug_abbrev  0x00002010      0x254 .\CortexM3\ARM_GCC_541\Debug\Hovedprogram.a(CyLib.o)
 .debug_abbrev  0x00002264      0x1ab .\CortexM3\ARM_GCC_541\Debug\Hovedprogram.a(cyPm.o)
 .debug_abbrev  0x0000240f       0xb1 .\CortexM3\ARM_GCC_541\Debug\Hovedprogram.a(PlayerSelect.o)
 .debug_abbrev  0x000024c0      0x173 .\CortexM3\ARM_GCC_541\Debug\Hovedprogram.a(isr_button.o)
 .debug_abbrev  0x00002633       0x81 .\CortexM3\ARM_GCC_541\Debug\Hovedprogram.a(SPIMOutCtrl.o)
 .debug_abbrev  0x000026b4      0x10a .\CortexM3\ARM_GCC_541\Debug\Hovedprogram.a(I2C_1.o)
 .debug_abbrev  0x000027be       0xb6 .\CortexM3\ARM_GCC_541\Debug\Hovedprogram.a(I2C_1_INT.o)
 .debug_abbrev  0x00002874       0xfe .\CortexM3\ARM_GCC_541\Debug\Hovedprogram.a(I2C_1_PM.o)
 .debug_abbrev  0x00002972      0x13c .\CortexM3\ARM_GCC_541\Debug\Hovedprogram.a(I2C_1_MASTER.o)
 .debug_abbrev  0x00002aae      0x12b .\CortexM3\ARM_GCC_541\Debug\Hovedprogram.a(Timer_Stopur.o)
 .debug_abbrev  0x00002bd9      0x173 .\CortexM3\ARM_GCC_541\Debug\Hovedprogram.a(isr_timer.o)
 .debug_abbrev  0x00002d4c      0x12b .\CortexM3\ARM_GCC_541\Debug\Hovedprogram.a(Timer_LCD.o)
 .debug_abbrev  0x00002e77      0x173 .\CortexM3\ARM_GCC_541\Debug\Hovedprogram.a(isr_refreshrate_LCD.o)
 .debug_abbrev  0x00002fea      0x12b .\CortexM3\ARM_GCC_541\Debug\Hovedprogram.a(Timer4.o)
 .debug_abbrev  0x00003115      0x173 .\CortexM3\ARM_GCC_541\Debug\Hovedprogram.a(isr_BlinkLED.o)
 .debug_abbrev  0x00003288      0x173 .\CortexM3\ARM_GCC_541\Debug\Hovedprogram.a(isr_delay.o)
 .debug_abbrev  0x000033fb      0x12b .\CortexM3\ARM_GCC_541\Debug\Hovedprogram.a(Timer5.o)
 .debug_abbrev  0x00003526       0x14 .\CortexM3\ARM_GCC_541\Debug\Hovedprogram.a(CyBootAsmGnu.o)
 .debug_abbrev  0x0000353a      0x1a7 .\CortexM3\ARM_GCC_541\Debug\Hovedprogram.a(CyFlash.o)
 .debug_abbrev  0x000036e1      0x194 .\CortexM3\ARM_GCC_541\Debug\Hovedprogram.a(CySpc.o)

.debug_line     0x00000000     0x5331
 *(.debug_line)
 .debug_line    0x00000000      0x197 .\CortexM3\ARM_GCC_541\Debug\main.o
 .debug_line    0x00000197      0x254 .\CortexM3\ARM_GCC_541\Debug\WeightSensors.o
 .debug_line    0x000003eb      0x166 .\CortexM3\ARM_GCC_541\Debug\UART.o
 .debug_line    0x00000551      0x13d .\CortexM3\ARM_GCC_541\Debug\Startknap.o
 .debug_line    0x0000068e      0x1fe .\CortexM3\ARM_GCC_541\Debug\States.o
 .debug_line    0x0000088c      0x260 .\CortexM3\ARM_GCC_541\Debug\Display.o
 .debug_line    0x00000aec      0x40d .\CortexM3\ARM_GCC_541\Debug\LiquidCrystal_I2C.o
 .debug_line    0x00000ef9      0x1b2 .\CortexM3\ARM_GCC_541\Debug\Stopur.o
 .debug_line    0x000010ab      0x5db .\CortexM3\ARM_GCC_541\Debug\LEDcontrol.o
 .debug_line    0x00001686      0x214 .\CortexM3\ARM_GCC_541\Debug\cyfitter_cfg.o
 .debug_line    0x0000189a      0x113 .\CortexM3\ARM_GCC_541\Debug\cymetadata.o
 .debug_line    0x000019ad      0x206 .\CortexM3\ARM_GCC_541\Debug\Cm3Start.o
 .debug_line    0x00001bb3      0x24b .\CortexM3\ARM_GCC_541\Debug\Hovedprogram.a(SPIM_1.o)
 .debug_line    0x00001dfe      0x171 .\CortexM3\ARM_GCC_541\Debug\Hovedprogram.a(Timer1.o)
 .debug_line    0x00001f6f      0x140 .\CortexM3\ARM_GCC_541\Debug\Hovedprogram.a(isr_LED_refreshrate.o)
 .debug_line    0x000020af      0x171 .\CortexM3\ARM_GCC_541\Debug\Hovedprogram.a(Timer2.o)
 .debug_line    0x00002220      0x13a .\CortexM3\ARM_GCC_541\Debug\Hovedprogram.a(isr_LED_pulse.o)
 .debug_line    0x0000235a      0x171 .\CortexM3\ARM_GCC_541\Debug\Hovedprogram.a(Timer3.o)
 .debug_line    0x000024cb      0x139 .\CortexM3\ARM_GCC_541\Debug\Hovedprogram.a(isr_LED_ring.o)
 .debug_line    0x00002604      0x220 .\CortexM3\ARM_GCC_541\Debug\Hovedprogram.a(ADC_SAR_1.o)
 .debug_line    0x00002824       0x56 .\CortexM3\ARM_GCC_541\Debug\Hovedprogram.a(ADC_SAR_1_INT.o)
 .debug_line    0x0000287a      0x2c0 .\CortexM3\ARM_GCC_541\Debug\Hovedprogram.a(UART_1.o)
 .debug_line    0x00002b3a      0x138 .\CortexM3\ARM_GCC_541\Debug\Hovedprogram.a(isr_uart_rx.o)
 .debug_line    0x00002c72      0x17e .\CortexM3\ARM_GCC_541\Debug\Hovedprogram.a(SPIM_1_IntClock.o)
 .debug_line    0x00002df0      0x1a3 .\CortexM3\ARM_GCC_541\Debug\Hovedprogram.a(ADC_SAR_1_theACLK.o)
 .debug_line    0x00002f93      0x17e .\CortexM3\ARM_GCC_541\Debug\Hovedprogram.a(UART_1_IntClock.o)
 .debug_line    0x00003111      0x816 .\CortexM3\ARM_GCC_541\Debug\Hovedprogram.a(CyLib.o)
 .debug_line    0x00003927      0x367 .\CortexM3\ARM_GCC_541\Debug\Hovedprogram.a(cyPm.o)
 .debug_line    0x00003c8e       0xb0 .\CortexM3\ARM_GCC_541\Debug\Hovedprogram.a(PlayerSelect.o)
 .debug_line    0x00003d3e      0x137 .\CortexM3\ARM_GCC_541\Debug\Hovedprogram.a(isr_button.o)
 .debug_line    0x00003e75       0x73 .\CortexM3\ARM_GCC_541\Debug\Hovedprogram.a(SPIMOutCtrl.o)
 .debug_line    0x00003ee8       0xdf .\CortexM3\ARM_GCC_541\Debug\Hovedprogram.a(I2C_1.o)
 .debug_line    0x00003fc7      0x118 .\CortexM3\ARM_GCC_541\Debug\Hovedprogram.a(I2C_1_INT.o)
 .debug_line    0x000040df       0xbf .\CortexM3\ARM_GCC_541\Debug\Hovedprogram.a(I2C_1_PM.o)
 .debug_line    0x0000419e      0x201 .\CortexM3\ARM_GCC_541\Debug\Hovedprogram.a(I2C_1_MASTER.o)
 .debug_line    0x0000439f      0x177 .\CortexM3\ARM_GCC_541\Debug\Hovedprogram.a(Timer_Stopur.o)
 .debug_line    0x00004516      0x136 .\CortexM3\ARM_GCC_541\Debug\Hovedprogram.a(isr_timer.o)
 .debug_line    0x0000464c      0x174 .\CortexM3\ARM_GCC_541\Debug\Hovedprogram.a(Timer_LCD.o)
 .debug_line    0x000047c0      0x140 .\CortexM3\ARM_GCC_541\Debug\Hovedprogram.a(isr_refreshrate_LCD.o)
 .debug_line    0x00004900      0x171 .\CortexM3\ARM_GCC_541\Debug\Hovedprogram.a(Timer4.o)
 .debug_line    0x00004a71      0x139 .\CortexM3\ARM_GCC_541\Debug\Hovedprogram.a(isr_BlinkLED.o)
 .debug_line    0x00004baa      0x136 .\CortexM3\ARM_GCC_541\Debug\Hovedprogram.a(isr_delay.o)
 .debug_line    0x00004ce0      0x171 .\CortexM3\ARM_GCC_541\Debug\Hovedprogram.a(Timer5.o)
 .debug_line    0x00004e51       0x66 .\CortexM3\ARM_GCC_541\Debug\Hovedprogram.a(CyBootAsmGnu.o)
 .debug_line    0x00004eb7      0x21a .\CortexM3\ARM_GCC_541\Debug\Hovedprogram.a(CyFlash.o)
 .debug_line    0x000050d1      0x260 .\CortexM3\ARM_GCC_541\Debug\Hovedprogram.a(CySpc.o)

.debug_frame    0x00000000     0x39b0
 *(.debug_frame)
 .debug_frame   0x00000000       0x2c .\CortexM3\ARM_GCC_541\Debug\main.o
 .debug_frame   0x0000002c       0x9c .\CortexM3\ARM_GCC_541\Debug\WeightSensors.o
 .debug_frame   0x000000c8       0x48 .\CortexM3\ARM_GCC_541\Debug\UART.o
 .debug_frame   0x00000110       0x20 .\CortexM3\ARM_GCC_541\Debug\Startknap.o
 .debug_frame   0x00000130       0x48 .\CortexM3\ARM_GCC_541\Debug\States.o
 .debug_frame   0x00000178       0x80 .\CortexM3\ARM_GCC_541\Debug\Display.o
 .debug_frame   0x000001f8      0x37c .\CortexM3\ARM_GCC_541\Debug\LiquidCrystal_I2C.o
 .debug_frame   0x00000574       0xb0 .\CortexM3\ARM_GCC_541\Debug\Stopur.o
 .debug_frame   0x00000624      0x3b4 .\CortexM3\ARM_GCC_541\Debug\LEDcontrol.o
 .debug_frame   0x000009d8      0x11c .\CortexM3\ARM_GCC_541\Debug\cyfitter_cfg.o
 .debug_frame   0x00000af4       0xb8 .\CortexM3\ARM_GCC_541\Debug\Cm3Start.o
 .debug_frame   0x00000bac      0x1e8 .\CortexM3\ARM_GCC_541\Debug\Hovedprogram.a(SPIM_1.o)
 .debug_frame   0x00000d94      0x124 .\CortexM3\ARM_GCC_541\Debug\Hovedprogram.a(Timer1.o)
 .debug_frame   0x00000eb8      0x104 .\CortexM3\ARM_GCC_541\Debug\Hovedprogram.a(isr_LED_refreshrate.o)
 .debug_frame   0x00000fbc      0x124 .\CortexM3\ARM_GCC_541\Debug\Hovedprogram.a(Timer2.o)
 .debug_frame   0x000010e0      0x104 .\CortexM3\ARM_GCC_541\Debug\Hovedprogram.a(isr_LED_pulse.o)
 .debug_frame   0x000011e4      0x124 .\CortexM3\ARM_GCC_541\Debug\Hovedprogram.a(Timer3.o)
 .debug_frame   0x00001308      0x104 .\CortexM3\ARM_GCC_541\Debug\Hovedprogram.a(isr_LED_ring.o)
 .debug_frame   0x0000140c      0x1b0 .\CortexM3\ARM_GCC_541\Debug\Hovedprogram.a(ADC_SAR_1.o)
 .debug_frame   0x000015bc       0x20 .\CortexM3\ARM_GCC_541\Debug\Hovedprogram.a(ADC_SAR_1_INT.o)
 .debug_frame   0x000015dc      0x250 .\CortexM3\ARM_GCC_541\Debug\Hovedprogram.a(UART_1.o)
 .debug_frame   0x0000182c      0x104 .\CortexM3\ARM_GCC_541\Debug\Hovedprogram.a(isr_uart_rx.o)
 .debug_frame   0x00001930       0xe0 .\CortexM3\ARM_GCC_541\Debug\Hovedprogram.a(SPIM_1_IntClock.o)
 .debug_frame   0x00001a10      0x100 .\CortexM3\ARM_GCC_541\Debug\Hovedprogram.a(ADC_SAR_1_theACLK.o)
 .debug_frame   0x00001b10       0xe0 .\CortexM3\ARM_GCC_541\Debug\Hovedprogram.a(UART_1_IntClock.o)
 .debug_frame   0x00001bf0      0x738 .\CortexM3\ARM_GCC_541\Debug\Hovedprogram.a(CyLib.o)
 .debug_frame   0x00002328      0x1f8 .\CortexM3\ARM_GCC_541\Debug\Hovedprogram.a(cyPm.o)
 .debug_frame   0x00002520       0x64 .\CortexM3\ARM_GCC_541\Debug\Hovedprogram.a(PlayerSelect.o)
 .debug_frame   0x00002584      0x104 .\CortexM3\ARM_GCC_541\Debug\Hovedprogram.a(isr_button.o)
 .debug_frame   0x00002688       0x30 .\CortexM3\ARM_GCC_541\Debug\Hovedprogram.a(SPIMOutCtrl.o)
 .debug_frame   0x000026b8       0x94 .\CortexM3\ARM_GCC_541\Debug\Hovedprogram.a(I2C_1.o)
 .debug_frame   0x0000274c       0x30 .\CortexM3\ARM_GCC_541\Debug\Hovedprogram.a(I2C_1_INT.o)
 .debug_frame   0x0000277c       0x74 .\CortexM3\ARM_GCC_541\Debug\Hovedprogram.a(I2C_1_PM.o)
 .debug_frame   0x000027f0      0x138 .\CortexM3\ARM_GCC_541\Debug\Hovedprogram.a(I2C_1_MASTER.o)
 .debug_frame   0x00002928      0x124 .\CortexM3\ARM_GCC_541\Debug\Hovedprogram.a(Timer_Stopur.o)
 .debug_frame   0x00002a4c      0x104 .\CortexM3\ARM_GCC_541\Debug\Hovedprogram.a(isr_timer.o)
 .debug_frame   0x00002b50      0x124 .\CortexM3\ARM_GCC_541\Debug\Hovedprogram.a(Timer_LCD.o)
 .debug_frame   0x00002c74      0x104 .\CortexM3\ARM_GCC_541\Debug\Hovedprogram.a(isr_refreshrate_LCD.o)
 .debug_frame   0x00002d78      0x124 .\CortexM3\ARM_GCC_541\Debug\Hovedprogram.a(Timer4.o)
 .debug_frame   0x00002e9c      0x104 .\CortexM3\ARM_GCC_541\Debug\Hovedprogram.a(isr_BlinkLED.o)
 .debug_frame   0x00002fa0      0x104 .\CortexM3\ARM_GCC_541\Debug\Hovedprogram.a(isr_delay.o)
 .debug_frame   0x000030a4      0x124 .\CortexM3\ARM_GCC_541\Debug\Hovedprogram.a(Timer5.o)
 .debug_frame   0x000031c8      0x194 .\CortexM3\ARM_GCC_541\Debug\Hovedprogram.a(CyFlash.o)
 .debug_frame   0x0000335c      0x180 .\CortexM3\ARM_GCC_541\Debug\Hovedprogram.a(CySpc.o)
 .debug_frame   0x000034dc       0x44 d:/psoc/psoc creator/4.3/psoc creator/import/gnu/arm/5.4.1/bin/../lib/gcc/arm-none-eabi/5.4.1/armv7-m\libgcc.a(_aeabi_ldivmod.o)
 .debug_frame   0x00003520       0x38 d:/psoc/psoc creator/4.3/psoc creator/import/gnu/arm/5.4.1/bin/../lib/gcc/arm-none-eabi/5.4.1/armv7-m\libgcc.a(_udivmoddi4.o)
 .debug_frame   0x00003558       0x20 d:/psoc/psoc creator/4.3/psoc creator/import/gnu/arm/5.4.1/bin/../lib/gcc/arm-none-eabi/5.4.1/../../../../arm-none-eabi/lib/armv7-m\libg_nano.a(lib_a-errno.o)
 .debug_frame   0x00003578       0x28 d:/psoc/psoc creator/4.3/psoc creator/import/gnu/arm/5.4.1/bin/../lib/gcc/arm-none-eabi/5.4.1/../../../../arm-none-eabi/lib/armv7-m\libg_nano.a(lib_a-exit.o)
 .debug_frame   0x000035a0       0x2c d:/psoc/psoc creator/4.3/psoc creator/import/gnu/arm/5.4.1/bin/../lib/gcc/arm-none-eabi/5.4.1/../../../../arm-none-eabi/lib/armv7-m\libg_nano.a(lib_a-init.o)
 .debug_frame   0x000035cc       0x28 d:/psoc/psoc creator/4.3/psoc creator/import/gnu/arm/5.4.1/bin/../lib/gcc/arm-none-eabi/5.4.1/../../../../arm-none-eabi/lib/armv7-m\libg_nano.a(lib_a-memcpy-stub.o)
 .debug_frame   0x000035f4       0x20 d:/psoc/psoc creator/4.3/psoc creator/import/gnu/arm/5.4.1/bin/../lib/gcc/arm-none-eabi/5.4.1/../../../../arm-none-eabi/lib/armv7-m\libg_nano.a(lib_a-memset.o)
 .debug_frame   0x00003614       0x74 d:/psoc/psoc creator/4.3/psoc creator/import/gnu/arm/5.4.1/bin/../lib/gcc/arm-none-eabi/5.4.1/../../../../arm-none-eabi/lib/armv7-m\libg_nano.a(lib_a-snprintf.o)
 .debug_frame   0x00003688       0x70 d:/psoc/psoc creator/4.3/psoc creator/import/gnu/arm/5.4.1/bin/../lib/gcc/arm-none-eabi/5.4.1/../../../../arm-none-eabi/lib/armv7-m\libg_nano.a(lib_a-sprintf.o)
 .debug_frame   0x000036f8       0x90 d:/psoc/psoc creator/4.3/psoc creator/import/gnu/arm/5.4.1/bin/../lib/gcc/arm-none-eabi/5.4.1/../../../../arm-none-eabi/lib/armv7-m\libg_nano.a(lib_a-nano-svfprintf.o)
 .debug_frame   0x00003788       0x60 d:/psoc/psoc creator/4.3/psoc creator/import/gnu/arm/5.4.1/bin/../lib/gcc/arm-none-eabi/5.4.1/../../../../arm-none-eabi/lib/armv7-m\libg_nano.a(lib_a-nano-vfprintf_i.o)
 .debug_frame   0x000037e8       0x28 d:/psoc/psoc creator/4.3/psoc creator/import/gnu/arm/5.4.1/bin/../lib/gcc/arm-none-eabi/5.4.1/../../../../arm-none-eabi/lib/armv7-m\libg_nano.a(lib_a-memchr-stub.o)
 .debug_frame   0x00003810       0x28 d:/psoc/psoc creator/4.3/psoc creator/import/gnu/arm/5.4.1/bin/../lib/gcc/arm-none-eabi/5.4.1/../../../../arm-none-eabi/lib/armv7-m\libg_nano.a(lib_a-memmove.o)
 .debug_frame   0x00003838       0x38 d:/psoc/psoc creator/4.3/psoc creator/import/gnu/arm/5.4.1/bin/../lib/gcc/arm-none-eabi/5.4.1/../../../../arm-none-eabi/lib/armv7-m\libg_nano.a(lib_a-nano-freer.o)
 .debug_frame   0x00003870       0x2c d:/psoc/psoc creator/4.3/psoc creator/import/gnu/arm/5.4.1/bin/../lib/gcc/arm-none-eabi/5.4.1/../../../../arm-none-eabi/lib/armv7-m\libg_nano.a(lib_a-nano-mallocr.o)
 .debug_frame   0x0000389c       0x3c d:/psoc/psoc creator/4.3/psoc creator/import/gnu/arm/5.4.1/bin/../lib/gcc/arm-none-eabi/5.4.1/../../../../arm-none-eabi/lib/armv7-m\libg_nano.a(lib_a-nano-reallocr.o)
 .debug_frame   0x000038d8       0x2c d:/psoc/psoc creator/4.3/psoc creator/import/gnu/arm/5.4.1/bin/../lib/gcc/arm-none-eabi/5.4.1/../../../../arm-none-eabi/lib/armv7-m\libg_nano.a(lib_a-sbrkr.o)
 .debug_frame   0x00003904       0x30 d:/psoc/psoc creator/4.3/psoc creator/import/gnu/arm/5.4.1/bin/../lib/gcc/arm-none-eabi/5.4.1/../../../../arm-none-eabi/lib/armv7-m\libg_nano.a(lib_a-mlock.o)
 .debug_frame   0x00003934       0x20 d:/psoc/psoc creator/4.3/psoc creator/import/gnu/arm/5.4.1/bin/../lib/gcc/arm-none-eabi/5.4.1/../../../../arm-none-eabi/lib/armv7-m\libg_nano.a(lib_a-nano-msizer.o)
 .debug_frame   0x00003954       0x5c d:/psoc/psoc creator/4.3/psoc creator/import/gnu/arm/5.4.1/bin/../lib/gcc/arm-none-eabi/5.4.1/../../../../arm-none-eabi/lib/armv7-m\libg_nano.a(lib_a-reent.o)

.debug_str      0x00000000     0x4176
 *(.debug_str)
 .debug_str     0x00000000      0x200 .\CortexM3\ARM_GCC_541\Debug\main.o
                                0x248 (size before relaxing)
 .debug_str     0x00000200      0x132 .\CortexM3\ARM_GCC_541\Debug\WeightSensors.o
                                0x302 (size before relaxing)
 .debug_str     0x00000332       0x7a .\CortexM3\ARM_GCC_541\Debug\UART.o
                                0x254 (size before relaxing)
 .debug_str     0x000003ac       0x1f .\CortexM3\ARM_GCC_541\Debug\Startknap.o
                                0x1f7 (size before relaxing)
 .debug_str     0x000003cb      0x165 .\CortexM3\ARM_GCC_541\Debug\States.o
                                0x3a2 (size before relaxing)
 .debug_str     0x00000530       0xee .\CortexM3\ARM_GCC_541\Debug\Display.o
                                0x2cd (size before relaxing)
 .debug_str     0x0000061e      0x231 .\CortexM3\ARM_GCC_541\Debug\LiquidCrystal_I2C.o
                                0x49a (size before relaxing)
 .debug_str     0x0000084f       0x57 .\CortexM3\ARM_GCC_541\Debug\Stopur.o
                                0x24e (size before relaxing)
 .debug_str     0x000008a6      0x338 .\CortexM3\ARM_GCC_541\Debug\LEDcontrol.o
                                0x526 (size before relaxing)
 .debug_str     0x00000bde      0x1f6 .\CortexM3\ARM_GCC_541\Debug\cyfitter_cfg.o
                                0x3ce (size before relaxing)
 .debug_str     0x00000dd4       0x75 .\CortexM3\ARM_GCC_541\Debug\cymetadata.o
                                0x208 (size before relaxing)
 .debug_str     0x00000e49      0x13f .\CortexM3\ARM_GCC_541\Debug\Cm3Start.o
                                0x32e (size before relaxing)
 .debug_str     0x00000f88      0x29d .\CortexM3\ARM_GCC_541\Debug\Hovedprogram.a(SPIM_1.o)
                                0x479 (size before relaxing)
 .debug_str     0x00001225      0x165 .\CortexM3\ARM_GCC_541\Debug\Hovedprogram.a(Timer1.o)
                                0x371 (size before relaxing)
 .debug_str     0x0000138a      0x1a6 .\CortexM3\ARM_GCC_541\Debug\Hovedprogram.a(isr_LED_refreshrate.o)
                                0x38e (size before relaxing)
 .debug_str     0x00001530      0x148 .\CortexM3\ARM_GCC_541\Debug\Hovedprogram.a(Timer2.o)
                                0x371 (size before relaxing)
 .debug_str     0x00001678      0x140 .\CortexM3\ARM_GCC_541\Debug\Hovedprogram.a(isr_LED_pulse.o)
                                0x33a (size before relaxing)
 .debug_str     0x000017b8      0x148 .\CortexM3\ARM_GCC_541\Debug\Hovedprogram.a(Timer3.o)
                                0x371 (size before relaxing)
 .debug_str     0x00001900      0x133 .\CortexM3\ARM_GCC_541\Debug\Hovedprogram.a(isr_LED_ring.o)
                                0x32c (size before relaxing)
 .debug_str     0x00001a33      0x220 .\CortexM3\ARM_GCC_541\Debug\Hovedprogram.a(ADC_SAR_1.o)
                                0x4e1 (size before relaxing)
 .debug_str     0x00001c53       0x35 .\CortexM3\ARM_GCC_541\Debug\Hovedprogram.a(ADC_SAR_1_INT.o)
                                0x1bf (size before relaxing)
 .debug_str     0x00001c88      0x255 .\CortexM3\ARM_GCC_541\Debug\Hovedprogram.a(UART_1.o)
                                0x4d7 (size before relaxing)
 .debug_str     0x00001edd      0x126 .\CortexM3\ARM_GCC_541\Debug\Hovedprogram.a(isr_uart_rx.o)
                                0x31e (size before relaxing)
 .debug_str     0x00002003      0x197 .\CortexM3\ARM_GCC_541\Debug\Hovedprogram.a(SPIM_1_IntClock.o)
                                0x372 (size before relaxing)
 .debug_str     0x0000219a      0x1bc .\CortexM3\ARM_GCC_541\Debug\Hovedprogram.a(ADC_SAR_1_theACLK.o)
                                0x3d9 (size before relaxing)
 .debug_str     0x00002356      0x14c .\CortexM3\ARM_GCC_541\Debug\Hovedprogram.a(UART_1_IntClock.o)
                                0x372 (size before relaxing)
 .debug_str     0x000024a2      0x7b0 .\CortexM3\ARM_GCC_541\Debug\Hovedprogram.a(CyLib.o)
                                0xa6b (size before relaxing)
 .debug_str     0x00002c52      0x365 .\CortexM3\ARM_GCC_541\Debug\Hovedprogram.a(cyPm.o)
                                0x757 (size before relaxing)
 .debug_str     0x00002fb7       0x5f .\CortexM3\ARM_GCC_541\Debug\Hovedprogram.a(PlayerSelect.o)
                                0x246 (size before relaxing)
 .debug_str     0x00003016      0x119 .\CortexM3\ARM_GCC_541\Debug\Hovedprogram.a(isr_button.o)
                                0x310 (size before relaxing)
 .debug_str     0x0000312f       0x36 .\CortexM3\ARM_GCC_541\Debug\Hovedprogram.a(SPIMOutCtrl.o)
                                0x1e5 (size before relaxing)
 .debug_str     0x00003165       0xea .\CortexM3\ARM_GCC_541\Debug\Hovedprogram.a(I2C_1.o)
                                0x31d (size before relaxing)
 .debug_str     0x0000324f       0x94 .\CortexM3\ARM_GCC_541\Debug\Hovedprogram.a(I2C_1_INT.o)
                                0x299 (size before relaxing)
 .debug_str     0x000032e3       0x60 .\CortexM3\ARM_GCC_541\Debug\Hovedprogram.a(I2C_1_PM.o)
                                0x2b3 (size before relaxing)
 .debug_str     0x00003343      0x14b .\CortexM3\ARM_GCC_541\Debug\Hovedprogram.a(I2C_1_MASTER.o)
                                0x3f6 (size before relaxing)
 .debug_str     0x0000348e      0x1af .\CortexM3\ARM_GCC_541\Debug\Hovedprogram.a(Timer_Stopur.o)
                                0x3dd (size before relaxing)
 .debug_str     0x0000363d      0x10c .\CortexM3\ARM_GCC_541\Debug\Hovedprogram.a(isr_timer.o)
                                0x302 (size before relaxing)
 .debug_str     0x00003749      0x169 .\CortexM3\ARM_GCC_541\Debug\Hovedprogram.a(Timer_LCD.o)
                                0x3a7 (size before relaxing)
 .debug_str     0x000038b2      0x18e .\CortexM3\ARM_GCC_541\Debug\Hovedprogram.a(isr_refreshrate_LCD.o)
                                0x38e (size before relaxing)
 .debug_str     0x00003a40      0x148 .\CortexM3\ARM_GCC_541\Debug\Hovedprogram.a(Timer4.o)
                                0x371 (size before relaxing)
 .debug_str     0x00003b88      0x133 .\CortexM3\ARM_GCC_541\Debug\Hovedprogram.a(isr_BlinkLED.o)
                                0x32c (size before relaxing)
 .debug_str     0x00003cbb      0x10c .\CortexM3\ARM_GCC_541\Debug\Hovedprogram.a(isr_delay.o)
                                0x302 (size before relaxing)
 .debug_str     0x00003dc7      0x14f .\CortexM3\ARM_GCC_541\Debug\Hovedprogram.a(Timer5.o)
                                0x371 (size before relaxing)
 .debug_str     0x00003f16      0x1b4 .\CortexM3\ARM_GCC_541\Debug\Hovedprogram.a(CyFlash.o)
                                0x3e4 (size before relaxing)
 .debug_str     0x000040ca       0xac .\CortexM3\ARM_GCC_541\Debug\Hovedprogram.a(CySpc.o)
                                0x35c (size before relaxing)

.debug_loc      0x00000000     0x3d3c
 *(.debug_loc)
 .debug_loc     0x00000000       0x21 .\CortexM3\ARM_GCC_541\Debug\WeightSensors.o
 .debug_loc     0x00000021       0x6b .\CortexM3\ARM_GCC_541\Debug\UART.o
 .debug_loc     0x0000008c      0x115 .\CortexM3\ARM_GCC_541\Debug\Display.o
 .debug_loc     0x000001a1      0x325 .\CortexM3\ARM_GCC_541\Debug\LiquidCrystal_I2C.o
 .debug_loc     0x000004c6      0xa8f .\CortexM3\ARM_GCC_541\Debug\LEDcontrol.o
 .debug_loc     0x00000f55      0x2f1 .\CortexM3\ARM_GCC_541\Debug\cyfitter_cfg.o
 .debug_loc     0x00001246      0x144 .\CortexM3\ARM_GCC_541\Debug\Cm3Start.o
 .debug_loc     0x0000138a       0xfe .\CortexM3\ARM_GCC_541\Debug\Hovedprogram.a(SPIM_1.o)
 .debug_loc     0x00001488       0x13 .\CortexM3\ARM_GCC_541\Debug\Hovedprogram.a(Timer1.o)
 .debug_loc     0x0000149b       0x56 .\CortexM3\ARM_GCC_541\Debug\Hovedprogram.a(isr_LED_refreshrate.o)
 .debug_loc     0x000014f1       0x13 .\CortexM3\ARM_GCC_541\Debug\Hovedprogram.a(Timer2.o)
 .debug_loc     0x00001504       0x56 .\CortexM3\ARM_GCC_541\Debug\Hovedprogram.a(isr_LED_pulse.o)
 .debug_loc     0x0000155a       0x13 .\CortexM3\ARM_GCC_541\Debug\Hovedprogram.a(Timer3.o)
 .debug_loc     0x0000156d       0x56 .\CortexM3\ARM_GCC_541\Debug\Hovedprogram.a(isr_LED_ring.o)
 .debug_loc     0x000015c3      0x295 .\CortexM3\ARM_GCC_541\Debug\Hovedprogram.a(ADC_SAR_1.o)
 .debug_loc     0x00001858      0x258 .\CortexM3\ARM_GCC_541\Debug\Hovedprogram.a(UART_1.o)
 .debug_loc     0x00001ab0       0x56 .\CortexM3\ARM_GCC_541\Debug\Hovedprogram.a(isr_uart_rx.o)
 .debug_loc     0x00001b06      0x12c .\CortexM3\ARM_GCC_541\Debug\Hovedprogram.a(SPIM_1_IntClock.o)
 .debug_loc     0x00001c32      0x14d .\CortexM3\ARM_GCC_541\Debug\Hovedprogram.a(ADC_SAR_1_theACLK.o)
 .debug_loc     0x00001d7f      0x128 .\CortexM3\ARM_GCC_541\Debug\Hovedprogram.a(UART_1_IntClock.o)
 .debug_loc     0x00001ea7      0xa11 .\CortexM3\ARM_GCC_541\Debug\Hovedprogram.a(CyLib.o)
 .debug_loc     0x000028b8      0x1e4 .\CortexM3\ARM_GCC_541\Debug\Hovedprogram.a(cyPm.o)
 .debug_loc     0x00002a9c       0x4b .\CortexM3\ARM_GCC_541\Debug\Hovedprogram.a(PlayerSelect.o)
 .debug_loc     0x00002ae7       0x56 .\CortexM3\ARM_GCC_541\Debug\Hovedprogram.a(isr_button.o)
 .debug_loc     0x00002b3d       0x39 .\CortexM3\ARM_GCC_541\Debug\Hovedprogram.a(I2C_1.o)
 .debug_loc     0x00002b76       0x29 .\CortexM3\ARM_GCC_541\Debug\Hovedprogram.a(I2C_1_INT.o)
 .debug_loc     0x00002b9f       0x13 .\CortexM3\ARM_GCC_541\Debug\Hovedprogram.a(I2C_1_PM.o)
 .debug_loc     0x00002bb2      0x52f .\CortexM3\ARM_GCC_541\Debug\Hovedprogram.a(I2C_1_MASTER.o)
 .debug_loc     0x000030e1       0x13 .\CortexM3\ARM_GCC_541\Debug\Hovedprogram.a(Timer_Stopur.o)
 .debug_loc     0x000030f4       0x56 .\CortexM3\ARM_GCC_541\Debug\Hovedprogram.a(isr_timer.o)
 .debug_loc     0x0000314a       0x13 .\CortexM3\ARM_GCC_541\Debug\Hovedprogram.a(Timer_LCD.o)
 .debug_loc     0x0000315d       0x56 .\CortexM3\ARM_GCC_541\Debug\Hovedprogram.a(isr_refreshrate_LCD.o)
 .debug_loc     0x000031b3       0x13 .\CortexM3\ARM_GCC_541\Debug\Hovedprogram.a(Timer4.o)
 .debug_loc     0x000031c6       0x56 .\CortexM3\ARM_GCC_541\Debug\Hovedprogram.a(isr_BlinkLED.o)
 .debug_loc     0x0000321c       0x56 .\CortexM3\ARM_GCC_541\Debug\Hovedprogram.a(isr_delay.o)
 .debug_loc     0x00003272       0x13 .\CortexM3\ARM_GCC_541\Debug\Hovedprogram.a(Timer5.o)
 .debug_loc     0x00003285      0x3b2 .\CortexM3\ARM_GCC_541\Debug\Hovedprogram.a(CyFlash.o)
 .debug_loc     0x00003637      0x705 .\CortexM3\ARM_GCC_541\Debug\Hovedprogram.a(CySpc.o)

.debug_macinfo
 *(.debug_macinfo)

.debug_ranges   0x00000000     0x1348
 *(.debug_ranges)
 .debug_ranges  0x00000000       0x10 .\CortexM3\ARM_GCC_541\Debug\main.o
 .debug_ranges  0x00000010       0x30 .\CortexM3\ARM_GCC_541\Debug\WeightSensors.o
 .debug_ranges  0x00000040       0x18 .\CortexM3\ARM_GCC_541\Debug\UART.o
 .debug_ranges  0x00000058       0x10 .\CortexM3\ARM_GCC_541\Debug\Startknap.o
 .debug_ranges  0x00000068       0x18 .\CortexM3\ARM_GCC_541\Debug\States.o
 .debug_ranges  0x00000080       0x28 .\CortexM3\ARM_GCC_541\Debug\Display.o
 .debug_ranges  0x000000a8      0x100 .\CortexM3\ARM_GCC_541\Debug\LiquidCrystal_I2C.o
 .debug_ranges  0x000001a8       0x40 .\CortexM3\ARM_GCC_541\Debug\Stopur.o
 .debug_ranges  0x000001e8       0xd8 .\CortexM3\ARM_GCC_541\Debug\LEDcontrol.o
 .debug_ranges  0x000002c0       0x58 .\CortexM3\ARM_GCC_541\Debug\cyfitter_cfg.o
 .debug_ranges  0x00000318       0x38 .\CortexM3\ARM_GCC_541\Debug\Cm3Start.o
 .debug_ranges  0x00000350       0xc8 .\CortexM3\ARM_GCC_541\Debug\Hovedprogram.a(SPIM_1.o)
 .debug_ranges  0x00000418       0x80 .\CortexM3\ARM_GCC_541\Debug\Hovedprogram.a(Timer1.o)
 .debug_ranges  0x00000498       0x70 .\CortexM3\ARM_GCC_541\Debug\Hovedprogram.a(isr_LED_refreshrate.o)
 .debug_ranges  0x00000508       0x80 .\CortexM3\ARM_GCC_541\Debug\Hovedprogram.a(Timer2.o)
 .debug_ranges  0x00000588       0x70 .\CortexM3\ARM_GCC_541\Debug\Hovedprogram.a(isr_LED_pulse.o)
 .debug_ranges  0x000005f8       0x80 .\CortexM3\ARM_GCC_541\Debug\Hovedprogram.a(Timer3.o)
 .debug_ranges  0x00000678       0x70 .\CortexM3\ARM_GCC_541\Debug\Hovedprogram.a(isr_LED_ring.o)
 .debug_ranges  0x000006e8       0x98 .\CortexM3\ARM_GCC_541\Debug\Hovedprogram.a(ADC_SAR_1.o)
 .debug_ranges  0x00000780       0x10 .\CortexM3\ARM_GCC_541\Debug\Hovedprogram.a(ADC_SAR_1_INT.o)
 .debug_ranges  0x00000790       0xe0 .\CortexM3\ARM_GCC_541\Debug\Hovedprogram.a(UART_1.o)
 .debug_ranges  0x00000870       0x70 .\CortexM3\ARM_GCC_541\Debug\Hovedprogram.a(isr_uart_rx.o)
 .debug_ranges  0x000008e0       0x60 .\CortexM3\ARM_GCC_541\Debug\Hovedprogram.a(SPIM_1_IntClock.o)
 .debug_ranges  0x00000940       0x70 .\CortexM3\ARM_GCC_541\Debug\Hovedprogram.a(ADC_SAR_1_theACLK.o)
 .debug_ranges  0x000009b0       0x60 .\CortexM3\ARM_GCC_541\Debug\Hovedprogram.a(UART_1_IntClock.o)
 .debug_ranges  0x00000a10      0x290 .\CortexM3\ARM_GCC_541\Debug\Hovedprogram.a(CyLib.o)
 .debug_ranges  0x00000ca0       0x88 .\CortexM3\ARM_GCC_541\Debug\Hovedprogram.a(cyPm.o)
 .debug_ranges  0x00000d28       0x20 .\CortexM3\ARM_GCC_541\Debug\Hovedprogram.a(PlayerSelect.o)
 .debug_ranges  0x00000d48       0x70 .\CortexM3\ARM_GCC_541\Debug\Hovedprogram.a(isr_button.o)
 .debug_ranges  0x00000db8       0x18 .\CortexM3\ARM_GCC_541\Debug\Hovedprogram.a(SPIMOutCtrl.o)
 .debug_ranges  0x00000dd0       0x28 .\CortexM3\ARM_GCC_541\Debug\Hovedprogram.a(I2C_1.o)
 .debug_ranges  0x00000df8       0x10 .\CortexM3\ARM_GCC_541\Debug\Hovedprogram.a(I2C_1_INT.o)
 .debug_ranges  0x00000e08       0x28 .\CortexM3\ARM_GCC_541\Debug\Hovedprogram.a(I2C_1_PM.o)
 .debug_ranges  0x00000e30       0x70 .\CortexM3\ARM_GCC_541\Debug\Hovedprogram.a(I2C_1_MASTER.o)
 .debug_ranges  0x00000ea0       0x80 .\CortexM3\ARM_GCC_541\Debug\Hovedprogram.a(Timer_Stopur.o)
 .debug_ranges  0x00000f20       0x70 .\CortexM3\ARM_GCC_541\Debug\Hovedprogram.a(isr_timer.o)
 .debug_ranges  0x00000f90       0x80 .\CortexM3\ARM_GCC_541\Debug\Hovedprogram.a(Timer_LCD.o)
 .debug_ranges  0x00001010       0x70 .\CortexM3\ARM_GCC_541\Debug\Hovedprogram.a(isr_refreshrate_LCD.o)
 .debug_ranges  0x00001080       0x80 .\CortexM3\ARM_GCC_541\Debug\Hovedprogram.a(Timer4.o)
 .debug_ranges  0x00001100       0x70 .\CortexM3\ARM_GCC_541\Debug\Hovedprogram.a(isr_BlinkLED.o)
 .debug_ranges  0x00001170       0x70 .\CortexM3\ARM_GCC_541\Debug\Hovedprogram.a(isr_delay.o)
 .debug_ranges  0x000011e0       0x80 .\CortexM3\ARM_GCC_541\Debug\Hovedprogram.a(Timer5.o)
 .debug_ranges  0x00001260       0x78 .\CortexM3\ARM_GCC_541\Debug\Hovedprogram.a(CyFlash.o)
 .debug_ranges  0x000012d8       0x70 .\CortexM3\ARM_GCC_541\Debug\Hovedprogram.a(CySpc.o)

.comment        0x00000000       0x6e
 .comment       0x00000000       0x6e .\CortexM3\ARM_GCC_541\Debug\main.o
                                 0x6f (size before relaxing)
 .comment       0x0000006e       0x6f .\CortexM3\ARM_GCC_541\Debug\WeightSensors.o
 .comment       0x0000006e       0x6f .\CortexM3\ARM_GCC_541\Debug\UART.o
 .comment       0x0000006e       0x6f .\CortexM3\ARM_GCC_541\Debug\Startknap.o
 .comment       0x0000006e       0x6f .\CortexM3\ARM_GCC_541\Debug\States.o
 .comment       0x0000006e       0x6f .\CortexM3\ARM_GCC_541\Debug\Display.o
 .comment       0x0000006e       0x6f .\CortexM3\ARM_GCC_541\Debug\LiquidCrystal_I2C.o
 .comment       0x0000006e       0x6f .\CortexM3\ARM_GCC_541\Debug\Stopur.o
 .comment       0x0000006e       0x6f .\CortexM3\ARM_GCC_541\Debug\LEDcontrol.o
 .comment       0x0000006e       0x6f .\CortexM3\ARM_GCC_541\Debug\cyfitter_cfg.o
 .comment       0x0000006e       0x6f .\CortexM3\ARM_GCC_541\Debug\cymetadata.o
 .comment       0x0000006e       0x6f .\CortexM3\ARM_GCC_541\Debug\Cm3Start.o
 .comment       0x0000006e       0x6f .\CortexM3\ARM_GCC_541\Debug\Hovedprogram.a(SPIM_1.o)
 .comment       0x0000006e       0x6f .\CortexM3\ARM_GCC_541\Debug\Hovedprogram.a(Timer1.o)
 .comment       0x0000006e       0x6f .\CortexM3\ARM_GCC_541\Debug\Hovedprogram.a(isr_LED_refreshrate.o)
 .comment       0x0000006e       0x6f .\CortexM3\ARM_GCC_541\Debug\Hovedprogram.a(Timer2.o)
 .comment       0x0000006e       0x6f .\CortexM3\ARM_GCC_541\Debug\Hovedprogram.a(isr_LED_pulse.o)
 .comment       0x0000006e       0x6f .\CortexM3\ARM_GCC_541\Debug\Hovedprogram.a(Timer3.o)
 .comment       0x0000006e       0x6f .\CortexM3\ARM_GCC_541\Debug\Hovedprogram.a(isr_LED_ring.o)
 .comment       0x0000006e       0x6f .\CortexM3\ARM_GCC_541\Debug\Hovedprogram.a(ADC_SAR_1.o)
 .comment       0x0000006e       0x6f .\CortexM3\ARM_GCC_541\Debug\Hovedprogram.a(ADC_SAR_1_INT.o)
 .comment       0x0000006e       0x6f .\CortexM3\ARM_GCC_541\Debug\Hovedprogram.a(UART_1.o)
 .comment       0x0000006e       0x6f .\CortexM3\ARM_GCC_541\Debug\Hovedprogram.a(isr_uart_rx.o)
 .comment       0x0000006e       0x6f .\CortexM3\ARM_GCC_541\Debug\Hovedprogram.a(SPIM_1_IntClock.o)
 .comment       0x0000006e       0x6f .\CortexM3\ARM_GCC_541\Debug\Hovedprogram.a(ADC_SAR_1_theACLK.o)
 .comment       0x0000006e       0x6f .\CortexM3\ARM_GCC_541\Debug\Hovedprogram.a(UART_1_IntClock.o)
 .comment       0x0000006e       0x6f .\CortexM3\ARM_GCC_541\Debug\Hovedprogram.a(CyLib.o)
 .comment       0x0000006e       0x6f .\CortexM3\ARM_GCC_541\Debug\Hovedprogram.a(cyPm.o)
 .comment       0x0000006e       0x6f .\CortexM3\ARM_GCC_541\Debug\Hovedprogram.a(PlayerSelect.o)
 .comment       0x0000006e       0x6f .\CortexM3\ARM_GCC_541\Debug\Hovedprogram.a(isr_button.o)
 .comment       0x0000006e       0x6f .\CortexM3\ARM_GCC_541\Debug\Hovedprogram.a(SPIMOutCtrl.o)
 .comment       0x0000006e       0x6f .\CortexM3\ARM_GCC_541\Debug\Hovedprogram.a(I2C_1.o)
 .comment       0x0000006e       0x6f .\CortexM3\ARM_GCC_541\Debug\Hovedprogram.a(I2C_1_INT.o)
 .comment       0x0000006e       0x6f .\CortexM3\ARM_GCC_541\Debug\Hovedprogram.a(I2C_1_PM.o)
 .comment       0x0000006e       0x6f .\CortexM3\ARM_GCC_541\Debug\Hovedprogram.a(I2C_1_MASTER.o)
 .comment       0x0000006e       0x6f .\CortexM3\ARM_GCC_541\Debug\Hovedprogram.a(Timer_Stopur.o)
 .comment       0x0000006e       0x6f .\CortexM3\ARM_GCC_541\Debug\Hovedprogram.a(isr_timer.o)
 .comment       0x0000006e       0x6f .\CortexM3\ARM_GCC_541\Debug\Hovedprogram.a(Timer_LCD.o)
 .comment       0x0000006e       0x6f .\CortexM3\ARM_GCC_541\Debug\Hovedprogram.a(isr_refreshrate_LCD.o)
 .comment       0x0000006e       0x6f .\CortexM3\ARM_GCC_541\Debug\Hovedprogram.a(Timer4.o)
 .comment       0x0000006e       0x6f .\CortexM3\ARM_GCC_541\Debug\Hovedprogram.a(isr_BlinkLED.o)
 .comment       0x0000006e       0x6f .\CortexM3\ARM_GCC_541\Debug\Hovedprogram.a(isr_delay.o)
 .comment       0x0000006e       0x6f .\CortexM3\ARM_GCC_541\Debug\Hovedprogram.a(Timer5.o)
 .comment       0x0000006e       0x6f .\CortexM3\ARM_GCC_541\Debug\Hovedprogram.a(CyFlash.o)
 .comment       0x0000006e       0x6f .\CortexM3\ARM_GCC_541\Debug\Hovedprogram.a(CySpc.o)

.debug_weaknames
 *(.debug_weaknames)

.debug_funcnames
 *(.debug_funcnames)

.debug_typenames
 *(.debug_typenames)

.debug_varnames
 *(.debug_varnames)

.note.gnu.arm.ident
 *(.note.gnu.arm.ident)

.ARM.attributes
                0x00000000       0x29
 *(.ARM.attributes)
 .ARM.attributes
                0x00000000       0x1d d:/psoc/psoc creator/4.3/psoc creator/import/gnu/arm/5.4.1/bin/../lib/gcc/arm-none-eabi/5.4.1/armv7-m/crti.o
 .ARM.attributes
                0x0000001d       0x2d d:/psoc/psoc creator/4.3/psoc creator/import/gnu/arm/5.4.1/bin/../lib/gcc/arm-none-eabi/5.4.1/armv7-m/crtbegin.o
 .ARM.attributes
                0x0000004a       0x1b d:/psoc/psoc creator/4.3/psoc creator/import/gnu/arm/5.4.1/bin/../lib/gcc/arm-none-eabi/5.4.1/../../../../arm-none-eabi/lib/armv7-m/crt0.o
 .ARM.attributes
                0x00000065       0x33 .\CortexM3\ARM_GCC_541\Debug\main.o
 .ARM.attributes
                0x00000098       0x33 .\CortexM3\ARM_GCC_541\Debug\WeightSensors.o
 .ARM.attributes
                0x000000cb       0x33 .\CortexM3\ARM_GCC_541\Debug\UART.o
 .ARM.attributes
                0x000000fe       0x33 .\CortexM3\ARM_GCC_541\Debug\Startknap.o
 .ARM.attributes
                0x00000131       0x33 .\CortexM3\ARM_GCC_541\Debug\States.o
 .ARM.attributes
                0x00000164       0x33 .\CortexM3\ARM_GCC_541\Debug\Display.o
 .ARM.attributes
                0x00000197       0x33 .\CortexM3\ARM_GCC_541\Debug\LiquidCrystal_I2C.o
 .ARM.attributes
                0x000001ca       0x33 .\CortexM3\ARM_GCC_541\Debug\Stopur.o
 .ARM.attributes
                0x000001fd       0x33 .\CortexM3\ARM_GCC_541\Debug\LEDcontrol.o
 .ARM.attributes
                0x00000230       0x33 .\CortexM3\ARM_GCC_541\Debug\cyfitter_cfg.o
 .ARM.attributes
                0x00000263       0x33 .\CortexM3\ARM_GCC_541\Debug\cymetadata.o
 .ARM.attributes
                0x00000296       0x33 .\CortexM3\ARM_GCC_541\Debug\Cm3Start.o
 .ARM.attributes
                0x000002c9       0x33 .\CortexM3\ARM_GCC_541\Debug\Hovedprogram.a(SPIM_1.o)
 .ARM.attributes
                0x000002fc       0x33 .\CortexM3\ARM_GCC_541\Debug\Hovedprogram.a(Timer1.o)
 .ARM.attributes
                0x0000032f       0x33 .\CortexM3\ARM_GCC_541\Debug\Hovedprogram.a(isr_LED_refreshrate.o)
 .ARM.attributes
                0x00000362       0x33 .\CortexM3\ARM_GCC_541\Debug\Hovedprogram.a(Timer2.o)
 .ARM.attributes
                0x00000395       0x33 .\CortexM3\ARM_GCC_541\Debug\Hovedprogram.a(isr_LED_pulse.o)
 .ARM.attributes
                0x000003c8       0x33 .\CortexM3\ARM_GCC_541\Debug\Hovedprogram.a(Timer3.o)
 .ARM.attributes
                0x000003fb       0x33 .\CortexM3\ARM_GCC_541\Debug\Hovedprogram.a(isr_LED_ring.o)
 .ARM.attributes
                0x0000042e       0x33 .\CortexM3\ARM_GCC_541\Debug\Hovedprogram.a(ADC_SAR_1.o)
 .ARM.attributes
                0x00000461       0x33 .\CortexM3\ARM_GCC_541\Debug\Hovedprogram.a(ADC_SAR_1_INT.o)
 .ARM.attributes
                0x00000494       0x33 .\CortexM3\ARM_GCC_541\Debug\Hovedprogram.a(UART_1.o)
 .ARM.attributes
                0x000004c7       0x33 .\CortexM3\ARM_GCC_541\Debug\Hovedprogram.a(isr_uart_rx.o)
 .ARM.attributes
                0x000004fa       0x33 .\CortexM3\ARM_GCC_541\Debug\Hovedprogram.a(SPIM_1_IntClock.o)
 .ARM.attributes
                0x0000052d       0x33 .\CortexM3\ARM_GCC_541\Debug\Hovedprogram.a(ADC_SAR_1_theACLK.o)
 .ARM.attributes
                0x00000560       0x33 .\CortexM3\ARM_GCC_541\Debug\Hovedprogram.a(UART_1_IntClock.o)
 .ARM.attributes
                0x00000593       0x33 .\CortexM3\ARM_GCC_541\Debug\Hovedprogram.a(CyLib.o)
 .ARM.attributes
                0x000005c6       0x33 .\CortexM3\ARM_GCC_541\Debug\Hovedprogram.a(cyPm.o)
 .ARM.attributes
                0x000005f9       0x33 .\CortexM3\ARM_GCC_541\Debug\Hovedprogram.a(PlayerSelect.o)
 .ARM.attributes
                0x0000062c       0x33 .\CortexM3\ARM_GCC_541\Debug\Hovedprogram.a(isr_button.o)
 .ARM.attributes
                0x0000065f       0x33 .\CortexM3\ARM_GCC_541\Debug\Hovedprogram.a(SPIMOutCtrl.o)
 .ARM.attributes
                0x00000692       0x33 .\CortexM3\ARM_GCC_541\Debug\Hovedprogram.a(I2C_1.o)
 .ARM.attributes
                0x000006c5       0x33 .\CortexM3\ARM_GCC_541\Debug\Hovedprogram.a(I2C_1_INT.o)
 .ARM.attributes
                0x000006f8       0x33 .\CortexM3\ARM_GCC_541\Debug\Hovedprogram.a(I2C_1_PM.o)
 .ARM.attributes
                0x0000072b       0x33 .\CortexM3\ARM_GCC_541\Debug\Hovedprogram.a(I2C_1_MASTER.o)
 .ARM.attributes
                0x0000075e       0x33 .\CortexM3\ARM_GCC_541\Debug\Hovedprogram.a(Timer_Stopur.o)
 .ARM.attributes
                0x00000791       0x33 .\CortexM3\ARM_GCC_541\Debug\Hovedprogram.a(isr_timer.o)
 .ARM.attributes
                0x000007c4       0x33 .\CortexM3\ARM_GCC_541\Debug\Hovedprogram.a(Timer_LCD.o)
 .ARM.attributes
                0x000007f7       0x33 .\CortexM3\ARM_GCC_541\Debug\Hovedprogram.a(isr_refreshrate_LCD.o)
 .ARM.attributes