Archive member included to satisfy reference by file (symbol)

.\CortexM3\ARM_GCC_541\Debug\Hovedprogram.a(SPIM_1.o)
                              .\CortexM3\ARM_GCC_541\Debug\LEDcontrol.o (SPIM_1_WriteTxData)
.\CortexM3\ARM_GCC_541\Debug\Hovedprogram.a(Timer1.o)
                              .\CortexM3\ARM_GCC_541\Debug\LEDcontrol.o (Timer1_Stop)
.\CortexM3\ARM_GCC_541\Debug\Hovedprogram.a(isr_LED_refreshrate.o)
                              .\CortexM3\ARM_GCC_541\Debug\LEDcontrol.o (isr_LED_refreshrate_StartEx)
.\CortexM3\ARM_GCC_541\Debug\Hovedprogram.a(Timer2.o)
                              .\CortexM3\ARM_GCC_541\Debug\LEDcontrol.o (Timer2_WritePeriod)
.\CortexM3\ARM_GCC_541\Debug\Hovedprogram.a(isr_LED_pulse.o)
                              .\CortexM3\ARM_GCC_541\Debug\LEDcontrol.o (isr_LED_pulse_StartEx)
.\CortexM3\ARM_GCC_541\Debug\Hovedprogram.a(Timer3.o)
                              .\CortexM3\ARM_GCC_541\Debug\LEDcontrol.o (Timer3_WritePeriod)
.\CortexM3\ARM_GCC_541\Debug\Hovedprogram.a(isr_LED_ring.o)
                              .\CortexM3\ARM_GCC_541\Debug\LEDcontrol.o (isr_LED_ring_StartEx)
.\CortexM3\ARM_GCC_541\Debug\Hovedprogram.a(ADC_SAR_1.o)
                              .\CortexM3\ARM_GCC_541\Debug\WeightSensors.o (ADC_SAR_1_Start)
.\CortexM3\ARM_GCC_541\Debug\Hovedprogram.a(ADC_SAR_1_INT.o)
                              .\CortexM3\ARM_GCC_541\Debug\Hovedprogram.a(ADC_SAR_1.o) (ADC_SAR_1_ISR)
.\CortexM3\ARM_GCC_541\Debug\Hovedprogram.a(UART_1.o)
                              .\CortexM3\ARM_GCC_541\Debug\main.o (UART_1_Start)
.\CortexM3\ARM_GCC_541\Debug\Hovedprogram.a(isr_uart_rx.o)
                              .\CortexM3\ARM_GCC_541\Debug\main.o (isr_uart_rx_StartEx)
.\CortexM3\ARM_GCC_541\Debug\Hovedprogram.a(SPIM_1_IntClock.o)
                              .\CortexM3\ARM_GCC_541\Debug\Hovedprogram.a(SPIM_1.o) (SPIM_1_IntClock_Start)
.\CortexM3\ARM_GCC_541\Debug\Hovedprogram.a(ADC_SAR_1_theACLK.o)
                              .\CortexM3\ARM_GCC_541\Debug\Hovedprogram.a(ADC_SAR_1.o) (ADC_SAR_1_theACLK_SetModeRegister)
.\CortexM3\ARM_GCC_541\Debug\Hovedprogram.a(UART_1_IntClock.o)
                              .\CortexM3\ARM_GCC_541\Debug\Hovedprogram.a(UART_1.o) (UART_1_IntClock_Start)
.\CortexM3\ARM_GCC_541\Debug\Hovedprogram.a(CyLib.o)
                              .\CortexM3\ARM_GCC_541\Debug\Cm3Start.o (CyHalt)
.\CortexM3\ARM_GCC_541\Debug\Hovedprogram.a(cyPm.o)
                              .\CortexM3\ARM_GCC_541\Debug\Hovedprogram.a(CyLib.o) (CyPmReadStatus)
.\CortexM3\ARM_GCC_541\Debug\Hovedprogram.a(PlayerSelect.o)
                              .\CortexM3\ARM_GCC_541\Debug\WeightSensors.o (PlayerSelect_Start)
.\CortexM3\ARM_GCC_541\Debug\Hovedprogram.a(isr_button.o)
                              .\CortexM3\ARM_GCC_541\Debug\main.o (isr_button_StartEx)
.\CortexM3\ARM_GCC_541\Debug\Hovedprogram.a(SPIMOutCtrl.o)
                              .\CortexM3\ARM_GCC_541\Debug\LEDcontrol.o (SPIMOutCtrl_Write)
.\CortexM3\ARM_GCC_541\Debug\Hovedprogram.a(I2C_1.o)
                              .\CortexM3\ARM_GCC_541\Debug\Display.o (I2C_1_Start)
.\CortexM3\ARM_GCC_541\Debug\Hovedprogram.a(I2C_1_INT.o)
                              .\CortexM3\ARM_GCC_541\Debug\Hovedprogram.a(I2C_1.o) (I2C_1_ISR)
.\CortexM3\ARM_GCC_541\Debug\Hovedprogram.a(I2C_1_PM.o)
                              .\CortexM3\ARM_GCC_541\Debug\Hovedprogram.a(I2C_1.o) (I2C_1_backup)
.\CortexM3\ARM_GCC_541\Debug\Hovedprogram.a(I2C_1_MASTER.o)
                              .\CortexM3\ARM_GCC_541\Debug\Hovedprogram.a(I2C_1.o) (I2C_1_mstrStatus)
.\CortexM3\ARM_GCC_541\Debug\Hovedprogram.a(Timer_Stopur.o)
                              .\CortexM3\ARM_GCC_541\Debug\Stopur.o (Timer_Stopur_Stop)
.\CortexM3\ARM_GCC_541\Debug\Hovedprogram.a(isr_timer.o)
                              .\CortexM3\ARM_GCC_541\Debug\main.o (isr_timer_StartEx)
.\CortexM3\ARM_GCC_541\Debug\Hovedprogram.a(Timer_LCD.o)
                              .\CortexM3\ARM_GCC_541\Debug\Display.o (Timer_LCD_Stop)
.\CortexM3\ARM_GCC_541\Debug\Hovedprogram.a(isr_refreshrate_LCD.o)
                              .\CortexM3\ARM_GCC_541\Debug\LEDcontrol.o (isr_refreshrate_LCD_Enable)
.\CortexM3\ARM_GCC_541\Debug\Hovedprogram.a(Timer4.o)
                              .\CortexM3\ARM_GCC_541\Debug\LEDcontrol.o (Timer4_WritePeriod)
.\CortexM3\ARM_GCC_541\Debug\Hovedprogram.a(isr_BlinkLED.o)
                              .\CortexM3\ARM_GCC_541\Debug\LEDcontrol.o (isr_BlinkLED_StartEx)
.\CortexM3\ARM_GCC_541\Debug\Hovedprogram.a(isr_delay.o)
                              .\CortexM3\ARM_GCC_541\Debug\LEDcontrol.o (isr_delay_Enable)
.\CortexM3\ARM_GCC_541\Debug\Hovedprogram.a(Timer5.o)
                              .\CortexM3\ARM_GCC_541\Debug\LEDcontrol.o (Timer5_Stop)
.\CortexM3\ARM_GCC_541\Debug\Hovedprogram.a(CyBootAsmGnu.o)
                              .\CortexM3\ARM_GCC_541\Debug\cyfitter_cfg.o (CyDelayCycles)
.\CortexM3\ARM_GCC_541\Debug\Hovedprogram.a(CyFlash.o)
[...]
Memory Configuration

Name             Origin             Length             Attributes
rom              0x00000000         0x00040000         xr
ram              0x1fff8000         0x00010000         xrw
*default*        0x00000000         0xffffffff

Linker script and memory map

LOAD c:/program files (x86)/cypress/psoc creator/4.3/psoc creator/import/gnu/arm/5.4.1/bin/../lib/gcc/arm-none-eabi/5.4.1/armv7-m/crti.o
LOAD c:/program files (x86)/cypress/psoc creator/4.3/psoc creator/import/gnu/arm/5.4.1/bin/../lib/gcc/arm-none-eabi/5.4.1/armv7-m/crtbegin.o
LOAD c:/program files (x86)/cypress/psoc creator/4.3/psoc creator/import/gnu/arm/5.4.1/bin/../lib/gcc/arm-none-eabi/5.4.1/../../../../arm-none-eabi/lib/armv7-m/crt0.o
START GROUP
LOAD .\CortexM3\ARM_GCC_541\Debug\main.o
LOAD .\CortexM3\ARM_GCC_541\Debug\WeightSensors.o
LOAD .\CortexM3\ARM_GCC_541\Debug\UART.o
LOAD .\CortexM3\ARM_GCC_541\Debug\Startknap.o
LOAD .\CortexM3\ARM_GCC_541\Debug\States.o
LOAD .\CortexM3\ARM_GCC_541\Debug\Display.o
LOAD .\CortexM3\ARM_GCC_541\Debug\LiquidCrystal_I2C.o
LOAD .\CortexM3\ARM_GCC_541\Debug\Stopur.o
LOAD .\CortexM3\ARM_GCC_541\Debug\LEDcontrol.o
LOAD .\CortexM3\ARM_GCC_541\Debug\VT100Terminal.o
LOAD .\CortexM3\ARM_GCC_541\Debug\cyfitter_cfg.o
LOAD .\CortexM3\ARM_GCC_541\Debug\cymetadata.o
LOAD .\CortexM3\ARM_GCC_541\Debug\Cm3Start.o
LOAD .\CortexM3\ARM_GCC_541\Debug\Hovedprogram.a
LOAD C:\Program Files (x86)\Cypress\PSoC Creator\4.3\PSoC Creator\psoc\content\cycomponentlibrary\CyComponentLibrary.cylib\CortexM3\ARM_GCC_541\Debug\CyComponentLibrary.a
END GROUP
START GROUP
LOAD c:/program files (x86)/cypress/psoc creator/4.3/psoc creator/import/gnu/arm/5.4.1/bin/../lib/gcc/arm-none-eabi/5.4.1/armv7-m\libgcc.a
LOAD c:/program files (x86)/cypress/psoc creator/4.3/psoc creator/import/gnu/arm/5.4.1/bin/../lib/gcc/arm-none-eabi/5.4.1/../../../../arm-none-eabi/lib/armv7-m\libg_nano.a
LOAD c:/program files (x86)/cypress/psoc creator/4.3/psoc creator/import/gnu/arm/5.4.1/bin/../lib/gcc/arm-none-eabi/5.4.1/../../../../arm-none-eabi/lib/armv7-m\libc_nano.a
END GROUP
START GROUP
LOAD c:/program files (x86)/cypress/psoc creator/4.3/psoc creator/import/gnu/arm/5.4.1/bin/../lib/gcc/arm-none-eabi/5.4.1/armv7-m\libgcc.a
LOAD c:/program files (x86)/cypress/psoc creator/4.3/psoc creator/import/gnu/arm/5.4.1/bin/../lib/gcc/arm-none-eabi/5.4.1/../../../../arm-none-eabi/lib/armv7-m\libc_nano.a
END GROUP
LOAD c:/program files (x86)/cypress/psoc creator/4.3/psoc creator/import/gnu/arm/5.4.1/bin/../lib/gcc/arm-none-eabi/5.4.1/armv7-m/crtend.o
LOAD c:/program files (x86)/cypress/psoc creator/4.3/psoc creator/import/gnu/arm/5.4.1/bin/../lib/gcc/arm-none-eabi/5.4.1/armv7-m/crtn.o
START GROUP
LOAD c:/program files (x86)/cypress/psoc creator/4.3/psoc creator/import/gnu/arm/5.4.1/bin/../lib/gcc/arm-none-eabi/5.4.1/armv7-m\libgcc.a
LOAD c:/program files (x86)/cypress/psoc creator/4.3/psoc creator/import/gnu/arm/5.4.1/bin/../lib/gcc/arm-none-eabi/5.4.1/../../../../arm-none-eabi/lib/armv7-m\libc.a
LOAD c:/program files (x86)/cypress/psoc creator/4.3/psoc creator/import/gnu/arm/5.4.1/bin/../lib/gcc/arm-none-eabi/5.4.1/../../../../arm-none-eabi/lib/armv7-m\libnosys.a
END GROUP
                0x00000000                CY_APPL_ORIGIN = 0x0
                0x00000100                CY_FLASH_ROW_SIZE = 0x100
                0x00000020                CY_ECC_ROW_SIZE = 0x20
                0x00000000                CY_EE_IN_BTLDR = 0x0
                0x00000000                CY_APPL_LOADABLE = 0x0
                0x00000800                CY_EE_SIZE = 0x800
                0x00000001                CY_APPL_NUM = 0x1
                0x00000001                CY_APPL_MAX = 0x1
                0x00000040                CY_METADATA_SIZE = 0x40
                0x00000000                CY_APPL_LOADABLE = 0x0
                0x00000000                CY_CHECKSUM_EXCLUDE_SIZE = ALIGN (0x0, CY_FLASH_ROW_SIZE)
                [!provide]                PROVIDE (__cy_heap_start, _end)
                0x00000001                PROVIDE (__cy_region_num, ((__cy_regions_end - __cy_regions) / 0x10))
                0x20008000                PROVIDE (__cy_stack, (ORIGIN (ram) + LENGTH (ram)))
                [!provide]                PROVIDE (__cy_heap_end, (__cy_stack - 0x800))

.cybootloader   0x00000000        0x0
 *(.cybootloader)
                0x00000000                appl1_start = CY_APPL_ORIGIN?CY_APPL_ORIGIN:ALIGN (CY_FLASH_ROW_SIZE)
                0x0001ff00                appl2_start = (appl1_start + ALIGN ((((LENGTH (rom) - appl1_start) - (0x2 * CY_FLASH_ROW_SIZE)) / 0x2), CY_FLASH_ROW_SIZE))
                0x00000000                appl_start = (CY_APPL_NUM == 0x1)?appl1_start:appl2_start
                0x00000000                ecc_offset = ((appl_start / CY_FLASH_ROW_SIZE) * CY_ECC_ROW_SIZE)
                0x00000000                ee_offset = (CY_APPL_LOADABLE && ! (CY_EE_IN_BTLDR))?((CY_EE_SIZE / CY_APPL_MAX) * (CY_APPL_NUM - 0x1)):0x0
                0x00000800                ee_size = (CY_APPL_LOADABLE && ! (CY_EE_IN_BTLDR))?(CY_EE_SIZE / CY_APPL_MAX):CY_EE_SIZE
                [!provide]                PROVIDE (CY_ECC_OFFSET, ecc_offset)

.text           0x00000000     0x494c
 CREATE_OBJECT_SYMBOLS
                0x00000000                PROVIDE (__cy_interrupt_vector, RomVectors)
 *(.romvectors)
 .romvectors    0x00000000       0x10 .\CortexM3\ARM_GCC_541\Debug\Cm3Start.o
                0x00000000                RomVectors
                0x00000001                ASSERT ((. != __cy_interrupt_vector), No interrupt vector)
                0x00000001                ASSERT (CY_APPL_ORIGIN?(SIZEOF (.cybootloader) <= CY_APPL_ORIGIN):0x1, Wrong image location)
                0x00000010                PROVIDE (__cy_reset, Reset)
 *(.text.Reset)
 .text.Reset    0x00000010       0x18 .\CortexM3\ARM_GCC_541\Debug\Cm3Start.o
                0x00000010                Reset
                0x00000001                ASSERT ((. != __cy_reset), No reset code)
 *(.dma_init)
                0x00000001                ASSERT ((((appl_start + .) <= 0x10000) || 0x1), DMA Init must be within the first 64k of flash)
 *(.text .text.* .gnu.linkonce.t.*)
 .text          0x00000028       0x5c c:/program files (x86)/cypress/psoc creator/4.3/psoc creator/import/gnu/arm/5.4.1/bin/../lib/gcc/arm-none-eabi/5.4.1/armv7-m/crtbegin.o
 .text.main     0x00000084      0x6d4 .\CortexM3\ARM_GCC_541\Debug\main.o
                0x00000084                main
 .text.getWeight
                0x00000758       0xa4 .\CortexM3\ARM_GCC_541\Debug\WeightSensors.o
                0x00000758                getWeight
 *fill*         0x000007fc        0x4 
 .text.getCalWeight
                0x00000800       0xb8 .\CortexM3\ARM_GCC_541\Debug\WeightSensors.o
                0x00000800                getCalWeight
 .text.getWeightLoser
                0x000008b8       0x54 .\CortexM3\ARM_GCC_541\Debug\WeightSensors.o
                0x000008b8                getWeightLoser
 .text.WeightSensorsInit
                0x0000090c        0xc .\CortexM3\ARM_GCC_541\Debug\WeightSensors.o
                0x0000090c                WeightSensorsInit
 .text.CompareWeight
                0x00000918       0xb8 .\CortexM3\ARM_GCC_541\Debug\WeightSensors.o
                0x00000918                CompareWeight
 .text.CalibrateSensors
                0x000009d0       0x2c .\CortexM3\ARM_GCC_541\Debug\WeightSensors.o
                0x000009d0                CalibrateSensors
 .text.handleByteReceived
                0x000009fc       0x1c .\CortexM3\ARM_GCC_541\Debug\UART.o
                0x000009fc                handleByteReceived
 .text.ISR_UART_rx_handler
                0x00000a18       0x1c .\CortexM3\ARM_GCC_541\Debug\UART.o
                0x00000a18                ISR_UART_rx_handler
 .text.UARTprint
                0x00000a34       0x28 .\CortexM3\ARM_GCC_541\Debug\UART.o
                0x00000a34                UARTprint
 .text.clearTerm
                0x00000a5c       0x38 .\CortexM3\ARM_GCC_541\Debug\UART.o
                0x00000a5c                clearTerm
 .text.isr_button_handler
                0x00000a94        0xc .\CortexM3\ARM_GCC_541\Debug\Startknap.o
                0x00000a94                isr_button_handler
 .text.StartDisp
                0x00000aa0       0x64 .\CortexM3\ARM_GCC_541\Debug\Display.o
                0x00000aa0                StartDisp
 .text.initDisp
                0x00000b04       0x54 .\CortexM3\ARM_GCC_541\Debug\Display.o
                0x00000b04                initDisp
 .text.dispTime
                0x00000b58       0x58 .\CortexM3\ARM_GCC_541\Debug\Display.o
                0x00000b58                dispTime
 .text.isr_refreshrate_LCD
                0x00000bb0       0x3c .\CortexM3\ARM_GCC_541\Debug\Display.o
                0x00000bb0                isr_refreshrate_LCD
 .text.stopLCD  0x00000bec       0x1c .\CortexM3\ARM_GCC_541\Debug\Display.o
                0x00000bec                stopLCD
 .text.LiquidCrystal_I2C_init
                0x00000c08       0x30 .\CortexM3\ARM_GCC_541\Debug\LiquidCrystal_I2C.o
                0x00000c08                LiquidCrystal_I2C_init
 .text.I2C_M_write_byte
                0x00000c38       0x18 .\CortexM3\ARM_GCC_541\Debug\LiquidCrystal_I2C.o
                0x00000c38                I2C_M_write_byte
 .text.expanderWrite
                0x00000c50       0x1c .\CortexM3\ARM_GCC_541\Debug\LiquidCrystal_I2C.o
                0x00000c50                expanderWrite
 .text.pulseEnable
                0x00000c6c       0x24 .\CortexM3\ARM_GCC_541\Debug\LiquidCrystal_I2C.o
                0x00000c6c                pulseEnable
 .text.write4bits
                0x00000c90       0x10 .\CortexM3\ARM_GCC_541\Debug\LiquidCrystal_I2C.o
                0x00000c90                write4bits
 .text.send     0x00000ca0       0x20 .\CortexM3\ARM_GCC_541\Debug\LiquidCrystal_I2C.o
                0x00000ca0                send
 .text.command  0x00000cc0        0xc .\CortexM3\ARM_GCC_541\Debug\LiquidCrystal_I2C.o
                0x00000cc0                command
 .text.clearDisp
                0x00000ccc       0x10 .\CortexM3\ARM_GCC_541\Debug\LiquidCrystal_I2C.o
                0x00000ccc                clearDisp
 .text.home     0x00000cdc       0x10 .\CortexM3\ARM_GCC_541\Debug\LiquidCrystal_I2C.o
                0x00000cdc                home
 .text.setCursor
                0x00000cec       0x44 .\CortexM3\ARM_GCC_541\Debug\LiquidCrystal_I2C.o
                0x00000cec                setCursor
 .text.display  0x00000d30       0x1c .\CortexM3\ARM_GCC_541\Debug\LiquidCrystal_I2C.o
                0x00000d30                display
 .text.write    0x00000d4c        0xc .\CortexM3\ARM_GCC_541\Debug\LiquidCrystal_I2C.o
                0x00000d4c                write
 .text.LCD_print
                0x00000d58       0x20 .\CortexM3\ARM_GCC_541\Debug\LiquidCrystal_I2C.o
                0x00000d58                LCD_print
 .text.begin    0x00000d78       0xb4 .\CortexM3\ARM_GCC_541\Debug\LiquidCrystal_I2C.o
                0x00000d78                begin
 .text.setaddress
                0x00000e2c        0xc .\CortexM3\ARM_GCC_541\Debug\LiquidCrystal_I2C.o
                0x00000e2c                setaddress
 .text.startTimer
                0x00000e38        0x8 .\CortexM3\ARM_GCC_541\Debug\Stopur.o
                0x00000e38                startTimer
 .text.stopTimer
                0x00000e40        0x8 .\CortexM3\ARM_GCC_541\Debug\Stopur.o
                0x00000e40                stopTimer
 .text.isr_timer
                0x00000e48       0x20 .\CortexM3\ARM_GCC_541\Debug\Stopur.o
                0x00000e48                isr_timer
 .text.getTime  0x00000e68       0x10 .\CortexM3\ARM_GCC_541\Debug\Stopur.o
                0x00000e68                getTime
 .text.clearTimer
                0x00000e78        0xc .\CortexM3\ARM_GCC_541\Debug\Stopur.o
                0x00000e78                clearTimer
 .text.timeout  0x00000e84       0x18 .\CortexM3\ARM_GCC_541\Debug\Stopur.o
                0x00000e84                timeout
 .text.setrefreshrate
                0x00000e9c       0x30 .\CortexM3\ARM_GCC_541\Debug\LEDcontrol.o
                0x00000e9c                setrefreshrate
 .text.setspeed
                0x00000ecc       0x2c .\CortexM3\ARM_GCC_541\Debug\LEDcontrol.o
                0x00000ecc                setspeed
 .text.hsv2rgb  0x00000ef8      0x234 .\CortexM3\ARM_GCC_541\Debug\LEDcontrol.o
                0x00000ef8                hsv2rgb
 .text.UpdateLED
                0x0000112c       0x54 .\CortexM3\ARM_GCC_541\Debug\LEDcontrol.o
                0x0000112c                UpdateLED
 .text.isr_refreshrate
                0x00001180       0x38 .\CortexM3\ARM_GCC_541\Debug\LEDcontrol.o
                0x00001180                isr_refreshrate
 .text.setcolorLED
                0x000011b8      0x134 .\CortexM3\ARM_GCC_541\Debug\LEDcontrol.o
                0x000011b8                setcolorLED
 .text.fillcolor
                0x000012ec       0x3c .\CortexM3\ARM_GCC_541\Debug\LEDcontrol.o
                0x000012ec                fillcolor
 .text.isr_LED_pulse
                0x00001328      0x128 .\CortexM3\ARM_GCC_541\Debug\LEDcontrol.o
                0x00001328                isr_LED_pulse
 .text.isr_BlinkLED
                0x00001450       0xbc .\CortexM3\ARM_GCC_541\Debug\LEDcontrol.o
                0x00001450                isr_BlinkLED
 .text.isr_LED_ring
                0x0000150c      0x10c .\CortexM3\ARM_GCC_541\Debug\LEDcontrol.o
                0x0000150c                isr_LED_ring
 .text.LEDOff   0x00001618       0x14 .\CortexM3\ARM_GCC_541\Debug\LEDcontrol.o
                0x00001618                LEDOff
 .text.addLEDstrip
                0x0000162c       0x48 .\CortexM3\ARM_GCC_541\Debug\LEDcontrol.o
                0x0000162c                addLEDstrip
 .text.initLED  0x00001674       0x7c .\CortexM3\ARM_GCC_541\Debug\LEDcontrol.o
                0x00001674                initLED
 .text.pulseLED
                0x000016f0       0x48 .\CortexM3\ARM_GCC_541\Debug\LEDcontrol.o
                0x000016f0                pulseLED
 .text.ringLED  0x00001738       0x4c .\CortexM3\ARM_GCC_541\Debug\LEDcontrol.o
                0x00001738                ringLED
 .text.BlinkLED
                0x00001784       0x44 .\CortexM3\ARM_GCC_541\Debug\LEDcontrol.o
                0x00001784                BlinkLED
 .text.idleSeq  0x000017c8       0x3c .\CortexM3\ARM_GCC_541\Debug\LEDcontrol.o
                0x000017c8                idleSeq
 *fill*         0x00001804        0x4 
 .text.loserSeq
                0x00001808       0x38 .\CortexM3\ARM_GCC_541\Debug\LEDcontrol.o
                0x00001808                loserSeq
 .text.checkSeq
                0x00001840       0x2c .\CortexM3\ARM_GCC_541\Debug\LEDcontrol.o
                0x00001840                checkSeq
 .text.weightapprovedSeq
                0x0000186c       0x28 .\CortexM3\ARM_GCC_541\Debug\LEDcontrol.o
                0x0000186c                weightapprovedSeq
 *fill*         0x00001894        0x4 
 .text.startSeq
                0x00001898      0x15c .\CortexM3\ARM_GCC_541\Debug\LEDcontrol.o
                0x00001898                startSeq
 .text.isr_delay
                0x000019f4       0x18 .\CortexM3\ARM_GCC_541\Debug\LEDcontrol.o
                0x000019f4                isr_delay
 *fill*         0x00001a0c        0x4 
 .text.errorSeq
                0x00001a10       0x38 .\CortexM3\ARM_GCC_541\Debug\LEDcontrol.o
                0x00001a10                errorSeq
 .text.winnerSeq
                0x00001a48       0x28 .\CortexM3\ARM_GCC_541\Debug\LEDcontrol.o
                0x00001a48                winnerSeq
 .text.delline  0x00001a70       0x1c .\CortexM3\ARM_GCC_541\Debug\VT100Terminal.o
                0x00001a70                delline
 .text.movecursor
                0x00001a8c       0x34 .\CortexM3\ARM_GCC_541\Debug\VT100Terminal.o
                0x00001a8c                movecursor
 .text.CyClockStartupError
                0x00001ac0        0x4 .\CortexM3\ARM_GCC_541\Debug\cyfitter_cfg.o
 .text.cfg_write_bytes32
                0x00001ac4       0x34 .\CortexM3\ARM_GCC_541\Debug\cyfitter_cfg.o
 .text.CYMEMZERO
                0x00001af8        0xc .\CortexM3\ARM_GCC_541\Debug\cyfitter_cfg.o
 .text.AnalogSetDefault
                0x00001b04       0x6c .\CortexM3\ARM_GCC_541\Debug\cyfitter_cfg.o
 .text.CYCONFIGCPY
                0x00001b70        0x8 .\CortexM3\ARM_GCC_541\Debug\cyfitter_cfg.o
 .text.ClockSetup
                0x00001b78       0xfc .\CortexM3\ARM_GCC_541\Debug\cyfitter_cfg.o
 .text.PlayerSelect_Set
                0x00001c74       0x1c .\CortexM3\ARM_GCC_541\Debug\cyfitter_cfg.o
                0x00001c74                PlayerSelect_Set
 .text.PlayerSelect_Unset
                0x00001c90       0x1c .\CortexM3\ARM_GCC_541\Debug\cyfitter_cfg.o
                0x00001c90                PlayerSelect_Unset
 .text.cyfitter_cfg
                0x00001cac      0x120 .\CortexM3\ARM_GCC_541\Debug\cyfitter_cfg.o
                0x00001cac                cyfitter_cfg
 .text.IntDefaultHandler
                0x00001dcc       0x10 .\CortexM3\ARM_GCC_541\Debug\Cm3Start.o
                0x00001dcc                IntDefaultHandler
 .text._sbrk    0x00001ddc       0x30 .\CortexM3\ARM_GCC_541\Debug\Cm3Start.o
                0x00001ddc                _sbrk
 .text.Start_c  0x00001e0c       0x4c .\CortexM3\ARM_GCC_541\Debug\Cm3Start.o
                0x00001e0c                Start_c
 .text.initialize_psoc
                0x00001e58       0x68 .\CortexM3\ARM_GCC_541\Debug\Cm3Start.o
                0x00001e58                initialize_psoc
 .text.SPIM_1_Enable
                0x00001ec0       0x34 .\CortexM3\ARM_GCC_541\Debug\Hovedprogram.a(SPIM_1.o)
                0x00001ec0                SPIM_1_Enable
 .text.SPIM_1_ReadTxStatus
                0x00001ef4        0xc .\CortexM3\ARM_GCC_541\Debug\Hovedprogram.a(SPIM_1.o)
                0x00001ef4                SPIM_1_ReadTxStatus
 .text.SPIM_1_ReadRxStatus
                0x00001f00        0xc .\CortexM3\ARM_GCC_541\Debug\Hovedprogram.a(SPIM_1.o)
                0x00001f00                SPIM_1_ReadRxStatus
 .text.SPIM_1_WriteTxData
                0x00001f0c       0x18 .\CortexM3\ARM_GCC_541\Debug\Hovedprogram.a(SPIM_1.o)
                0x00001f0c                SPIM_1_WriteTxData
 .text.SPIM_1_ClearFIFO
                0x00001f24       0x4c .\CortexM3\ARM_GCC_541\Debug\Hovedprogram.a(SPIM_1.o)
                0x00001f24                SPIM_1_ClearFIFO
 .text.SPIM_1_Init
                0x00001f70       0x28 .\CortexM3\ARM_GCC_541\Debug\Hovedprogram.a(SPIM_1.o)
                0x00001f70                SPIM_1_Init
 .text.SPIM_1_Start
                0x00001f98       0x1c .\CortexM3\ARM_GCC_541\Debug\Hovedprogram.a(SPIM_1.o)
                0x00001f98                SPIM_1_Start
 .text.Timer1_Enable
                0x00001fb4       0x10 .\CortexM3\ARM_GCC_541\Debug\Hovedprogram.a(Timer1.o)
                0x00001fb4                Timer1_Enable
 .text.Timer1_Stop
                0x00001fc4       0x10 .\CortexM3\ARM_GCC_541\Debug\Hovedprogram.a(Timer1.o)
                0x00001fc4                Timer1_Stop
 .text.Timer1_SetInterruptMode
                0x00001fd4        0xc .\CortexM3\ARM_GCC_541\Debug\Hovedprogram.a(Timer1.o)
                0x00001fd4                Timer1_SetInterruptMode
 .text.Timer1_ReadStatusRegister
                0x00001fe0        0xc .\CortexM3\ARM_GCC_541\Debug\Hovedprogram.a(Timer1.o)
                0x00001fe0                Timer1_ReadStatusRegister
 .text.Timer1_WritePeriod
                0x00001fec        0xc .\CortexM3\ARM_GCC_541\Debug\Hovedprogram.a(Timer1.o)
                0x00001fec                Timer1_WritePeriod
 .text.Timer1_ReadCapture
                0x00001ff8        0xc .\CortexM3\ARM_GCC_541\Debug\Hovedprogram.a(Timer1.o)
                0x00001ff8                Timer1_ReadCapture
 .text.Timer1_WriteCounter
                0x00002004        0xc .\CortexM3\ARM_GCC_541\Debug\Hovedprogram.a(Timer1.o)
                0x00002004                Timer1_WriteCounter
 .text.Timer1_ClearFIFO
                0x00002010       0x14 .\CortexM3\ARM_GCC_541\Debug\Hovedprogram.a(Timer1.o)
                0x00002010                Timer1_ClearFIFO
 .text.Timer1_Init
                0x00002024       0x34 .\CortexM3\ARM_GCC_541\Debug\Hovedprogram.a(Timer1.o)
                0x00002024                Timer1_Init
 .text.Timer1_Start
                0x00002058       0x1c .\CortexM3\ARM_GCC_541\Debug\Hovedprogram.a(Timer1.o)
                0x00002058                Timer1_Start
 .text.isr_LED_refreshrate_SetVector
                0x00002074        0xc .\CortexM3\ARM_GCC_541\Debug\Hovedprogram.a(isr_LED_refreshrate.o)
                0x00002074                isr_LED_refreshrate_SetVector
 .text.isr_LED_refreshrate_SetPriority
                0x00002080       0x10 .\CortexM3\ARM_GCC_541\Debug\Hovedprogram.a(isr_LED_refreshrate.o)
                0x00002080                isr_LED_refreshrate_SetPriority
 .text.isr_LED_refreshrate_Enable
                0x00002090        0xc .\CortexM3\ARM_GCC_541\Debug\Hovedprogram.a(isr_LED_refreshrate.o)
                0x00002090                isr_LED_refreshrate_Enable
 .text.isr_LED_refreshrate_Disable
                0x0000209c        0xc .\CortexM3\ARM_GCC_541\Debug\Hovedprogram.a(isr_LED_refreshrate.o)
                0x0000209c                isr_LED_refreshrate_Disable
 .text.isr_LED_refreshrate_StartEx
                0x000020a8       0x1c .\CortexM3\ARM_GCC_541\Debug\Hovedprogram.a(isr_LED_refreshrate.o)
                0x000020a8                isr_LED_refreshrate_StartEx
 .text.Timer2_Enable
                0x000020c4       0x10 .\CortexM3\ARM_GCC_541\Debug\Hovedprogram.a(Timer2.o)
                0x000020c4                Timer2_Enable
 .text.Timer2_SetInterruptMode
                0x000020d4        0xc .\CortexM3\ARM_GCC_541\Debug\Hovedprogram.a(Timer2.o)
                0x000020d4                Timer2_SetInterruptMode
 .text.Timer2_ReadStatusRegister
                0x000020e0        0xc .\CortexM3\ARM_GCC_541\Debug\Hovedprogram.a(Timer2.o)
                0x000020e0                Timer2_ReadStatusRegister
 .text.Timer2_WritePeriod
                0x000020ec        0xc .\CortexM3\ARM_GCC_541\Debug\Hovedprogram.a(Timer2.o)
                0x000020ec                Timer2_WritePeriod
 .text.Timer2_ReadCapture
                0x000020f8        0xc .\CortexM3\ARM_GCC_541\Debug\Hovedprogram.a(Timer2.o)
                0x000020f8                Timer2_ReadCapture
 .text.Timer2_WriteCounter
                0x00002104        0xc .\CortexM3\ARM_GCC_541\Debug\Hovedprogram.a(Timer2.o)
                0x00002104                Timer2_WriteCounter
 .text.Timer2_ClearFIFO
                0x00002110       0x14 .\CortexM3\ARM_GCC_541\Debug\Hovedprogram.a(Timer2.o)
                0x00002110                Timer2_ClearFIFO
 .text.Timer2_Init
                0x00002124       0x34 .\CortexM3\ARM_GCC_541\Debug\Hovedprogram.a(Timer2.o)
                0x00002124                Timer2_Init
 .text.Timer2_Start
                0x00002158       0x1c .\CortexM3\ARM_GCC_541\Debug\Hovedprogram.a(Timer2.o)
                0x00002158                Timer2_Start
 .text.isr_LED_pulse_SetVector
                0x00002174        0xc .\CortexM3\ARM_GCC_541\Debug\Hovedprogram.a(isr_LED_pulse.o)
                0x00002174                isr_LED_pulse_SetVector
 .text.isr_LED_pulse_SetPriority
                0x00002180       0x10 .\CortexM3\ARM_GCC_541\Debug\Hovedprogram.a(isr_LED_pulse.o)
                0x00002180                isr_LED_pulse_SetPriority
 .text.isr_LED_pulse_Enable
                0x00002190        0xc .\CortexM3\ARM_GCC_541\Debug\Hovedprogram.a(isr_LED_pulse.o)
                0x00002190                isr_LED_pulse_Enable
 .text.isr_LED_pulse_Disable
                0x0000219c        0xc .\CortexM3\ARM_GCC_541\Debug\Hovedprogram.a(isr_LED_pulse.o)
                0x0000219c                isr_LED_pulse_Disable
 .text.isr_LED_pulse_StartEx
                0x000021a8       0x1c .\CortexM3\ARM_GCC_541\Debug\Hovedprogram.a(isr_LED_pulse.o)
                0x000021a8                isr_LED_pulse_StartEx
 .text.Timer3_Enable
                0x000021c4       0x10 .\CortexM3\ARM_GCC_541\Debug\Hovedprogram.a(Timer3.o)
                0x000021c4                Timer3_Enable
 .text.Timer3_SetInterruptMode
                0x000021d4        0xc .\CortexM3\ARM_GCC_541\Debug\Hovedprogram.a(Timer3.o)
                0x000021d4                Timer3_SetInterruptMode
 .text.Timer3_ReadStatusRegister
                0x000021e0        0xc .\CortexM3\ARM_GCC_541\Debug\Hovedprogram.a(Timer3.o)
                0x000021e0                Timer3_ReadStatusRegister
 .text.Timer3_WritePeriod
                0x000021ec        0xc .\CortexM3\ARM_GCC_541\Debug\Hovedprogram.a(Timer3.o)
                0x000021ec                Timer3_WritePeriod
 .text.Timer3_ReadCapture
                0x000021f8        0xc .\CortexM3\ARM_GCC_541\Debug\Hovedprogram.a(Timer3.o)
                0x000021f8                Timer3_ReadCapture
 .text.Timer3_WriteCounter
                0x00002204        0xc .\CortexM3\ARM_GCC_541\Debug\Hovedprogram.a(Timer3.o)
                0x00002204                Timer3_WriteCounter
 .text.Timer3_ClearFIFO
                0x00002210       0x14 .\CortexM3\ARM_GCC_541\Debug\Hovedprogram.a(Timer3.o)
                0x00002210                Timer3_ClearFIFO
 .text.Timer3_Init
                0x00002224       0x34 .\CortexM3\ARM_GCC_541\Debug\Hovedprogram.a(Timer3.o)
                0x00002224                Timer3_Init
 .text.Timer3_Start
                0x00002258       0x1c .\CortexM3\ARM_GCC_541\Debug\Hovedprogram.a(Timer3.o)
                0x00002258                Timer3_Start
 .text.isr_LED_ring_SetVector
                0x00002274        0xc .\CortexM3\ARM_GCC_541\Debug\Hovedprogram.a(isr_LED_ring.o)
                0x00002274                isr_LED_ring_SetVector
 .text.isr_LED_ring_SetPriority
                0x00002280       0x10 .\CortexM3\ARM_GCC_541\Debug\Hovedprogram.a(isr_LED_ring.o)
                0x00002280                isr_LED_ring_SetPriority
 .text.isr_LED_ring_Enable
                0x00002290        0xc .\CortexM3\ARM_GCC_541\Debug\Hovedprogram.a(isr_LED_ring.o)
                0x00002290                isr_LED_ring_Enable
 .text.isr_LED_ring_Disable
                0x0000229c        0xc .\CortexM3\ARM_GCC_541\Debug\Hovedprogram.a(isr_LED_ring.o)
                0x0000229c                isr_LED_ring_Disable
 .text.isr_LED_ring_StartEx
                0x000022a8       0x1c .\CortexM3\ARM_GCC_541\Debug\Hovedprogram.a(isr_LED_ring.o)
                0x000022a8                isr_LED_ring_StartEx
 .text.ADC_SAR_1_CalcGain
                0x000022c4       0x5c .\CortexM3\ARM_GCC_541\Debug\Hovedprogram.a(ADC_SAR_1.o)
 .text.ADC_SAR_1_Enable
                0x00002320       0x94 .\CortexM3\ARM_GCC_541\Debug\Hovedprogram.a(ADC_SAR_1.o)
                0x00002320                ADC_SAR_1_Enable
 .text.ADC_SAR_1_SetResolution
                0x000023b4       0x38 .\CortexM3\ARM_GCC_541\Debug\Hovedprogram.a(ADC_SAR_1.o)
                0x000023b4                ADC_SAR_1_SetResolution
 .text.ADC_SAR_1_Init
                0x000023ec       0x3c .\CortexM3\ARM_GCC_541\Debug\Hovedprogram.a(ADC_SAR_1.o)
                0x000023ec                ADC_SAR_1_Init
 .text.ADC_SAR_1_Start
                0x00002428       0x1c .\CortexM3\ARM_GCC_541\Debug\Hovedprogram.a(ADC_SAR_1.o)
                0x00002428                ADC_SAR_1_Start
 .text.ADC_SAR_1_StartConvert
                0x00002444       0x10 .\CortexM3\ARM_GCC_541\Debug\Hovedprogram.a(ADC_SAR_1.o)
                0x00002444                ADC_SAR_1_StartConvert
 .text.ADC_SAR_1_IsEndConversion
                0x00002454       0x24 .\CortexM3\ARM_GCC_541\Debug\Hovedprogram.a(ADC_SAR_1.o)
                0x00002454                ADC_SAR_1_IsEndConversion
 .text.ADC_SAR_1_GetResult16
                0x00002478       0x18 .\CortexM3\ARM_GCC_541\Debug\Hovedprogram.a(ADC_SAR_1.o)
                0x00002478                ADC_SAR_1_GetResult16
 .text.ADC_SAR_1_CountsTo_mVolts
                0x00002490       0x58 .\CortexM3\ARM_GCC_541\Debug\Hovedprogram.a(ADC_SAR_1.o)
                0x00002490                ADC_SAR_1_CountsTo_mVolts
 .text.ADC_SAR_1_ISR
                0x000024e8        0x4 .\CortexM3\ARM_GCC_541\Debug\Hovedprogram.a(ADC_SAR_1_INT.o)
                0x000024e8                ADC_SAR_1_ISR
 .text.UART_1_Init
                0x000024ec       0x24 .\CortexM3\ARM_GCC_541\Debug\Hovedprogram.a(UART_1.o)
                0x000024ec                UART_1_Init
 .text.UART_1_Enable
                0x00002510       0x38 .\CortexM3\ARM_GCC_541\Debug\Hovedprogram.a(UART_1.o)
                0x00002510                UART_1_Enable
 .text.UART_1_Start
                0x00002548       0x1c .\CortexM3\ARM_GCC_541\Debug\Hovedprogram.a(UART_1.o)
                0x00002548                UART_1_Start
 .text.UART_1_ReadRxData
                0x00002564        0xc .\CortexM3\ARM_GCC_541\Debug\Hovedprogram.a(UART_1.o)
                0x00002564                UART_1_ReadRxData
 .text.UART_1_GetRxBufferSize
                0x00002570       0x18 .\CortexM3\ARM_GCC_541\Debug\Hovedprogram.a(UART_1.o)
                0x00002570                UART_1_GetRxBufferSize
 .text.UART_1_PutChar
                0x00002588       0x18 .\CortexM3\ARM_GCC_541\Debug\Hovedprogram.a(UART_1.o)
                0x00002588                UART_1_PutChar
 .text.UART_1_PutString
                0x000025a0       0x24 .\CortexM3\ARM_GCC_541\Debug\Hovedprogram.a(UART_1.o)
                0x000025a0                UART_1_PutString
 .text.isr_uart_rx_SetVector
                0x000025c4        0xc .\CortexM3\ARM_GCC_541\Debug\Hovedprogram.a(isr_uart_rx.o)
                0x000025c4                isr_uart_rx_SetVector
 .text.isr_uart_rx_SetPriority
                0x000025d0       0x10 .\CortexM3\ARM_GCC_541\Debug\Hovedprogram.a(isr_uart_rx.o)
                0x000025d0                isr_uart_rx_SetPriority
 .text.isr_uart_rx_Enable
                0x000025e0       0x10 .\CortexM3\ARM_GCC_541\Debug\Hovedprogram.a(isr_uart_rx.o)
                0x000025e0                isr_uart_rx_Enable
 .text.isr_uart_rx_Disable
                0x000025f0       0x10 .\CortexM3\ARM_GCC_541\Debug\Hovedprogram.a(isr_uart_rx.o)
                0x000025f0                isr_uart_rx_Disable
 .text.isr_uart_rx_StartEx
                0x00002600       0x1c .\CortexM3\ARM_GCC_541\Debug\Hovedprogram.a(isr_uart_rx.o)
                0x00002600                isr_uart_rx_StartEx
 .text.SPIM_1_IntClock_Start
                0x0000261c       0x1c .\CortexM3\ARM_GCC_541\Debug\Hovedprogram.a(SPIM_1_IntClock.o)
                0x0000261c                SPIM_1_IntClock_Start
 .text.ADC_SAR_1_theACLK_SetModeRegister
                0x00002638       0x14 .\CortexM3\ARM_GCC_541\Debug\Hovedprogram.a(ADC_SAR_1_theACLK.o)
                0x00002638                ADC_SAR_1_theACLK_SetModeRegister
 .text.UART_1_IntClock_Start
                0x0000264c       0x1c .\CortexM3\ARM_GCC_541\Debug\Hovedprogram.a(UART_1_IntClock.o)
                0x0000264c                UART_1_IntClock_Start
 .text.CyHalt   0x00002668        0x4 .\CortexM3\ARM_GCC_541\Debug\Hovedprogram.a(CyLib.o)
                0x00002668                CyHalt
 .text.CyDelay  0x0000266c       0x2c .\CortexM3\ARM_GCC_541\Debug\Hovedprogram.a(CyLib.o)
                0x0000266c                CyDelay
 .text.CyDelayUs
                0x00002698       0x14 .\CortexM3\ARM_GCC_541\Debug\Hovedprogram.a(CyLib.o)
                0x00002698                CyDelayUs
 .text.CyIntSetVector
                0x000026ac       0x28 .\CortexM3\ARM_GCC_541\Debug\Hovedprogram.a(CyLib.o)
                0x000026ac                CyIntSetVector
 .text.CyIntSetPriority
                0x000026d4       0x30 .\CortexM3\ARM_GCC_541\Debug\Hovedprogram.a(CyLib.o)
                0x000026d4                CyIntSetPriority
 .text.PlayerSelect_Start
                0x00002704       0x20 .\CortexM3\ARM_GCC_541\Debug\Hovedprogram.a(PlayerSelect.o)
                0x00002704                PlayerSelect_Start
 .text.PlayerSelect_FastSelect
                0x00002724       0x20 .\CortexM3\ARM_GCC_541\Debug\Hovedprogram.a(PlayerSelect.o)
                0x00002724                PlayerSelect_FastSelect
 .text.isr_button_SetVector
                0x00002744        0xc .\CortexM3\ARM_GCC_541\Debug\Hovedprogram.a(isr_button.o)
                0x00002744                isr_button_SetVector
 .text.isr_button_SetPriority
                0x00002750       0x10 .\CortexM3\ARM_GCC_541\Debug\Hovedprogram.a(isr_button.o)
                0x00002750                isr_button_SetPriority
 .text.isr_button_Enable
                0x00002760        0xc .\CortexM3\ARM_GCC_541\Debug\Hovedprogram.a(isr_button.o)
                0x00002760                isr_button_Enable
 .text.isr_button_Disable
                0x0000276c        0xc .\CortexM3\ARM_GCC_541\Debug\Hovedprogram.a(isr_button.o)
                0x0000276c                isr_button_Disable
 .text.isr_button_StartEx
                0x00002778       0x1c .\CortexM3\ARM_GCC_541\Debug\Hovedprogram.a(isr_button.o)
                0x00002778                isr_button_StartEx
 .text.SPIMOutCtrl_Write
                0x00002794        0xc .\CortexM3\ARM_GCC_541\Debug\Hovedprogram.a(SPIMOutCtrl.o)
                0x00002794                SPIMOutCtrl_Write
 .text.I2C_1_Init
                0x000027a0       0x68 .\CortexM3\ARM_GCC_541\Debug\Hovedprogram.a(I2C_1.o)
                0x000027a0                I2C_1_Init
 .text.I2C_1_Enable
                0x00002808       0x24 .\CortexM3\ARM_GCC_541\Debug\Hovedprogram.a(I2C_1.o)
                0x00002808                I2C_1_Enable
 .text.I2C_1_Start
                0x0000282c       0x28 .\CortexM3\ARM_GCC_541\Debug\Hovedprogram.a(I2C_1.o)
                0x0000282c                I2C_1_Start
 .text.I2C_1_ISR
                0x00002854      0x2d0 .\CortexM3\ARM_GCC_541\Debug\Hovedprogram.a(I2C_1_INT.o)
                0x00002854                I2C_1_ISR
 .text.I2C_1_MasterSendStart
                0x00002b24       0x80 .\CortexM3\ARM_GCC_541\Debug\Hovedprogram.a(I2C_1_MASTER.o)
                0x00002b24                I2C_1_MasterSendStart
 .text.I2C_1_MasterSendStop
                0x00002ba4       0x38 .\CortexM3\ARM_GCC_541\Debug\Hovedprogram.a(I2C_1_MASTER.o)
                0x00002ba4                I2C_1_MasterSendStop
 .text.I2C_1_MasterWriteByte
                0x00002bdc       0x58 .\CortexM3\ARM_GCC_541\Debug\Hovedprogram.a(I2C_1_MASTER.o)
                0x00002bdc                I2C_1_MasterWriteByte
 .text.Timer_Stopur_Enable
                0x00002c34       0x10 .\CortexM3\ARM_GCC_541\Debug\Hovedprogram.a(Timer_Stopur.o)
                0x00002c34                Timer_Stopur_Enable
 .text.Timer_Stopur_Stop
                0x00002c44       0x10 .\CortexM3\ARM_GCC_541\Debug\Hovedprogram.a(Timer_Stopur.o)
                0x00002c44                Timer_Stopur_Stop
 .text.Timer_Stopur_SetInterruptMode
                0x00002c54        0xc .\CortexM3\ARM_GCC_541\Debug\Hovedprogram.a(Timer_Stopur.o)
                0x00002c54                Timer_Stopur_SetInterruptMode
 .text.Timer_Stopur_ReadStatusRegister
                0x00002c60        0xc .\CortexM3\ARM_GCC_541\Debug\Hovedprogram.a(Timer_Stopur.o)
                0x00002c60                Timer_Stopur_ReadStatusRegister
 .text.Timer_Stopur_WritePeriod
                0x00002c6c        0xc .\CortexM3\ARM_GCC_541\Debug\Hovedprogram.a(Timer_Stopur.o)
                0x00002c6c                Timer_Stopur_WritePeriod
 .text.Timer_Stopur_ReadCapture
                0x00002c78        0xc .\CortexM3\ARM_GCC_541\Debug\Hovedprogram.a(Timer_Stopur.o)
                0x00002c78                Timer_Stopur_ReadCapture
 .text.Timer_Stopur_WriteCounter
                0x00002c84        0xc .\CortexM3\ARM_GCC_541\Debug\Hovedprogram.a(Timer_Stopur.o)
                0x00002c84                Timer_Stopur_WriteCounter
 .text.Timer_Stopur_ClearFIFO
                0x00002c90       0x14 .\CortexM3\ARM_GCC_541\Debug\Hovedprogram.a(Timer_Stopur.o)
                0x00002c90                Timer_Stopur_ClearFIFO
 .text.Timer_Stopur_Init
                0x00002ca4       0x34 .\CortexM3\ARM_GCC_541\Debug\Hovedprogram.a(Timer_Stopur.o)
                0x00002ca4                Timer_Stopur_Init
 .text.Timer_Stopur_Start
                0x00002cd8       0x1c .\CortexM3\ARM_GCC_541\Debug\Hovedprogram.a(Timer_Stopur.o)
                0x00002cd8                Timer_Stopur_Start
 .text.isr_timer_SetVector
                0x00002cf4        0xc .\CortexM3\ARM_GCC_541\Debug\Hovedprogram.a(isr_timer.o)
                0x00002cf4                isr_timer_SetVector
 .text.isr_timer_SetPriority
                0x00002d00       0x10 .\CortexM3\ARM_GCC_541\Debug\Hovedprogram.a(isr_timer.o)
                0x00002d00                isr_timer_SetPriority
 .text.isr_timer_Enable
                0x00002d10       0x10 .\CortexM3\ARM_GCC_541\Debug\Hovedprogram.a(isr_timer.o)
                0x00002d10                isr_timer_Enable
 .text.isr_timer_Disable
                0x00002d20       0x10 .\CortexM3\ARM_GCC_541\Debug\Hovedprogram.a(isr_timer.o)
                0x00002d20                isr_timer_Disable
 .text.isr_timer_StartEx
                0x00002d30       0x1c .\CortexM3\ARM_GCC_541\Debug\Hovedprogram.a(isr_timer.o)
                0x00002d30                isr_timer_StartEx
 .text.Timer_LCD_Enable
                0x00002d4c       0x10 .\CortexM3\ARM_GCC_541\Debug\Hovedprogram.a(Timer_LCD.o)
                0x00002d4c                Timer_LCD_Enable
 .text.Timer_LCD_Stop
                0x00002d5c       0x10 .\CortexM3\ARM_GCC_541\Debug\Hovedprogram.a(Timer_LCD.o)
                0x00002d5c                Timer_LCD_Stop
 .text.Timer_LCD_SetInterruptMode
                0x00002d6c        0xc .\CortexM3\ARM_GCC_541\Debug\Hovedprogram.a(Timer_LCD.o)
                0x00002d6c                Timer_LCD_SetInterruptMode
 .text.Timer_LCD_ReadStatusRegister
                0x00002d78        0xc .\CortexM3\ARM_GCC_541\Debug\Hovedprogram.a(Timer_LCD.o)
                0x00002d78                Timer_LCD_ReadStatusRegister
 .text.Timer_LCD_WritePeriod
                0x00002d84        0xc .\CortexM3\ARM_GCC_541\Debug\Hovedprogram.a(Timer_LCD.o)
                0x00002d84                Timer_LCD_WritePeriod
 .text.Timer_LCD_ReadCapture
                0x00002d90        0xc .\CortexM3\ARM_GCC_541\Debug\Hovedprogram.a(Timer_LCD.o)
                0x00002d90                Timer_LCD_ReadCapture
 .text.Timer_LCD_WriteCounter
                0x00002d9c        0xc .\CortexM3\ARM_GCC_541\Debug\Hovedprogram.a(Timer_LCD.o)
                0x00002d9c                Timer_LCD_WriteCounter
 .text.Timer_LCD_ClearFIFO
                0x00002da8       0x14 .\CortexM3\ARM_GCC_541\Debug\Hovedprogram.a(Timer_LCD.o)
                0x00002da8                Timer_LCD_ClearFIFO
 .text.Timer_LCD_Init
                0x00002dbc       0x30 .\CortexM3\ARM_GCC_541\Debug\Hovedprogram.a(Timer_LCD.o)
                0x00002dbc                Timer_LCD_Init
 .text.Timer_LCD_Start
                0x00002dec       0x1c .\CortexM3\ARM_GCC_541\Debug\Hovedprogram.a(Timer_LCD.o)
                0x00002dec                Timer_LCD_Start
 .text.isr_refreshrate_LCD_SetVector
                0x00002e08        0xc .\CortexM3\ARM_GCC_541\Debug\Hovedprogram.a(isr_refreshrate_LCD.o)
                0x00002e08                isr_refreshrate_LCD_SetVector
 .text.isr_refreshrate_LCD_SetPriority
                0x00002e14       0x10 .\CortexM3\ARM_GCC_541\Debug\Hovedprogram.a(isr_refreshrate_LCD.o)
                0x00002e14                isr_refreshrate_LCD_SetPriority
 .text.isr_refreshrate_LCD_Enable
                0x00002e24        0xc .\CortexM3\ARM_GCC_541\Debug\Hovedprogram.a(isr_refreshrate_LCD.o)
                0x00002e24                isr_refreshrate_LCD_Enable
 .text.isr_refreshrate_LCD_Disable
                0x00002e30        0xc .\CortexM3\ARM_GCC_541\Debug\Hovedprogram.a(isr_refreshrate_LCD.o)
                0x00002e30                isr_refreshrate_LCD_Disable
 .text.isr_refreshrate_LCD_StartEx
                0x00002e3c       0x1c .\CortexM3\ARM_GCC_541\Debug\Hovedprogram.a(isr_refreshrate_LCD.o)
                0x00002e3c                isr_refreshrate_LCD_StartEx
 .text.Timer4_Enable
                0x00002e58       0x10 .\CortexM3\ARM_GCC_541\Debug\Hovedprogram.a(Timer4.o)
                0x00002e58                Timer4_Enable
 .text.Timer4_SetInterruptMode
                0x00002e68        0xc .\CortexM3\ARM_GCC_541\Debug\Hovedprogram.a(Timer4.o)
                0x00002e68                Timer4_SetInterruptMode
 .text.Timer4_ReadStatusRegister
                0x00002e74        0xc .\CortexM3\ARM_GCC_541\Debug\Hovedprogram.a(Timer4.o)
                0x00002e74                Timer4_ReadStatusRegister
 .text.Timer4_WritePeriod
                0x00002e80        0xc .\CortexM3\ARM_GCC_541\Debug\Hovedprogram.a(Timer4.o)
                0x00002e80                Timer4_WritePeriod
 .text.Timer4_ReadCapture
                0x00002e8c        0xc .\CortexM3\ARM_GCC_541\Debug\Hovedprogram.a(Timer4.o)
                0x00002e8c                Timer4_ReadCapture
 .text.Timer4_WriteCounter
                0x00002e98        0xc .\CortexM3\ARM_GCC_541\Debug\Hovedprogram.a(Timer4.o)
                0x00002e98                Timer4_WriteCounter
 .text.Timer4_ClearFIFO
                0x00002ea4       0x14 .\CortexM3\ARM_GCC_541\Debug\Hovedprogram.a(Timer4.o)
                0x00002ea4                Timer4_ClearFIFO
 .text.Timer4_Init
                0x00002eb8       0x34 .\CortexM3\ARM_GCC_541\Debug\Hovedprogram.a(Timer4.o)
                0x00002eb8                Timer4_Init
 .text.Timer4_Start
                0x00002eec       0x1c .\CortexM3\ARM_GCC_541\Debug\Hovedprogram.a(Timer4.o)
                0x00002eec                Timer4_Start
 .text.isr_BlinkLED_SetVector
                0x00002f08        0xc .\CortexM3\ARM_GCC_541\Debug\Hovedprogram.a(isr_BlinkLED.o)
                0x00002f08                isr_BlinkLED_SetVector
 .text.isr_BlinkLED_SetPriority
                0x00002f14       0x10 .\CortexM3\ARM_GCC_541\Debug\Hovedprogram.a(isr_BlinkLED.o)
                0x00002f14                isr_BlinkLED_SetPriority
 .text.isr_BlinkLED_Enable
                0x00002f24        0xc .\CortexM3\ARM_GCC_541\Debug\Hovedprogram.a(isr_BlinkLED.o)
                0x00002f24                isr_BlinkLED_Enable
 .text.isr_BlinkLED_Disable
                0x00002f30        0xc .\CortexM3\ARM_GCC_541\Debug\Hovedprogram.a(isr_BlinkLED.o)
                0x00002f30                isr_BlinkLED_Disable
 .text.isr_BlinkLED_StartEx
                0x00002f3c       0x1c .\CortexM3\ARM_GCC_541\Debug\Hovedprogram.a(isr_BlinkLED.o)
                0x00002f3c                isr_BlinkLED_StartEx
 .text.isr_delay_SetVector
                0x00002f58        0xc .\CortexM3\ARM_GCC_541\Debug\Hovedprogram.a(isr_delay.o)
                0x00002f58                isr_delay_SetVector
 .text.isr_delay_SetPriority
                0x00002f64       0x10 .\CortexM3\ARM_GCC_541\Debug\Hovedprogram.a(isr_delay.o)
                0x00002f64                isr_delay_SetPriority
 .text.isr_delay_Enable
                0x00002f74        0xc .\CortexM3\ARM_GCC_541\Debug\Hovedprogram.a(isr_delay.o)
                0x00002f74                isr_delay_Enable
 .text.isr_delay_Disable
                0x00002f80        0xc .\CortexM3\ARM_GCC_541\Debug\Hovedprogram.a(isr_delay.o)
                0x00002f80                isr_delay_Disable
 .text.isr_delay_StartEx
                0x00002f8c       0x1c .\CortexM3\ARM_GCC_541\Debug\Hovedprogram.a(isr_delay.o)
                0x00002f8c                isr_delay_StartEx
 .text.Timer5_Enable
                0x00002fa8       0x10 .\CortexM3\ARM_GCC_541\Debug\Hovedprogram.a(Timer5.o)
                0x00002fa8                Timer5_Enable
 .text.Timer5_Stop
                0x00002fb8       0x10 .\CortexM3\ARM_GCC_541\Debug\Hovedprogram.a(Timer5.o)
                0x00002fb8                Timer5_Stop
 .text.Timer5_SetInterruptMode
                0x00002fc8        0xc .\CortexM3\ARM_GCC_541\Debug\Hovedprogram.a(Timer5.o)
                0x00002fc8                Timer5_SetInterruptMode
 .text.Timer5_ReadStatusRegister
                0x00002fd4        0xc .\CortexM3\ARM_GCC_541\Debug\Hovedprogram.a(Timer5.o)
                0x00002fd4                Timer5_ReadStatusRegister
 .text.Timer5_WritePeriod
                0x00002fe0        0xc .\CortexM3\ARM_GCC_541\Debug\Hovedprogram.a(Timer5.o)
                0x00002fe0                Timer5_WritePeriod
 .text.Timer5_ReadCapture
                0x00002fec        0xc .\CortexM3\ARM_GCC_541\Debug\Hovedprogram.a(Timer5.o)
                0x00002fec                Timer5_ReadCapture
 .text.Timer5_WriteCounter
                0x00002ff8        0xc .\CortexM3\ARM_GCC_541\Debug\Hovedprogram.a(Timer5.o)
                0x00002ff8                Timer5_WriteCounter
 .text.Timer5_ClearFIFO
                0x00003004       0x14 .\CortexM3\ARM_GCC_541\Debug\Hovedprogram.a(Timer5.o)
                0x00003004                Timer5_ClearFIFO
 .text.Timer5_Init
                0x00003018       0x34 .\CortexM3\ARM_GCC_541\Debug\Hovedprogram.a(Timer5.o)
                0x00003018                Timer5_Init
 .text.Timer5_Start
                0x0000304c       0x1c .\CortexM3\ARM_GCC_541\Debug\Hovedprogram.a(Timer5.o)
                0x0000304c                Timer5_Start
 .text          0x00003068       0x20 .\CortexM3\ARM_GCC_541\Debug\Hovedprogram.a(CyBootAsmGnu.o)
                0x00003068                CyDelayCycles
                0x00003078                CyEnterCriticalSection
                0x00003080                CyExitCriticalSection
 .text          0x00003088      0x370 c:/program files (x86)/cypress/psoc creator/4.3/psoc creator/import/gnu/arm/5.4.1/bin/../lib/gcc/arm-none-eabi/5.4.1/armv7-m\libgcc.a(_arm_addsubdf3.o)
                0x00003088                __aeabi_drsub
                0x00003090                __aeabi_dsub
                0x00003090                __subdf3
                0x00003094                __aeabi_dadd
                0x00003094                __adddf3
                0x0000330c                __floatunsidf
                0x0000330c                __aeabi_ui2d
                0x0000332c                __floatsidf
                0x0000332c                __aeabi_i2d
                0x00003350                __aeabi_f2d
                0x00003350                __extendsfdf2
                0x0000338c                __floatundidf
                0x0000338c                __aeabi_ul2d
                0x0000339c                __floatdidf
                0x0000339c                __aeabi_l2d
 .text          0x000033f8      0x424 c:/program files (x86)/cypress/psoc creator/4.3/psoc creator/import/gnu/arm/5.4.1/bin/../lib/gcc/arm-none-eabi/5.4.1/armv7-m\libgcc.a(_arm_muldivdf3.o)
                0x000033f8                __aeabi_dmul
                0x000033f8                __muldf3
                0x0000364c                __divdf3
                0x0000364c                __aeabi_ddiv
 .text          0x0000381c      0x110 c:/program files (x86)/cypress/psoc creator/4.3/psoc creator/import/gnu/arm/5.4.1/bin/../lib/gcc/arm-none-eabi/5.4.1/armv7-m\libgcc.a(_arm_cmpdf2.o)
                0x0000381c                __gtdf2
                0x0000381c                __gedf2
                0x00003824                __ltdf2
                0x00003824                __ledf2
                0x0000382c                __nedf2
                0x0000382c                __eqdf2
                0x0000382c                __cmpdf2
                0x000038a8                __aeabi_cdrcmple
                0x000038b8                __aeabi_cdcmpeq
                0x000038b8                __aeabi_cdcmple
                0x000038c8                __aeabi_dcmpeq
                0x000038dc                __aeabi_dcmplt
                0x000038f0                __aeabi_dcmple
                0x00003904                __aeabi_dcmpge
                0x00003918                __aeabi_dcmpgt
 .text          0x0000392c       0x50 c:/program files (x86)/cypress/psoc creator/4.3/psoc creator/import/gnu/arm/5.4.1/bin/../lib/gcc/arm-none-eabi/5.4.1/armv7-m\libgcc.a(_arm_fixdfsi.o)
                0x0000392c                __aeabi_d2iz
                0x0000392c                __fixdfsi
 .text          0x0000397c       0xa0 c:/program files (x86)/cypress/psoc creator/4.3/psoc creator/import/gnu/arm/5.4.1/bin/../lib/gcc/arm-none-eabi/5.4.1/armv7-m\libgcc.a(_arm_truncdfsf2.o)
                0x0000397c                __truncdfsf2
                0x0000397c                __aeabi_d2f
 .text          0x00003a1c      0x21c c:/program files (x86)/cypress/psoc creator/4.3/psoc creator/import/gnu/arm/5.4.1/bin/../lib/gcc/arm-none-eabi/5.4.1/armv7-m\libgcc.a(_arm_addsubsf3.o)
                0x00003a1c                __aeabi_frsub
                0x00003a24                __subsf3
                0x00003a24                __aeabi_fsub
                0x00003a28                __aeabi_fadd
                0x00003a28                __addsf3
                0x00003b88                __aeabi_ui2f
                0x00003b88                __floatunsisf
                0x00003b90                __aeabi_i2f
                0x00003b90                __floatsisf
                0x00003bac                __aeabi_ul2f
                0x00003bac                __floatundisf
                0x00003bbc                __aeabi_l2f
                0x00003bbc                __floatdisf
 .text          0x00003c38      0x2a0 c:/program files (x86)/cypress/psoc creator/4.3/psoc creator/import/gnu/arm/5.4.1/bin/../lib/gcc/arm-none-eabi/5.4.1/armv7-m\libgcc.a(_arm_muldivsf3.o)
                0x00003c38                __mulsf3
                0x00003c38                __aeabi_fmul
                0x00003da0                __aeabi_fdiv
                0x00003da0                __divsf3
 .text          0x00003ed8       0xec c:/program files (x86)/cypress/psoc creator/4.3/psoc creator/import/gnu/arm/5.4.1/bin/../lib/gcc/arm-none-eabi/5.4.1/armv7-m\libgcc.a(_arm_cmpsf2.o)
                0x00003ed8                __gesf2
                0x00003ed8                __gtsf2
                0x00003ee0                __lesf2
                0x00003ee0                __ltsf2
                0x00003ee8                __nesf2
                0x00003ee8                __eqsf2
                0x00003ee8                __cmpsf2
                0x00003f48                __aeabi_cfrcmple
                0x00003f50                __aeabi_cfcmpeq
                0x00003f50                __aeabi_cfcmple
                0x00003f60                __aeabi_fcmpeq
                0x00003f74                __aeabi_fcmplt
                0x00003f88                __aeabi_fcmple
                0x00003f9c                __aeabi_fcmpge
                0x00003fb0                __aeabi_fcmpgt
 .text          0x00003fc4       0x4c c:/program files (x86)/cypress/psoc creator/4.3/psoc creator/import/gnu/arm/5.4.1/bin/../lib/gcc/arm-none-eabi/5.4.1/armv7-m\libgcc.a(_arm_fixsfsi.o)
                0x00003fc4                __aeabi_f2iz
                0x00003fc4                __fixsfsi
 .text.__errno  0x00004010        0xc c:/program files (x86)/cypress/psoc creator/4.3/psoc creator/import/gnu/arm/5.4.1/bin/../lib/gcc/arm-none-eabi/5.4.1/../../../../arm-none-eabi/lib/armv7-m\libg_nano.a(lib_a-errno.o)
                0x00004010                __errno
 .text.__libc_init_array
                0x0000401c       0x4c c:/program files (x86)/cypress/psoc creator/4.3/psoc creator/import/gnu/arm/5.4.1/bin/../lib/gcc/arm-none-eabi/5.4.1/../../../../arm-none-eabi/lib/armv7-m\libg_nano.a(lib_a-init.o)
                0x0000401c                __libc_init_array
 .text.memcpy   0x00004068       0x16 c:/program files (x86)/cypress/psoc creator/4.3/psoc creator/import/gnu/arm/5.4.1/bin/../lib/gcc/arm-none-eabi/5.4.1/../../../../arm-none-eabi/lib/armv7-m\libg_nano.a(lib_a-memcpy-stub.o)
                0x00004068                memcpy
 .text.memset   0x0000407e       0x10 c:/program files (x86)/cypress/psoc creator/4.3/psoc creator/import/gnu/arm/5.4.1/bin/../lib/gcc/arm-none-eabi/5.4.1/../../../../arm-none-eabi/lib/armv7-m\libg_nano.a(lib_a-memset.o)
                0x0000407e                memset
 *fill*         0x0000408e        0x2 
 .text.snprintf
                0x00004090       0x64 c:/program files (x86)/cypress/psoc creator/4.3/psoc creator/import/gnu/arm/5.4.1/bin/../lib/gcc/arm-none-eabi/5.4.1/../../../../arm-none-eabi/lib/armv7-m\libg_nano.a(lib_a-snprintf.o)
                0x00004090                sniprintf
                0x00004090                snprintf
 .text.sprintf  0x000040f4       0x48 c:/program files (x86)/cypress/psoc creator/4.3/psoc creator/import/gnu/arm/5.4.1/bin/../lib/gcc/arm-none-eabi/5.4.1/../../../../arm-none-eabi/lib/armv7-m\libg_nano.a(lib_a-sprintf.o)
                0x000040f4                siprintf
                0x000040f4                sprintf
 .text          0x0000413c       0x10 c:/program files (x86)/cypress/psoc creator/4.3/psoc creator/import/gnu/arm/5.4.1/bin/../lib/gcc/arm-none-eabi/5.4.1/../../../../arm-none-eabi/lib/armv7-m\libg_nano.a(lib_a-strlen.o)
                0x0000413c                strlen
 .text.__ssputs_r
                0x0000414c       0xb2 c:/program files (x86)/cypress/psoc creator/4.3/psoc creator/import/gnu/arm/5.4.1/bin/../lib/gcc/arm-none-eabi/5.4.1/../../../../arm-none-eabi/lib/armv7-m\libg_nano.a(lib_a-nano-svfprintf.o)
                0x0000414c                __ssputs_r
 *fill*         0x000041fe        0x2 
 .text._svfprintf_r
                0x00004200      0x1e8 c:/program files (x86)/cypress/psoc creator/4.3/psoc creator/import/gnu/arm/5.4.1/bin/../lib/gcc/arm-none-eabi/5.4.1/../../../../arm-none-eabi/lib/armv7-m\libg_nano.a(lib_a-nano-svfprintf.o)
                0x00004200                _svfiprintf_r
                0x00004200                _svfprintf_r
 .text._printf_common
                0x000043e8       0xec c:/program files (x86)/cypress/psoc creator/4.3/psoc creator/import/gnu/arm/5.4.1/bin/../lib/gcc/arm-none-eabi/5.4.1/../../../../arm-none-eabi/lib/armv7-m\libg_nano.a(lib_a-nano-vfprintf_i.o)
                0x000043e8                _printf_common
 .text._printf_i
                0x000044d4      0x24c c:/program files (x86)/cypress/psoc creator/4.3/psoc creator/import/gnu/arm/5.4.1/bin/../lib/gcc/arm-none-eabi/5.4.1/../../../../arm-none-eabi/lib/armv7-m\libg_nano.a(lib_a-nano-vfprintf_i.o)
                0x000044d4                _printf_i
 .text.memchr   0x00004720       0x1c c:/program files (x86)/cypress/psoc creator/4.3/psoc creator/import/gnu/arm/5.4.1/bin/../lib/gcc/arm-none-eabi/5.4.1/../../../../arm-none-eabi/lib/armv7-m\libg_nano.a(lib_a-memchr-stub.o)
                0x00004720                memchr
 .text.memmove  0x0000473c       0x36 c:/program files (x86)/cypress/psoc creator/4.3/psoc creator/import/gnu/arm/5.4.1/bin/../lib/gcc/arm-none-eabi/5.4.1/../../../../arm-none-eabi/lib/armv7-m\libg_nano.a(lib_a-memmove.o)
                0x0000473c                memmove
 *fill*         0x00004772        0x2 
 .text._free_r  0x00004774       0x98 c:/program files (x86)/cypress/psoc creator/4.3/psoc creator/import/gnu/arm/5.4.1/bin/../lib/gcc/arm-none-eabi/5.4.1/../../../../arm-none-eabi/lib/armv7-m\libg_nano.a(lib_a-nano-freer.o)
                0x00004774                _free_r
 .text._malloc_r
                0x0000480c       0xbc c:/program files (x86)/cypress/psoc creator/4.3/psoc creator/import/gnu/arm/5.4.1/bin/../lib/gcc/arm-none-eabi/5.4.1/../../../../arm-none-eabi/lib/armv7-m\libg_nano.a(lib_a-nano-mallocr.o)
                0x0000480c                _malloc_r
 .text._realloc_r
                0x000048c8       0x4c c:/program files (x86)/cypress/psoc creator/4.3/psoc creator/import/gnu/arm/5.4.1/bin/../lib/gcc/arm-none-eabi/5.4.1/../../../../arm-none-eabi/lib/armv7-m\libg_nano.a(lib_a-nano-reallocr.o)
                0x000048c8                _realloc_r
 .text._sbrk_r  0x00004914       0x20 c:/program files (x86)/cypress/psoc creator/4.3/psoc creator/import/gnu/arm/5.4.1/bin/../lib/gcc/arm-none-eabi/5.4.1/../../../../arm-none-eabi/lib/armv7-m\libg_nano.a(lib_a-sbrkr.o)
                0x00004914                _sbrk_r
 .text.__malloc_lock
                0x00004934        0x2 c:/program files (x86)/cypress/psoc creator/4.3/psoc creator/import/gnu/arm/5.4.1/bin/../lib/gcc/arm-none-eabi/5.4.1/../../../../arm-none-eabi/lib/armv7-m\libg_nano.a(lib_a-mlock.o)
                0x00004934                __malloc_lock
 .text.__malloc_unlock
                0x00004936        0x2 c:/program files (x86)/cypress/psoc creator/4.3/psoc creator/import/gnu/arm/5.4.1/bin/../lib/gcc/arm-none-eabi/5.4.1/../../../../arm-none-eabi/lib/armv7-m\libg_nano.a(lib_a-mlock.o)
                0x00004936                __malloc_unlock
 .text._malloc_usable_size_r
                0x00004938       0x14 c:/program files (x86)/cypress/psoc creator/4.3/psoc creator/import/gnu/arm/5.4.1/bin/../lib/gcc/arm-none-eabi/5.4.1/../../../../arm-none-eabi/lib/armv7-m\libg_nano.a(lib_a-nano-msizer.o)
                0x00004938                _malloc_usable_size_r
 *(.plt)
 *(.gnu.warning)
 *(.glue_7t)
 .glue_7t       0x0000494c        0x0 linker stubs
 *(.glue_7)
 .glue_7        0x0000494c        0x0 linker stubs
 *(.vfp11_veneer)
 .vfp11_veneer  0x0000494c        0x0 linker stubs
 *(.bootloader)
 *(.ARM.extab* .gnu.linkonce.armextab.*)
 *(.gcc_except_table)

.v4_bx          0x0000494c        0x0
 .v4_bx         0x0000494c        0x0 linker stubs

.iplt           0x0000494c        0x0
 .iplt          0x0000494c        0x0 c:/program files (x86)/cypress/psoc creator/4.3/psoc creator/import/gnu/arm/5.4.1/bin/../lib/gcc/arm-none-eabi/5.4.1/armv7-m/crtbegin.o

.eh_frame_hdr
 *(.eh_frame_hdr)

.eh_frame       0x0000494c        0x4
 *(.eh_frame)
 .eh_frame      0x0000494c        0x0 c:/program files (x86)/cypress/psoc creator/4.3/psoc creator/import/gnu/arm/5.4.1/bin/../lib/gcc/arm-none-eabi/5.4.1/armv7-m/crtbegin.o
 .eh_frame      0x0000494c        0x4 c:/program files (x86)/cypress/psoc creator/4.3/psoc creator/import/gnu/arm/5.4.1/bin/../lib/gcc/arm-none-eabi/5.4.1/armv7-m/crtend.o
                [!provide]                PROVIDE (__exidx_start, .)

.ARM.exidx
 *(.ARM.exidx* .gnu.linkonce.armexidx.*)
                0x00004950                __exidx_end = .

.rodata         0x00004950      0x478
 *(.rodata .rodata.* .gnu.linkonce.r.*)
 .rodata.str1.4
                0x00004950      0x2ab .\CortexM3\ARM_GCC_541\Debug\main.o
                                0x2af (size before relaxing)
 *fill*         0x00004bfb        0x1 
 .rodata.str1.4
                0x00004bfc       0x74 .\CortexM3\ARM_GCC_541\Debug\WeightSensors.o
                                 0x76 (size before relaxing)
 .rodata.str1.4
                0x00004c70        0x7 .\CortexM3\ARM_GCC_541\Debug\UART.o
 *fill*         0x00004c77        0x1 
 .rodata.str1.4
                0x00004c78       0x2a .\CortexM3\ARM_GCC_541\Debug\Display.o
 *fill*         0x00004ca2        0x2 
 .rodata        0x00004ca4       0x10 .\CortexM3\ARM_GCC_541\Debug\LiquidCrystal_I2C.o
 .rodata.str1.4
                0x00004cb4       0x34 .\CortexM3\ARM_GCC_541\Debug\VT100Terminal.o
                                 0x31 (size before relaxing)
 .rodata        0x00004ce8       0x70 .\CortexM3\ARM_GCC_541\Debug\cyfitter_cfg.o
                0x00004ce8                PlayerSelect__addrTable
                0x00004cf0                PlayerSelect__maskTable
 .rodata.str1.1
                0x00004d58        0x2 c:/program files (x86)/cypress/psoc creator/4.3/psoc creator/import/gnu/arm/5.4.1/bin/../lib/gcc/arm-none-eabi/5.4.1/../../../../arm-none-eabi/lib/armv7-m\libg_nano.a(lib_a-impure.o)
 .rodata.str1.1
                0x00004d5a       0x11 c:/program files (x86)/cypress/psoc creator/4.3/psoc creator/import/gnu/arm/5.4.1/bin/../lib/gcc/arm-none-eabi/5.4.1/../../../../arm-none-eabi/lib/armv7-m\libg_nano.a(lib_a-nano-svfprintf.o)
 .rodata.str1.1
                0x00004d6b       0x22 c:/program files (x86)/cypress/psoc creator/4.3/psoc creator/import/gnu/arm/5.4.1/bin/../lib/gcc/arm-none-eabi/5.4.1/../../../../arm-none-eabi/lib/armv7-m\libg_nano.a(lib_a-nano-vfprintf_i.o)
                0x00004d90                . = ALIGN (0x4)
 *fill*         0x00004d8d        0x3 
 *(.init)
 .init          0x00004d90        0x4 c:/program files (x86)/cypress/psoc creator/4.3/psoc creator/import/gnu/arm/5.4.1/bin/../lib/gcc/arm-none-eabi/5.4.1/armv7-m/crti.o
                0x00004d90                _init
 .init          0x00004d94        0x8 c:/program files (x86)/cypress/psoc creator/4.3/psoc creator/import/gnu/arm/5.4.1/bin/../lib/gcc/arm-none-eabi/5.4.1/armv7-m/crtn.o
                0x00004d9c                . = ALIGN (0x4)
                0x00004d9c                __preinit_array_start = .
 *(.preinit_array)
                0x00004d9c                __preinit_array_end = .
                0x00004d9c                . = ALIGN (0x4)
                0x00004d9c                __init_array_start = .
 *(SORT(.init_array.*))
 *(.init_array)
 .init_array    0x00004d9c        0x4 c:/program files (x86)/cypress/psoc creator/4.3/psoc creator/import/gnu/arm/5.4.1/bin/../lib/gcc/arm-none-eabi/5.4.1/armv7-m/crtbegin.o
 .init_array    0x00004da0        0x4 .\CortexM3\ARM_GCC_541\Debug\Cm3Start.o
                0x00004da4                __init_array_end = .
                0x00004da4                . = ALIGN (0x4)
 *(.fini)
 .fini          0x00004da4        0x4 c:/program files (x86)/cypress/psoc creator/4.3/psoc creator/import/gnu/arm/5.4.1/bin/../lib/gcc/arm-none-eabi/5.4.1/armv7-m/crti.o
                0x00004da4                _fini
 .fini          0x00004da8        0x8 c:/program files (x86)/cypress/psoc creator/4.3/psoc creator/import/gnu/arm/5.4.1/bin/../lib/gcc/arm-none-eabi/5.4.1/armv7-m/crtn.o
                0x00004db0                . = ALIGN (0x4)
                0x00004db0                __fini_array_start = .
 *(.fini_array)
 .fini_array    0x00004db0        0x4 c:/program files (x86)/cypress/psoc creator/4.3/psoc creator/import/gnu/arm/5.4.1/bin/../lib/gcc/arm-none-eabi/5.4.1/armv7-m/crtbegin.o
 *(SORT(.fini_array.*))
                0x00004db4                __fini_array_end = .
                0x00004db4                . = ALIGN (0x4)
 *crtbegin.o(.ctors)
 *(EXCLUDE_FILE(*crtend.o) .ctors)
 *(SORT(.ctors.*))
 *crtend.o(.ctors)
                0x00004db4                . = ALIGN (0x4)
 *crtbegin.o(.dtors)
 *(EXCLUDE_FILE(*crtend.o) .dtors)
 *(SORT(.dtors.*))
 *crtend.o(.dtors)
                0x00004db4                . = ALIGN (0x4)
                0x00004db4                __cy_regions = .
                0x00004db4        0x4 LONG 0x4dc8 __cy_region_init_ram
                0x00004db8        0x4 LONG 0x1fff80c8 __cy_region_start_data
                0x00004dbc        0x4 LONG 0x88 __cy_region_init_size_ram
                0x00004dc0        0x4 LONG 0x160 __cy_region_zero_size_ram
                0x00004dc4                __cy_regions_end = .
                0x00004dc8                . = ALIGN (0x8)
 *fill*         0x00004dc4        0x4 
                0x00004dc8                _etext = .

.cy_checksum_exclude
                0x00004dc8        0x0
 *(.cy_checksum_exclude)

.ramvectors     0x1fff8000       0xc0
                0x1fff8000                __cy_region_start_ram = .
 *(.ramvectors)
 .ramvectors    0x1fff8000       0xc0 .\CortexM3\ARM_GCC_541\Debug\Cm3Start.o
                0x1fff8000                CyRamVectors

.noinit         0x1fff80c0        0x1
 *(.noinit)
 .noinit        0x1fff80c0        0x1 .\CortexM3\ARM_GCC_541\Debug\Hovedprogram.a(CyLib.o)
                0x1fff80c0                CyResetStatus

.data           0x1fff80c8       0x88 load address 0x00004dc8
                0x1fff80c8                __cy_region_start_data = .
 *(.jcr)
 .jcr           0x1fff80c8        0x0 c:/program files (x86)/cypress/psoc creator/4.3/psoc creator/import/gnu/arm/5.4.1/bin/../lib/gcc/arm-none-eabi/5.4.1/armv7-m/crtbegin.o
 .jcr           0x1fff80c8        0x4 c:/program files (x86)/cypress/psoc creator/4.3/psoc creator/import/gnu/arm/5.4.1/bin/../lib/gcc/arm-none-eabi/5.4.1/armv7-m/crtend.o
 *(.got.plt)
 *(.got)
 *(.shdata)
 *(.data .data.* .gnu.linkonce.d.*)
 .data          0x1fff80cc        0x4 .\CortexM3\ARM_GCC_541\Debug\LEDcontrol.o
 .data          0x1fff80d0        0x4 .\CortexM3\ARM_GCC_541\Debug\Cm3Start.o
 .data          0x1fff80d4       0x10 .\CortexM3\ARM_GCC_541\Debug\Hovedprogram.a(CyLib.o)
                0x1fff80d4                cydelay_32k_ms
                0x1fff80d8                cydelay_freq_khz
                0x1fff80dc                cydelay_freq_mhz
                0x1fff80e0                cydelay_freq_hz
 .data          0x1fff80e4        0x1 .\CortexM3\ARM_GCC_541\Debug\Hovedprogram.a(PlayerSelect.o)
 *fill*         0x1fff80e5        0x3 
 .data.impure_data
                0x1fff80e8       0x60 c:/program files (x86)/cypress/psoc creator/4.3/psoc creator/import/gnu/arm/5.4.1/bin/../lib/gcc/arm-none-eabi/5.4.1/../../../../arm-none-eabi/lib/armv7-m\libg_nano.a(lib_a-impure.o)
 .data._impure_ptr
                0x1fff8148        0x4 c:/program files (x86)/cypress/psoc creator/4.3/psoc creator/import/gnu/arm/5.4.1/bin/../lib/gcc/arm-none-eabi/5.4.1/../../../../arm-none-eabi/lib/armv7-m\libg_nano.a(lib_a-impure.o)
                0x1fff8148                _impure_ptr
                0x1fff8150                . = ALIGN (0x8)
 *fill*         0x1fff814c        0x4 
 *(.ram)
                0x1fff8150                _edata = .

.igot.plt       0x1fff8150        0x0 load address 0x00004e50
 .igot.plt      0x1fff8150        0x0 c:/program files (x86)/cypress/psoc creator/4.3/psoc creator/import/gnu/arm/5.4.1/bin/../lib/gcc/arm-none-eabi/5.4.1/armv7-m/crtbegin.o

.bss            0x1fff8150      0x160 load address 0x00004e50
                0x1fff8150                PROVIDE (__bss_start__, .)
 *(.shbss)
 *(.bss .bss.* .gnu.linkonce.b.*)
 .bss           0x1fff8150       0x1c c:/program files (x86)/cypress/psoc creator/4.3/psoc creator/import/gnu/arm/5.4.1/bin/../lib/gcc/arm-none-eabi/5.4.1/armv7-m/crtbegin.o
 .bss           0x1fff816c       0x50 .\CortexM3\ARM_GCC_541\Debug\main.o
                0x1fff816c                _WSptr
                0x1fff8188                pErr
                0x1fff818c                chugp1
                0x1fff8190                pLoser
                0x1fff8194                glasvaegtLoser
                0x1fff8198                chugp2
                0x1fff819c                cycleCountIdle
                0x1fff81a0                cycleCountReady
                0x1fff81a4                cycleCountCountdown
                0x1fff81a8                cycleCountEvaluatingWeight
                0x1fff81ac                tidp1
                0x1fff81b0                tidp2
                0x1fff81b4                chugstart
                0x1fff81b8                glasvaegtWinner
 .bss           0x1fff81bc       0x20 .\CortexM3\ARM_GCC_541\Debug\WeightSensors.o
                0x1fff81bc                WSptr
                0x1fff81d8                weighthys
 .bss           0x1fff81dc        0x8 .\CortexM3\ARM_GCC_541\Debug\Display.o
                0x1fff81dc                display1On
                0x1fff81e0                display2On
 .bss           0x1fff81e4        0x4 .\CortexM3\ARM_GCC_541\Debug\Stopur.o
                0x1fff81e4                count
 .bss           0x1fff81e8       0x1c .\CortexM3\ARM_GCC_541\Debug\LEDcontrol.o
                0x1fff81e8                rgbLED1
                0x1fff81ec                rgbLED2
 .bss           0x1fff8204        0x1 .\CortexM3\ARM_GCC_541\Debug\Hovedprogram.a(SPIM_1.o)
                0x1fff8204                SPIM_1_initVar
 .bss           0x1fff8205        0x1 .\CortexM3\ARM_GCC_541\Debug\Hovedprogram.a(Timer1.o)
                0x1fff8205                Timer1_initVar
 .bss           0x1fff8206        0x1 .\CortexM3\ARM_GCC_541\Debug\Hovedprogram.a(Timer2.o)
                0x1fff8206                Timer2_initVar
 .bss           0x1fff8207        0x1 .\CortexM3\ARM_GCC_541\Debug\Hovedprogram.a(Timer3.o)
                0x1fff8207                Timer3_initVar
 .bss           0x1fff8208        0x1 .\CortexM3\ARM_GCC_541\Debug\Hovedprogram.a(ADC_SAR_1.o)
                0x1fff8208                ADC_SAR_1_initVar
 .bss           0x1fff8209        0x2 .\CortexM3\ARM_GCC_541\Debug\Hovedprogram.a(UART_1.o)
                0x1fff8209                UART_1_initVar
 .bss           0x1fff820b        0x1 .\CortexM3\ARM_GCC_541\Debug\Hovedprogram.a(I2C_1.o)
                0x1fff820b                I2C_1_initVar
 .bss           0x1fff820c        0x1 .\CortexM3\ARM_GCC_541\Debug\Hovedprogram.a(Timer_Stopur.o)
                0x1fff820c                Timer_Stopur_initVar
 .bss           0x1fff820d        0x1 .\CortexM3\ARM_GCC_541\Debug\Hovedprogram.a(Timer_LCD.o)
                0x1fff820d                Timer_LCD_initVar
 .bss           0x1fff820e        0x1 .\CortexM3\ARM_GCC_541\Debug\Hovedprogram.a(Timer4.o)
                0x1fff820e                Timer4_initVar
 .bss           0x1fff820f        0x1 .\CortexM3\ARM_GCC_541\Debug\Hovedprogram.a(Timer5.o)
                0x1fff820f                Timer5_initVar
 .bss.__malloc_sbrk_start
                0x1fff8210        0x4 c:/program files (x86)/cypress/psoc creator/4.3/psoc creator/import/gnu/arm/5.4.1/bin/../lib/gcc/arm-none-eabi/5.4.1/../../../../arm-none-eabi/lib/armv7-m\libg_nano.a(lib_a-nano-mallocr.o)
                0x1fff8210                __malloc_sbrk_start
 .bss.__malloc_free_list
                0x1fff8214        0x4 c:/program files (x86)/cypress/psoc creator/4.3/psoc creator/import/gnu/arm/5.4.1/bin/../lib/gcc/arm-none-eabi/5.4.1/../../../../arm-none-eabi/lib/armv7-m\libg_nano.a(lib_a-nano-mallocr.o)
                0x1fff8214                __malloc_free_list
 *(COMMON)
 COMMON         0x1fff8218       0x36 .\CortexM3\ARM_GCC_541\Debug\main.o
                0x1fff8218                BPptr
                0x1fff821c                uart_out
 *fill*         0x1fff824e        0x2 
 COMMON         0x1fff8250       0x32 .\CortexM3\ARM_GCC_541\Debug\WeightSensors.o
                0x1fff8250                uart_string
 COMMON         0x1fff8282        0x8 .\CortexM3\ARM_GCC_541\Debug\LiquidCrystal_I2C.o
                0x1fff8282                _backlightval
                0x1fff8283                _addr
                0x1fff8284                _displaycontrol
                0x1fff8285                _charsize
                0x1fff8286                _displaymode
                0x1fff8287                _displayfunction
                0x1fff8288                _cols
                0x1fff8289                _rows
 *fill*         0x1fff828a        0x2 
 COMMON         0x1fff828c        0xa .\CortexM3\ARM_GCC_541\Debug\Hovedprogram.a(ADC_SAR_1.o)
                0x1fff828c                ADC_SAR_1_countsPerVolt
                0x1fff828e                ADC_SAR_1_shift
                0x1fff8290                ADC_SAR_1_countsPer10Volt
                0x1fff8294                ADC_SAR_1_offset
 COMMON         0x1fff8296        0x1 .\CortexM3\ARM_GCC_541\Debug\Hovedprogram.a(I2C_1.o)
                0x1fff8296                I2C_1_state
 *fill*         0x1fff8297        0x1 
 COMMON         0x1fff8298       0x11 .\CortexM3\ARM_GCC_541\Debug\Hovedprogram.a(I2C_1_MASTER.o)
                0x1fff8298                I2C_1_mstrWrBufIndex
                0x1fff8299                I2C_1_mstrControl
                0x1fff829a                I2C_1_mstrStatus
                0x1fff829b                I2C_1_mstrWrBufSize
                0x1fff829c                I2C_1_mstrRdBufIndex
                0x1fff82a0                I2C_1_mstrWrBufPtr
                0x1fff82a4                I2C_1_mstrRdBufPtr
                0x1fff82a8                I2C_1_mstrRdBufSize
 *fill*         0x1fff82a9        0x3 
 COMMON         0x1fff82ac        0x4 c:/program files (x86)/cypress/psoc creator/4.3/psoc creator/import/gnu/arm/5.4.1/bin/../lib/gcc/arm-none-eabi/5.4.1/../../../../arm-none-eabi/lib/armv7-m\libg_nano.a(lib_a-reent.o)
                0x1fff82ac                errno
                0x1fff82b0                . = ALIGN (0x8)
 *(.ram.b)
                0x1fff82b0                _end = .
                0x1fff82b0                __end = .
                0x1fff82b0                PROVIDE (end, .)
                0x1fff82b0                PROVIDE (__bss_end__, .)
                0x00004dc8                __cy_region_init_ram = LOADADDR (.data)
                0x00000088                __cy_region_init_size_ram = (_edata - ADDR (.data))
                0x00000160                __cy_region_zero_size_ram = (_end - _edata)

.heap           0x1fff82b0       0x80 load address 0x00004e50
                0x1fff82b0                . = _end
                0x1fff8330                . = (. + 0x80)
 *fill*         0x1fff82b0       0x80 
                0x1fff8330                __cy_heap_limit = .

.stack          0x20007800      0x800
                0x20007800                __cy_stack_limit = .
                0x20008000                . = (. + 0x800)
 *fill*         0x20007800      0x800 
                0x00000001                ASSERT ((__cy_stack_limit >= __cy_heap_limit), region RAM overflowed with stack)
                0x00000000                cy_checksum_exclude_size = (CY_APPL_LOADABLE == 0x1)?SIZEOF (.cy_checksum_exclude):0x0
                0x00000001                ASSERT ((cy_checksum_exclude_size <= CY_CHECKSUM_EXCLUDE_SIZE), CY_BOOT: Section .cy_checksum_exclude size exceedes specified limit.)

.cyloadermeta
 *(.cyloadermeta)

.cyloadablemeta
 *(.cyloadablemeta)

.cyconfigecc    0x80000000      0xb9c
 *(.cyconfigecc)
 .cyconfigecc   0x80000000      0xb9c .\CortexM3\ARM_GCC_541\Debug\cymetadata.o
                0x80000000                cy_meta_configecc

.cycustnvl      0x90000000        0x4
 *(.cycustnvl)
 .cycustnvl     0x90000000        0x4 .\CortexM3\ARM_GCC_541\Debug\cymetadata.o
                0x90000000                cy_meta_custnvl

.cywolatch      0x90100000        0x4
 *(.cywolatch)
 .cywolatch     0x90100000        0x4 .\CortexM3\ARM_GCC_541\Debug\cymetadata.o
                0x90100000                cy_meta_wonvl

.cyeeprom       0x90200000        0x0
 *(.cyeeprom)
                0x00000001                ASSERT ((. <= ((0x90200000 + ee_offset) + ee_size)), .cyeeprom data will not fit in EEPROM)

.cyflashprotect
                0x90400000      0x100
 *(.cyflashprotect)
 .cyflashprotect
                0x90400000      0x100 .\CortexM3\ARM_GCC_541\Debug\cymetadata.o
                0x90400000                cy_meta_flashprotect

.cymeta         0x90500000        0xc
 *(.cymeta)
 .cymeta        0x90500000        0xc .\CortexM3\ARM_GCC_541\Debug\cymetadata.o
                0x90500000                cy_metadata

.rel.dyn        0x00004e50        0x0 load address 0x9050000c
 .rel.iplt      0x00004e50        0x0 c:/program files (x86)/cypress/psoc creator/4.3/psoc creator/import/gnu/arm/5.4.1/bin/../lib/gcc/arm-none-eabi/5.4.1/armv7-m/crtbegin.o

.stab
 *(.stab)

.stabstr
 *(.stabstr)

.debug
 *(.debug)

.line
 *(.line)

.debug_srcinfo
 *(.debug_srcinfo)

.debug_sfnames
 *(.debug_sfnames)

.debug_aranges  0x00000000     0x1680
 *(.debug_aranges)
 .debug_aranges
                0x00000000       0x20 .\CortexM3\ARM_GCC_541\Debug\main.o
 .debug_aranges
                0x00000020       0x48 .\CortexM3\ARM_GCC_541\Debug\WeightSensors.o
 .debug_aranges
                0x00000068       0x38 .\CortexM3\ARM_GCC_541\Debug\UART.o
 .debug_aranges
                0x000000a0       0x20 .\CortexM3\ARM_GCC_541\Debug\Startknap.o
 .debug_aranges
                0x000000c0       0x18 .\CortexM3\ARM_GCC_541\Debug\States.o
 .debug_aranges
                0x000000d8       0x40 .\CortexM3\ARM_GCC_541\Debug\Display.o
 .debug_aranges
                0x00000118      0x110 .\CortexM3\ARM_GCC_541\Debug\LiquidCrystal_I2C.o
 .debug_aranges
                0x00000228       0x50 .\CortexM3\ARM_GCC_541\Debug\Stopur.o
 .debug_aranges
                0x00000278       0xe8 .\CortexM3\ARM_GCC_541\Debug\LEDcontrol.o
 .debug_aranges
                0x00000360       0x30 .\CortexM3\ARM_GCC_541\Debug\VT100Terminal.o
 .debug_aranges
                0x00000390       0x68 .\CortexM3\ARM_GCC_541\Debug\cyfitter_cfg.o
 .debug_aranges
                0x000003f8       0x18 .\CortexM3\ARM_GCC_541\Debug\cymetadata.o
 .debug_aranges
                0x00000410       0x48 .\CortexM3\ARM_GCC_541\Debug\Cm3Start.o
 .debug_aranges
                0x00000458       0xd8 .\CortexM3\ARM_GCC_541\Debug\Hovedprogram.a(SPIM_1.o)
 .debug_aranges
                0x00000530       0x90 .\CortexM3\ARM_GCC_541\Debug\Hovedprogram.a(Timer1.o)
 .debug_aranges
                0x000005c0       0x80 .\CortexM3\ARM_GCC_541\Debug\Hovedprogram.a(isr_LED_refreshrate.o)
 .debug_aranges
                0x00000640       0x90 .\CortexM3\ARM_GCC_541\Debug\Hovedprogram.a(Timer2.o)
 .debug_aranges
                0x000006d0       0x80 .\CortexM3\ARM_GCC_541\Debug\Hovedprogram.a(isr_LED_pulse.o)
 .debug_aranges
                0x00000750       0x90 .\CortexM3\ARM_GCC_541\Debug\Hovedprogram.a(Timer3.o)
 .debug_aranges
                0x000007e0       0x80 .\CortexM3\ARM_GCC_541\Debug\Hovedprogram.a(isr_LED_ring.o)
 .debug_aranges
                0x00000860       0xa8 .\CortexM3\ARM_GCC_541\Debug\Hovedprogram.a(ADC_SAR_1.o)
 .debug_aranges
                0x00000908       0x20 .\CortexM3\ARM_GCC_541\Debug\Hovedprogram.a(ADC_SAR_1_INT.o)
 .debug_aranges
                0x00000928       0xf0 .\CortexM3\ARM_GCC_541\Debug\Hovedprogram.a(UART_1.o)
 .debug_aranges
                0x00000a18       0x80 .\CortexM3\ARM_GCC_541\Debug\Hovedprogram.a(isr_uart_rx.o)
 .debug_aranges
                0x00000a98       0x70 .\CortexM3\ARM_GCC_541\Debug\Hovedprogram.a(SPIM_1_IntClock.o)
 .debug_aranges
                0x00000b08       0x80 .\CortexM3\ARM_GCC_541\Debug\Hovedprogram.a(ADC_SAR_1_theACLK.o)
 .debug_aranges
                0x00000b88       0x70 .\CortexM3\ARM_GCC_541\Debug\Hovedprogram.a(UART_1_IntClock.o)
 .debug_aranges
                0x00000bf8      0x2a0 .\CortexM3\ARM_GCC_541\Debug\Hovedprogram.a(CyLib.o)
 .debug_aranges
                0x00000e98       0x98 .\CortexM3\ARM_GCC_541\Debug\Hovedprogram.a(cyPm.o)
 .debug_aranges
                0x00000f30       0x30 .\CortexM3\ARM_GCC_541\Debug\Hovedprogram.a(PlayerSelect.o)
 .debug_aranges
                0x00000f60       0x80 .\CortexM3\ARM_GCC_541\Debug\Hovedprogram.a(isr_button.o)
 .debug_aranges
                0x00000fe0       0x28 .\CortexM3\ARM_GCC_541\Debug\Hovedprogram.a(SPIMOutCtrl.o)
 .debug_aranges
                0x00001008       0x38 .\CortexM3\ARM_GCC_541\Debug\Hovedprogram.a(I2C_1.o)
 .debug_aranges
                0x00001040       0x20 .\CortexM3\ARM_GCC_541\Debug\Hovedprogram.a(I2C_1_INT.o)
 .debug_aranges
                0x00001060       0x38 .\CortexM3\ARM_GCC_541\Debug\Hovedprogram.a(I2C_1_PM.o)
 .debug_aranges
                0x00001098       0x80 .\CortexM3\ARM_GCC_541\Debug\Hovedprogram.a(I2C_1_MASTER.o)
 .debug_aranges
                0x00001118       0x90 .\CortexM3\ARM_GCC_541\Debug\Hovedprogram.a(Timer_Stopur.o)
 .debug_aranges
                0x000011a8       0x80 .\CortexM3\ARM_GCC_541\Debug\Hovedprogram.a(isr_timer.o)
 .debug_aranges
                0x00001228       0x90 .\CortexM3\ARM_GCC_541\Debug\Hovedprogram.a(Timer_LCD.o)
 .debug_aranges
                0x000012b8       0x80 .\CortexM3\ARM_GCC_541\Debug\Hovedprogram.a(isr_refreshrate_LCD.o)
 .debug_aranges
                0x00001338       0x90 .\CortexM3\ARM_GCC_541\Debug\Hovedprogram.a(Timer4.o)
 .debug_aranges
                0x000013c8       0x80 .\CortexM3\ARM_GCC_541\Debug\Hovedprogram.a(isr_BlinkLED.o)
 .debug_aranges
                0x00001448       0x80 .\CortexM3\ARM_GCC_541\Debug\Hovedprogram.a(isr_delay.o)
 .debug_aranges
                0x000014c8       0x90 .\CortexM3\ARM_GCC_541\Debug\Hovedprogram.a(Timer5.o)
 .debug_aranges
                0x00001558       0x20 .\CortexM3\ARM_GCC_541\Debug\Hovedprogram.a(CyBootAsmGnu.o)
 .debug_aranges
                0x00001578       0x88 .\CortexM3\ARM_GCC_541\Debug\Hovedprogram.a(CyFlash.o)
 .debug_aranges
                0x00001600       0x80 .\CortexM3\ARM_GCC_541\Debug\Hovedprogram.a(CySpc.o)

.debug_pubnames
 *(.debug_pubnames)

.debug_info     0x00000000     0xc422
 *(.debug_info .gnu.linkonce.wi.*)
 .debug_info    0x00000000     0x1003 .\CortexM3\ARM_GCC_541\Debug\main.o
 .debug_info    0x00001003      0x4b2 .\CortexM3\ARM_GCC_541\Debug\WeightSensors.o
 .debug_info    0x000014b5      0x2fc .\CortexM3\ARM_GCC_541\Debug\UART.o
 .debug_info    0x000017b1      0x11d .\CortexM3\ARM_GCC_541\Debug\Startknap.o
 .debug_info    0x000018ce       0xe3 .\CortexM3\ARM_GCC_541\Debug\States.o
 .debug_info    0x000019b1      0x464 .\CortexM3\ARM_GCC_541\Debug\Display.o
 .debug_info    0x00001e15      0x949 .\CortexM3\ARM_GCC_541\Debug\LiquidCrystal_I2C.o
 .debug_info    0x0000275e      0x1b0 .\CortexM3\ARM_GCC_541\Debug\Stopur.o
 .debug_info    0x0000290e      0xfca .\CortexM3\ARM_GCC_541\Debug\LEDcontrol.o
 .debug_info    0x000038d8      0x243 .\CortexM3\ARM_GCC_541\Debug\VT100Terminal.o
 .debug_info    0x00003b1b      0x6d9 .\CortexM3\ARM_GCC_541\Debug\cyfitter_cfg.o
 .debug_info    0x000041f4      0x139 .\CortexM3\ARM_GCC_541\Debug\cymetadata.o
 .debug_info    0x0000432d      0x3bb .\CortexM3\ARM_GCC_541\Debug\Cm3Start.o
 .debug_info    0x000046e8      0x4d8 .\CortexM3\ARM_GCC_541\Debug\Hovedprogram.a(SPIM_1.o)
 .debug_info    0x00004bc0      0x2f0 .\CortexM3\ARM_GCC_541\Debug\Hovedprogram.a(Timer1.o)
 .debug_info    0x00004eb0      0x2d2 .\CortexM3\ARM_GCC_541\Debug\Hovedprogram.a(isr_LED_refreshrate.o)
 .debug_info    0x00005182      0x2f0 .\CortexM3\ARM_GCC_541\Debug\Hovedprogram.a(Timer2.o)
 .debug_info    0x00005472      0x2d2 .\CortexM3\ARM_GCC_541\Debug\Hovedprogram.a(isr_LED_pulse.o)
 .debug_info    0x00005744      0x2f0 .\CortexM3\ARM_GCC_541\Debug\Hovedprogram.a(Timer3.o)
 .debug_info    0x00005a34      0x2d2 .\CortexM3\ARM_GCC_541\Debug\Hovedprogram.a(isr_LED_ring.o)
 .debug_info    0x00005d06      0x5c0 .\CortexM3\ARM_GCC_541\Debug\Hovedprogram.a(ADC_SAR_1.o)
 .debug_info    0x000062c6       0x92 .\CortexM3\ARM_GCC_541\Debug\Hovedprogram.a(ADC_SAR_1_INT.o)
 .debug_info    0x00006358      0x60c .\CortexM3\ARM_GCC_541\Debug\Hovedprogram.a(UART_1.o)
 .debug_info    0x00006964      0x2d2 .\CortexM3\ARM_GCC_541\Debug\Hovedprogram.a(isr_uart_rx.o)
 .debug_info    0x00006c36      0x283 .\CortexM3\ARM_GCC_541\Debug\Hovedprogram.a(SPIM_1_IntClock.o)
 .debug_info    0x00006eb9      0x2c4 .\CortexM3\ARM_GCC_541\Debug\Hovedprogram.a(ADC_SAR_1_theACLK.o)
 .debug_info    0x0000717d      0x283 .\CortexM3\ARM_GCC_541\Debug\Hovedprogram.a(UART_1_IntClock.o)
 .debug_info    0x00007400     0x1374 .\CortexM3\ARM_GCC_541\Debug\Hovedprogram.a(CyLib.o)
 .debug_info    0x00008774      0xa2a .\CortexM3\ARM_GCC_541\Debug\Hovedprogram.a(cyPm.o)
 .debug_info    0x0000919e      0x146 .\CortexM3\ARM_GCC_541\Debug\Hovedprogram.a(PlayerSelect.o)
 .debug_info    0x000092e4      0x2d2 .\CortexM3\ARM_GCC_541\Debug\Hovedprogram.a(isr_button.o)
 .debug_info    0x000095b6       0xd6 .\CortexM3\ARM_GCC_541\Debug\Hovedprogram.a(SPIMOutCtrl.o)
 .debug_info    0x0000968c      0x2ad .\CortexM3\ARM_GCC_541\Debug\Hovedprogram.a(I2C_1.o)
 .debug_info    0x00009939      0x184 .\CortexM3\ARM_GCC_541\Debug\Hovedprogram.a(I2C_1_INT.o)
 .debug_info    0x00009abd      0x207 .\CortexM3\ARM_GCC_541\Debug\Hovedprogram.a(I2C_1_PM.o)
 .debug_info    0x00009cc4      0x407 .\CortexM3\ARM_GCC_541\Debug\Hovedprogram.a(I2C_1_MASTER.o)
 .debug_info    0x0000a0cb      0x2f0 .\CortexM3\ARM_GCC_541\Debug\Hovedprogram.a(Timer_Stopur.o)
 .debug_info    0x0000a3bb      0x2d2 .\CortexM3\ARM_GCC_541\Debug\Hovedprogram.a(isr_timer.o)
 .debug_info    0x0000a68d      0x2ee .\CortexM3\ARM_GCC_541\Debug\Hovedprogram.a(Timer_LCD.o)
 .debug_info    0x0000a97b      0x2d2 .\CortexM3\ARM_GCC_541\Debug\Hovedprogram.a(isr_refreshrate_LCD.o)
 .debug_info    0x0000ac4d      0x2f0 .\CortexM3\ARM_GCC_541\Debug\Hovedprogram.a(Timer4.o)
 .debug_info    0x0000af3d      0x2d2 .\CortexM3\ARM_GCC_541\Debug\Hovedprogram.a(isr_BlinkLED.o)
 .debug_info    0x0000b20f      0x2d2 .\CortexM3\ARM_GCC_541\Debug\Hovedprogram.a(isr_delay.o)
 .debug_info    0x0000b4e1      0x2f0 .\CortexM3\ARM_GCC_541\Debug\Hovedprogram.a(Timer5.o)
 .debug_info    0x0000b7d1       0xb4 .\CortexM3\ARM_GCC_541\Debug\Hovedprogram.a(CyBootAsmGnu.o)
 .debug_info    0x0000b885      0x64d .\CortexM3\ARM_GCC_541\Debug\Hovedprogram.a(CyFlash.o)
 .debug_info    0x0000bed2      0x550 .\CortexM3\ARM_GCC_541\Debug\Hovedprogram.a(CySpc.o)

.debug_abbrev   0x00000000     0x3a44
 *(.debug_abbrev)
 .debug_abbrev  0x00000000      0x157 .\CortexM3\ARM_GCC_541\Debug\main.o
 .debug_abbrev  0x00000157      0x190 .\CortexM3\ARM_GCC_541\Debug\WeightSensors.o
 .debug_abbrev  0x000002e7      0x114 .\CortexM3\ARM_GCC_541\Debug\UART.o
 .debug_abbrev  0x000003fb       0xa8 .\CortexM3\ARM_GCC_541\Debug\Startknap.o
 .debug_abbrev  0x000004a3       0x7a .\CortexM3\ARM_GCC_541\Debug\States.o
 .debug_abbrev  0x0000051d      0x13e .\CortexM3\ARM_GCC_541\Debug\Display.o
 .debug_abbrev  0x0000065b      0x176 .\CortexM3\ARM_GCC_541\Debug\LiquidCrystal_I2C.o
 .debug_abbrev  0x000007d1       0xf3 .\CortexM3\ARM_GCC_541\Debug\Stopur.o
 .debug_abbrev  0x000008c4      0x229 .\CortexM3\ARM_GCC_541\Debug\LEDcontrol.o
 .debug_abbrev  0x00000aed       0xdd .\CortexM3\ARM_GCC_541\Debug\VT100Terminal.o
 .debug_abbrev  0x00000bca      0x22d .\CortexM3\ARM_GCC_541\Debug\cyfitter_cfg.o
 .debug_abbrev  0x00000df7       0x77 .\CortexM3\ARM_GCC_541\Debug\cymetadata.o
 .debug_abbrev  0x00000e6e      0x1e8 .\CortexM3\ARM_GCC_541\Debug\Cm3Start.o
 .debug_abbrev  0x00001056      0x146 .\CortexM3\ARM_GCC_541\Debug\Hovedprogram.a(SPIM_1.o)
 .debug_abbrev  0x0000119c      0x12b .\CortexM3\ARM_GCC_541\Debug\Hovedprogram.a(Timer1.o)
 .debug_abbrev  0x000012c7      0x173 .\CortexM3\ARM_GCC_541\Debug\Hovedprogram.a(isr_LED_refreshrate.o)
 .debug_abbrev  0x0000143a      0x12b .\CortexM3\ARM_GCC_541\Debug\Hovedprogram.a(Timer2.o)
 .debug_abbrev  0x00001565      0x173 .\CortexM3\ARM_GCC_541\Debug\Hovedprogram.a(isr_LED_pulse.o)
 .debug_abbrev  0x000016d8      0x12b .\CortexM3\ARM_GCC_541\Debug\Hovedprogram.a(Timer3.o)
 .debug_abbrev  0x00001803      0x173 .\CortexM3\ARM_GCC_541\Debug\Hovedprogram.a(isr_LED_ring.o)
 .debug_abbrev  0x00001976      0x1ac .\CortexM3\ARM_GCC_541\Debug\Hovedprogram.a(ADC_SAR_1.o)
 .debug_abbrev  0x00001b22       0x42 .\CortexM3\ARM_GCC_541\Debug\Hovedprogram.a(ADC_SAR_1_INT.o)
 .debug_abbrev  0x00001b64      0x175 .\CortexM3\ARM_GCC_541\Debug\Hovedprogram.a(UART_1.o)
 .debug_abbrev  0x00001cd9      0x173 .\CortexM3\ARM_GCC_541\Debug\Hovedprogram.a(isr_uart_rx.o)
 .debug_abbrev  0x00001e4c      0x139 .\CortexM3\ARM_GCC_541\Debug\Hovedprogram.a(SPIM_1_IntClock.o)
 .debug_abbrev  0x00001f85      0x121 .\CortexM3\ARM_GCC_541\Debug\Hovedprogram.a(ADC_SAR_1_theACLK.o)
 .debug_abbrev  0x000020a6      0x139 .\CortexM3\ARM_GCC_541\Debug\Hovedprogram.a(UART_1_IntClock.o)
 .debug_abbrev  0x000021df      0x254 .\CortexM3\ARM_GCC_541\Debug\Hovedprogram.a(CyLib.o)
 .debug_abbrev  0x00002433      0x1ab .\CortexM3\ARM_GCC_541\Debug\Hovedprogram.a(cyPm.o)
 .debug_abbrev  0x000025de       0xb1 .\CortexM3\ARM_GCC_541\Debug\Hovedprogram.a(PlayerSelect.o)
 .debug_abbrev  0x0000268f      0x173 .\CortexM3\ARM_GCC_541\Debug\Hovedprogram.a(isr_button.o)
 .debug_abbrev  0x00002802       0x81 .\CortexM3\ARM_GCC_541\Debug\Hovedprogram.a(SPIMOutCtrl.o)
 .debug_abbrev  0x00002883      0x10a .\CortexM3\ARM_GCC_541\Debug\Hovedprogram.a(I2C_1.o)
 .debug_abbrev  0x0000298d       0xb6 .\CortexM3\ARM_GCC_541\Debug\Hovedprogram.a(I2C_1_INT.o)
 .debug_abbrev  0x00002a43       0xfe .\CortexM3\ARM_GCC_541\Debug\Hovedprogram.a(I2C_1_PM.o)
 .debug_abbrev  0x00002b41      0x13c .\CortexM3\ARM_GCC_541\Debug\Hovedprogram.a(I2C_1_MASTER.o)
 .debug_abbrev  0x00002c7d      0x12b .\CortexM3\ARM_GCC_541\Debug\Hovedprogram.a(Timer_Stopur.o)
 .debug_abbrev  0x00002da8      0x173 .\CortexM3\ARM_GCC_541\Debug\Hovedprogram.a(isr_timer.o)
 .debug_abbrev  0x00002f1b      0x12b .\CortexM3\ARM_GCC_541\Debug\Hovedprogram.a(Timer_LCD.o)
 .debug_abbrev  0x00003046      0x173 .\CortexM3\ARM_GCC_541\Debug\Hovedprogram.a(isr_refreshrate_LCD.o)
 .debug_abbrev  0x000031b9      0x12b .\CortexM3\ARM_GCC_541\Debug\Hovedprogram.a(Timer4.o)
 .debug_abbrev  0x000032e4      0x173 .\CortexM3\ARM_GCC_541\Debug\Hovedprogram.a(isr_BlinkLED.o)
 .debug_abbrev  0x00003457      0x173 .\CortexM3\ARM_GCC_541\Debug\Hovedprogram.a(isr_delay.o)
 .debug_abbrev  0x000035ca      0x12b .\CortexM3\ARM_GCC_541\Debug\Hovedprogram.a(Timer5.o)
 .debug_abbrev  0x000036f5       0x14 .\CortexM3\ARM_GCC_541\Debug\Hovedprogram.a(CyBootAsmGnu.o)
 .debug_abbrev  0x00003709      0x1a7 .\CortexM3\ARM_GCC_541\Debug\Hovedprogram.a(CyFlash.o)
 .debug_abbrev  0x000038b0      0x194 .\CortexM3\ARM_GCC_541\Debug\Hovedprogram.a(CySpc.o)

.debug_line     0x00000000     0x5962
 *(.debug_line)
 .debug_line    0x00000000      0x321 .\CortexM3\ARM_GCC_541\Debug\main.o
 .debug_line    0x00000321      0x328 .\CortexM3\ARM_GCC_541\Debug\WeightSensors.o
 .debug_line    0x00000649      0x25b .\CortexM3\ARM_GCC_541\Debug\UART.o
 .debug_line    0x000008a4      0x16b .\CortexM3\ARM_GCC_541\Debug\Startknap.o
 .debug_line    0x00000a0f      0x14e .\CortexM3\ARM_GCC_541\Debug\States.o
 .debug_line    0x00000b5d      0x2b5 .\CortexM3\ARM_GCC_541\Debug\Display.o
 .debug_line    0x00000e12      0x452 .\CortexM3\ARM_GCC_541\Debug\LiquidCrystal_I2C.o
 .debug_line    0x00001264      0x1e0 .\CortexM3\ARM_GCC_541\Debug\Stopur.o
 .debug_line    0x00001444      0x653 .\CortexM3\ARM_GCC_541\Debug\LEDcontrol.o
 .debug_line    0x00001a97      0x1ad .\CortexM3\ARM_GCC_541\Debug\VT100Terminal.o
 .debug_line    0x00001c44      0x22b .\CortexM3\ARM_GCC_541\Debug\cyfitter_cfg.o
 .debug_line    0x00001e6f      0x141 .\CortexM3\ARM_GCC_541\Debug\cymetadata.o
 .debug_line    0x00001fb0      0x234 .\CortexM3\ARM_GCC_541\Debug\Cm3Start.o
 .debug_line    0x000021e4      0x24b .\CortexM3\ARM_GCC_541\Debug\Hovedprogram.a(SPIM_1.o)
 .debug_line    0x0000242f      0x171 .\CortexM3\ARM_GCC_541\Debug\Hovedprogram.a(Timer1.o)
 .debug_line    0x000025a0      0x140 .\CortexM3\ARM_GCC_541\Debug\Hovedprogram.a(isr_LED_refreshrate.o)
 .debug_line    0x000026e0      0x171 .\CortexM3\ARM_GCC_541\Debug\Hovedprogram.a(Timer2.o)
 .debug_line    0x00002851      0x13a .\CortexM3\ARM_GCC_541\Debug\Hovedprogram.a(isr_LED_pulse.o)
 .debug_line    0x0000298b      0x171 .\CortexM3\ARM_GCC_541\Debug\Hovedprogram.a(Timer3.o)
 .debug_line    0x00002afc      0x139 .\CortexM3\ARM_GCC_541\Debug\Hovedprogram.a(isr_LED_ring.o)
 .debug_line    0x00002c35      0x220 .\CortexM3\ARM_GCC_541\Debug\Hovedprogram.a(ADC_SAR_1.o)
 .debug_line    0x00002e55       0x56 .\CortexM3\ARM_GCC_541\Debug\Hovedprogram.a(ADC_SAR_1_INT.o)
 .debug_line    0x00002eab      0x2c0 .\CortexM3\ARM_GCC_541\Debug\Hovedprogram.a(UART_1.o)
 .debug_line    0x0000316b      0x138 .\CortexM3\ARM_GCC_541\Debug\Hovedprogram.a(isr_uart_rx.o)
 .debug_line    0x000032a3      0x17e .\CortexM3\ARM_GCC_541\Debug\Hovedprogram.a(SPIM_1_IntClock.o)
 .debug_line    0x00003421      0x1a3 .\CortexM3\ARM_GCC_541\Debug\Hovedprogram.a(ADC_SAR_1_theACLK.o)
 .debug_line    0x000035c4      0x17e .\CortexM3\ARM_GCC_541\Debug\Hovedprogram.a(UART_1_IntClock.o)
 .debug_line    0x00003742      0x816 .\CortexM3\ARM_GCC_541\Debug\Hovedprogram.a(CyLib.o)
 .debug_line    0x00003f58      0x367 .\CortexM3\ARM_GCC_541\Debug\Hovedprogram.a(cyPm.o)
 .debug_line    0x000042bf       0xb0 .\CortexM3\ARM_GCC_541\Debug\Hovedprogram.a(PlayerSelect.o)
 .debug_line    0x0000436f      0x137 .\CortexM3\ARM_GCC_541\Debug\Hovedprogram.a(isr_button.o)
 .debug_line    0x000044a6       0x73 .\CortexM3\ARM_GCC_541\Debug\Hovedprogram.a(SPIMOutCtrl.o)
 .debug_line    0x00004519       0xdf .\CortexM3\ARM_GCC_541\Debug\Hovedprogram.a(I2C_1.o)
 .debug_line    0x000045f8      0x118 .\CortexM3\ARM_GCC_541\Debug\Hovedprogram.a(I2C_1_INT.o)
 .debug_line    0x00004710       0xbf .\CortexM3\ARM_GCC_541\Debug\Hovedprogram.a(I2C_1_PM.o)
 .debug_line    0x000047cf      0x201 .\CortexM3\ARM_GCC_541\Debug\Hovedprogram.a(I2C_1_MASTER.o)
 .debug_line    0x000049d0      0x177 .\CortexM3\ARM_GCC_541\Debug\Hovedprogram.a(Timer_Stopur.o)
 .debug_line    0x00004b47      0x136 .\CortexM3\ARM_GCC_541\Debug\Hovedprogram.a(isr_timer.o)
 .debug_line    0x00004c7d      0x174 .\CortexM3\ARM_GCC_541\Debug\Hovedprogram.a(Timer_LCD.o)
 .debug_line    0x00004df1      0x140 .\CortexM3\ARM_GCC_541\Debug\Hovedprogram.a(isr_refreshrate_LCD.o)
 .debug_line    0x00004f31      0x171 .\CortexM3\ARM_GCC_541\Debug\Hovedprogram.a(Timer4.o)
 .debug_line    0x000050a2      0x139 .\CortexM3\ARM_GCC_541\Debug\Hovedprogram.a(isr_BlinkLED.o)
 .debug_line    0x000051db      0x136 .\CortexM3\ARM_GCC_541\Debug\Hovedprogram.a(isr_delay.o)
 .debug_line    0x00005311      0x171 .\CortexM3\ARM_GCC_541\Debug\Hovedprogram.a(Timer5.o)
 .debug_line    0x00005482       0x66 .\CortexM3\ARM_GCC_541\Debug\Hovedprogram.a(CyBootAsmGnu.o)
 .debug_line    0x000054e8      0x21a .\CortexM3\ARM_GCC_541\Debug\Hovedprogram.a(CyFlash.o)
 .debug_line    0x00005702      0x260 .\CortexM3\ARM_GCC_541\Debug\Hovedprogram.a(CySpc.o)

.debug_frame    0x00000000     0x3a64
 *(.debug_frame)
 .debug_frame   0x00000000       0x30 .\CortexM3\ARM_GCC_541\Debug\main.o
 .debug_frame   0x00000030       0xbc .\CortexM3\ARM_GCC_541\Debug\WeightSensors.o
 .debug_frame   0x000000ec       0x8c .\CortexM3\ARM_GCC_541\Debug\UART.o
 .debug_frame   0x00000178       0x20 .\CortexM3\ARM_GCC_541\Debug\Startknap.o
 .debug_frame   0x00000198       0x98 .\CortexM3\ARM_GCC_541\Debug\Display.o
 .debug_frame   0x00000230      0x37c .\CortexM3\ARM_GCC_541\Debug\LiquidCrystal_I2C.o
 .debug_frame   0x000005ac       0xb0 .\CortexM3\ARM_GCC_541\Debug\Stopur.o