Archive member included to satisfy reference by file (symbol)

.\CortexM3\ARM_GCC_541\Debug\Hovedprogram.a(SPIM_1.o)
                              .\CortexM3\ARM_GCC_541\Debug\LEDcontrol.o (SPIM_1_WriteTxData)
.\CortexM3\ARM_GCC_541\Debug\Hovedprogram.a(Timer1.o)
                              .\CortexM3\ARM_GCC_541\Debug\LEDcontrol.o (Timer1_Stop)
.\CortexM3\ARM_GCC_541\Debug\Hovedprogram.a(isr_LED_refreshrate.o)
                              .\CortexM3\ARM_GCC_541\Debug\LEDcontrol.o (isr_LED_refreshrate_StartEx)
.\CortexM3\ARM_GCC_541\Debug\Hovedprogram.a(Timer2.o)
                              .\CortexM3\ARM_GCC_541\Debug\LEDcontrol.o (Timer2_WritePeriod)
.\CortexM3\ARM_GCC_541\Debug\Hovedprogram.a(isr_LED_pulse.o)
                              .\CortexM3\ARM_GCC_541\Debug\LEDcontrol.o (isr_LED_pulse_StartEx)
.\CortexM3\ARM_GCC_541\Debug\Hovedprogram.a(Timer3.o)
                              .\CortexM3\ARM_GCC_541\Debug\LEDcontrol.o (Timer3_WritePeriod)
.\CortexM3\ARM_GCC_541\Debug\Hovedprogram.a(isr_LED_ring.o)
                              .\CortexM3\ARM_GCC_541\Debug\LEDcontrol.o (isr_LED_ring_StartEx)
.\CortexM3\ARM_GCC_541\Debug\Hovedprogram.a(ADC_SAR_1.o)
                              .\CortexM3\ARM_GCC_541\Debug\WeightSensors.o (ADC_SAR_1_Start)
.\CortexM3\ARM_GCC_541\Debug\Hovedprogram.a(ADC_SAR_1_INT.o)
                              .\CortexM3\ARM_GCC_541\Debug\Hovedprogram.a(ADC_SAR_1.o) (ADC_SAR_1_ISR)
.\CortexM3\ARM_GCC_541\Debug\Hovedprogram.a(UART_1.o)
                              .\CortexM3\ARM_GCC_541\Debug\main.o (UART_1_Start)
.\CortexM3\ARM_GCC_541\Debug\Hovedprogram.a(isr_uart_rx.o)
                              .\CortexM3\ARM_GCC_541\Debug\main.o (isr_uart_rx_StartEx)
.\CortexM3\ARM_GCC_541\Debug\Hovedprogram.a(SPIM_1_IntClock.o)
                              .\CortexM3\ARM_GCC_541\Debug\Hovedprogram.a(SPIM_1.o) (SPIM_1_IntClock_Start)
.\CortexM3\ARM_GCC_541\Debug\Hovedprogram.a(ADC_SAR_1_theACLK.o)
                              .\CortexM3\ARM_GCC_541\Debug\Hovedprogram.a(ADC_SAR_1.o) (ADC_SAR_1_theACLK_SetModeRegister)
.\CortexM3\ARM_GCC_541\Debug\Hovedprogram.a(UART_1_IntClock.o)
                              .\CortexM3\ARM_GCC_541\Debug\Hovedprogram.a(UART_1.o) (UART_1_IntClock_Start)
.\CortexM3\ARM_GCC_541\Debug\Hovedprogram.a(CyLib.o)
                              .\CortexM3\ARM_GCC_541\Debug\Cm3Start.o (CyHalt)
.\CortexM3\ARM_GCC_541\Debug\Hovedprogram.a(cyPm.o)
                              .\CortexM3\ARM_GCC_541\Debug\Hovedprogram.a(CyLib.o) (CyPmReadStatus)
.\CortexM3\ARM_GCC_541\Debug\Hovedprogram.a(PlayerSelect.o)
                              .\CortexM3\ARM_GCC_541\Debug\WeightSensors.o (PlayerSelect_Start)
.\CortexM3\ARM_GCC_541\Debug\Hovedprogram.a(isr_button.o)
                              .\CortexM3\ARM_GCC_541\Debug\main.o (isr_button_StartEx)
.\CortexM3\ARM_GCC_541\Debug\Hovedprogram.a(SPIMOutCtrl.o)
                              .\CortexM3\ARM_GCC_541\Debug\LEDcontrol.o (SPIMOutCtrl_Write)
.\CortexM3\ARM_GCC_541\Debug\Hovedprogram.a(I2C_1.o)
                              .\CortexM3\ARM_GCC_541\Debug\Display.o (I2C_1_Start)
.\CortexM3\ARM_GCC_541\Debug\Hovedprogram.a(I2C_1_INT.o)
                              .\CortexM3\ARM_GCC_541\Debug\Hovedprogram.a(I2C_1.o) (I2C_1_ISR)
.\CortexM3\ARM_GCC_541\Debug\Hovedprogram.a(I2C_1_PM.o)
                              .\CortexM3\ARM_GCC_541\Debug\Hovedprogram.a(I2C_1.o) (I2C_1_backup)
.\CortexM3\ARM_GCC_541\Debug\Hovedprogram.a(I2C_1_MASTER.o)
                              .\CortexM3\ARM_GCC_541\Debug\Hovedprogram.a(I2C_1.o) (I2C_1_mstrStatus)
.\CortexM3\ARM_GCC_541\Debug\Hovedprogram.a(Timer_Stopur.o)
                              .\CortexM3\ARM_GCC_541\Debug\Stopur.o (Timer_Stopur_Stop)
.\CortexM3\ARM_GCC_541\Debug\Hovedprogram.a(isr_timer.o)
                              .\CortexM3\ARM_GCC_541\Debug\main.o (isr_timer_StartEx)
.\CortexM3\ARM_GCC_541\Debug\Hovedprogram.a(Timer_LCD.o)
                              .\CortexM3\ARM_GCC_541\Debug\Display.o (Timer_LCD_Stop)
.\CortexM3\ARM_GCC_541\Debug\Hovedprogram.a(isr_refreshrate_LCD.o)
                              .\CortexM3\ARM_GCC_541\Debug\LEDcontrol.o (isr_refreshrate_LCD_Enable)
.\CortexM3\ARM_GCC_541\Debug\Hovedprogram.a(Timer4.o)
                              .\CortexM3\ARM_GCC_541\Debug\LEDcontrol.o (Timer4_WritePeriod)
.\CortexM3\ARM_GCC_541\Debug\Hovedprogram.a(isr_BlinkLED.o)
                              .\CortexM3\ARM_GCC_541\Debug\LEDcontrol.o (isr_BlinkLED_StartEx)
.\CortexM3\ARM_GCC_541\Debug\Hovedprogram.a(isr_delay.o)
                              .\CortexM3\ARM_GCC_541\Debug\LEDcontrol.o (isr_delay_Enable)
.\CortexM3\ARM_GCC_541\Debug\Hovedprogram.a(Timer5.o)
                              .\CortexM3\ARM_GCC_541\Debug\LEDcontrol.o (Timer5_Stop)
.\CortexM3\ARM_GCC_541\Debug\Hovedprogram.a(CyBootAsmGnu.o)
                              .\CortexM3\ARM_GCC_541\Debug\cyfitter_cfg.o (CyDelayCycles)
.\CortexM3\ARM_GCC_541\Debug\Hovedprogram.a(CyFlash.o)
[...]
Memory Configuration

Name             Origin             Length             Attributes
rom              0x00000000         0x00040000         xr
ram              0x1fff8000         0x00010000         xrw
*default*        0x00000000         0xffffffff

Linker script and memory map

LOAD c:/program files (x86)/cypress/psoc creator/4.3/psoc creator/import/gnu/arm/5.4.1/bin/../lib/gcc/arm-none-eabi/5.4.1/armv7-m/crti.o
LOAD c:/program files (x86)/cypress/psoc creator/4.3/psoc creator/import/gnu/arm/5.4.1/bin/../lib/gcc/arm-none-eabi/5.4.1/armv7-m/crtbegin.o
LOAD c:/program files (x86)/cypress/psoc creator/4.3/psoc creator/import/gnu/arm/5.4.1/bin/../lib/gcc/arm-none-eabi/5.4.1/../../../../arm-none-eabi/lib/armv7-m/crt0.o
START GROUP
LOAD .\CortexM3\ARM_GCC_541\Debug\main.o
LOAD .\CortexM3\ARM_GCC_541\Debug\WeightSensors.o
LOAD .\CortexM3\ARM_GCC_541\Debug\UART.o
LOAD .\CortexM3\ARM_GCC_541\Debug\Startknap.o
LOAD .\CortexM3\ARM_GCC_541\Debug\States.o
LOAD .\CortexM3\ARM_GCC_541\Debug\Display.o
LOAD .\CortexM3\ARM_GCC_541\Debug\LiquidCrystal_I2C.o
LOAD .\CortexM3\ARM_GCC_541\Debug\Stopur.o
LOAD .\CortexM3\ARM_GCC_541\Debug\LEDcontrol.o
LOAD .\CortexM3\ARM_GCC_541\Debug\VT100Terminal.o
LOAD .\CortexM3\ARM_GCC_541\Debug\cyfitter_cfg.o
LOAD .\CortexM3\ARM_GCC_541\Debug\cymetadata.o
LOAD .\CortexM3\ARM_GCC_541\Debug\Cm3Start.o
LOAD .\CortexM3\ARM_GCC_541\Debug\Hovedprogram.a
LOAD C:\Program Files (x86)\Cypress\PSoC Creator\4.3\PSoC Creator\psoc\content\cycomponentlibrary\CyComponentLibrary.cylib\CortexM3\ARM_GCC_541\Debug\CyComponentLibrary.a
END GROUP
START GROUP
LOAD c:/program files (x86)/cypress/psoc creator/4.3/psoc creator/import/gnu/arm/5.4.1/bin/../lib/gcc/arm-none-eabi/5.4.1/armv7-m\libgcc.a
LOAD c:/program files (x86)/cypress/psoc creator/4.3/psoc creator/import/gnu/arm/5.4.1/bin/../lib/gcc/arm-none-eabi/5.4.1/../../../../arm-none-eabi/lib/armv7-m\libg_nano.a
LOAD c:/program files (x86)/cypress/psoc creator/4.3/psoc creator/import/gnu/arm/5.4.1/bin/../lib/gcc/arm-none-eabi/5.4.1/../../../../arm-none-eabi/lib/armv7-m\libc_nano.a
END GROUP
START GROUP
LOAD c:/program files (x86)/cypress/psoc creator/4.3/psoc creator/import/gnu/arm/5.4.1/bin/../lib/gcc/arm-none-eabi/5.4.1/armv7-m\libgcc.a
LOAD c:/program files (x86)/cypress/psoc creator/4.3/psoc creator/import/gnu/arm/5.4.1/bin/../lib/gcc/arm-none-eabi/5.4.1/../../../../arm-none-eabi/lib/armv7-m\libc_nano.a
END GROUP
LOAD c:/program files (x86)/cypress/psoc creator/4.3/psoc creator/import/gnu/arm/5.4.1/bin/../lib/gcc/arm-none-eabi/5.4.1/armv7-m/crtend.o
LOAD c:/program files (x86)/cypress/psoc creator/4.3/psoc creator/import/gnu/arm/5.4.1/bin/../lib/gcc/arm-none-eabi/5.4.1/armv7-m/crtn.o
START GROUP
LOAD c:/program files (x86)/cypress/psoc creator/4.3/psoc creator/import/gnu/arm/5.4.1/bin/../lib/gcc/arm-none-eabi/5.4.1/armv7-m\libgcc.a
LOAD c:/program files (x86)/cypress/psoc creator/4.3/psoc creator/import/gnu/arm/5.4.1/bin/../lib/gcc/arm-none-eabi/5.4.1/../../../../arm-none-eabi/lib/armv7-m\libc.a
LOAD c:/program files (x86)/cypress/psoc creator/4.3/psoc creator/import/gnu/arm/5.4.1/bin/../lib/gcc/arm-none-eabi/5.4.1/../../../../arm-none-eabi/lib/armv7-m\libnosys.a
END GROUP
                0x00000000                CY_APPL_ORIGIN = 0x0
                0x00000100                CY_FLASH_ROW_SIZE = 0x100
                0x00000020                CY_ECC_ROW_SIZE = 0x20
                0x00000000                CY_EE_IN_BTLDR = 0x0
                0x00000000                CY_APPL_LOADABLE = 0x0
                0x00000800                CY_EE_SIZE = 0x800
                0x00000001                CY_APPL_NUM = 0x1
                0x00000001                CY_APPL_MAX = 0x1
                0x00000040                CY_METADATA_SIZE = 0x40
                0x00000000                CY_APPL_LOADABLE = 0x0
                0x00000000                CY_CHECKSUM_EXCLUDE_SIZE = ALIGN (0x0, CY_FLASH_ROW_SIZE)
                [!provide]                PROVIDE (__cy_heap_start, _end)
                0x00000001                PROVIDE (__cy_region_num, ((__cy_regions_end - __cy_regions) / 0x10))
                0x20008000                PROVIDE (__cy_stack, (ORIGIN (ram) + LENGTH (ram)))
                [!provide]                PROVIDE (__cy_heap_end, (__cy_stack - 0x800))

.cybootloader   0x00000000        0x0
 *(.cybootloader)
                0x00000000                appl1_start = CY_APPL_ORIGIN?CY_APPL_ORIGIN:ALIGN (CY_FLASH_ROW_SIZE)
                0x0001ff00                appl2_start = (appl1_start + ALIGN ((((LENGTH (rom) - appl1_start) - (0x2 * CY_FLASH_ROW_SIZE)) / 0x2), CY_FLASH_ROW_SIZE))
                0x00000000                appl_start = (CY_APPL_NUM == 0x1)?appl1_start:appl2_start
                0x00000000                ecc_offset = ((appl_start / CY_FLASH_ROW_SIZE) * CY_ECC_ROW_SIZE)
                0x00000000                ee_offset = (CY_APPL_LOADABLE && ! (CY_EE_IN_BTLDR))?((CY_EE_SIZE / CY_APPL_MAX) * (CY_APPL_NUM - 0x1)):0x0
                0x00000800                ee_size = (CY_APPL_LOADABLE && ! (CY_EE_IN_BTLDR))?(CY_EE_SIZE / CY_APPL_MAX):CY_EE_SIZE
                [!provide]                PROVIDE (CY_ECC_OFFSET, ecc_offset)

.text           0x00000000     0x4974
 CREATE_OBJECT_SYMBOLS
                0x00000000                PROVIDE (__cy_interrupt_vector, RomVectors)
 *(.romvectors)
 .romvectors    0x00000000       0x10 .\CortexM3\ARM_GCC_541\Debug\Cm3Start.o
                0x00000000                RomVectors
                0x00000001                ASSERT ((. != __cy_interrupt_vector), No interrupt vector)
                0x00000001                ASSERT (CY_APPL_ORIGIN?(SIZEOF (.cybootloader) <= CY_APPL_ORIGIN):0x1, Wrong image location)
                0x00000010                PROVIDE (__cy_reset, Reset)
 *(.text.Reset)
 .text.Reset    0x00000010       0x18 .\CortexM3\ARM_GCC_541\Debug\Cm3Start.o
                0x00000010                Reset
                0x00000001                ASSERT ((. != __cy_reset), No reset code)
 *(.dma_init)
                0x00000001                ASSERT ((((appl_start + .) <= 0x10000) || 0x1), DMA Init must be within the first 64k of flash)
 *(.text .text.* .gnu.linkonce.t.*)
 .text          0x00000028       0x5c c:/program files (x86)/cypress/psoc creator/4.3/psoc creator/import/gnu/arm/5.4.1/bin/../lib/gcc/arm-none-eabi/5.4.1/armv7-m/crtbegin.o
 .text.main     0x00000084      0x6d8 .\CortexM3\ARM_GCC_541\Debug\main.o
                0x00000084                main
 .text.getWeight
                0x0000075c       0xa4 .\CortexM3\ARM_GCC_541\Debug\WeightSensors.o
                0x0000075c                getWeight
 .text.getCalWeight
                0x00000800       0xc8 .\CortexM3\ARM_GCC_541\Debug\WeightSensors.o
                0x00000800                getCalWeight
 .text.getWeightLoser
                0x000008c8       0x6c .\CortexM3\ARM_GCC_541\Debug\WeightSensors.o
                0x000008c8                getWeightLoser
 .text.WeightSensorsInit
                0x00000934        0xc .\CortexM3\ARM_GCC_541\Debug\WeightSensors.o
                0x00000934                WeightSensorsInit
 .text.CompareWeight
                0x00000940       0xb8 .\CortexM3\ARM_GCC_541\Debug\WeightSensors.o
                0x00000940                CompareWeight
 .text.CalibrateSensors
                0x000009f8       0x2c .\CortexM3\ARM_GCC_541\Debug\WeightSensors.o
                0x000009f8                CalibrateSensors
 .text.handleByteReceived
                0x00000a24       0x1c .\CortexM3\ARM_GCC_541\Debug\UART.o
                0x00000a24                handleByteReceived
 .text.ISR_UART_rx_handler
                0x00000a40       0x1c .\CortexM3\ARM_GCC_541\Debug\UART.o
                0x00000a40                ISR_UART_rx_handler
 .text.UARTprint
                0x00000a5c       0x28 .\CortexM3\ARM_GCC_541\Debug\UART.o
                0x00000a5c                UARTprint
 .text.clearTerm
                0x00000a84       0x38 .\CortexM3\ARM_GCC_541\Debug\UART.o
                0x00000a84                clearTerm
 .text.isr_button_handler
                0x00000abc        0xc .\CortexM3\ARM_GCC_541\Debug\Startknap.o
                0x00000abc                isr_button_handler
 .text.StartDisp
                0x00000ac8       0x64 .\CortexM3\ARM_GCC_541\Debug\Display.o
                0x00000ac8                StartDisp
 .text.initDisp
                0x00000b2c       0x54 .\CortexM3\ARM_GCC_541\Debug\Display.o
                0x00000b2c                initDisp
 .text.dispTime
                0x00000b80       0x58 .\CortexM3\ARM_GCC_541\Debug\Display.o
                0x00000b80                dispTime
 .text.isr_refreshrate_LCD
                0x00000bd8       0x3c .\CortexM3\ARM_GCC_541\Debug\Display.o
                0x00000bd8                isr_refreshrate_LCD
 .text.stopLCD  0x00000c14       0x1c .\CortexM3\ARM_GCC_541\Debug\Display.o
                0x00000c14                stopLCD
 .text.LiquidCrystal_I2C_init
                0x00000c30       0x30 .\CortexM3\ARM_GCC_541\Debug\LiquidCrystal_I2C.o
                0x00000c30                LiquidCrystal_I2C_init
 .text.I2C_M_write_byte
                0x00000c60       0x18 .\CortexM3\ARM_GCC_541\Debug\LiquidCrystal_I2C.o
                0x00000c60                I2C_M_write_byte
 .text.expanderWrite
                0x00000c78       0x1c .\CortexM3\ARM_GCC_541\Debug\LiquidCrystal_I2C.o
                0x00000c78                expanderWrite
 .text.pulseEnable
                0x00000c94       0x24 .\CortexM3\ARM_GCC_541\Debug\LiquidCrystal_I2C.o
                0x00000c94                pulseEnable
 .text.write4bits
                0x00000cb8       0x10 .\CortexM3\ARM_GCC_541\Debug\LiquidCrystal_I2C.o
                0x00000cb8                write4bits
 .text.send     0x00000cc8       0x20 .\CortexM3\ARM_GCC_541\Debug\LiquidCrystal_I2C.o
                0x00000cc8                send
 .text.command  0x00000ce8        0xc .\CortexM3\ARM_GCC_541\Debug\LiquidCrystal_I2C.o
                0x00000ce8                command
 .text.clearDisp
                0x00000cf4       0x10 .\CortexM3\ARM_GCC_541\Debug\LiquidCrystal_I2C.o
                0x00000cf4                clearDisp
 .text.home     0x00000d04       0x10 .\CortexM3\ARM_GCC_541\Debug\LiquidCrystal_I2C.o
                0x00000d04                home
 .text.setCursor
                0x00000d14       0x44 .\CortexM3\ARM_GCC_541\Debug\LiquidCrystal_I2C.o
                0x00000d14                setCursor
 .text.display  0x00000d58       0x1c .\CortexM3\ARM_GCC_541\Debug\LiquidCrystal_I2C.o
                0x00000d58                display
 .text.write    0x00000d74        0xc .\CortexM3\ARM_GCC_541\Debug\LiquidCrystal_I2C.o
                0x00000d74                write
 .text.LCD_print
                0x00000d80       0x20 .\CortexM3\ARM_GCC_541\Debug\LiquidCrystal_I2C.o
                0x00000d80                LCD_print
 .text.begin    0x00000da0       0xb4 .\CortexM3\ARM_GCC_541\Debug\LiquidCrystal_I2C.o
                0x00000da0                begin
 .text.setaddress
                0x00000e54        0xc .\CortexM3\ARM_GCC_541\Debug\LiquidCrystal_I2C.o
                0x00000e54                setaddress
 .text.startTimer
                0x00000e60        0x8 .\CortexM3\ARM_GCC_541\Debug\Stopur.o
                0x00000e60                startTimer
 .text.stopTimer
                0x00000e68        0x8 .\CortexM3\ARM_GCC_541\Debug\Stopur.o
                0x00000e68                stopTimer
 .text.isr_timer
                0x00000e70       0x20 .\CortexM3\ARM_GCC_541\Debug\Stopur.o
                0x00000e70                isr_timer
 .text.getTime  0x00000e90       0x10 .\CortexM3\ARM_GCC_541\Debug\Stopur.o
                0x00000e90                getTime
 .text.clearTimer
                0x00000ea0        0xc .\CortexM3\ARM_GCC_541\Debug\Stopur.o
                0x00000ea0                clearTimer
 .text.timeout  0x00000eac       0x18 .\CortexM3\ARM_GCC_541\Debug\Stopur.o
                0x00000eac                timeout
 .text.setrefreshrate
                0x00000ec4       0x30 .\CortexM3\ARM_GCC_541\Debug\LEDcontrol.o
                0x00000ec4                setrefreshrate
 .text.setspeed
                0x00000ef4       0x2c .\CortexM3\ARM_GCC_541\Debug\LEDcontrol.o
                0x00000ef4                setspeed
 .text.hsv2rgb  0x00000f20      0x234 .\CortexM3\ARM_GCC_541\Debug\LEDcontrol.o
                0x00000f20                hsv2rgb
 .text.UpdateLED
                0x00001154       0x54 .\CortexM3\ARM_GCC_541\Debug\LEDcontrol.o
                0x00001154                UpdateLED
 .text.isr_refreshrate
                0x000011a8       0x34 .\CortexM3\ARM_GCC_541\Debug\LEDcontrol.o
                0x000011a8                isr_refreshrate
 .text.setcolorLED
                0x000011dc      0x134 .\CortexM3\ARM_GCC_541\Debug\LEDcontrol.o
                0x000011dc                setcolorLED
 .text.fillcolor
                0x00001310       0x3c .\CortexM3\ARM_GCC_541\Debug\LEDcontrol.o
                0x00001310                fillcolor
 *fill*         0x0000134c        0x4 
 .text.isr_LED_pulse
                0x00001350      0x128 .\CortexM3\ARM_GCC_541\Debug\LEDcontrol.o
                0x00001350                isr_LED_pulse
 .text.isr_BlinkLED
                0x00001478       0xbc .\CortexM3\ARM_GCC_541\Debug\LEDcontrol.o
                0x00001478                isr_BlinkLED
 .text.isr_LED_ring
                0x00001534      0x10c .\CortexM3\ARM_GCC_541\Debug\LEDcontrol.o
                0x00001534                isr_LED_ring
 .text.LEDOff   0x00001640       0x14 .\CortexM3\ARM_GCC_541\Debug\LEDcontrol.o
                0x00001640                LEDOff
 .text.addLEDstrip
                0x00001654       0x48 .\CortexM3\ARM_GCC_541\Debug\LEDcontrol.o
                0x00001654                addLEDstrip
 .text.initLED  0x0000169c       0x7c .\CortexM3\ARM_GCC_541\Debug\LEDcontrol.o
                0x0000169c                initLED
 .text.pulseLED
                0x00001718       0x48 .\CortexM3\ARM_GCC_541\Debug\LEDcontrol.o
                0x00001718                pulseLED
 .text.ringLED  0x00001760       0x4c .\CortexM3\ARM_GCC_541\Debug\LEDcontrol.o
                0x00001760                ringLED
 .text.BlinkLED
                0x000017ac       0x44 .\CortexM3\ARM_GCC_541\Debug\LEDcontrol.o
                0x000017ac                BlinkLED
 .text.idleSeq  0x000017f0       0x3c .\CortexM3\ARM_GCC_541\Debug\LEDcontrol.o
                0x000017f0                idleSeq
 *fill*         0x0000182c        0x4 
 .text.loserSeq
                0x00001830       0x38 .\CortexM3\ARM_GCC_541\Debug\LEDcontrol.o
                0x00001830                loserSeq
 .text.checkSeq
                0x00001868       0x2c .\CortexM3\ARM_GCC_541\Debug\LEDcontrol.o
                0x00001868                checkSeq
 .text.weightapprovedSeq
                0x00001894       0x28 .\CortexM3\ARM_GCC_541\Debug\LEDcontrol.o
                0x00001894                weightapprovedSeq
 *fill*         0x000018bc        0x4 
 .text.startSeq
                0x000018c0      0x15c .\CortexM3\ARM_GCC_541\Debug\LEDcontrol.o
                0x000018c0                startSeq
 .text.isr_delay
                0x00001a1c       0x18 .\CortexM3\ARM_GCC_541\Debug\LEDcontrol.o
                0x00001a1c                isr_delay
 *fill*         0x00001a34        0x4 
 .text.errorSeq
                0x00001a38       0x38 .\CortexM3\ARM_GCC_541\Debug\LEDcontrol.o
                0x00001a38                errorSeq
 .text.winnerSeq
                0x00001a70       0x28 .\CortexM3\ARM_GCC_541\Debug\LEDcontrol.o
                0x00001a70                winnerSeq
 .text.delline  0x00001a98       0x1c .\CortexM3\ARM_GCC_541\Debug\VT100Terminal.o
                0x00001a98                delline
 .text.movecursor
                0x00001ab4       0x34 .\CortexM3\ARM_GCC_541\Debug\VT100Terminal.o
                0x00001ab4                movecursor
 .text.CyClockStartupError
                0x00001ae8        0x4 .\CortexM3\ARM_GCC_541\Debug\cyfitter_cfg.o
 .text.cfg_write_bytes32
                0x00001aec       0x34 .\CortexM3\ARM_GCC_541\Debug\cyfitter_cfg.o
 .text.CYMEMZERO
                0x00001b20        0xc .\CortexM3\ARM_GCC_541\Debug\cyfitter_cfg.o
 .text.AnalogSetDefault
                0x00001b2c       0x6c .\CortexM3\ARM_GCC_541\Debug\cyfitter_cfg.o
 .text.CYCONFIGCPY
                0x00001b98        0x8 .\CortexM3\ARM_GCC_541\Debug\cyfitter_cfg.o
 .text.ClockSetup
                0x00001ba0       0xfc .\CortexM3\ARM_GCC_541\Debug\cyfitter_cfg.o
 .text.PlayerSelect_Set
                0x00001c9c       0x1c .\CortexM3\ARM_GCC_541\Debug\cyfitter_cfg.o
                0x00001c9c                PlayerSelect_Set
 .text.PlayerSelect_Unset
                0x00001cb8       0x1c .\CortexM3\ARM_GCC_541\Debug\cyfitter_cfg.o
                0x00001cb8                PlayerSelect_Unset
 .text.cyfitter_cfg
                0x00001cd4      0x120 .\CortexM3\ARM_GCC_541\Debug\cyfitter_cfg.o
                0x00001cd4                cyfitter_cfg
 .text.IntDefaultHandler
                0x00001df4       0x10 .\CortexM3\ARM_GCC_541\Debug\Cm3Start.o
                0x00001df4                IntDefaultHandler
 .text._sbrk    0x00001e04       0x30 .\CortexM3\ARM_GCC_541\Debug\Cm3Start.o
                0x00001e04                _sbrk
 .text.Start_c  0x00001e34       0x4c .\CortexM3\ARM_GCC_541\Debug\Cm3Start.o
                0x00001e34                Start_c
 .text.initialize_psoc
                0x00001e80       0x68 .\CortexM3\ARM_GCC_541\Debug\Cm3Start.o
                0x00001e80                initialize_psoc
 .text.SPIM_1_Enable
                0x00001ee8       0x34 .\CortexM3\ARM_GCC_541\Debug\Hovedprogram.a(SPIM_1.o)
                0x00001ee8                SPIM_1_Enable
 .text.SPIM_1_ReadTxStatus
                0x00001f1c        0xc .\CortexM3\ARM_GCC_541\Debug\Hovedprogram.a(SPIM_1.o)
                0x00001f1c                SPIM_1_ReadTxStatus
 .text.SPIM_1_ReadRxStatus
                0x00001f28        0xc .\CortexM3\ARM_GCC_541\Debug\Hovedprogram.a(SPIM_1.o)
                0x00001f28                SPIM_1_ReadRxStatus
 .text.SPIM_1_WriteTxData
                0x00001f34       0x18 .\CortexM3\ARM_GCC_541\Debug\Hovedprogram.a(SPIM_1.o)
                0x00001f34                SPIM_1_WriteTxData
 .text.SPIM_1_ClearFIFO
                0x00001f4c       0x4c .\CortexM3\ARM_GCC_541\Debug\Hovedprogram.a(SPIM_1.o)
                0x00001f4c                SPIM_1_ClearFIFO
 .text.SPIM_1_Init
                0x00001f98       0x28 .\CortexM3\ARM_GCC_541\Debug\Hovedprogram.a(SPIM_1.o)
                0x00001f98                SPIM_1_Init
 .text.SPIM_1_Start
                0x00001fc0       0x1c .\CortexM3\ARM_GCC_541\Debug\Hovedprogram.a(SPIM_1.o)
                0x00001fc0                SPIM_1_Start
 .text.Timer1_Enable
                0x00001fdc       0x10 .\CortexM3\ARM_GCC_541\Debug\Hovedprogram.a(Timer1.o)
                0x00001fdc                Timer1_Enable
 .text.Timer1_Stop
                0x00001fec       0x10 .\CortexM3\ARM_GCC_541\Debug\Hovedprogram.a(Timer1.o)
                0x00001fec                Timer1_Stop
 .text.Timer1_SetInterruptMode
                0x00001ffc        0xc .\CortexM3\ARM_GCC_541\Debug\Hovedprogram.a(Timer1.o)
                0x00001ffc                Timer1_SetInterruptMode
 .text.Timer1_ReadStatusRegister
                0x00002008        0xc .\CortexM3\ARM_GCC_541\Debug\Hovedprogram.a(Timer1.o)
                0x00002008                Timer1_ReadStatusRegister
 .text.Timer1_WritePeriod
                0x00002014        0xc .\CortexM3\ARM_GCC_541\Debug\Hovedprogram.a(Timer1.o)
                0x00002014                Timer1_WritePeriod
 .text.Timer1_ReadCapture
                0x00002020        0xc .\CortexM3\ARM_GCC_541\Debug\Hovedprogram.a(Timer1.o)
                0x00002020                Timer1_ReadCapture
 .text.Timer1_WriteCounter
                0x0000202c        0xc .\CortexM3\ARM_GCC_541\Debug\Hovedprogram.a(Timer1.o)
                0x0000202c                Timer1_WriteCounter
 .text.Timer1_ClearFIFO
                0x00002038       0x14 .\CortexM3\ARM_GCC_541\Debug\Hovedprogram.a(Timer1.o)
                0x00002038                Timer1_ClearFIFO
 .text.Timer1_Init
                0x0000204c       0x34 .\CortexM3\ARM_GCC_541\Debug\Hovedprogram.a(Timer1.o)
                0x0000204c                Timer1_Init
 .text.Timer1_Start
                0x00002080       0x1c .\CortexM3\ARM_GCC_541\Debug\Hovedprogram.a(Timer1.o)
                0x00002080                Timer1_Start
 .text.isr_LED_refreshrate_SetVector
                0x0000209c        0xc .\CortexM3\ARM_GCC_541\Debug\Hovedprogram.a(isr_LED_refreshrate.o)
                0x0000209c                isr_LED_refreshrate_SetVector
 .text.isr_LED_refreshrate_SetPriority
                0x000020a8       0x10 .\CortexM3\ARM_GCC_541\Debug\Hovedprogram.a(isr_LED_refreshrate.o)
                0x000020a8                isr_LED_refreshrate_SetPriority
 .text.isr_LED_refreshrate_Enable
                0x000020b8        0xc .\CortexM3\ARM_GCC_541\Debug\Hovedprogram.a(isr_LED_refreshrate.o)
                0x000020b8                isr_LED_refreshrate_Enable
 .text.isr_LED_refreshrate_Disable
                0x000020c4        0xc .\CortexM3\ARM_GCC_541\Debug\Hovedprogram.a(isr_LED_refreshrate.o)
                0x000020c4                isr_LED_refreshrate_Disable
 .text.isr_LED_refreshrate_StartEx
                0x000020d0       0x1c .\CortexM3\ARM_GCC_541\Debug\Hovedprogram.a(isr_LED_refreshrate.o)
                0x000020d0                isr_LED_refreshrate_StartEx
 .text.Timer2_Enable
                0x000020ec       0x10 .\CortexM3\ARM_GCC_541\Debug\Hovedprogram.a(Timer2.o)
                0x000020ec                Timer2_Enable
 .text.Timer2_SetInterruptMode
                0x000020fc        0xc .\CortexM3\ARM_GCC_541\Debug\Hovedprogram.a(Timer2.o)
                0x000020fc                Timer2_SetInterruptMode
 .text.Timer2_ReadStatusRegister
                0x00002108        0xc .\CortexM3\ARM_GCC_541\Debug\Hovedprogram.a(Timer2.o)
                0x00002108                Timer2_ReadStatusRegister
 .text.Timer2_WritePeriod
                0x00002114        0xc .\CortexM3\ARM_GCC_541\Debug\Hovedprogram.a(Timer2.o)
                0x00002114                Timer2_WritePeriod
 .text.Timer2_ReadCapture
                0x00002120        0xc .\CortexM3\ARM_GCC_541\Debug\Hovedprogram.a(Timer2.o)
                0x00002120                Timer2_ReadCapture
 .text.Timer2_WriteCounter
                0x0000212c        0xc .\CortexM3\ARM_GCC_541\Debug\Hovedprogram.a(Timer2.o)
                0x0000212c                Timer2_WriteCounter
 .text.Timer2_ClearFIFO
                0x00002138       0x14 .\CortexM3\ARM_GCC_541\Debug\Hovedprogram.a(Timer2.o)
                0x00002138                Timer2_ClearFIFO
 .text.Timer2_Init
                0x0000214c       0x34 .\CortexM3\ARM_GCC_541\Debug\Hovedprogram.a(Timer2.o)
                0x0000214c                Timer2_Init
 .text.Timer2_Start
                0x00002180       0x1c .\CortexM3\ARM_GCC_541\Debug\Hovedprogram.a(Timer2.o)
                0x00002180                Timer2_Start
 .text.isr_LED_pulse_SetVector
                0x0000219c        0xc .\CortexM3\ARM_GCC_541\Debug\Hovedprogram.a(isr_LED_pulse.o)
                0x0000219c                isr_LED_pulse_SetVector
 .text.isr_LED_pulse_SetPriority
                0x000021a8       0x10 .\CortexM3\ARM_GCC_541\Debug\Hovedprogram.a(isr_LED_pulse.o)
                0x000021a8                isr_LED_pulse_SetPriority
 .text.isr_LED_pulse_Enable
                0x000021b8        0xc .\CortexM3\ARM_GCC_541\Debug\Hovedprogram.a(isr_LED_pulse.o)
                0x000021b8                isr_LED_pulse_Enable
 .text.isr_LED_pulse_Disable
                0x000021c4        0xc .\CortexM3\ARM_GCC_541\Debug\Hovedprogram.a(isr_LED_pulse.o)
                0x000021c4                isr_LED_pulse_Disable
 .text.isr_LED_pulse_StartEx
                0x000021d0       0x1c .\CortexM3\ARM_GCC_541\Debug\Hovedprogram.a(isr_LED_pulse.o)
                0x000021d0                isr_LED_pulse_StartEx
 .text.Timer3_Enable
                0x000021ec       0x10 .\CortexM3\ARM_GCC_541\Debug\Hovedprogram.a(Timer3.o)
                0x000021ec                Timer3_Enable
 .text.Timer3_SetInterruptMode
                0x000021fc        0xc .\CortexM3\ARM_GCC_541\Debug\Hovedprogram.a(Timer3.o)
                0x000021fc                Timer3_SetInterruptMode
 .text.Timer3_ReadStatusRegister
                0x00002208        0xc .\CortexM3\ARM_GCC_541\Debug\Hovedprogram.a(Timer3.o)
                0x00002208                Timer3_ReadStatusRegister
 .text.Timer3_WritePeriod
                0x00002214        0xc .\CortexM3\ARM_GCC_541\Debug\Hovedprogram.a(Timer3.o)
                0x00002214                Timer3_WritePeriod
 .text.Timer3_ReadCapture
                0x00002220        0xc .\CortexM3\ARM_GCC_541\Debug\Hovedprogram.a(Timer3.o)
                0x00002220                Timer3_ReadCapture
 .text.Timer3_WriteCounter
                0x0000222c        0xc .\CortexM3\ARM_GCC_541\Debug\Hovedprogram.a(Timer3.o)
                0x0000222c                Timer3_WriteCounter
 .text.Timer3_ClearFIFO
                0x00002238       0x14 .\CortexM3\ARM_GCC_541\Debug\Hovedprogram.a(Timer3.o)
                0x00002238                Timer3_ClearFIFO
 .text.Timer3_Init
                0x0000224c       0x34 .\CortexM3\ARM_GCC_541\Debug\Hovedprogram.a(Timer3.o)
                0x0000224c                Timer3_Init
 .text.Timer3_Start
                0x00002280       0x1c .\CortexM3\ARM_GCC_541\Debug\Hovedprogram.a(Timer3.o)
                0x00002280                Timer3_Start
 .text.isr_LED_ring_SetVector
                0x0000229c        0xc .\CortexM3\ARM_GCC_541\Debug\Hovedprogram.a(isr_LED_ring.o)
                0x0000229c                isr_LED_ring_SetVector
 .text.isr_LED_ring_SetPriority
                0x000022a8       0x10 .\CortexM3\ARM_GCC_541\Debug\Hovedprogram.a(isr_LED_ring.o)
                0x000022a8                isr_LED_ring_SetPriority
 .text.isr_LED_ring_Enable
                0x000022b8        0xc .\CortexM3\ARM_GCC_541\Debug\Hovedprogram.a(isr_LED_ring.o)
                0x000022b8                isr_LED_ring_Enable
 .text.isr_LED_ring_Disable
                0x000022c4        0xc .\CortexM3\ARM_GCC_541\Debug\Hovedprogram.a(isr_LED_ring.o)
                0x000022c4                isr_LED_ring_Disable
 .text.isr_LED_ring_StartEx
                0x000022d0       0x1c .\CortexM3\ARM_GCC_541\Debug\Hovedprogram.a(isr_LED_ring.o)
                0x000022d0                isr_LED_ring_StartEx
 .text.ADC_SAR_1_CalcGain
                0x000022ec       0x5c .\CortexM3\ARM_GCC_541\Debug\Hovedprogram.a(ADC_SAR_1.o)
 .text.ADC_SAR_1_Enable
                0x00002348       0x94 .\CortexM3\ARM_GCC_541\Debug\Hovedprogram.a(ADC_SAR_1.o)
                0x00002348                ADC_SAR_1_Enable
 .text.ADC_SAR_1_SetResolution
                0x000023dc       0x38 .\CortexM3\ARM_GCC_541\Debug\Hovedprogram.a(ADC_SAR_1.o)
                0x000023dc                ADC_SAR_1_SetResolution
 .text.ADC_SAR_1_Init
                0x00002414       0x3c .\CortexM3\ARM_GCC_541\Debug\Hovedprogram.a(ADC_SAR_1.o)
                0x00002414                ADC_SAR_1_Init
 .text.ADC_SAR_1_Start
                0x00002450       0x1c .\CortexM3\ARM_GCC_541\Debug\Hovedprogram.a(ADC_SAR_1.o)
                0x00002450                ADC_SAR_1_Start
 .text.ADC_SAR_1_StartConvert
                0x0000246c       0x10 .\CortexM3\ARM_GCC_541\Debug\Hovedprogram.a(ADC_SAR_1.o)
                0x0000246c                ADC_SAR_1_StartConvert
 .text.ADC_SAR_1_IsEndConversion
                0x0000247c       0x24 .\CortexM3\ARM_GCC_541\Debug\Hovedprogram.a(ADC_SAR_1.o)
                0x0000247c                ADC_SAR_1_IsEndConversion
 .text.ADC_SAR_1_GetResult16
                0x000024a0       0x18 .\CortexM3\ARM_GCC_541\Debug\Hovedprogram.a(ADC_SAR_1.o)
                0x000024a0                ADC_SAR_1_GetResult16
 .text.ADC_SAR_1_CountsTo_mVolts
                0x000024b8       0x58 .\CortexM3\ARM_GCC_541\Debug\Hovedprogram.a(ADC_SAR_1.o)
                0x000024b8                ADC_SAR_1_CountsTo_mVolts
 .text.ADC_SAR_1_ISR
                0x00002510        0x4 .\CortexM3\ARM_GCC_541\Debug\Hovedprogram.a(ADC_SAR_1_INT.o)
                0x00002510                ADC_SAR_1_ISR
 .text.UART_1_Init
                0x00002514       0x24 .\CortexM3\ARM_GCC_541\Debug\Hovedprogram.a(UART_1.o)
                0x00002514                UART_1_Init
 .text.UART_1_Enable
                0x00002538       0x38 .\CortexM3\ARM_GCC_541\Debug\Hovedprogram.a(UART_1.o)
                0x00002538                UART_1_Enable
 .text.UART_1_Start
                0x00002570       0x1c .\CortexM3\ARM_GCC_541\Debug\Hovedprogram.a(UART_1.o)
                0x00002570                UART_1_Start
 .text.UART_1_ReadRxData
                0x0000258c        0xc .\CortexM3\ARM_GCC_541\Debug\Hovedprogram.a(UART_1.o)
                0x0000258c                UART_1_ReadRxData
 .text.UART_1_GetRxBufferSize
                0x00002598       0x18 .\CortexM3\ARM_GCC_541\Debug\Hovedprogram.a(UART_1.o)
                0x00002598                UART_1_GetRxBufferSize
 .text.UART_1_PutChar
                0x000025b0       0x18 .\CortexM3\ARM_GCC_541\Debug\Hovedprogram.a(UART_1.o)
                0x000025b0                UART_1_PutChar
 .text.UART_1_PutString
                0x000025c8       0x24 .\CortexM3\ARM_GCC_541\Debug\Hovedprogram.a(UART_1.o)
                0x000025c8                UART_1_PutString
 .text.isr_uart_rx_SetVector
                0x000025ec        0xc .\CortexM3\ARM_GCC_541\Debug\Hovedprogram.a(isr_uart_rx.o)
                0x000025ec                isr_uart_rx_SetVector
 .text.isr_uart_rx_SetPriority
                0x000025f8       0x10 .\CortexM3\ARM_GCC_541\Debug\Hovedprogram.a(isr_uart_rx.o)
                0x000025f8                isr_uart_rx_SetPriority
 .text.isr_uart_rx_Enable
                0x00002608       0x10 .\CortexM3\ARM_GCC_541\Debug\Hovedprogram.a(isr_uart_rx.o)
                0x00002608                isr_uart_rx_Enable
 .text.isr_uart_rx_Disable
                0x00002618       0x10 .\CortexM3\ARM_GCC_541\Debug\Hovedprogram.a(isr_uart_rx.o)
                0x00002618                isr_uart_rx_Disable
 .text.isr_uart_rx_StartEx
                0x00002628       0x1c .\CortexM3\ARM_GCC_541\Debug\Hovedprogram.a(isr_uart_rx.o)
                0x00002628                isr_uart_rx_StartEx
 .text.SPIM_1_IntClock_Start
                0x00002644       0x1c .\CortexM3\ARM_GCC_541\Debug\Hovedprogram.a(SPIM_1_IntClock.o)
                0x00002644                SPIM_1_IntClock_Start
 .text.ADC_SAR_1_theACLK_SetModeRegister
                0x00002660       0x14 .\CortexM3\ARM_GCC_541\Debug\Hovedprogram.a(ADC_SAR_1_theACLK.o)
                0x00002660                ADC_SAR_1_theACLK_SetModeRegister
 .text.UART_1_IntClock_Start
                0x00002674       0x1c .\CortexM3\ARM_GCC_541\Debug\Hovedprogram.a(UART_1_IntClock.o)
                0x00002674                UART_1_IntClock_Start
 .text.CyHalt   0x00002690        0x4 .\CortexM3\ARM_GCC_541\Debug\Hovedprogram.a(CyLib.o)
                0x00002690                CyHalt
 .text.CyDelay  0x00002694       0x2c .\CortexM3\ARM_GCC_541\Debug\Hovedprogram.a(CyLib.o)
                0x00002694                CyDelay
 .text.CyDelayUs
                0x000026c0       0x14 .\CortexM3\ARM_GCC_541\Debug\Hovedprogram.a(CyLib.o)
                0x000026c0                CyDelayUs
 .text.CyIntSetVector
                0x000026d4       0x28 .\CortexM3\ARM_GCC_541\Debug\Hovedprogram.a(CyLib.o)
                0x000026d4                CyIntSetVector
 .text.CyIntSetPriority
                0x000026fc       0x30 .\CortexM3\ARM_GCC_541\Debug\Hovedprogram.a(CyLib.o)
                0x000026fc                CyIntSetPriority
 .text.PlayerSelect_Start
                0x0000272c       0x20 .\CortexM3\ARM_GCC_541\Debug\Hovedprogram.a(PlayerSelect.o)
                0x0000272c                PlayerSelect_Start
 .text.PlayerSelect_FastSelect
                0x0000274c       0x20 .\CortexM3\ARM_GCC_541\Debug\Hovedprogram.a(PlayerSelect.o)
                0x0000274c                PlayerSelect_FastSelect
 .text.isr_button_SetVector
                0x0000276c        0xc .\CortexM3\ARM_GCC_541\Debug\Hovedprogram.a(isr_button.o)
                0x0000276c                isr_button_SetVector
 .text.isr_button_SetPriority
                0x00002778       0x10 .\CortexM3\ARM_GCC_541\Debug\Hovedprogram.a(isr_button.o)
                0x00002778                isr_button_SetPriority
 .text.isr_button_Enable
                0x00002788        0xc .\CortexM3\ARM_GCC_541\Debug\Hovedprogram.a(isr_button.o)
                0x00002788                isr_button_Enable
 .text.isr_button_Disable
                0x00002794        0xc .\CortexM3\ARM_GCC_541\Debug\Hovedprogram.a(isr_button.o)
                0x00002794                isr_button_Disable
 .text.isr_button_StartEx
                0x000027a0       0x1c .\CortexM3\ARM_GCC_541\Debug\Hovedprogram.a(isr_button.o)
                0x000027a0                isr_button_StartEx
 .text.SPIMOutCtrl_Write
                0x000027bc        0xc .\CortexM3\ARM_GCC_541\Debug\Hovedprogram.a(SPIMOutCtrl.o)
                0x000027bc                SPIMOutCtrl_Write
 .text.I2C_1_Init
                0x000027c8       0x68 .\CortexM3\ARM_GCC_541\Debug\Hovedprogram.a(I2C_1.o)
                0x000027c8                I2C_1_Init
 .text.I2C_1_Enable
                0x00002830       0x24 .\CortexM3\ARM_GCC_541\Debug\Hovedprogram.a(I2C_1.o)
                0x00002830                I2C_1_Enable
 .text.I2C_1_Start
                0x00002854       0x28 .\CortexM3\ARM_GCC_541\Debug\Hovedprogram.a(I2C_1.o)
                0x00002854                I2C_1_Start
 .text.I2C_1_ISR
                0x0000287c      0x2d0 .\CortexM3\ARM_GCC_541\Debug\Hovedprogram.a(I2C_1_INT.o)
                0x0000287c                I2C_1_ISR
 .text.I2C_1_MasterSendStart
                0x00002b4c       0x80 .\CortexM3\ARM_GCC_541\Debug\Hovedprogram.a(I2C_1_MASTER.o)
                0x00002b4c                I2C_1_MasterSendStart
 .text.I2C_1_MasterSendStop
                0x00002bcc       0x38 .\CortexM3\ARM_GCC_541\Debug\Hovedprogram.a(I2C_1_MASTER.o)
                0x00002bcc                I2C_1_MasterSendStop
 .text.I2C_1_MasterWriteByte
                0x00002c04       0x58 .\CortexM3\ARM_GCC_541\Debug\Hovedprogram.a(I2C_1_MASTER.o)
                0x00002c04                I2C_1_MasterWriteByte
 .text.Timer_Stopur_Enable
                0x00002c5c       0x10 .\CortexM3\ARM_GCC_541\Debug\Hovedprogram.a(Timer_Stopur.o)
                0x00002c5c                Timer_Stopur_Enable
 .text.Timer_Stopur_Stop
                0x00002c6c       0x10 .\CortexM3\ARM_GCC_541\Debug\Hovedprogram.a(Timer_Stopur.o)
                0x00002c6c                Timer_Stopur_Stop
 .text.Timer_Stopur_SetInterruptMode
                0x00002c7c        0xc .\CortexM3\ARM_GCC_541\Debug\Hovedprogram.a(Timer_Stopur.o)
                0x00002c7c                Timer_Stopur_SetInterruptMode
 .text.Timer_Stopur_ReadStatusRegister
                0x00002c88        0xc .\CortexM3\ARM_GCC_541\Debug\Hovedprogram.a(Timer_Stopur.o)
                0x00002c88                Timer_Stopur_ReadStatusRegister
 .text.Timer_Stopur_WritePeriod
                0x00002c94        0xc .\CortexM3\ARM_GCC_541\Debug\Hovedprogram.a(Timer_Stopur.o)
                0x00002c94                Timer_Stopur_WritePeriod
 .text.Timer_Stopur_ReadCapture
                0x00002ca0        0xc .\CortexM3\ARM_GCC_541\Debug\Hovedprogram.a(Timer_Stopur.o)
                0x00002ca0                Timer_Stopur_ReadCapture
 .text.Timer_Stopur_WriteCounter
                0x00002cac        0xc .\CortexM3\ARM_GCC_541\Debug\Hovedprogram.a(Timer_Stopur.o)
                0x00002cac                Timer_Stopur_WriteCounter
 .text.Timer_Stopur_ClearFIFO
                0x00002cb8       0x14 .\CortexM3\ARM_GCC_541\Debug\Hovedprogram.a(Timer_Stopur.o)
                0x00002cb8                Timer_Stopur_ClearFIFO
 .text.Timer_Stopur_Init
                0x00002ccc       0x34 .\CortexM3\ARM_GCC_541\Debug\Hovedprogram.a(Timer_Stopur.o)
                0x00002ccc                Timer_Stopur_Init
 .text.Timer_Stopur_Start
                0x00002d00       0x1c .\CortexM3\ARM_GCC_541\Debug\Hovedprogram.a(Timer_Stopur.o)
                0x00002d00                Timer_Stopur_Start
 .text.isr_timer_SetVector
                0x00002d1c        0xc .\CortexM3\ARM_GCC_541\Debug\Hovedprogram.a(isr_timer.o)
                0x00002d1c                isr_timer_SetVector
 .text.isr_timer_SetPriority
                0x00002d28       0x10 .\CortexM3\ARM_GCC_541\Debug\Hovedprogram.a(isr_timer.o)
                0x00002d28                isr_timer_SetPriority
 .text.isr_timer_Enable
                0x00002d38       0x10 .\CortexM3\ARM_GCC_541\Debug\Hovedprogram.a(isr_timer.o)
                0x00002d38                isr_timer_Enable
 .text.isr_timer_Disable
                0x00002d48       0x10 .\CortexM3\ARM_GCC_541\Debug\Hovedprogram.a(isr_timer.o)
                0x00002d48                isr_timer_Disable
 .text.isr_timer_StartEx
                0x00002d58       0x1c .\CortexM3\ARM_GCC_541\Debug\Hovedprogram.a(isr_timer.o)
                0x00002d58                isr_timer_StartEx
 .text.Timer_LCD_Enable
                0x00002d74       0x10 .\CortexM3\ARM_GCC_541\Debug\Hovedprogram.a(Timer_LCD.o)
                0x00002d74                Timer_LCD_Enable
 .text.Timer_LCD_Stop
                0x00002d84       0x10 .\CortexM3\ARM_GCC_541\Debug\Hovedprogram.a(Timer_LCD.o)
                0x00002d84                Timer_LCD_Stop
 .text.Timer_LCD_SetInterruptMode
                0x00002d94        0xc .\CortexM3\ARM_GCC_541\Debug\Hovedprogram.a(Timer_LCD.o)
                0x00002d94                Timer_LCD_SetInterruptMode
 .text.Timer_LCD_ReadStatusRegister
                0x00002da0        0xc .\CortexM3\ARM_GCC_541\Debug\Hovedprogram.a(Timer_LCD.o)
                0x00002da0                Timer_LCD_ReadStatusRegister
 .text.Timer_LCD_WritePeriod
                0x00002dac        0xc .\CortexM3\ARM_GCC_541\Debug\Hovedprogram.a(Timer_LCD.o)
                0x00002dac                Timer_LCD_WritePeriod
 .text.Timer_LCD_ReadCapture
                0x00002db8        0xc .\CortexM3\ARM_GCC_541\Debug\Hovedprogram.a(Timer_LCD.o)
                0x00002db8                Timer_LCD_ReadCapture
 .text.Timer_LCD_WriteCounter
                0x00002dc4        0xc .\CortexM3\ARM_GCC_541\Debug\Hovedprogram.a(Timer_LCD.o)
                0x00002dc4                Timer_LCD_WriteCounter
 .text.Timer_LCD_ClearFIFO
                0x00002dd0       0x14 .\CortexM3\ARM_GCC_541\Debug\Hovedprogram.a(Timer_LCD.o)
                0x00002dd0                Timer_LCD_ClearFIFO
 .text.Timer_LCD_Init
                0x00002de4       0x30 .\CortexM3\ARM_GCC_541\Debug\Hovedprogram.a(Timer_LCD.o)
                0x00002de4                Timer_LCD_Init
 .text.Timer_LCD_Start
                0x00002e14       0x1c .\CortexM3\ARM_GCC_541\Debug\Hovedprogram.a(Timer_LCD.o)
                0x00002e14                Timer_LCD_Start
 .text.isr_refreshrate_LCD_SetVector
                0x00002e30        0xc .\CortexM3\ARM_GCC_541\Debug\Hovedprogram.a(isr_refreshrate_LCD.o)
                0x00002e30                isr_refreshrate_LCD_SetVector
 .text.isr_refreshrate_LCD_SetPriority
                0x00002e3c       0x10 .\CortexM3\ARM_GCC_541\Debug\Hovedprogram.a(isr_refreshrate_LCD.o)
                0x00002e3c                isr_refreshrate_LCD_SetPriority
 .text.isr_refreshrate_LCD_Enable
                0x00002e4c        0xc .\CortexM3\ARM_GCC_541\Debug\Hovedprogram.a(isr_refreshrate_LCD.o)
                0x00002e4c                isr_refreshrate_LCD_Enable
 .text.isr_refreshrate_LCD_Disable
                0x00002e58        0xc .\CortexM3\ARM_GCC_541\Debug\Hovedprogram.a(isr_refreshrate_LCD.o)
                0x00002e58                isr_refreshrate_LCD_Disable
 .text.isr_refreshrate_LCD_StartEx
                0x00002e64       0x1c .\CortexM3\ARM_GCC_541\Debug\Hovedprogram.a(isr_refreshrate_LCD.o)
                0x00002e64                isr_refreshrate_LCD_StartEx
 .text.Timer4_Enable
                0x00002e80       0x10 .\CortexM3\ARM_GCC_541\Debug\Hovedprogram.a(Timer4.o)
                0x00002e80                Timer4_Enable
 .text.Timer4_SetInterruptMode
                0x00002e90        0xc .\CortexM3\ARM_GCC_541\Debug\Hovedprogram.a(Timer4.o)
                0x00002e90                Timer4_SetInterruptMode
 .text.Timer4_ReadStatusRegister
                0x00002e9c        0xc .\CortexM3\ARM_GCC_541\Debug\Hovedprogram.a(Timer4.o)
                0x00002e9c                Timer4_ReadStatusRegister
 .text.Timer4_WritePeriod
                0x00002ea8        0xc .\CortexM3\ARM_GCC_541\Debug\Hovedprogram.a(Timer4.o)
                0x00002ea8                Timer4_WritePeriod
 .text.Timer4_ReadCapture
                0x00002eb4        0xc .\CortexM3\ARM_GCC_541\Debug\Hovedprogram.a(Timer4.o)
                0x00002eb4                Timer4_ReadCapture
 .text.Timer4_WriteCounter
                0x00002ec0        0xc .\CortexM3\ARM_GCC_541\Debug\Hovedprogram.a(Timer4.o)
                0x00002ec0                Timer4_WriteCounter
 .text.Timer4_ClearFIFO
                0x00002ecc       0x14 .\CortexM3\ARM_GCC_541\Debug\Hovedprogram.a(Timer4.o)
                0x00002ecc                Timer4_ClearFIFO
 .text.Timer4_Init
                0x00002ee0       0x34 .\CortexM3\ARM_GCC_541\Debug\Hovedprogram.a(Timer4.o)
                0x00002ee0                Timer4_Init
 .text.Timer4_Start
                0x00002f14       0x1c .\CortexM3\ARM_GCC_541\Debug\Hovedprogram.a(Timer4.o)
                0x00002f14                Timer4_Start
 .text.isr_BlinkLED_SetVector
                0x00002f30        0xc .\CortexM3\ARM_GCC_541\Debug\Hovedprogram.a(isr_BlinkLED.o)
                0x00002f30                isr_BlinkLED_SetVector
 .text.isr_BlinkLED_SetPriority
                0x00002f3c       0x10 .\CortexM3\ARM_GCC_541\Debug\Hovedprogram.a(isr_BlinkLED.o)
                0x00002f3c                isr_BlinkLED_SetPriority
 .text.isr_BlinkLED_Enable
                0x00002f4c        0xc .\CortexM3\ARM_GCC_541\Debug\Hovedprogram.a(isr_BlinkLED.o)
                0x00002f4c                isr_BlinkLED_Enable
 .text.isr_BlinkLED_Disable
                0x00002f58        0xc .\CortexM3\ARM_GCC_541\Debug\Hovedprogram.a(isr_BlinkLED.o)
                0x00002f58                isr_BlinkLED_Disable
 .text.isr_BlinkLED_StartEx
                0x00002f64       0x1c .\CortexM3\ARM_GCC_541\Debug\Hovedprogram.a(isr_BlinkLED.o)
                0x00002f64                isr_BlinkLED_StartEx
 .text.isr_delay_SetVector
                0x00002f80        0xc .\CortexM3\ARM_GCC_541\Debug\Hovedprogram.a(isr_delay.o)
                0x00002f80                isr_delay_SetVector
 .text.isr_delay_SetPriority
                0x00002f8c       0x10 .\CortexM3\ARM_GCC_541\Debug\Hovedprogram.a(isr_delay.o)
                0x00002f8c                isr_delay_SetPriority
 .text.isr_delay_Enable
                0x00002f9c        0xc .\CortexM3\ARM_GCC_541\Debug\Hovedprogram.a(isr_delay.o)
                0x00002f9c                isr_delay_Enable
 .text.isr_delay_Disable
                0x00002fa8        0xc .\CortexM3\ARM_GCC_541\Debug\Hovedprogram.a(isr_delay.o)
                0x00002fa8                isr_delay_Disable
 .text.isr_delay_StartEx
                0x00002fb4       0x1c .\CortexM3\ARM_GCC_541\Debug\Hovedprogram.a(isr_delay.o)
                0x00002fb4                isr_delay_StartEx
 .text.Timer5_Enable
                0x00002fd0       0x10 .\CortexM3\ARM_GCC_541\Debug\Hovedprogram.a(Timer5.o)
                0x00002fd0                Timer5_Enable
 .text.Timer5_Stop
                0x00002fe0       0x10 .\CortexM3\ARM_GCC_541\Debug\Hovedprogram.a(Timer5.o)
                0x00002fe0                Timer5_Stop
 .text.Timer5_SetInterruptMode
                0x00002ff0        0xc .\CortexM3\ARM_GCC_541\Debug\Hovedprogram.a(Timer5.o)
                0x00002ff0                Timer5_SetInterruptMode
 .text.Timer5_ReadStatusRegister
                0x00002ffc        0xc .\CortexM3\ARM_GCC_541\Debug\Hovedprogram.a(Timer5.o)
                0x00002ffc                Timer5_ReadStatusRegister
 .text.Timer5_WritePeriod
                0x00003008        0xc .\CortexM3\ARM_GCC_541\Debug\Hovedprogram.a(Timer5.o)
                0x00003008                Timer5_WritePeriod
 .text.Timer5_ReadCapture
                0x00003014        0xc .\CortexM3\ARM_GCC_541\Debug\Hovedprogram.a(Timer5.o)
                0x00003014                Timer5_ReadCapture
 .text.Timer5_WriteCounter
                0x00003020        0xc .\CortexM3\ARM_GCC_541\Debug\Hovedprogram.a(Timer5.o)
                0x00003020                Timer5_WriteCounter
 .text.Timer5_ClearFIFO
                0x0000302c       0x14 .\CortexM3\ARM_GCC_541\Debug\Hovedprogram.a(Timer5.o)
                0x0000302c                Timer5_ClearFIFO
 .text.Timer5_Init
                0x00003040       0x34 .\CortexM3\ARM_GCC_541\Debug\Hovedprogram.a(Timer5.o)
                0x00003040                Timer5_Init
 .text.Timer5_Start
                0x00003074       0x1c .\CortexM3\ARM_GCC_541\Debug\Hovedprogram.a(Timer5.o)
                0x00003074                Timer5_Start
 .text          0x00003090       0x20 .\CortexM3\ARM_GCC_541\Debug\Hovedprogram.a(CyBootAsmGnu.o)
                0x00003090                CyDelayCycles
                0x000030a0                CyEnterCriticalSection
                0x000030a8                CyExitCriticalSection
 .text          0x000030b0      0x370 c:/program files (x86)/cypress/psoc creator/4.3/psoc creator/import/gnu/arm/5.4.1/bin/../lib/gcc/arm-none-eabi/5.4.1/armv7-m\libgcc.a(_arm_addsubdf3.o)
                0x000030b0                __aeabi_drsub
                0x000030b8                __aeabi_dsub
                0x000030b8                __subdf3
                0x000030bc                __aeabi_dadd
                0x000030bc                __adddf3
                0x00003334                __floatunsidf
                0x00003334                __aeabi_ui2d
                0x00003354                __floatsidf
                0x00003354                __aeabi_i2d
                0x00003378                __aeabi_f2d
                0x00003378                __extendsfdf2
                0x000033b4                __floatundidf
                0x000033b4                __aeabi_ul2d
                0x000033c4                __floatdidf
                0x000033c4                __aeabi_l2d
 .text          0x00003420      0x424 c:/program files (x86)/cypress/psoc creator/4.3/psoc creator/import/gnu/arm/5.4.1/bin/../lib/gcc/arm-none-eabi/5.4.1/armv7-m\libgcc.a(_arm_muldivdf3.o)
                0x00003420                __aeabi_dmul
                0x00003420                __muldf3
                0x00003674                __divdf3
                0x00003674                __aeabi_ddiv
 .text          0x00003844      0x110 c:/program files (x86)/cypress/psoc creator/4.3/psoc creator/import/gnu/arm/5.4.1/bin/../lib/gcc/arm-none-eabi/5.4.1/armv7-m\libgcc.a(_arm_cmpdf2.o)
                0x00003844                __gtdf2
                0x00003844                __gedf2
                0x0000384c                __ltdf2
                0x0000384c                __ledf2
                0x00003854                __nedf2
                0x00003854                __eqdf2
                0x00003854                __cmpdf2
                0x000038d0                __aeabi_cdrcmple
                0x000038e0                __aeabi_cdcmpeq
                0x000038e0                __aeabi_cdcmple
                0x000038f0                __aeabi_dcmpeq
                0x00003904                __aeabi_dcmplt
                0x00003918                __aeabi_dcmple
                0x0000392c                __aeabi_dcmpge
                0x00003940                __aeabi_dcmpgt
 .text          0x00003954       0x50 c:/program files (x86)/cypress/psoc creator/4.3/psoc creator/import/gnu/arm/5.4.1/bin/../lib/gcc/arm-none-eabi/5.4.1/armv7-m\libgcc.a(_arm_fixdfsi.o)
                0x00003954                __aeabi_d2iz
                0x00003954                __fixdfsi
 .text          0x000039a4       0xa0 c:/program files (x86)/cypress/psoc creator/4.3/psoc creator/import/gnu/arm/5.4.1/bin/../lib/gcc/arm-none-eabi/5.4.1/armv7-m\libgcc.a(_arm_truncdfsf2.o)
                0x000039a4                __truncdfsf2
                0x000039a4                __aeabi_d2f
 .text          0x00003a44      0x21c c:/program files (x86)/cypress/psoc creator/4.3/psoc creator/import/gnu/arm/5.4.1/bin/../lib/gcc/arm-none-eabi/5.4.1/armv7-m\libgcc.a(_arm_addsubsf3.o)
                0x00003a44                __aeabi_frsub
                0x00003a4c                __subsf3
                0x00003a4c                __aeabi_fsub
                0x00003a50                __aeabi_fadd
                0x00003a50                __addsf3
                0x00003bb0                __aeabi_ui2f
                0x00003bb0                __floatunsisf
                0x00003bb8                __aeabi_i2f
                0x00003bb8                __floatsisf
                0x00003bd4                __aeabi_ul2f
                0x00003bd4                __floatundisf
                0x00003be4                __aeabi_l2f
                0x00003be4                __floatdisf
 .text          0x00003c60      0x2a0 c:/program files (x86)/cypress/psoc creator/4.3/psoc creator/import/gnu/arm/5.4.1/bin/../lib/gcc/arm-none-eabi/5.4.1/armv7-m\libgcc.a(_arm_muldivsf3.o)
                0x00003c60                __mulsf3
                0x00003c60                __aeabi_fmul
                0x00003dc8                __aeabi_fdiv
                0x00003dc8                __divsf3
 .text          0x00003f00       0xec c:/program files (x86)/cypress/psoc creator/4.3/psoc creator/import/gnu/arm/5.4.1/bin/../lib/gcc/arm-none-eabi/5.4.1/armv7-m\libgcc.a(_arm_cmpsf2.o)
                0x00003f00                __gesf2
                0x00003f00                __gtsf2
                0x00003f08                __lesf2
                0x00003f08                __ltsf2
                0x00003f10                __nesf2
                0x00003f10                __eqsf2
                0x00003f10                __cmpsf2
                0x00003f70                __aeabi_cfrcmple
                0x00003f78                __aeabi_cfcmpeq
                0x00003f78                __aeabi_cfcmple
                0x00003f88                __aeabi_fcmpeq
                0x00003f9c                __aeabi_fcmplt
                0x00003fb0                __aeabi_fcmple
                0x00003fc4                __aeabi_fcmpge
                0x00003fd8                __aeabi_fcmpgt
 .text          0x00003fec       0x4c c:/program files (x86)/cypress/psoc creator/4.3/psoc creator/import/gnu/arm/5.4.1/bin/../lib/gcc/arm-none-eabi/5.4.1/armv7-m\libgcc.a(_arm_fixsfsi.o)
                0x00003fec                __aeabi_f2iz
                0x00003fec                __fixsfsi
 .text.__errno  0x00004038        0xc c:/program files (x86)/cypress/psoc creator/4.3/psoc creator/import/gnu/arm/5.4.1/bin/../lib/gcc/arm-none-eabi/5.4.1/../../../../arm-none-eabi/lib/armv7-m\libg_nano.a(lib_a-errno.o)
                0x00004038                __errno
 .text.__libc_init_array
                0x00004044       0x4c c:/program files (x86)/cypress/psoc creator/4.3/psoc creator/import/gnu/arm/5.4.1/bin/../lib/gcc/arm-none-eabi/5.4.1/../../../../arm-none-eabi/lib/armv7-m\libg_nano.a(lib_a-init.o)
                0x00004044                __libc_init_array
 .text.memcpy   0x00004090       0x16 c:/program files (x86)/cypress/psoc creator/4.3/psoc creator/import/gnu/arm/5.4.1/bin/../lib/gcc/arm-none-eabi/5.4.1/../../../../arm-none-eabi/lib/armv7-m\libg_nano.a(lib_a-memcpy-stub.o)
                0x00004090                memcpy
 .text.memset   0x000040a6       0x10 c:/program files (x86)/cypress/psoc creator/4.3/psoc creator/import/gnu/arm/5.4.1/bin/../lib/gcc/arm-none-eabi/5.4.1/../../../../arm-none-eabi/lib/armv7-m\libg_nano.a(lib_a-memset.o)
                0x000040a6                memset
 *fill*         0x000040b6        0x2 
 .text.snprintf
                0x000040b8       0x64 c:/program files (x86)/cypress/psoc creator/4.3/psoc creator/import/gnu/arm/5.4.1/bin/../lib/gcc/arm-none-eabi/5.4.1/../../../../arm-none-eabi/lib/armv7-m\libg_nano.a(lib_a-snprintf.o)
                0x000040b8                sniprintf
                0x000040b8                snprintf
 .text.sprintf  0x0000411c       0x48 c:/program files (x86)/cypress/psoc creator/4.3/psoc creator/import/gnu/arm/5.4.1/bin/../lib/gcc/arm-none-eabi/5.4.1/../../../../arm-none-eabi/lib/armv7-m\libg_nano.a(lib_a-sprintf.o)
                0x0000411c                siprintf
                0x0000411c                sprintf
 .text          0x00004164       0x10 c:/program files (x86)/cypress/psoc creator/4.3/psoc creator/import/gnu/arm/5.4.1/bin/../lib/gcc/arm-none-eabi/5.4.1/../../../../arm-none-eabi/lib/armv7-m\libg_nano.a(lib_a-strlen.o)
                0x00004164                strlen
 .text.__ssputs_r
                0x00004174       0xb2 c:/program files (x86)/cypress/psoc creator/4.3/psoc creator/import/gnu/arm/5.4.1/bin/../lib/gcc/arm-none-eabi/5.4.1/../../../../arm-none-eabi/lib/armv7-m\libg_nano.a(lib_a-nano-svfprintf.o)
                0x00004174                __ssputs_r
 *fill*         0x00004226        0x2 
 .text._svfprintf_r
                0x00004228      0x1e8 c:/program files (x86)/cypress/psoc creator/4.3/psoc creator/import/gnu/arm/5.4.1/bin/../lib/gcc/arm-none-eabi/5.4.1/../../../../arm-none-eabi/lib/armv7-m\libg_nano.a(lib_a-nano-svfprintf.o)
                0x00004228                _svfiprintf_r
                0x00004228                _svfprintf_r
 .text._printf_common
                0x00004410       0xec c:/program files (x86)/cypress/psoc creator/4.3/psoc creator/import/gnu/arm/5.4.1/bin/../lib/gcc/arm-none-eabi/5.4.1/../../../../arm-none-eabi/lib/armv7-m\libg_nano.a(lib_a-nano-vfprintf_i.o)
                0x00004410                _printf_common
 .text._printf_i
                0x000044fc      0x24c c:/program files (x86)/cypress/psoc creator/4.3/psoc creator/import/gnu/arm/5.4.1/bin/../lib/gcc/arm-none-eabi/5.4.1/../../../../arm-none-eabi/lib/armv7-m\libg_nano.a(lib_a-nano-vfprintf_i.o)
                0x000044fc                _printf_i
 .text.memchr   0x00004748       0x1c c:/program files (x86)/cypress/psoc creator/4.3/psoc creator/import/gnu/arm/5.4.1/bin/../lib/gcc/arm-none-eabi/5.4.1/../../../../arm-none-eabi/lib/armv7-m\libg_nano.a(lib_a-memchr-stub.o)
                0x00004748                memchr
 .text.memmove  0x00004764       0x36 c:/program files (x86)/cypress/psoc creator/4.3/psoc creator/import/gnu/arm/5.4.1/bin/../lib/gcc/arm-none-eabi/5.4.1/../../../../arm-none-eabi/lib/armv7-m\libg_nano.a(lib_a-memmove.o)
                0x00004764                memmove
 *fill*         0x0000479a        0x2 
 .text._free_r  0x0000479c       0x98 c:/program files (x86)/cypress/psoc creator/4.3/psoc creator/import/gnu/arm/5.4.1/bin/../lib/gcc/arm-none-eabi/5.4.1/../../../../arm-none-eabi/lib/armv7-m\libg_nano.a(lib_a-nano-freer.o)
                0x0000479c                _free_r
 .text._malloc_r
                0x00004834       0xbc c:/program files (x86)/cypress/psoc creator/4.3/psoc creator/import/gnu/arm/5.4.1/bin/../lib/gcc/arm-none-eabi/5.4.1/../../../../arm-none-eabi/lib/armv7-m\libg_nano.a(lib_a-nano-mallocr.o)
                0x00004834                _malloc_r
 .text._realloc_r
                0x000048f0       0x4c c:/program files (x86)/cypress/psoc creator/4.3/psoc creator/import/gnu/arm/5.4.1/bin/../lib/gcc/arm-none-eabi/5.4.1/../../../../arm-none-eabi/lib/armv7-m\libg_nano.a(lib_a-nano-reallocr.o)
                0x000048f0                _realloc_r
 .text._sbrk_r  0x0000493c       0x20 c:/program files (x86)/cypress/psoc creator/4.3/psoc creator/import/gnu/arm/5.4.1/bin/../lib/gcc/arm-none-eabi/5.4.1/../../../../arm-none-eabi/lib/armv7-m\libg_nano.a(lib_a-sbrkr.o)
                0x0000493c                _sbrk_r
 .text.__malloc_lock
                0x0000495c        0x2 c:/program files (x86)/cypress/psoc creator/4.3/psoc creator/import/gnu/arm/5.4.1/bin/../lib/gcc/arm-none-eabi/5.4.1/../../../../arm-none-eabi/lib/armv7-m\libg_nano.a(lib_a-mlock.o)
                0x0000495c                __malloc_lock
 .text.__malloc_unlock
                0x0000495e        0x2 c:/program files (x86)/cypress/psoc creator/4.3/psoc creator/import/gnu/arm/5.4.1/bin/../lib/gcc/arm-none-eabi/5.4.1/../../../../arm-none-eabi/lib/armv7-m\libg_nano.a(lib_a-mlock.o)
                0x0000495e                __malloc_unlock
 .text._malloc_usable_size_r
                0x00004960       0x14 c:/program files (x86)/cypress/psoc creator/4.3/psoc creator/import/gnu/arm/5.4.1/bin/../lib/gcc/arm-none-eabi/5.4.1/../../../../arm-none-eabi/lib/armv7-m\libg_nano.a(lib_a-nano-msizer.o)
                0x00004960                _malloc_usable_size_r
 *(.plt)
 *(.gnu.warning)
 *(.glue_7t)
 .glue_7t       0x00004974        0x0 linker stubs
 *(.glue_7)
 .glue_7        0x00004974        0x0 linker stubs
 *(.vfp11_veneer)
 .vfp11_veneer  0x00004974        0x0 linker stubs
 *(.bootloader)
 *(.ARM.extab* .gnu.linkonce.armextab.*)
 *(.gcc_except_table)

.v4_bx          0x00004974        0x0
 .v4_bx         0x00004974        0x0 linker stubs

.iplt           0x00004974        0x0
 .iplt          0x00004974        0x0 c:/program files (x86)/cypress/psoc creator/4.3/psoc creator/import/gnu/arm/5.4.1/bin/../lib/gcc/arm-none-eabi/5.4.1/armv7-m/crtbegin.o

.eh_frame_hdr
 *(.eh_frame_hdr)

.eh_frame       0x00004974        0x4
 *(.eh_frame)
 .eh_frame      0x00004974        0x0 c:/program files (x86)/cypress/psoc creator/4.3/psoc creator/import/gnu/arm/5.4.1/bin/../lib/gcc/arm-none-eabi/5.4.1/armv7-m/crtbegin.o
 .eh_frame      0x00004974        0x4 c:/program files (x86)/cypress/psoc creator/4.3/psoc creator/import/gnu/arm/5.4.1/bin/../lib/gcc/arm-none-eabi/5.4.1/armv7-m/crtend.o
                [!provide]                PROVIDE (__exidx_start, .)

.ARM.exidx
 *(.ARM.exidx* .gnu.linkonce.armexidx.*)
                0x00004978                __exidx_end = .

.rodata         0x00004978      0x490
 *(.rodata .rodata.* .gnu.linkonce.r.*)
 .rodata.str1.4
                0x00004978      0x2ab .\CortexM3\ARM_GCC_541\Debug\main.o
                                0x2af (size before relaxing)
 *fill*         0x00004c23        0x1 
 .rodata.str1.4
                0x00004c24       0x90 .\CortexM3\ARM_GCC_541\Debug\WeightSensors.o
                                 0x92 (size before relaxing)
 .rodata.str1.4
                0x00004cb4        0x7 .\CortexM3\ARM_GCC_541\Debug\UART.o
 *fill*         0x00004cbb        0x1 
 .rodata.str1.4
                0x00004cbc       0x2a .\CortexM3\ARM_GCC_541\Debug\Display.o
 *fill*         0x00004ce6        0x2 
 .rodata        0x00004ce8       0x10 .\CortexM3\ARM_GCC_541\Debug\LiquidCrystal_I2C.o
 .rodata.str1.4
                0x00004cf8       0x34 .\CortexM3\ARM_GCC_541\Debug\VT100Terminal.o
                                 0x31 (size before relaxing)
 .rodata        0x00004d2c       0x70 .\CortexM3\ARM_GCC_541\Debug\cyfitter_cfg.o
                0x00004d2c                PlayerSelect__addrTable
                0x00004d34                PlayerSelect__maskTable
 .rodata.str1.1
                0x00004d9c        0x2 c:/program files (x86)/cypress/psoc creator/4.3/psoc creator/import/gnu/arm/5.4.1/bin/../lib/gcc/arm-none-eabi/5.4.1/../../../../arm-none-eabi/lib/armv7-m\libg_nano.a(lib_a-impure.o)
 .rodata.str1.1
                0x00004d9e       0x11 c:/program files (x86)/cypress/psoc creator/4.3/psoc creator/import/gnu/arm/5.4.1/bin/../lib/gcc/arm-none-eabi/5.4.1/../../../../arm-none-eabi/lib/armv7-m\libg_nano.a(lib_a-nano-svfprintf.o)
 .rodata.str1.1
                0x00004daf       0x22 c:/program files (x86)/cypress/psoc creator/4.3/psoc creator/import/gnu/arm/5.4.1/bin/../lib/gcc/arm-none-eabi/5.4.1/../../../../arm-none-eabi/lib/armv7-m\libg_nano.a(lib_a-nano-vfprintf_i.o)
                0x00004dd4                . = ALIGN (0x4)
 *fill*         0x00004dd1        0x3 
 *(.init)
 .init          0x00004dd4        0x4 c:/program files (x86)/cypress/psoc creator/4.3/psoc creator/import/gnu/arm/5.4.1/bin/../lib/gcc/arm-none-eabi/5.4.1/armv7-m/crti.o
                0x00004dd4                _init
 .init          0x00004dd8        0x8 c:/program files (x86)/cypress/psoc creator/4.3/psoc creator/import/gnu/arm/5.4.1/bin/../lib/gcc/arm-none-eabi/5.4.1/armv7-m/crtn.o
                0x00004de0                . = ALIGN (0x4)
                0x00004de0                __preinit_array_start = .
 *(.preinit_array)
                0x00004de0                __preinit_array_end = .
                0x00004de0                . = ALIGN (0x4)
                0x00004de0                __init_array_start = .
 *(SORT(.init_array.*))
 *(.init_array)
 .init_array    0x00004de0        0x4 c:/program files (x86)/cypress/psoc creator/4.3/psoc creator/import/gnu/arm/5.4.1/bin/../lib/gcc/arm-none-eabi/5.4.1/armv7-m/crtbegin.o
 .init_array    0x00004de4        0x4 .\CortexM3\ARM_GCC_541\Debug\Cm3Start.o
                0x00004de8                __init_array_end = .
                0x00004de8                . = ALIGN (0x4)
 *(.fini)
 .fini          0x00004de8        0x4 c:/program files (x86)/cypress/psoc creator/4.3/psoc creator/import/gnu/arm/5.4.1/bin/../lib/gcc/arm-none-eabi/5.4.1/armv7-m/crti.o
                0x00004de8                _fini
 .fini          0x00004dec        0x8 c:/program files (x86)/cypress/psoc creator/4.3/psoc creator/import/gnu/arm/5.4.1/bin/../lib/gcc/arm-none-eabi/5.4.1/armv7-m/crtn.o
                0x00004df4                . = ALIGN (0x4)
                0x00004df4                __fini_array_start = .
 *(.fini_array)
 .fini_array    0x00004df4        0x4 c:/program files (x86)/cypress/psoc creator/4.3/psoc creator/import/gnu/arm/5.4.1/bin/../lib/gcc/arm-none-eabi/5.4.1/armv7-m/crtbegin.o
 *(SORT(.fini_array.*))
                0x00004df8                __fini_array_end = .
                0x00004df8                . = ALIGN (0x4)
 *crtbegin.o(.ctors)
 *(EXCLUDE_FILE(*crtend.o) .ctors)
 *(SORT(.ctors.*))
 *crtend.o(.ctors)
                0x00004df8                . = ALIGN (0x4)
 *crtbegin.o(.dtors)
 *(EXCLUDE_FILE(*crtend.o) .dtors)
 *(SORT(.dtors.*))
 *crtend.o(.dtors)
                0x00004df8                . = ALIGN (0x4)
                0x00004df8                __cy_regions = .
                0x00004df8        0x4 LONG 0x4e08 __cy_region_init_ram
                0x00004dfc        0x4 LONG 0x1fff80c8 __cy_region_start_data
                0x00004e00        0x4 LONG 0x88 __cy_region_init_size_ram
                0x00004e04        0x4 LONG 0x160 __cy_region_zero_size_ram
                0x00004e08                __cy_regions_end = .
                0x00004e08                . = ALIGN (0x8)
                0x00004e08                _etext = .

.cy_checksum_exclude
                0x00004e08        0x0
 *(.cy_checksum_exclude)

.ramvectors     0x1fff8000       0xc0
                0x1fff8000                __cy_region_start_ram = .
 *(.ramvectors)
 .ramvectors    0x1fff8000       0xc0 .\CortexM3\ARM_GCC_541\Debug\Cm3Start.o
                0x1fff8000                CyRamVectors

.noinit         0x1fff80c0        0x1
 *(.noinit)
 .noinit        0x1fff80c0        0x1 .\CortexM3\ARM_GCC_541\Debug\Hovedprogram.a(CyLib.o)
                0x1fff80c0                CyResetStatus

.data           0x1fff80c8       0x88 load address 0x00004e08
                0x1fff80c8                __cy_region_start_data = .
 *(.jcr)
 .jcr           0x1fff80c8        0x0 c:/program files (x86)/cypress/psoc creator/4.3/psoc creator/import/gnu/arm/5.4.1/bin/../lib/gcc/arm-none-eabi/5.4.1/armv7-m/crtbegin.o
 .jcr           0x1fff80c8        0x4 c:/program files (x86)/cypress/psoc creator/4.3/psoc creator/import/gnu/arm/5.4.1/bin/../lib/gcc/arm-none-eabi/5.4.1/armv7-m/crtend.o
 *(.got.plt)
 *(.got)
 *(.shdata)
 *(.data .data.* .gnu.linkonce.d.*)
 .data          0x1fff80cc        0x4 .\CortexM3\ARM_GCC_541\Debug\LEDcontrol.o
 .data          0x1fff80d0        0x4 .\CortexM3\ARM_GCC_541\Debug\Cm3Start.o
 .data          0x1fff80d4       0x10 .\CortexM3\ARM_GCC_541\Debug\Hovedprogram.a(CyLib.o)
                0x1fff80d4                cydelay_32k_ms
                0x1fff80d8                cydelay_freq_khz
                0x1fff80dc                cydelay_freq_mhz
                0x1fff80e0                cydelay_freq_hz
 .data          0x1fff80e4        0x1 .\CortexM3\ARM_GCC_541\Debug\Hovedprogram.a(PlayerSelect.o)
 *fill*         0x1fff80e5        0x3 
 .data.impure_data
                0x1fff80e8       0x60 c:/program files (x86)/cypress/psoc creator/4.3/psoc creator/import/gnu/arm/5.4.1/bin/../lib/gcc/arm-none-eabi/5.4.1/../../../../arm-none-eabi/lib/armv7-m\libg_nano.a(lib_a-impure.o)
 .data._impure_ptr
                0x1fff8148        0x4 c:/program files (x86)/cypress/psoc creator/4.3/psoc creator/import/gnu/arm/5.4.1/bin/../lib/gcc/arm-none-eabi/5.4.1/../../../../arm-none-eabi/lib/armv7-m\libg_nano.a(lib_a-impure.o)
                0x1fff8148                _impure_ptr
                0x1fff8150                . = ALIGN (0x8)
 *fill*         0x1fff814c        0x4 
 *(.ram)
                0x1fff8150                _edata = .

.igot.plt       0x1fff8150        0x0 load address 0x00004e90
 .igot.plt      0x1fff8150        0x0 c:/program files (x86)/cypress/psoc creator/4.3/psoc creator/import/gnu/arm/5.4.1/bin/../lib/gcc/arm-none-eabi/5.4.1/armv7-m/crtbegin.o

.bss            0x1fff8150      0x160 load address 0x00004e90
                0x1fff8150                PROVIDE (__bss_start__, .)
 *(.shbss)
 *(.bss .bss.* .gnu.linkonce.b.*)
 .bss           0x1fff8150       0x1c c:/program files (x86)/cypress/psoc creator/4.3/psoc creator/import/gnu/arm/5.4.1/bin/../lib/gcc/arm-none-eabi/5.4.1/armv7-m/crtbegin.o
 .bss           0x1fff816c       0x50 .\CortexM3\ARM_GCC_541\Debug\main.o
                0x1fff816c                _WSptr
                0x1fff8188                pErr
                0x1fff818c                chugstart
                0x1fff8190                chugp1
                0x1fff8194                pLoser
                0x1fff8198                glasvaegtLoser
                0x1fff819c                chugp2
                0x1fff81a0                cycleCountIdle
                0x1fff81a4                cycleCountReady
                0x1fff81a8                cycleCountCountdown
                0x1fff81ac                cycleCountEvaluatingWeight
                0x1fff81b0                tidp1
                0x1fff81b4                tidp2
                0x1fff81b8                glasvaegtWinner
 .bss           0x1fff81bc       0x20 .\CortexM3\ARM_GCC_541\Debug\WeightSensors.o
                0x1fff81bc                WSptr
                0x1fff81d8                weighthys
 .bss           0x1fff81dc        0x8 .\CortexM3\ARM_GCC_541\Debug\Display.o
                0x1fff81dc                display1On
                0x1fff81e0                display2On
 .bss           0x1fff81e4        0x4 .\CortexM3\ARM_GCC_541\Debug\Stopur.o
                0x1fff81e4                count
 .bss           0x1fff81e8       0x1c .\CortexM3\ARM_GCC_541\Debug\LEDcontrol.o
                0x1fff81e8                rgbLED1
                0x1fff81ec                rgbLED2
 .bss           0x1fff8204        0x1 .\CortexM3\ARM_GCC_541\Debug\Hovedprogram.a(SPIM_1.o)
                0x1fff8204                SPIM_1_initVar
 .bss           0x1fff8205        0x1 .\CortexM3\ARM_GCC_541\Debug\Hovedprogram.a(Timer1.o)
                0x1fff8205                Timer1_initVar
 .bss           0x1fff8206        0x1 .\CortexM3\ARM_GCC_541\Debug\Hovedprogram.a(Timer2.o)
                0x1fff8206                Timer2_initVar
 .bss           0x1fff8207        0x1 .\CortexM3\ARM_GCC_541\Debug\Hovedprogram.a(Timer3.o)
                0x1fff8207                Timer3_initVar
 .bss           0x1fff8208        0x1 .\CortexM3\ARM_GCC_541\Debug\Hovedprogram.a(ADC_SAR_1.o)
                0x1fff8208                ADC_SAR_1_initVar
 .bss           0x1fff8209        0x2 .\CortexM3\ARM_GCC_541\Debug\Hovedprogram.a(UART_1.o)
                0x1fff8209                UART_1_initVar
 .bss           0x1fff820b        0x1 .\CortexM3\ARM_GCC_541\Debug\Hovedprogram.a(I2C_1.o)
                0x1fff820b                I2C_1_initVar
 .bss           0x1fff820c        0x1 .\CortexM3\ARM_GCC_541\Debug\Hovedprogram.a(Timer_Stopur.o)
                0x1fff820c                Timer_Stopur_initVar
 .bss           0x1fff820d        0x1 .\CortexM3\ARM_GCC_541\Debug\Hovedprogram.a(Timer_LCD.o)
                0x1fff820d                Timer_LCD_initVar
 .bss           0x1fff820e        0x1 .\CortexM3\ARM_GCC_541\Debug\Hovedprogram.a(Timer4.o)
                0x1fff820e                Timer4_initVar
 .bss           0x1fff820f        0x1 .\CortexM3\ARM_GCC_541\Debug\Hovedprogram.a(Timer5.o)
                0x1fff820f                Timer5_initVar
 .bss.__malloc_sbrk_start
                0x1fff8210        0x4 c:/program files (x86)/cypress/psoc creator/4.3/psoc creator/import/gnu/arm/5.4.1/bin/../lib/gcc/arm-none-eabi/5.4.1/../../../../arm-none-eabi/lib/armv7-m\libg_nano.a(lib_a-nano-mallocr.o)
                0x1fff8210                __malloc_sbrk_start
 .bss.__malloc_free_list
                0x1fff8214        0x4 c:/program files (x86)/cypress/psoc creator/4.3/psoc creator/import/gnu/arm/5.4.1/bin/../lib/gcc/arm-none-eabi/5.4.1/../../../../arm-none-eabi/lib/armv7-m\libg_nano.a(lib_a-nano-mallocr.o)
                0x1fff8214                __malloc_free_list
 *(COMMON)
 COMMON         0x1fff8218       0x36 .\CortexM3\ARM_GCC_541\Debug\main.o
                0x1fff8218                BPptr
                0x1fff821c                uart_out
 *fill*         0x1fff824e        0x2 
 COMMON         0x1fff8250       0x32 .\CortexM3\ARM_GCC_541\Debug\WeightSensors.o
                0x1fff8250                uart_string
 COMMON         0x1fff8282        0x8 .\CortexM3\ARM_GCC_541\Debug\LiquidCrystal_I2C.o
                0x1fff8282                _backlightval
                0x1fff8283                _addr
                0x1fff8284                _displaycontrol
                0x1fff8285                _charsize
                0x1fff8286                _displaymode
                0x1fff8287                _displayfunction
                0x1fff8288                _cols
                0x1fff8289                _rows
 *fill*         0x1fff828a        0x2 
 COMMON         0x1fff828c        0xa .\CortexM3\ARM_GCC_541\Debug\Hovedprogram.a(ADC_SAR_1.o)
                0x1fff828c                ADC_SAR_1_countsPerVolt
                0x1fff828e                ADC_SAR_1_shift
                0x1fff8290                ADC_SAR_1_countsPer10Volt
                0x1fff8294                ADC_SAR_1_offset
 COMMON         0x1fff8296        0x1 .\CortexM3\ARM_GCC_541\Debug\Hovedprogram.a(I2C_1.o)
                0x1fff8296                I2C_1_state
 *fill*         0x1fff8297        0x1 
 COMMON         0x1fff8298       0x11 .\CortexM3\ARM_GCC_541\Debug\Hovedprogram.a(I2C_1_MASTER.o)
                0x1fff8298                I2C_1_mstrWrBufIndex
                0x1fff8299                I2C_1_mstrControl
                0x1fff829a                I2C_1_mstrStatus
                0x1fff829b                I2C_1_mstrWrBufSize
                0x1fff829c                I2C_1_mstrRdBufIndex
                0x1fff82a0                I2C_1_mstrWrBufPtr
                0x1fff82a4                I2C_1_mstrRdBufPtr
                0x1fff82a8                I2C_1_mstrRdBufSize
 *fill*         0x1fff82a9        0x3 
 COMMON         0x1fff82ac        0x4 c:/program files (x86)/cypress/psoc creator/4.3/psoc creator/import/gnu/arm/5.4.1/bin/../lib/gcc/arm-none-eabi/5.4.1/../../../../arm-none-eabi/lib/armv7-m\libg_nano.a(lib_a-reent.o)
                0x1fff82ac                errno
                0x1fff82b0                . = ALIGN (0x8)
 *(.ram.b)
                0x1fff82b0                _end = .
                0x1fff82b0                __end = .
                0x1fff82b0                PROVIDE (end, .)
                0x1fff82b0                PROVIDE (__bss_end__, .)
                0x00004e08                __cy_region_init_ram = LOADADDR (.data)
                0x00000088                __cy_region_init_size_ram = (_edata - ADDR (.data))
                0x00000160                __cy_region_zero_size_ram = (_end - _edata)

.heap           0x1fff82b0       0x80 load address 0x00004e90
                0x1fff82b0                . = _end
                0x1fff8330                . = (. + 0x80)
 *fill*         0x1fff82b0       0x80 
                0x1fff8330                __cy_heap_limit = .

.stack          0x20007800      0x800
                0x20007800                __cy_stack_limit = .
                0x20008000                . = (. + 0x800)
 *fill*         0x20007800      0x800 
                0x00000001                ASSERT ((__cy_stack_limit >= __cy_heap_limit), region RAM overflowed with stack)
                0x00000000                cy_checksum_exclude_size = (CY_APPL_LOADABLE == 0x1)?SIZEOF (.cy_checksum_exclude):0x0
                0x00000001                ASSERT ((cy_checksum_exclude_size <= CY_CHECKSUM_EXCLUDE_SIZE), CY_BOOT: Section .cy_checksum_exclude size exceedes specified limit.)

.cyloadermeta
 *(.cyloadermeta)

.cyloadablemeta
 *(.cyloadablemeta)

.cyconfigecc    0x80000000      0xb9c
 *(.cyconfigecc)
 .cyconfigecc   0x80000000      0xb9c .\CortexM3\ARM_GCC_541\Debug\cymetadata.o
                0x80000000                cy_meta_configecc

.cycustnvl      0x90000000        0x4
 *(.cycustnvl)
 .cycustnvl     0x90000000        0x4 .\CortexM3\ARM_GCC_541\Debug\cymetadata.o
                0x90000000                cy_meta_custnvl

.cywolatch      0x90100000        0x4
 *(.cywolatch)
 .cywolatch     0x90100000        0x4 .\CortexM3\ARM_GCC_541\Debug\cymetadata.o
                0x90100000                cy_meta_wonvl

.cyeeprom       0x90200000        0x0
 *(.cyeeprom)
                0x00000001                ASSERT ((. <= ((0x90200000 + ee_offset) + ee_size)), .cyeeprom data will not fit in EEPROM)

.cyflashprotect
                0x90400000      0x100
 *(.cyflashprotect)
 .cyflashprotect
                0x90400000      0x100 .\CortexM3\ARM_GCC_541\Debug\cymetadata.o
                0x90400000                cy_meta_flashprotect

.cymeta         0x90500000        0xc
 *(.cymeta)
 .cymeta        0x90500000        0xc .\CortexM3\ARM_GCC_541\Debug\cymetadata.o
                0x90500000                cy_metadata

.rel.dyn        0x00004e90        0x0 load address 0x9050000c
 .rel.iplt      0x00004e90        0x0 c:/program files (x86)/cypress/psoc creator/4.3/psoc creator/import/gnu/arm/5.4.1/bin/../lib/gcc/arm-none-eabi/5.4.1/armv7-m/crtbegin.o

.stab
 *(.stab)

.stabstr
 *(.stabstr)

.debug
 *(.debug)

.line
 *(.line)

.debug_srcinfo
 *(.debug_srcinfo)

.debug_sfnames
 *(.debug_sfnames)

.debug_aranges  0x00000000     0x1680
 *(.debug_aranges)
 .debug_aranges
                0x00000000       0x20 .\CortexM3\ARM_GCC_541\Debug\main.o
 .debug_aranges
                0x00000020       0x48 .\CortexM3\ARM_GCC_541\Debug\WeightSensors.o
 .debug_aranges
                0x00000068       0x38 .\CortexM3\ARM_GCC_541\Debug\UART.o
 .debug_aranges
                0x000000a0       0x20 .\CortexM3\ARM_GCC_541\Debug\Startknap.o
 .debug_aranges
                0x000000c0       0x18 .\CortexM3\ARM_GCC_541\Debug\States.o
 .debug_aranges
                0x000000d8       0x40 .\CortexM3\ARM_GCC_541\Debug\Display.o
 .debug_aranges
                0x00000118      0x110 .\CortexM3\ARM_GCC_541\Debug\LiquidCrystal_I2C.o
 .debug_aranges
                0x00000228       0x50 .\CortexM3\ARM_GCC_541\Debug\Stopur.o
 .debug_aranges
                0x00000278       0xe8 .\CortexM3\ARM_GCC_541\Debug\LEDcontrol.o
 .debug_aranges
                0x00000360       0x30 .\CortexM3\ARM_GCC_541\Debug\VT100Terminal.o
 .debug_aranges
                0x00000390       0x68 .\CortexM3\ARM_GCC_541\Debug\cyfitter_cfg.o
 .debug_aranges
                0x000003f8       0x18 .\CortexM3\ARM_GCC_541\Debug\cymetadata.o
 .debug_aranges
                0x00000410       0x48 .\CortexM3\ARM_GCC_541\Debug\Cm3Start.o
 .debug_aranges
                0x00000458       0xd8 .\CortexM3\ARM_GCC_541\Debug\Hovedprogram.a(SPIM_1.o)
 .debug_aranges
                0x00000530       0x90 .\CortexM3\ARM_GCC_541\Debug\Hovedprogram.a(Timer1.o)
 .debug_aranges
                0x000005c0       0x80 .\CortexM3\ARM_GCC_541\Debug\Hovedprogram.a(isr_LED_refreshrate.o)
 .debug_aranges
                0x00000640       0x90 .\CortexM3\ARM_GCC_541\Debug\Hovedprogram.a(Timer2.o)
 .debug_aranges
                0x000006d0       0x80 .\CortexM3\ARM_GCC_541\Debug\Hovedprogram.a(isr_LED_pulse.o)
 .debug_aranges
                0x00000750       0x90 .\CortexM3\ARM_GCC_541\Debug\Hovedprogram.a(Timer3.o)
 .debug_aranges
                0x000007e0       0x80 .\CortexM3\ARM_GCC_541\Debug\Hovedprogram.a(isr_LED_ring.o)
 .debug_aranges
                0x00000860       0xa8 .\CortexM3\ARM_GCC_541\Debug\Hovedprogram.a(ADC_SAR_1.o)
 .debug_aranges
                0x00000908       0x20 .\CortexM3\ARM_GCC_541\Debug\Hovedprogram.a(ADC_SAR_1_INT.o)
 .debug_aranges
                0x00000928       0xf0 .\CortexM3\ARM_GCC_541\Debug\Hovedprogram.a(UART_1.o)
 .debug_aranges
                0x00000a18       0x80 .\CortexM3\ARM_GCC_541\Debug\Hovedprogram.a(isr_uart_rx.o)
 .debug_aranges
                0x00000a98       0x70 .\CortexM3\ARM_GCC_541\Debug\Hovedprogram.a(SPIM_1_IntClock.o)
 .debug_aranges
                0x00000b08       0x80 .\CortexM3\ARM_GCC_541\Debug\Hovedprogram.a(ADC_SAR_1_theACLK.o)
 .debug_aranges
                0x00000b88       0x70 .\CortexM3\ARM_GCC_541\Debug\Hovedprogram.a(UART_1_IntClock.o)
 .debug_aranges
                0x00000bf8      0x2a0 .\CortexM3\ARM_GCC_541\Debug\Hovedprogram.a(CyLib.o)
 .debug_aranges
                0x00000e98       0x98 .\CortexM3\ARM_GCC_541\Debug\Hovedprogram.a(cyPm.o)
 .debug_aranges
                0x00000f30       0x30 .\CortexM3\ARM_GCC_541\Debug\Hovedprogram.a(PlayerSelect.o)
 .debug_aranges
                0x00000f60       0x80 .\CortexM3\ARM_GCC_541\Debug\Hovedprogram.a(isr_button.o)
 .debug_aranges
                0x00000fe0       0x28 .\CortexM3\ARM_GCC_541\Debug\Hovedprogram.a(SPIMOutCtrl.o)
 .debug_aranges
                0x00001008       0x38 .\CortexM3\ARM_GCC_541\Debug\Hovedprogram.a(I2C_1.o)
 .debug_aranges
                0x00001040       0x20 .\CortexM3\ARM_GCC_541\Debug\Hovedprogram.a(I2C_1_INT.o)
 .debug_aranges
                0x00001060       0x38 .\CortexM3\ARM_GCC_541\Debug\Hovedprogram.a(I2C_1_PM.o)
 .debug_aranges
                0x00001098       0x80 .\CortexM3\ARM_GCC_541\Debug\Hovedprogram.a(I2C_1_MASTER.o)
 .debug_aranges
                0x00001118       0x90 .\CortexM3\ARM_GCC_541\Debug\Hovedprogram.a(Timer_Stopur.o)
 .debug_aranges
                0x000011a8       0x80 .\CortexM3\ARM_GCC_541\Debug\Hovedprogram.a(isr_timer.o)
 .debug_aranges
                0x00001228       0x90 .\CortexM3\ARM_GCC_541\Debug\Hovedprogram.a(Timer_LCD.o)
 .debug_aranges
                0x000012b8       0x80 .\CortexM3\ARM_GCC_541\Debug\Hovedprogram.a(isr_refreshrate_LCD.o)
 .debug_aranges
                0x00001338       0x90 .\CortexM3\ARM_GCC_541\Debug\Hovedprogram.a(Timer4.o)
 .debug_aranges
                0x000013c8       0x80 .\CortexM3\ARM_GCC_541\Debug\Hovedprogram.a(isr_BlinkLED.o)
 .debug_aranges
                0x00001448       0x80 .\CortexM3\ARM_GCC_541\Debug\Hovedprogram.a(isr_delay.o)
 .debug_aranges
                0x000014c8       0x90 .\CortexM3\ARM_GCC_541\Debug\Hovedprogram.a(Timer5.o)
 .debug_aranges
                0x00001558       0x20 .\CortexM3\ARM_GCC_541\Debug\Hovedprogram.a(CyBootAsmGnu.o)
 .debug_aranges
                0x00001578       0x88 .\CortexM3\ARM_GCC_541\Debug\Hovedprogram.a(CyFlash.o)
 .debug_aranges
                0x00001600       0x80 .\CortexM3\ARM_GCC_541\Debug\Hovedprogram.a(CySpc.o)

.debug_pubnames
 *(.debug_pubnames)

.debug_info     0x00000000     0xc47f
 *(.debug_info .gnu.linkonce.wi.*)
 .debug_info    0x00000000     0x1016 .\CortexM3\ARM_GCC_541\Debug\main.o
 .debug_info    0x00001016      0x510 .\CortexM3\ARM_GCC_541\Debug\WeightSensors.o
 .debug_info    0x00001526      0x2fc .\CortexM3\ARM_GCC_541\Debug\UART.o
 .debug_info    0x00001822      0x11d .\CortexM3\ARM_GCC_541\Debug\Startknap.o
 .debug_info    0x0000193f       0xe3 .\CortexM3\ARM_GCC_541\Debug\States.o
 .debug_info    0x00001a22      0x464 .\CortexM3\ARM_GCC_541\Debug\Display.o
 .debug_info    0x00001e86      0x949 .\CortexM3\ARM_GCC_541\Debug\LiquidCrystal_I2C.o
 .debug_info    0x000027cf      0x1b0 .\CortexM3\ARM_GCC_541\Debug\Stopur.o
 .debug_info    0x0000297f      0xfb6 .\CortexM3\ARM_GCC_541\Debug\LEDcontrol.o
 .debug_info    0x00003935      0x243 .\CortexM3\ARM_GCC_541\Debug\VT100Terminal.o
 .debug_info    0x00003b78      0x6d9 .\CortexM3\ARM_GCC_541\Debug\cyfitter_cfg.o
 .debug_info    0x00004251      0x139 .\CortexM3\ARM_GCC_541\Debug\cymetadata.o
 .debug_info    0x0000438a      0x3bb .\CortexM3\ARM_GCC_541\Debug\Cm3Start.o
 .debug_info    0x00004745      0x4d8 .\CortexM3\ARM_GCC_541\Debug\Hovedprogram.a(SPIM_1.o)
 .debug_info    0x00004c1d      0x2f0 .\CortexM3\ARM_GCC_541\Debug\Hovedprogram.a(Timer1.o)
 .debug_info    0x00004f0d      0x2d2 .\CortexM3\ARM_GCC_541\Debug\Hovedprogram.a(isr_LED_refreshrate.o)
 .debug_info    0x000051df      0x2f0 .\CortexM3\ARM_GCC_541\Debug\Hovedprogram.a(Timer2.o)
 .debug_info    0x000054cf      0x2d2 .\CortexM3\ARM_GCC_541\Debug\Hovedprogram.a(isr_LED_pulse.o)
 .debug_info    0x000057a1      0x2f0 .\CortexM3\ARM_GCC_541\Debug\Hovedprogram.a(Timer3.o)
 .debug_info    0x00005a91      0x2d2 .\CortexM3\ARM_GCC_541\Debug\Hovedprogram.a(isr_LED_ring.o)
 .debug_info    0x00005d63      0x5c0 .\CortexM3\ARM_GCC_541\Debug\Hovedprogram.a(ADC_SAR_1.o)
 .debug_info    0x00006323       0x92 .\CortexM3\ARM_GCC_541\Debug\Hovedprogram.a(ADC_SAR_1_INT.o)
 .debug_info    0x000063b5      0x60c .\CortexM3\ARM_GCC_541\Debug\Hovedprogram.a(UART_1.o)
 .debug_info    0x000069c1      0x2d2 .\CortexM3\ARM_GCC_541\Debug\Hovedprogram.a(isr_uart_rx.o)
 .debug_info    0x00006c93      0x283 .\CortexM3\ARM_GCC_541\Debug\Hovedprogram.a(SPIM_1_IntClock.o)
 .debug_info    0x00006f16      0x2c4 .\CortexM3\ARM_GCC_541\Debug\Hovedprogram.a(ADC_SAR_1_theACLK.o)
 .debug_info    0x000071da      0x283 .\CortexM3\ARM_GCC_541\Debug\Hovedprogram.a(UART_1_IntClock.o)
 .debug_info    0x0000745d     0x1374 .\CortexM3\ARM_GCC_541\Debug\Hovedprogram.a(CyLib.o)
 .debug_info    0x000087d1      0xa2a .\CortexM3\ARM_GCC_541\Debug\Hovedprogram.a(cyPm.o)
 .debug_info    0x000091fb      0x146 .\CortexM3\ARM_GCC_541\Debug\Hovedprogram.a(PlayerSelect.o)
 .debug_info    0x00009341      0x2d2 .\CortexM3\ARM_GCC_541\Debug\Hovedprogram.a(isr_button.o)
 .debug_info    0x00009613       0xd6 .\CortexM3\ARM_GCC_541\Debug\Hovedprogram.a(SPIMOutCtrl.o)
 .debug_info    0x000096e9      0x2ad .\CortexM3\ARM_GCC_541\Debug\Hovedprogram.a(I2C_1.o)
 .debug_info    0x00009996      0x184 .\CortexM3\ARM_GCC_541\Debug\Hovedprogram.a(I2C_1_INT.o)
 .debug_info    0x00009b1a      0x207 .\CortexM3\ARM_GCC_541\Debug\Hovedprogram.a(I2C_1_PM.o)
 .debug_info    0x00009d21      0x407 .\CortexM3\ARM_GCC_541\Debug\Hovedprogram.a(I2C_1_MASTER.o)
 .debug_info    0x0000a128      0x2f0 .\CortexM3\ARM_GCC_541\Debug\Hovedprogram.a(Timer_Stopur.o)
 .debug_info    0x0000a418      0x2d2 .\CortexM3\ARM_GCC_541\Debug\Hovedprogram.a(isr_timer.o)
 .debug_info    0x0000a6ea      0x2ee .\CortexM3\ARM_GCC_541\Debug\Hovedprogram.a(Timer_LCD.o)
 .debug_info    0x0000a9d8      0x2d2 .\CortexM3\ARM_GCC_541\Debug\Hovedprogram.a(isr_refreshrate_LCD.o)
 .debug_info    0x0000acaa      0x2f0 .\CortexM3\ARM_GCC_541\Debug\Hovedprogram.a(Timer4.o)
 .debug_info    0x0000af9a      0x2d2 .\CortexM3\ARM_GCC_541\Debug\Hovedprogram.a(isr_BlinkLED.o)
 .debug_info    0x0000b26c      0x2d2 .\CortexM3\ARM_GCC_541\Debug\Hovedprogram.a(isr_delay.o)
 .debug_info    0x0000b53e      0x2f0 .\CortexM3\ARM_GCC_541\Debug\Hovedprogram.a(Timer5.o)
 .debug_info    0x0000b82e       0xb4 .\CortexM3\ARM_GCC_541\Debug\Hovedprogram.a(CyBootAsmGnu.o)
 .debug_info    0x0000b8e2      0x64d .\CortexM3\ARM_GCC_541\Debug\Hovedprogram.a(CyFlash.o)
 .debug_info    0x0000bf2f      0x550 .\CortexM3\ARM_GCC_541\Debug\Hovedprogram.a(CySpc.o)

.debug_abbrev   0x00000000     0x3a44
 *(.debug_abbrev)
 .debug_abbrev  0x00000000      0x157 .\CortexM3\ARM_GCC_541\Debug\main.o
 .debug_abbrev  0x00000157      0x190 .\CortexM3\ARM_GCC_541\Debug\WeightSensors.o
 .debug_abbrev  0x000002e7      0x114 .\CortexM3\ARM_GCC_541\Debug\UART.o
 .debug_abbrev  0x000003fb       0xa8 .\CortexM3\ARM_GCC_541\Debug\Startknap.o
 .debug_abbrev  0x000004a3       0x7a .\CortexM3\ARM_GCC_541\Debug\States.o
 .debug_abbrev  0x0000051d      0x13e .\CortexM3\ARM_GCC_541\Debug\Display.o
 .debug_abbrev  0x0000065b      0x176 .\CortexM3\ARM_GCC_541\Debug\LiquidCrystal_I2C.o
 .debug_abbrev  0x000007d1       0xf3 .\CortexM3\ARM_GCC_541\Debug\Stopur.o
 .debug_abbrev  0x000008c4      0x229 .\CortexM3\ARM_GCC_541\Debug\LEDcontrol.o
 .debug_abbrev  0x00000aed       0xdd .\CortexM3\ARM_GCC_541\Debug\VT100Terminal.o
 .debug_abbrev  0x00000bca      0x22d .\CortexM3\ARM_GCC_541\Debug\cyfitter_cfg.o
 .debug_abbrev  0x00000df7       0x77 .\CortexM3\ARM_GCC_541\Debug\cymetadata.o
 .debug_abbrev  0x00000e6e      0x1e8 .\CortexM3\ARM_GCC_541\Debug\Cm3Start.o
 .debug_abbrev  0x00001056      0x146 .\CortexM3\ARM_GCC_541\Debug\Hovedprogram.a(SPIM_1.o)
 .debug_abbrev  0x0000119c      0x12b .\CortexM3\ARM_GCC_541\Debug\Hovedprogram.a(Timer1.o)
 .debug_abbrev  0x000012c7      0x173 .\CortexM3\ARM_GCC_541\Debug\Hovedprogram.a(isr_LED_refreshrate.o)
 .debug_abbrev  0x0000143a      0x12b .\CortexM3\ARM_GCC_541\Debug\Hovedprogram.a(Timer2.o)
 .debug_abbrev  0x00001565      0x173 .\CortexM3\ARM_GCC_541\Debug\Hovedprogram.a(isr_LED_pulse.o)
 .debug_abbrev  0x000016d8      0x12b .\CortexM3\ARM_GCC_541\Debug\Hovedprogram.a(Timer3.o)
 .debug_abbrev  0x00001803      0x173 .\CortexM3\ARM_GCC_541\Debug\Hovedprogram.a(isr_LED_ring.o)
 .debug_abbrev  0x00001976      0x1ac .\CortexM3\ARM_GCC_541\Debug\Hovedprogram.a(ADC_SAR_1.o)
 .debug_abbrev  0x00001b22       0x42 .\CortexM3\ARM_GCC_541\Debug\Hovedprogram.a(ADC_SAR_1_INT.o)
 .debug_abbrev  0x00001b64      0x175 .\CortexM3\ARM_GCC_541\Debug\Hovedprogram.a(UART_1.o)
 .debug_abbrev  0x00001cd9      0x173 .\CortexM3\ARM_GCC_541\Debug\Hovedprogram.a(isr_uart_rx.o)
 .debug_abbrev  0x00001e4c      0x139 .\CortexM3\ARM_GCC_541\Debug\Hovedprogram.a(SPIM_1_IntClock.o)
 .debug_abbrev  0x00001f85      0x121 .\CortexM3\ARM_GCC_541\Debug\Hovedprogram.a(ADC_SAR_1_theACLK.o)
 .debug_abbrev  0x000020a6      0x139 .\CortexM3\ARM_GCC_541\Debug\Hovedprogram.a(UART_1_IntClock.o)
 .debug_abbrev  0x000021df      0x254 .\CortexM3\ARM_GCC_541\Debug\Hovedprogram.a(CyLib.o)
 .debug_abbrev  0x00002433      0x1ab .\CortexM3\ARM_GCC_541\Debug\Hovedprogram.a(cyPm.o)
 .debug_abbrev  0x000025de       0xb1 .\CortexM3\ARM_GCC_541\Debug\Hovedprogram.a(PlayerSelect.o)
 .debug_abbrev  0x0000268f      0x173 .\CortexM3\ARM_GCC_541\Debug\Hovedprogram.a(isr_button.o)
 .debug_abbrev  0x00002802       0x81 .\CortexM3\ARM_GCC_541\Debug\Hovedprogram.a(SPIMOutCtrl.o)
 .debug_abbrev  0x00002883      0x10a .\CortexM3\ARM_GCC_541\Debug\Hovedprogram.a(I2C_1.o)
 .debug_abbrev  0x0000298d       0xb6 .\CortexM3\ARM_GCC_541\Debug\Hovedprogram.a(I2C_1_INT.o)
 .debug_abbrev  0x00002a43       0xfe .\CortexM3\ARM_GCC_541\Debug\Hovedprogram.a(I2C_1_PM.o)
 .debug_abbrev  0x00002b41      0x13c .\CortexM3\ARM_GCC_541\Debug\Hovedprogram.a(I2C_1_MASTER.o)
 .debug_abbrev  0x00002c7d      0x12b .\CortexM3\ARM_GCC_541\Debug\Hovedprogram.a(Timer_Stopur.o)
 .debug_abbrev  0x00002da8      0x173 .\CortexM3\ARM_GCC_541\Debug\Hovedprogram.a(isr_timer.o)
 .debug_abbrev  0x00002f1b      0x12b .\CortexM3\ARM_GCC_541\Debug\Hovedprogram.a(Timer_LCD.o)
 .debug_abbrev  0x00003046      0x173 .\CortexM3\ARM_GCC_541\Debug\Hovedprogram.a(isr_refreshrate_LCD.o)
 .debug_abbrev  0x000031b9      0x12b .\CortexM3\ARM_GCC_541\Debug\Hovedprogram.a(Timer4.o)
 .debug_abbrev  0x000032e4      0x173 .\CortexM3\ARM_GCC_541\Debug\Hovedprogram.a(isr_BlinkLED.o)
 .debug_abbrev  0x00003457      0x173 .\CortexM3\ARM_GCC_541\Debug\Hovedprogram.a(isr_delay.o)
 .debug_abbrev  0x000035ca      0x12b .\CortexM3\ARM_GCC_541\Debug\Hovedprogram.a(Timer5.o)
 .debug_abbrev  0x000036f5       0x14 .\CortexM3\ARM_GCC_541\Debug\Hovedprogram.a(CyBootAsmGnu.o)
 .debug_abbrev  0x00003709      0x1a7 .\CortexM3\ARM_GCC_541\Debug\Hovedprogram.a(CyFlash.o)
 .debug_abbrev  0x000038b0      0x194 .\CortexM3\ARM_GCC_541\Debug\Hovedprogram.a(CySpc.o)

.debug_line     0x00000000     0x5983
 *(.debug_line)
 .debug_line    0x00000000      0x32e .\CortexM3\ARM_GCC_541\Debug\main.o
 .debug_line    0x0000032e      0x33d .\CortexM3\ARM_GCC_541\Debug\WeightSensors.o
 .debug_line    0x0000066b      0x25b .\CortexM3\ARM_GCC_541\Debug\UART.o
 .debug_line    0x000008c6      0x16b .\CortexM3\ARM_GCC_541\Debug\Startknap.o
 .debug_line    0x00000a31      0x14e .\CortexM3\ARM_GCC_541\Debug\States.o
 .debug_line    0x00000b7f      0x2b5 .\CortexM3\ARM_GCC_541\Debug\Display.o
 .debug_line    0x00000e34      0x452 .\CortexM3\ARM_GCC_541\Debug\LiquidCrystal_I2C.o
 .debug_line    0x00001286      0x1e0 .\CortexM3\ARM_GCC_541\Debug\Stopur.o
 .debug_line    0x00001466      0x652 .\CortexM3\ARM_GCC_541\Debug\LEDcontrol.o
 .debug_line    0x00001ab8      0x1ad .\CortexM3\ARM_GCC_541\Debug\VT100Terminal.o
 .debug_line    0x00001c65      0x22b .\CortexM3\ARM_GCC_541\Debug\cyfitter_cfg.o
 .debug_line    0x00001e90      0x141 .\CortexM3\ARM_GCC_541\Debug\cymetadata.o
 .debug_line    0x00001fd1      0x234 .\CortexM3\ARM_GCC_541\Debug\Cm3Start.o
 .debug_line    0x00002205      0x24b .\CortexM3\ARM_GCC_541\Debug\Hovedprogram.a(SPIM_1.o)
 .debug_line    0x00002450      0x171 .\CortexM3\ARM_GCC_541\Debug\Hovedprogram.a(Timer1.o)
 .debug_line    0x000025c1      0x140 .\CortexM3\ARM_GCC_541\Debug\Hovedprogram.a(isr_LED_refreshrate.o)
 .debug_line    0x00002701      0x171 .\CortexM3\ARM_GCC_541\Debug\Hovedprogram.a(Timer2.o)
 .debug_line    0x00002872      0x13a .\CortexM3\ARM_GCC_541\Debug\Hovedprogram.a(isr_LED_pulse.o)
 .debug_line    0x000029ac      0x171 .\CortexM3\ARM_GCC_541\Debug\Hovedprogram.a(Timer3.o)
 .debug_line    0x00002b1d      0x139 .\CortexM3\ARM_GCC_541\Debug\Hovedprogram.a(isr_LED_ring.o)
 .debug_line    0x00002c56      0x220 .\CortexM3\ARM_GCC_541\Debug\Hovedprogram.a(ADC_SAR_1.o)
 .debug_line    0x00002e76       0x56 .\CortexM3\ARM_GCC_541\Debug\Hovedprogram.a(ADC_SAR_1_INT.o)
 .debug_line    0x00002ecc      0x2c0 .\CortexM3\ARM_GCC_541\Debug\Hovedprogram.a(UART_1.o)
 .debug_line    0x0000318c      0x138 .\CortexM3\ARM_GCC_541\Debug\Hovedprogram.a(isr_uart_rx.o)
 .debug_line    0x000032c4      0x17e .\CortexM3\ARM_GCC_541\Debug\Hovedprogram.a(SPIM_1_IntClock.o)
 .debug_line    0x00003442      0x1a3 .\CortexM3\ARM_GCC_541\Debug\Hovedprogram.a(ADC_SAR_1_theACLK.o)
 .debug_line    0x000035e5      0x17e .\CortexM3\ARM_GCC_541\Debug\Hovedprogram.a(UART_1_IntClock.o)
 .debug_line    0x00003763      0x816 .\CortexM3\ARM_GCC_541\Debug\Hovedprogram.a(CyLib.o)
 .debug_line    0x00003f79      0x367 .\CortexM3\ARM_GCC_541\Debug\Hovedprogram.a(cyPm.o)
 .debug_line    0x000042e0       0xb0 .\CortexM3\ARM_GCC_541\Debug\Hovedprogram.a(PlayerSelect.o)
 .debug_line    0x00004390      0x137 .\CortexM3\ARM_GCC_541\Debug\Hovedprogram.a(isr_button.o)
 .debug_line    0x000044c7       0x73 .\CortexM3\ARM_GCC_541\Debug\Hovedprogram.a(SPIMOutCtrl.o)
 .debug_line    0x0000453a       0xdf .\CortexM3\ARM_GCC_541\Debug\Hovedprogram.a(I2C_1.o)
 .debug_line    0x00004619      0x118 .\CortexM3\ARM_GCC_541\Debug\Hovedprogram.a(I2C_1_INT.o)
 .debug_line    0x00004731       0xbf .\CortexM3\ARM_GCC_541\Debug\Hovedprogram.a(I2C_1_PM.o)
 .debug_line    0x000047f0      0x201 .\CortexM3\ARM_GCC_541\Debug\Hovedprogram.a(I2C_1_MASTER.o)
 .debug_line    0x000049f1      0x177 .\CortexM3\ARM_GCC_541\Debug\Hovedprogram.a(Timer_Stopur.o)
 .debug_line    0x00004b68      0x136 .\CortexM3\ARM_GCC_541\Debug\Hovedprogram.a(isr_timer.o)
 .debug_line    0x00004c9e      0x174 .\CortexM3\ARM_GCC_541\Debug\Hovedprogram.a(Timer_LCD.o)
 .debug_line    0x00004e12      0x140 .\CortexM3\ARM_GCC_541\Debug\Hovedprogram.a(isr_refreshrate_LCD.o)
 .debug_line    0x00004f52      0x171 .\CortexM3\ARM_GCC_541\Debug\Hovedprogram.a(Timer4.o)
 .debug_line    0x000050c3      0x139 .\CortexM3\ARM_GCC_541\Debug\Hovedprogram.a(isr_BlinkLED.o)
 .debug_line    0x000051fc      0x136 .\CortexM3\ARM_GCC_541\Debug\Hovedprogram.a(isr_delay.o)
 .debug_line    0x00005332      0x171 .\CortexM3\ARM_GCC_541\Debug\Hovedprogram.a(Timer5.o)
 .debug_line    0x000054a3       0x66 .\CortexM3\ARM_GCC_541\Debug\Hovedprogram.a(CyBootAsmGnu.o)
 .debug_line    0x00005509      0x21a .\CortexM3\ARM_GCC_541\Debug\Hovedprogram.a(CyFlash.o)
 .debug_line    0x00005723      0x260 .\CortexM3\ARM_GCC_541\Debug\Hovedprogram.a(CySpc.o)

.debug_frame    0x00000000     0x3a68
 *(.debug_frame)
 .debug_frame   0x00000000       0x30 .\CortexM3\ARM_GCC_541\Debug\main.o
 .debug_frame   0x00000030       0xc0 .\CortexM3\ARM_GCC_541\Debug\WeightSensors.o
 .debug_frame   0x000000f0       0x8c .\CortexM3\ARM_GCC_541\Debug\UART.o
 .debug_frame   0x0000017c       0x20 .\CortexM3\ARM_GCC_541\Debug\Startknap.o
 .debug_frame   0x0000019c       0x98 .\CortexM3\ARM_GCC_541\Debug\Display.o
 .debug_frame   0x00000234      0x37c .\CortexM3\ARM_GCC_541\Debug\LiquidCrystal_I2C.o
 .debug_frame   0x000005b0       0xb0 .\CortexM3\ARM_GCC_541\Debug\Stopur.o
 .debug_frame   0x00000660      0x3c4 .\CortexM3\ARM_GCC_541\Debug\LEDcontrol.o