Archive member included to satisfy reference by file (symbol)

.\CortexM3\ARM_GCC_541\Debug\Hovedprogram.a(SPIM_1.o)
                              .\CortexM3\ARM_GCC_541\Debug\LEDcontrol.o (SPIM_1_WriteTxData)
.\CortexM3\ARM_GCC_541\Debug\Hovedprogram.a(Timer1.o)
                              .\CortexM3\ARM_GCC_541\Debug\LEDcontrol.o (Timer1_Stop)
.\CortexM3\ARM_GCC_541\Debug\Hovedprogram.a(isr_LED_refreshrate.o)
                              .\CortexM3\ARM_GCC_541\Debug\LEDcontrol.o (isr_LED_refreshrate_StartEx)
.\CortexM3\ARM_GCC_541\Debug\Hovedprogram.a(Timer2.o)
                              .\CortexM3\ARM_GCC_541\Debug\LEDcontrol.o (Timer2_WritePeriod)
.\CortexM3\ARM_GCC_541\Debug\Hovedprogram.a(isr_LED_pulse.o)
                              .\CortexM3\ARM_GCC_541\Debug\LEDcontrol.o (isr_LED_pulse_StartEx)
.\CortexM3\ARM_GCC_541\Debug\Hovedprogram.a(Timer3.o)
                              .\CortexM3\ARM_GCC_541\Debug\LEDcontrol.o (Timer3_WritePeriod)
.\CortexM3\ARM_GCC_541\Debug\Hovedprogram.a(isr_LED_ring.o)
                              .\CortexM3\ARM_GCC_541\Debug\LEDcontrol.o (isr_LED_ring_StartEx)
.\CortexM3\ARM_GCC_541\Debug\Hovedprogram.a(UART_1.o)
                              .\CortexM3\ARM_GCC_541\Debug\main.o (UART_1_Start)
.\CortexM3\ARM_GCC_541\Debug\Hovedprogram.a(isr_uart_rx.o)
                              .\CortexM3\ARM_GCC_541\Debug\main.o (isr_uart_rx_StartEx)
.\CortexM3\ARM_GCC_541\Debug\Hovedprogram.a(SPIM_1_IntClock.o)
                              .\CortexM3\ARM_GCC_541\Debug\Hovedprogram.a(SPIM_1.o) (SPIM_1_IntClock_Start)
.\CortexM3\ARM_GCC_541\Debug\Hovedprogram.a(UART_1_IntClock.o)
                              .\CortexM3\ARM_GCC_541\Debug\Hovedprogram.a(UART_1.o) (UART_1_IntClock_Start)
.\CortexM3\ARM_GCC_541\Debug\Hovedprogram.a(CyLib.o)
                              .\CortexM3\ARM_GCC_541\Debug\Cm3Start.o (CyHalt)
.\CortexM3\ARM_GCC_541\Debug\Hovedprogram.a(cyPm.o)
                              .\CortexM3\ARM_GCC_541\Debug\Hovedprogram.a(CyLib.o) (CyPmReadStatus)
.\CortexM3\ARM_GCC_541\Debug\Hovedprogram.a(PlayerSelect.o)
                              .\CortexM3\ARM_GCC_541\Debug\WeightSensors.o (PlayerSelect_Start)
.\CortexM3\ARM_GCC_541\Debug\Hovedprogram.a(isr_button.o)
                              .\CortexM3\ARM_GCC_541\Debug\main.o (isr_button_StartEx)
.\CortexM3\ARM_GCC_541\Debug\Hovedprogram.a(SPIMOutCtrl.o)
                              .\CortexM3\ARM_GCC_541\Debug\LEDcontrol.o (SPIMOutCtrl_Write)
.\CortexM3\ARM_GCC_541\Debug\Hovedprogram.a(I2C_1.o)
                              .\CortexM3\ARM_GCC_541\Debug\Display.o (I2C_1_Start)
.\CortexM3\ARM_GCC_541\Debug\Hovedprogram.a(I2C_1_INT.o)
                              .\CortexM3\ARM_GCC_541\Debug\Hovedprogram.a(I2C_1.o) (I2C_1_ISR)
.\CortexM3\ARM_GCC_541\Debug\Hovedprogram.a(I2C_1_PM.o)
                              .\CortexM3\ARM_GCC_541\Debug\Hovedprogram.a(I2C_1.o) (I2C_1_backup)
.\CortexM3\ARM_GCC_541\Debug\Hovedprogram.a(I2C_1_MASTER.o)
                              .\CortexM3\ARM_GCC_541\Debug\Hovedprogram.a(I2C_1.o) (I2C_1_mstrStatus)
.\CortexM3\ARM_GCC_541\Debug\Hovedprogram.a(Timer_Stopur.o)
                              .\CortexM3\ARM_GCC_541\Debug\Stopur.o (Timer_Stopur_Stop)
.\CortexM3\ARM_GCC_541\Debug\Hovedprogram.a(isr_timer.o)
                              .\CortexM3\ARM_GCC_541\Debug\main.o (isr_timer_StartEx)
.\CortexM3\ARM_GCC_541\Debug\Hovedprogram.a(Timer_LCD.o)
                              .\CortexM3\ARM_GCC_541\Debug\Display.o (Timer_LCD_Stop)
.\CortexM3\ARM_GCC_541\Debug\Hovedprogram.a(isr_refreshrate_LCD.o)
                              .\CortexM3\ARM_GCC_541\Debug\LEDcontrol.o (isr_refreshrate_LCD_Enable)
.\CortexM3\ARM_GCC_541\Debug\Hovedprogram.a(Timer4.o)
                              .\CortexM3\ARM_GCC_541\Debug\LEDcontrol.o (Timer4_WritePeriod)
.\CortexM3\ARM_GCC_541\Debug\Hovedprogram.a(isr_BlinkLED.o)
                              .\CortexM3\ARM_GCC_541\Debug\LEDcontrol.o (isr_BlinkLED_StartEx)
.\CortexM3\ARM_GCC_541\Debug\Hovedprogram.a(isr_delay.o)
                              .\CortexM3\ARM_GCC_541\Debug\LEDcontrol.o (isr_delay_Enable)
.\CortexM3\ARM_GCC_541\Debug\Hovedprogram.a(Timer5.o)
                              .\CortexM3\ARM_GCC_541\Debug\LEDcontrol.o (Timer5_Stop)
.\CortexM3\ARM_GCC_541\Debug\Hovedprogram.a(ADC_DelSig_1.o)
                              .\CortexM3\ARM_GCC_541\Debug\WeightSensors.o (ADC_DelSig_1_Start)
.\CortexM3\ARM_GCC_541\Debug\Hovedprogram.a(ADC_DelSig_1_INT.o)
                              .\CortexM3\ARM_GCC_541\Debug\Hovedprogram.a(ADC_DelSig_1.o) (ADC_DelSig_1_ISR1)
.\CortexM3\ARM_GCC_541\Debug\Hovedprogram.a(ADC_DelSig_1_AMux.o)
                              .\CortexM3\ARM_GCC_541\Debug\Hovedprogram.a(ADC_DelSig_1.o) (ADC_DelSig_1_AMux_Select)
.\CortexM3\ARM_GCC_541\Debug\Hovedprogram.a(ADC_DelSig_1_Ext_CP_Clk.o)
                              .\CortexM3\ARM_GCC_541\Debug\Hovedprogram.a(ADC_DelSig_1.o) (ADC_DelSig_1_Ext_CP_Clk_SetModeRegister)
[...]
Memory Configuration

Name             Origin             Length             Attributes
rom              0x00000000         0x00040000         xr
ram              0x1fff8000         0x00010000         xrw
*default*        0x00000000         0xffffffff

Linker script and memory map

LOAD c:/program files (x86)/cypress/psoc creator/4.3/psoc creator/import/gnu/arm/5.4.1/bin/../lib/gcc/arm-none-eabi/5.4.1/armv7-m/crti.o
LOAD c:/program files (x86)/cypress/psoc creator/4.3/psoc creator/import/gnu/arm/5.4.1/bin/../lib/gcc/arm-none-eabi/5.4.1/armv7-m/crtbegin.o
LOAD c:/program files (x86)/cypress/psoc creator/4.3/psoc creator/import/gnu/arm/5.4.1/bin/../lib/gcc/arm-none-eabi/5.4.1/../../../../arm-none-eabi/lib/armv7-m/crt0.o
START GROUP
LOAD .\CortexM3\ARM_GCC_541\Debug\main.o
LOAD .\CortexM3\ARM_GCC_541\Debug\WeightSensors.o
LOAD .\CortexM3\ARM_GCC_541\Debug\UART.o
LOAD .\CortexM3\ARM_GCC_541\Debug\Startknap.o
LOAD .\CortexM3\ARM_GCC_541\Debug\Display.o
LOAD .\CortexM3\ARM_GCC_541\Debug\LiquidCrystal_I2C.o
LOAD .\CortexM3\ARM_GCC_541\Debug\Stopur.o
LOAD .\CortexM3\ARM_GCC_541\Debug\LEDcontrol.o
LOAD .\CortexM3\ARM_GCC_541\Debug\VT100Terminal.o
LOAD .\CortexM3\ARM_GCC_541\Debug\SPI_Master.o
LOAD .\CortexM3\ARM_GCC_541\Debug\cyfitter_cfg.o
LOAD .\CortexM3\ARM_GCC_541\Debug\cymetadata.o
LOAD .\CortexM3\ARM_GCC_541\Debug\Cm3Start.o
LOAD .\CortexM3\ARM_GCC_541\Debug\Hovedprogram.a
LOAD C:\Program Files (x86)\Cypress\PSoC Creator\4.3\PSoC Creator\psoc\content\cycomponentlibrary\CyComponentLibrary.cylib\CortexM3\ARM_GCC_541\Debug\CyComponentLibrary.a
LOAD c:/program files (x86)/cypress/psoc creator/4.3/psoc creator/import/gnu/arm/5.4.1/bin/../lib/gcc/arm-none-eabi/5.4.1/../../../../arm-none-eabi/lib/armv7-m\libm.a
END GROUP
START GROUP
LOAD c:/program files (x86)/cypress/psoc creator/4.3/psoc creator/import/gnu/arm/5.4.1/bin/../lib/gcc/arm-none-eabi/5.4.1/armv7-m\libgcc.a
LOAD c:/program files (x86)/cypress/psoc creator/4.3/psoc creator/import/gnu/arm/5.4.1/bin/../lib/gcc/arm-none-eabi/5.4.1/../../../../arm-none-eabi/lib/armv7-m\libg_nano.a
LOAD c:/program files (x86)/cypress/psoc creator/4.3/psoc creator/import/gnu/arm/5.4.1/bin/../lib/gcc/arm-none-eabi/5.4.1/../../../../arm-none-eabi/lib/armv7-m\libc_nano.a
END GROUP
START GROUP
LOAD c:/program files (x86)/cypress/psoc creator/4.3/psoc creator/import/gnu/arm/5.4.1/bin/../lib/gcc/arm-none-eabi/5.4.1/armv7-m\libgcc.a
LOAD c:/program files (x86)/cypress/psoc creator/4.3/psoc creator/import/gnu/arm/5.4.1/bin/../lib/gcc/arm-none-eabi/5.4.1/../../../../arm-none-eabi/lib/armv7-m\libc_nano.a
END GROUP
LOAD c:/program files (x86)/cypress/psoc creator/4.3/psoc creator/import/gnu/arm/5.4.1/bin/../lib/gcc/arm-none-eabi/5.4.1/armv7-m/crtend.o
LOAD c:/program files (x86)/cypress/psoc creator/4.3/psoc creator/import/gnu/arm/5.4.1/bin/../lib/gcc/arm-none-eabi/5.4.1/armv7-m/crtn.o
START GROUP
LOAD c:/program files (x86)/cypress/psoc creator/4.3/psoc creator/import/gnu/arm/5.4.1/bin/../lib/gcc/arm-none-eabi/5.4.1/armv7-m\libgcc.a
LOAD c:/program files (x86)/cypress/psoc creator/4.3/psoc creator/import/gnu/arm/5.4.1/bin/../lib/gcc/arm-none-eabi/5.4.1/../../../../arm-none-eabi/lib/armv7-m\libc.a
LOAD c:/program files (x86)/cypress/psoc creator/4.3/psoc creator/import/gnu/arm/5.4.1/bin/../lib/gcc/arm-none-eabi/5.4.1/../../../../arm-none-eabi/lib/armv7-m\libnosys.a
END GROUP
                0x00000000                CY_APPL_ORIGIN = 0x0
                0x00000100                CY_FLASH_ROW_SIZE = 0x100
                0x00000020                CY_ECC_ROW_SIZE = 0x20
                0x00000000                CY_EE_IN_BTLDR = 0x0
                0x00000000                CY_APPL_LOADABLE = 0x0
                0x00000800                CY_EE_SIZE = 0x800
                0x00000001                CY_APPL_NUM = 0x1
                0x00000001                CY_APPL_MAX = 0x1
                0x00000040                CY_METADATA_SIZE = 0x40
                0x00000000                CY_APPL_LOADABLE = 0x0
                0x00000000                CY_CHECKSUM_EXCLUDE_SIZE = ALIGN (0x0, CY_FLASH_ROW_SIZE)
                [!provide]                PROVIDE (__cy_heap_start, _end)
                0x00000001                PROVIDE (__cy_region_num, ((__cy_regions_end - __cy_regions) / 0x10))
                0x20008000                PROVIDE (__cy_stack, (ORIGIN (ram) + LENGTH (ram)))
                [!provide]                PROVIDE (__cy_heap_end, (__cy_stack - 0x800))

.cybootloader   0x00000000        0x0
 *(.cybootloader)
                0x00000000                appl1_start = CY_APPL_ORIGIN?CY_APPL_ORIGIN:ALIGN (CY_FLASH_ROW_SIZE)
                0x0001ff00                appl2_start = (appl1_start + ALIGN ((((LENGTH (rom) - appl1_start) - (0x2 * CY_FLASH_ROW_SIZE)) / 0x2), CY_FLASH_ROW_SIZE))
                0x00000000                appl_start = (CY_APPL_NUM == 0x1)?appl1_start:appl2_start
                0x00000000                ecc_offset = ((appl_start / CY_FLASH_ROW_SIZE) * CY_ECC_ROW_SIZE)
                0x00000000                ee_offset = (CY_APPL_LOADABLE && ! (CY_EE_IN_BTLDR))?((CY_EE_SIZE / CY_APPL_MAX) * (CY_APPL_NUM - 0x1)):0x0
                0x00000800                ee_size = (CY_APPL_LOADABLE && ! (CY_EE_IN_BTLDR))?(CY_EE_SIZE / CY_APPL_MAX):CY_EE_SIZE
                [!provide]                PROVIDE (CY_ECC_OFFSET, ecc_offset)

.text           0x00000000     0x5654
 CREATE_OBJECT_SYMBOLS
                0x00000000                PROVIDE (__cy_interrupt_vector, RomVectors)
 *(.romvectors)
 .romvectors    0x00000000       0x10 .\CortexM3\ARM_GCC_541\Debug\Cm3Start.o
                0x00000000                RomVectors
                0x00000001                ASSERT ((. != __cy_interrupt_vector), No interrupt vector)
                0x00000001                ASSERT (CY_APPL_ORIGIN?(SIZEOF (.cybootloader) <= CY_APPL_ORIGIN):0x1, Wrong image location)
                0x00000010                PROVIDE (__cy_reset, Reset)
 *(.text.Reset)
 .text.Reset    0x00000010       0x18 .\CortexM3\ARM_GCC_541\Debug\Cm3Start.o
                0x00000010                Reset
                0x00000001                ASSERT ((. != __cy_reset), No reset code)
 *(.dma_init)
                0x00000001                ASSERT ((((appl_start + .) <= 0x10000) || 0x1), DMA Init must be within the first 64k of flash)
 *(.text .text.* .gnu.linkonce.t.*)
 .text          0x00000028       0x5c c:/program files (x86)/cypress/psoc creator/4.3/psoc creator/import/gnu/arm/5.4.1/bin/../lib/gcc/arm-none-eabi/5.4.1/armv7-m/crtbegin.o
 .text.main     0x00000084      0x728 .\CortexM3\ARM_GCC_541\Debug\main.o
                0x00000084                main
 .text.getWeight
                0x000007ac       0x98 .\CortexM3\ARM_GCC_541\Debug\WeightSensors.o
                0x000007ac                getWeight
 *fill*         0x00000844        0x4 
 .text.getCalWeight
                0x00000848       0xc0 .\CortexM3\ARM_GCC_541\Debug\WeightSensors.o
                0x00000848                getCalWeight
 .text.WeightSensorsInit
                0x00000908        0xc .\CortexM3\ARM_GCC_541\Debug\WeightSensors.o
                0x00000908                WeightSensorsInit
 .text.CompareWeight
                0x00000914       0xb8 .\CortexM3\ARM_GCC_541\Debug\WeightSensors.o
                0x00000914                CompareWeight
 .text.CalibrateSensors
                0x000009cc       0x2c .\CortexM3\ARM_GCC_541\Debug\WeightSensors.o
                0x000009cc                CalibrateSensors
 .text.handleByteReceived
                0x000009f8       0x1c .\CortexM3\ARM_GCC_541\Debug\UART.o
                0x000009f8                handleByteReceived
 .text.ISR_UART_rx_handler
                0x00000a14       0x1c .\CortexM3\ARM_GCC_541\Debug\UART.o
                0x00000a14                ISR_UART_rx_handler
 .text.UARTprint
                0x00000a30       0x28 .\CortexM3\ARM_GCC_541\Debug\UART.o
                0x00000a30                UARTprint
 .text.clearTerm
                0x00000a58       0x38 .\CortexM3\ARM_GCC_541\Debug\UART.o
                0x00000a58                clearTerm
 .text.isr_button_handler
                0x00000a90        0xc .\CortexM3\ARM_GCC_541\Debug\Startknap.o
                0x00000a90                isr_button_handler
 .text.StartDisp
                0x00000a9c       0x64 .\CortexM3\ARM_GCC_541\Debug\Display.o
                0x00000a9c                StartDisp
 .text.initDisp
                0x00000b00       0x54 .\CortexM3\ARM_GCC_541\Debug\Display.o
                0x00000b00                initDisp
 .text.dispTime
                0x00000b54       0x58 .\CortexM3\ARM_GCC_541\Debug\Display.o
                0x00000b54                dispTime
 .text.isr_refreshrate_LCD
                0x00000bac       0x3c .\CortexM3\ARM_GCC_541\Debug\Display.o
                0x00000bac                isr_refreshrate_LCD
 .text.stopLCD  0x00000be8       0x1c .\CortexM3\ARM_GCC_541\Debug\Display.o
                0x00000be8                stopLCD
 .text.LiquidCrystal_I2C_init
                0x00000c04       0x30 .\CortexM3\ARM_GCC_541\Debug\LiquidCrystal_I2C.o
                0x00000c04                LiquidCrystal_I2C_init
 .text.I2C_M_write_byte
                0x00000c34       0x18 .\CortexM3\ARM_GCC_541\Debug\LiquidCrystal_I2C.o
                0x00000c34                I2C_M_write_byte
 .text.expanderWrite
                0x00000c4c       0x1c .\CortexM3\ARM_GCC_541\Debug\LiquidCrystal_I2C.o
                0x00000c4c                expanderWrite
 .text.pulseEnable
                0x00000c68       0x24 .\CortexM3\ARM_GCC_541\Debug\LiquidCrystal_I2C.o
                0x00000c68                pulseEnable
 .text.write4bits
                0x00000c8c       0x10 .\CortexM3\ARM_GCC_541\Debug\LiquidCrystal_I2C.o
                0x00000c8c                write4bits
 .text.send     0x00000c9c       0x20 .\CortexM3\ARM_GCC_541\Debug\LiquidCrystal_I2C.o
                0x00000c9c                send
 .text.command  0x00000cbc        0xc .\CortexM3\ARM_GCC_541\Debug\LiquidCrystal_I2C.o
                0x00000cbc                command
 .text.clearDisp
                0x00000cc8       0x10 .\CortexM3\ARM_GCC_541\Debug\LiquidCrystal_I2C.o
                0x00000cc8                clearDisp
 .text.home     0x00000cd8       0x10 .\CortexM3\ARM_GCC_541\Debug\LiquidCrystal_I2C.o
                0x00000cd8                home
 .text.setCursor
                0x00000ce8       0x44 .\CortexM3\ARM_GCC_541\Debug\LiquidCrystal_I2C.o
                0x00000ce8                setCursor
 .text.display  0x00000d2c       0x1c .\CortexM3\ARM_GCC_541\Debug\LiquidCrystal_I2C.o
                0x00000d2c                display
 .text.write    0x00000d48        0xc .\CortexM3\ARM_GCC_541\Debug\LiquidCrystal_I2C.o
                0x00000d48                write
 .text.LCD_print
                0x00000d54       0x20 .\CortexM3\ARM_GCC_541\Debug\LiquidCrystal_I2C.o
                0x00000d54                LCD_print
 .text.begin    0x00000d74       0xb4 .\CortexM3\ARM_GCC_541\Debug\LiquidCrystal_I2C.o
                0x00000d74                begin
 .text.setaddress
                0x00000e28        0xc .\CortexM3\ARM_GCC_541\Debug\LiquidCrystal_I2C.o
                0x00000e28                setaddress
 .text.startTimer
                0x00000e34        0x8 .\CortexM3\ARM_GCC_541\Debug\Stopur.o
                0x00000e34                startTimer
 .text.stopTimer
                0x00000e3c        0x8 .\CortexM3\ARM_GCC_541\Debug\Stopur.o
                0x00000e3c                stopTimer
 .text.isr_timer
                0x00000e44       0x20 .\CortexM3\ARM_GCC_541\Debug\Stopur.o
                0x00000e44                isr_timer
 .text.getTime  0x00000e64       0x10 .\CortexM3\ARM_GCC_541\Debug\Stopur.o
                0x00000e64                getTime
 .text.clearTimer
                0x00000e74        0xc .\CortexM3\ARM_GCC_541\Debug\Stopur.o
                0x00000e74                clearTimer
 .text.timeout  0x00000e80       0x18 .\CortexM3\ARM_GCC_541\Debug\Stopur.o
                0x00000e80                timeout
 .text.setrefreshrate
                0x00000e98       0x30 .\CortexM3\ARM_GCC_541\Debug\LEDcontrol.o
                0x00000e98                setrefreshrate
 .text.setspeed
                0x00000ec8       0x2c .\CortexM3\ARM_GCC_541\Debug\LEDcontrol.o
                0x00000ec8                setspeed
 *fill*         0x00000ef4        0x4 
 .text.hsv2rgb  0x00000ef8      0x1fc .\CortexM3\ARM_GCC_541\Debug\LEDcontrol.o
                0x00000ef8                hsv2rgb
 .text.UpdateLED
                0x000010f4       0x54 .\CortexM3\ARM_GCC_541\Debug\LEDcontrol.o
                0x000010f4                UpdateLED
 .text.isr_refreshrate
                0x00001148       0x38 .\CortexM3\ARM_GCC_541\Debug\LEDcontrol.o
                0x00001148                isr_refreshrate
 .text.setcolorLED
                0x00001180      0x134 .\CortexM3\ARM_GCC_541\Debug\LEDcontrol.o
                0x00001180                setcolorLED
 .text.fillcolor
                0x000012b4       0x3c .\CortexM3\ARM_GCC_541\Debug\LEDcontrol.o
                0x000012b4                fillcolor
 .text.isr_LED_pulse
                0x000012f0      0x128 .\CortexM3\ARM_GCC_541\Debug\LEDcontrol.o
                0x000012f0                isr_LED_pulse
 .text.isr_BlinkLED
                0x00001418       0xbc .\CortexM3\ARM_GCC_541\Debug\LEDcontrol.o
                0x00001418                isr_BlinkLED
 .text.isr_LED_ring
                0x000014d4      0x10c .\CortexM3\ARM_GCC_541\Debug\LEDcontrol.o
                0x000014d4                isr_LED_ring
 .text.LEDOff   0x000015e0       0x14 .\CortexM3\ARM_GCC_541\Debug\LEDcontrol.o
                0x000015e0                LEDOff
 .text.addLEDstrip
                0x000015f4       0x48 .\CortexM3\ARM_GCC_541\Debug\LEDcontrol.o
                0x000015f4                addLEDstrip
 .text.initLED  0x0000163c       0x7c .\CortexM3\ARM_GCC_541\Debug\LEDcontrol.o
                0x0000163c                initLED
 .text.pulseLED
                0x000016b8       0x48 .\CortexM3\ARM_GCC_541\Debug\LEDcontrol.o
                0x000016b8                pulseLED
 .text.ringLED  0x00001700       0x4c .\CortexM3\ARM_GCC_541\Debug\LEDcontrol.o
                0x00001700                ringLED
 .text.BlinkLED
                0x0000174c       0x44 .\CortexM3\ARM_GCC_541\Debug\LEDcontrol.o
                0x0000174c                BlinkLED
 .text.idleSeq  0x00001790       0x3c .\CortexM3\ARM_GCC_541\Debug\LEDcontrol.o
                0x00001790                idleSeq
 *fill*         0x000017cc        0x4 
 .text.loserSeq
                0x000017d0       0x38 .\CortexM3\ARM_GCC_541\Debug\LEDcontrol.o
                0x000017d0                loserSeq
 .text.checkSeq
                0x00001808       0x2c .\CortexM3\ARM_GCC_541\Debug\LEDcontrol.o
                0x00001808                checkSeq
 .text.weightapprovedSeq
                0x00001834       0x28 .\CortexM3\ARM_GCC_541\Debug\LEDcontrol.o
                0x00001834                weightapprovedSeq
 *fill*         0x0000185c        0x4 
 .text.startSeq
                0x00001860      0x144 .\CortexM3\ARM_GCC_541\Debug\LEDcontrol.o
                0x00001860                startSeq
 .text.isr_delay
                0x000019a4       0x18 .\CortexM3\ARM_GCC_541\Debug\LEDcontrol.o
                0x000019a4                isr_delay
 *fill*         0x000019bc        0x4 
 .text.errorSeq
                0x000019c0       0x38 .\CortexM3\ARM_GCC_541\Debug\LEDcontrol.o
                0x000019c0                errorSeq
 .text.winnerSeq
                0x000019f8       0x28 .\CortexM3\ARM_GCC_541\Debug\LEDcontrol.o
                0x000019f8                winnerSeq
 .text.delline  0x00001a20       0x1c .\CortexM3\ARM_GCC_541\Debug\VT100Terminal.o
                0x00001a20                delline
 .text.movecursor
                0x00001a3c       0x34 .\CortexM3\ARM_GCC_541\Debug\VT100Terminal.o
                0x00001a3c                movecursor
 .text.isr_spi_rx
                0x00001a70       0x34 .\CortexM3\ARM_GCC_541\Debug\SPI_Master.o
                0x00001a70                isr_spi_rx
 .text.SPIS_initSPI
                0x00001aa4       0x18 .\CortexM3\ARM_GCC_541\Debug\SPI_Master.o
                0x00001aa4                SPIS_initSPI
 .text.SPIS_sendData
                0x00001abc       0x30 .\CortexM3\ARM_GCC_541\Debug\SPI_Master.o
                0x00001abc                SPIS_sendData
 .text.CyClockStartupError
                0x00001aec        0x4 .\CortexM3\ARM_GCC_541\Debug\cyfitter_cfg.o
 .text.cfg_write_bytes32
                0x00001af0       0x34 .\CortexM3\ARM_GCC_541\Debug\cyfitter_cfg.o
 .text.AnalogSetDefault
                0x00001b24       0x30 .\CortexM3\ARM_GCC_541\Debug\cyfitter_cfg.o
 .text.CYMEMZERO
                0x00001b54        0xc .\CortexM3\ARM_GCC_541\Debug\cyfitter_cfg.o
 .text.CYCONFIGCPY
                0x00001b60        0x8 .\CortexM3\ARM_GCC_541\Debug\cyfitter_cfg.o
 .text.ClockSetup
                0x00001b68      0x110 .\CortexM3\ARM_GCC_541\Debug\cyfitter_cfg.o
 .text.PlayerSelect_Set
                0x00001c78       0x1c .\CortexM3\ARM_GCC_541\Debug\cyfitter_cfg.o
                0x00001c78                PlayerSelect_Set
 .text.PlayerSelect_Unset
                0x00001c94       0x1c .\CortexM3\ARM_GCC_541\Debug\cyfitter_cfg.o
                0x00001c94                PlayerSelect_Unset
 .text.ADC_DelSig_1_AMux_Set
                0x00001cb0       0x1c .\CortexM3\ARM_GCC_541\Debug\cyfitter_cfg.o
                0x00001cb0                ADC_DelSig_1_AMux_Set
 .text.ADC_DelSig_1_AMux_Unset
                0x00001ccc       0x20 .\CortexM3\ARM_GCC_541\Debug\cyfitter_cfg.o
                0x00001ccc                ADC_DelSig_1_AMux_Unset
 .text.cyfitter_cfg
                0x00001cec      0x14c .\CortexM3\ARM_GCC_541\Debug\cyfitter_cfg.o
                0x00001cec                cyfitter_cfg
 .text.IntDefaultHandler
                0x00001e38       0x10 .\CortexM3\ARM_GCC_541\Debug\Cm3Start.o
                0x00001e38                IntDefaultHandler
 .text._sbrk    0x00001e48       0x30 .\CortexM3\ARM_GCC_541\Debug\Cm3Start.o
                0x00001e48                _sbrk
 .text.Start_c  0x00001e78       0x4c .\CortexM3\ARM_GCC_541\Debug\Cm3Start.o
                0x00001e78                Start_c
 .text.initialize_psoc
                0x00001ec4       0x68 .\CortexM3\ARM_GCC_541\Debug\Cm3Start.o
                0x00001ec4                initialize_psoc
 .text.SPIM_1_Enable
                0x00001f2c       0x34 .\CortexM3\ARM_GCC_541\Debug\Hovedprogram.a(SPIM_1.o)
                0x00001f2c                SPIM_1_Enable
 .text.SPIM_1_ReadTxStatus
                0x00001f60        0xc .\CortexM3\ARM_GCC_541\Debug\Hovedprogram.a(SPIM_1.o)
                0x00001f60                SPIM_1_ReadTxStatus
 .text.SPIM_1_ReadRxStatus
                0x00001f6c        0xc .\CortexM3\ARM_GCC_541\Debug\Hovedprogram.a(SPIM_1.o)
                0x00001f6c                SPIM_1_ReadRxStatus
 .text.SPIM_1_WriteTxData
                0x00001f78       0x18 .\CortexM3\ARM_GCC_541\Debug\Hovedprogram.a(SPIM_1.o)
                0x00001f78                SPIM_1_WriteTxData
 .text.SPIM_1_ClearFIFO
                0x00001f90       0x4c .\CortexM3\ARM_GCC_541\Debug\Hovedprogram.a(SPIM_1.o)
                0x00001f90                SPIM_1_ClearFIFO
 .text.SPIM_1_Init
                0x00001fdc       0x28 .\CortexM3\ARM_GCC_541\Debug\Hovedprogram.a(SPIM_1.o)
                0x00001fdc                SPIM_1_Init
 .text.SPIM_1_Start
                0x00002004       0x1c .\CortexM3\ARM_GCC_541\Debug\Hovedprogram.a(SPIM_1.o)
                0x00002004                SPIM_1_Start
 .text.Timer1_Enable
                0x00002020       0x10 .\CortexM3\ARM_GCC_541\Debug\Hovedprogram.a(Timer1.o)
                0x00002020                Timer1_Enable
 .text.Timer1_Stop
                0x00002030       0x10 .\CortexM3\ARM_GCC_541\Debug\Hovedprogram.a(Timer1.o)
                0x00002030                Timer1_Stop
 .text.Timer1_SetInterruptMode
                0x00002040        0xc .\CortexM3\ARM_GCC_541\Debug\Hovedprogram.a(Timer1.o)
                0x00002040                Timer1_SetInterruptMode
 .text.Timer1_ReadStatusRegister
                0x0000204c        0xc .\CortexM3\ARM_GCC_541\Debug\Hovedprogram.a(Timer1.o)
                0x0000204c                Timer1_ReadStatusRegister
 .text.Timer1_WritePeriod
                0x00002058        0xc .\CortexM3\ARM_GCC_541\Debug\Hovedprogram.a(Timer1.o)
                0x00002058                Timer1_WritePeriod
 .text.Timer1_ReadCapture
                0x00002064        0xc .\CortexM3\ARM_GCC_541\Debug\Hovedprogram.a(Timer1.o)
                0x00002064                Timer1_ReadCapture
 .text.Timer1_WriteCounter
                0x00002070        0xc .\CortexM3\ARM_GCC_541\Debug\Hovedprogram.a(Timer1.o)
                0x00002070                Timer1_WriteCounter
 .text.Timer1_ClearFIFO
                0x0000207c       0x14 .\CortexM3\ARM_GCC_541\Debug\Hovedprogram.a(Timer1.o)
                0x0000207c                Timer1_ClearFIFO
 .text.Timer1_Init
                0x00002090       0x34 .\CortexM3\ARM_GCC_541\Debug\Hovedprogram.a(Timer1.o)
                0x00002090                Timer1_Init
 .text.Timer1_Start
                0x000020c4       0x1c .\CortexM3\ARM_GCC_541\Debug\Hovedprogram.a(Timer1.o)
                0x000020c4                Timer1_Start
 .text.isr_LED_refreshrate_SetVector
                0x000020e0        0xc .\CortexM3\ARM_GCC_541\Debug\Hovedprogram.a(isr_LED_refreshrate.o)
                0x000020e0                isr_LED_refreshrate_SetVector
 .text.isr_LED_refreshrate_SetPriority
                0x000020ec       0x10 .\CortexM3\ARM_GCC_541\Debug\Hovedprogram.a(isr_LED_refreshrate.o)
                0x000020ec                isr_LED_refreshrate_SetPriority
 .text.isr_LED_refreshrate_Enable
                0x000020fc        0xc .\CortexM3\ARM_GCC_541\Debug\Hovedprogram.a(isr_LED_refreshrate.o)
                0x000020fc                isr_LED_refreshrate_Enable
 .text.isr_LED_refreshrate_Disable
                0x00002108        0xc .\CortexM3\ARM_GCC_541\Debug\Hovedprogram.a(isr_LED_refreshrate.o)
                0x00002108                isr_LED_refreshrate_Disable
 .text.isr_LED_refreshrate_StartEx
                0x00002114       0x1c .\CortexM3\ARM_GCC_541\Debug\Hovedprogram.a(isr_LED_refreshrate.o)
                0x00002114                isr_LED_refreshrate_StartEx
 .text.Timer2_Enable
                0x00002130       0x10 .\CortexM3\ARM_GCC_541\Debug\Hovedprogram.a(Timer2.o)
                0x00002130                Timer2_Enable
 .text.Timer2_SetInterruptMode
                0x00002140        0xc .\CortexM3\ARM_GCC_541\Debug\Hovedprogram.a(Timer2.o)
                0x00002140                Timer2_SetInterruptMode
 .text.Timer2_ReadStatusRegister
                0x0000214c        0xc .\CortexM3\ARM_GCC_541\Debug\Hovedprogram.a(Timer2.o)
                0x0000214c                Timer2_ReadStatusRegister
 .text.Timer2_WritePeriod
                0x00002158        0xc .\CortexM3\ARM_GCC_541\Debug\Hovedprogram.a(Timer2.o)
                0x00002158                Timer2_WritePeriod
 .text.Timer2_ReadCapture
                0x00002164        0xc .\CortexM3\ARM_GCC_541\Debug\Hovedprogram.a(Timer2.o)
                0x00002164                Timer2_ReadCapture
 .text.Timer2_WriteCounter
                0x00002170        0xc .\CortexM3\ARM_GCC_541\Debug\Hovedprogram.a(Timer2.o)
                0x00002170                Timer2_WriteCounter
 .text.Timer2_ClearFIFO
                0x0000217c       0x14 .\CortexM3\ARM_GCC_541\Debug\Hovedprogram.a(Timer2.o)
                0x0000217c                Timer2_ClearFIFO
 .text.Timer2_Init
                0x00002190       0x34 .\CortexM3\ARM_GCC_541\Debug\Hovedprogram.a(Timer2.o)
                0x00002190                Timer2_Init
 .text.Timer2_Start
                0x000021c4       0x1c .\CortexM3\ARM_GCC_541\Debug\Hovedprogram.a(Timer2.o)
                0x000021c4                Timer2_Start
 .text.isr_LED_pulse_SetVector
                0x000021e0        0xc .\CortexM3\ARM_GCC_541\Debug\Hovedprogram.a(isr_LED_pulse.o)
                0x000021e0                isr_LED_pulse_SetVector
 .text.isr_LED_pulse_SetPriority
                0x000021ec       0x10 .\CortexM3\ARM_GCC_541\Debug\Hovedprogram.a(isr_LED_pulse.o)
                0x000021ec                isr_LED_pulse_SetPriority
 .text.isr_LED_pulse_Enable
                0x000021fc        0xc .\CortexM3\ARM_GCC_541\Debug\Hovedprogram.a(isr_LED_pulse.o)
                0x000021fc                isr_LED_pulse_Enable
 .text.isr_LED_pulse_Disable
                0x00002208        0xc .\CortexM3\ARM_GCC_541\Debug\Hovedprogram.a(isr_LED_pulse.o)
                0x00002208                isr_LED_pulse_Disable
 .text.isr_LED_pulse_StartEx
                0x00002214       0x1c .\CortexM3\ARM_GCC_541\Debug\Hovedprogram.a(isr_LED_pulse.o)
                0x00002214                isr_LED_pulse_StartEx
 .text.Timer3_Enable
                0x00002230       0x10 .\CortexM3\ARM_GCC_541\Debug\Hovedprogram.a(Timer3.o)
                0x00002230                Timer3_Enable
 .text.Timer3_SetInterruptMode
                0x00002240        0xc .\CortexM3\ARM_GCC_541\Debug\Hovedprogram.a(Timer3.o)
                0x00002240                Timer3_SetInterruptMode
 .text.Timer3_ReadStatusRegister
                0x0000224c        0xc .\CortexM3\ARM_GCC_541\Debug\Hovedprogram.a(Timer3.o)
                0x0000224c                Timer3_ReadStatusRegister
 .text.Timer3_WritePeriod
                0x00002258        0xc .\CortexM3\ARM_GCC_541\Debug\Hovedprogram.a(Timer3.o)
                0x00002258                Timer3_WritePeriod
 .text.Timer3_ReadCapture
                0x00002264        0xc .\CortexM3\ARM_GCC_541\Debug\Hovedprogram.a(Timer3.o)
                0x00002264                Timer3_ReadCapture
 .text.Timer3_WriteCounter
                0x00002270        0xc .\CortexM3\ARM_GCC_541\Debug\Hovedprogram.a(Timer3.o)
                0x00002270                Timer3_WriteCounter
 .text.Timer3_ClearFIFO
                0x0000227c       0x14 .\CortexM3\ARM_GCC_541\Debug\Hovedprogram.a(Timer3.o)
                0x0000227c                Timer3_ClearFIFO
 .text.Timer3_Init
                0x00002290       0x34 .\CortexM3\ARM_GCC_541\Debug\Hovedprogram.a(Timer3.o)
                0x00002290                Timer3_Init
 .text.Timer3_Start
                0x000022c4       0x1c .\CortexM3\ARM_GCC_541\Debug\Hovedprogram.a(Timer3.o)
                0x000022c4                Timer3_Start
 .text.isr_LED_ring_SetVector
                0x000022e0        0xc .\CortexM3\ARM_GCC_541\Debug\Hovedprogram.a(isr_LED_ring.o)
                0x000022e0                isr_LED_ring_SetVector
 .text.isr_LED_ring_SetPriority
                0x000022ec       0x10 .\CortexM3\ARM_GCC_541\Debug\Hovedprogram.a(isr_LED_ring.o)
                0x000022ec                isr_LED_ring_SetPriority
 .text.isr_LED_ring_Enable
                0x000022fc        0xc .\CortexM3\ARM_GCC_541\Debug\Hovedprogram.a(isr_LED_ring.o)
                0x000022fc                isr_LED_ring_Enable
 .text.isr_LED_ring_Disable
                0x00002308        0xc .\CortexM3\ARM_GCC_541\Debug\Hovedprogram.a(isr_LED_ring.o)
                0x00002308                isr_LED_ring_Disable
 .text.isr_LED_ring_StartEx
                0x00002314       0x1c .\CortexM3\ARM_GCC_541\Debug\Hovedprogram.a(isr_LED_ring.o)
                0x00002314                isr_LED_ring_StartEx
 .text.UART_1_Init
                0x00002330       0x28 .\CortexM3\ARM_GCC_541\Debug\Hovedprogram.a(UART_1.o)
                0x00002330                UART_1_Init
 .text.UART_1_Enable
                0x00002358       0x38 .\CortexM3\ARM_GCC_541\Debug\Hovedprogram.a(UART_1.o)
                0x00002358                UART_1_Enable
 .text.UART_1_Start
                0x00002390       0x1c .\CortexM3\ARM_GCC_541\Debug\Hovedprogram.a(UART_1.o)
                0x00002390                UART_1_Start
 .text.UART_1_ReadRxData
                0x000023ac        0xc .\CortexM3\ARM_GCC_541\Debug\Hovedprogram.a(UART_1.o)
                0x000023ac                UART_1_ReadRxData
 .text.UART_1_GetRxBufferSize
                0x000023b8       0x18 .\CortexM3\ARM_GCC_541\Debug\Hovedprogram.a(UART_1.o)
                0x000023b8                UART_1_GetRxBufferSize
 .text.UART_1_PutChar
                0x000023d0       0x18 .\CortexM3\ARM_GCC_541\Debug\Hovedprogram.a(UART_1.o)
                0x000023d0                UART_1_PutChar
 .text.UART_1_PutString
                0x000023e8       0x24 .\CortexM3\ARM_GCC_541\Debug\Hovedprogram.a(UART_1.o)
                0x000023e8                UART_1_PutString
 .text.isr_uart_rx_SetVector
                0x0000240c        0xc .\CortexM3\ARM_GCC_541\Debug\Hovedprogram.a(isr_uart_rx.o)
                0x0000240c                isr_uart_rx_SetVector
 .text.isr_uart_rx_SetPriority
                0x00002418       0x10 .\CortexM3\ARM_GCC_541\Debug\Hovedprogram.a(isr_uart_rx.o)
                0x00002418                isr_uart_rx_SetPriority
 .text.isr_uart_rx_Enable
                0x00002428       0x10 .\CortexM3\ARM_GCC_541\Debug\Hovedprogram.a(isr_uart_rx.o)
                0x00002428                isr_uart_rx_Enable
 .text.isr_uart_rx_Disable
                0x00002438       0x10 .\CortexM3\ARM_GCC_541\Debug\Hovedprogram.a(isr_uart_rx.o)
                0x00002438                isr_uart_rx_Disable
 .text.isr_uart_rx_StartEx
                0x00002448       0x1c .\CortexM3\ARM_GCC_541\Debug\Hovedprogram.a(isr_uart_rx.o)
                0x00002448                isr_uart_rx_StartEx
 .text.SPIM_1_IntClock_Start
                0x00002464       0x1c .\CortexM3\ARM_GCC_541\Debug\Hovedprogram.a(SPIM_1_IntClock.o)
                0x00002464                SPIM_1_IntClock_Start
 .text.UART_1_IntClock_Start
                0x00002480       0x1c .\CortexM3\ARM_GCC_541\Debug\Hovedprogram.a(UART_1_IntClock.o)
                0x00002480                UART_1_IntClock_Start
 .text.CyHalt   0x0000249c        0x4 .\CortexM3\ARM_GCC_541\Debug\Hovedprogram.a(CyLib.o)
                0x0000249c                CyHalt
 .text.CyDelay  0x000024a0       0x2c .\CortexM3\ARM_GCC_541\Debug\Hovedprogram.a(CyLib.o)
                0x000024a0                CyDelay
 .text.CyDelayUs
                0x000024cc       0x14 .\CortexM3\ARM_GCC_541\Debug\Hovedprogram.a(CyLib.o)
                0x000024cc                CyDelayUs
 .text.CyIntSetVector
                0x000024e0       0x28 .\CortexM3\ARM_GCC_541\Debug\Hovedprogram.a(CyLib.o)
                0x000024e0                CyIntSetVector
 .text.CyIntSetPriority
                0x00002508       0x30 .\CortexM3\ARM_GCC_541\Debug\Hovedprogram.a(CyLib.o)
                0x00002508                CyIntSetPriority
 .text.PlayerSelect_Start
                0x00002538       0x20 .\CortexM3\ARM_GCC_541\Debug\Hovedprogram.a(PlayerSelect.o)
                0x00002538                PlayerSelect_Start
 .text.PlayerSelect_FastSelect
                0x00002558       0x20 .\CortexM3\ARM_GCC_541\Debug\Hovedprogram.a(PlayerSelect.o)
                0x00002558                PlayerSelect_FastSelect
 .text.isr_button_SetVector
                0x00002578        0xc .\CortexM3\ARM_GCC_541\Debug\Hovedprogram.a(isr_button.o)
                0x00002578                isr_button_SetVector
 .text.isr_button_SetPriority
                0x00002584       0x10 .\CortexM3\ARM_GCC_541\Debug\Hovedprogram.a(isr_button.o)
                0x00002584                isr_button_SetPriority
 .text.isr_button_Enable
                0x00002594        0xc .\CortexM3\ARM_GCC_541\Debug\Hovedprogram.a(isr_button.o)
                0x00002594                isr_button_Enable
 .text.isr_button_Disable
                0x000025a0        0xc .\CortexM3\ARM_GCC_541\Debug\Hovedprogram.a(isr_button.o)
                0x000025a0                isr_button_Disable
 .text.isr_button_StartEx
                0x000025ac       0x1c .\CortexM3\ARM_GCC_541\Debug\Hovedprogram.a(isr_button.o)
                0x000025ac                isr_button_StartEx
 .text.SPIMOutCtrl_Write
                0x000025c8        0xc .\CortexM3\ARM_GCC_541\Debug\Hovedprogram.a(SPIMOutCtrl.o)
                0x000025c8                SPIMOutCtrl_Write
 .text.I2C_1_Init
                0x000025d4       0x68 .\CortexM3\ARM_GCC_541\Debug\Hovedprogram.a(I2C_1.o)
                0x000025d4                I2C_1_Init
 .text.I2C_1_Enable
                0x0000263c       0x24 .\CortexM3\ARM_GCC_541\Debug\Hovedprogram.a(I2C_1.o)
                0x0000263c                I2C_1_Enable
 .text.I2C_1_Start
                0x00002660       0x28 .\CortexM3\ARM_GCC_541\Debug\Hovedprogram.a(I2C_1.o)
                0x00002660                I2C_1_Start
 .text.I2C_1_ISR
                0x00002688      0x2d0 .\CortexM3\ARM_GCC_541\Debug\Hovedprogram.a(I2C_1_INT.o)
                0x00002688                I2C_1_ISR
 .text.I2C_1_MasterSendStart
                0x00002958       0x80 .\CortexM3\ARM_GCC_541\Debug\Hovedprogram.a(I2C_1_MASTER.o)
                0x00002958                I2C_1_MasterSendStart
 .text.I2C_1_MasterSendStop
                0x000029d8       0x38 .\CortexM3\ARM_GCC_541\Debug\Hovedprogram.a(I2C_1_MASTER.o)
                0x000029d8                I2C_1_MasterSendStop
 .text.I2C_1_MasterWriteByte
                0x00002a10       0x58 .\CortexM3\ARM_GCC_541\Debug\Hovedprogram.a(I2C_1_MASTER.o)
                0x00002a10                I2C_1_MasterWriteByte
 .text.Timer_Stopur_Enable
                0x00002a68       0x10 .\CortexM3\ARM_GCC_541\Debug\Hovedprogram.a(Timer_Stopur.o)
                0x00002a68                Timer_Stopur_Enable
 .text.Timer_Stopur_Stop
                0x00002a78       0x10 .\CortexM3\ARM_GCC_541\Debug\Hovedprogram.a(Timer_Stopur.o)
                0x00002a78                Timer_Stopur_Stop
 .text.Timer_Stopur_SetInterruptMode
                0x00002a88        0xc .\CortexM3\ARM_GCC_541\Debug\Hovedprogram.a(Timer_Stopur.o)
                0x00002a88                Timer_Stopur_SetInterruptMode
 .text.Timer_Stopur_ReadStatusRegister
                0x00002a94        0xc .\CortexM3\ARM_GCC_541\Debug\Hovedprogram.a(Timer_Stopur.o)
                0x00002a94                Timer_Stopur_ReadStatusRegister
 .text.Timer_Stopur_WritePeriod
                0x00002aa0        0xc .\CortexM3\ARM_GCC_541\Debug\Hovedprogram.a(Timer_Stopur.o)
                0x00002aa0                Timer_Stopur_WritePeriod
 .text.Timer_Stopur_ReadCapture
                0x00002aac        0xc .\CortexM3\ARM_GCC_541\Debug\Hovedprogram.a(Timer_Stopur.o)
                0x00002aac                Timer_Stopur_ReadCapture
 .text.Timer_Stopur_WriteCounter
                0x00002ab8        0xc .\CortexM3\ARM_GCC_541\Debug\Hovedprogram.a(Timer_Stopur.o)
                0x00002ab8                Timer_Stopur_WriteCounter
 .text.Timer_Stopur_ClearFIFO
                0x00002ac4       0x14 .\CortexM3\ARM_GCC_541\Debug\Hovedprogram.a(Timer_Stopur.o)
                0x00002ac4                Timer_Stopur_ClearFIFO
 .text.Timer_Stopur_Init
                0x00002ad8       0x34 .\CortexM3\ARM_GCC_541\Debug\Hovedprogram.a(Timer_Stopur.o)
                0x00002ad8                Timer_Stopur_Init
 .text.Timer_Stopur_Start
                0x00002b0c       0x1c .\CortexM3\ARM_GCC_541\Debug\Hovedprogram.a(Timer_Stopur.o)
                0x00002b0c                Timer_Stopur_Start
 .text.isr_timer_SetVector
                0x00002b28        0xc .\CortexM3\ARM_GCC_541\Debug\Hovedprogram.a(isr_timer.o)
                0x00002b28                isr_timer_SetVector
 .text.isr_timer_SetPriority
                0x00002b34       0x10 .\CortexM3\ARM_GCC_541\Debug\Hovedprogram.a(isr_timer.o)
                0x00002b34                isr_timer_SetPriority
 .text.isr_timer_Enable
                0x00002b44       0x10 .\CortexM3\ARM_GCC_541\Debug\Hovedprogram.a(isr_timer.o)
                0x00002b44                isr_timer_Enable
 .text.isr_timer_Disable
                0x00002b54       0x10 .\CortexM3\ARM_GCC_541\Debug\Hovedprogram.a(isr_timer.o)
                0x00002b54                isr_timer_Disable
 .text.isr_timer_StartEx
                0x00002b64       0x1c .\CortexM3\ARM_GCC_541\Debug\Hovedprogram.a(isr_timer.o)
                0x00002b64                isr_timer_StartEx
 .text.Timer_LCD_Enable
                0x00002b80       0x10 .\CortexM3\ARM_GCC_541\Debug\Hovedprogram.a(Timer_LCD.o)
                0x00002b80                Timer_LCD_Enable
 .text.Timer_LCD_Stop
                0x00002b90       0x10 .\CortexM3\ARM_GCC_541\Debug\Hovedprogram.a(Timer_LCD.o)
                0x00002b90                Timer_LCD_Stop
 .text.Timer_LCD_SetInterruptMode
                0x00002ba0        0xc .\CortexM3\ARM_GCC_541\Debug\Hovedprogram.a(Timer_LCD.o)
                0x00002ba0                Timer_LCD_SetInterruptMode
 .text.Timer_LCD_ReadStatusRegister
                0x00002bac        0xc .\CortexM3\ARM_GCC_541\Debug\Hovedprogram.a(Timer_LCD.o)
                0x00002bac                Timer_LCD_ReadStatusRegister
 .text.Timer_LCD_WritePeriod
                0x00002bb8        0xc .\CortexM3\ARM_GCC_541\Debug\Hovedprogram.a(Timer_LCD.o)
                0x00002bb8                Timer_LCD_WritePeriod
 .text.Timer_LCD_ReadCapture
                0x00002bc4        0xc .\CortexM3\ARM_GCC_541\Debug\Hovedprogram.a(Timer_LCD.o)
                0x00002bc4                Timer_LCD_ReadCapture
 .text.Timer_LCD_WriteCounter
                0x00002bd0        0xc .\CortexM3\ARM_GCC_541\Debug\Hovedprogram.a(Timer_LCD.o)
                0x00002bd0                Timer_LCD_WriteCounter
 .text.Timer_LCD_ClearFIFO
                0x00002bdc       0x14 .\CortexM3\ARM_GCC_541\Debug\Hovedprogram.a(Timer_LCD.o)
                0x00002bdc                Timer_LCD_ClearFIFO
 .text.Timer_LCD_Init
                0x00002bf0       0x30 .\CortexM3\ARM_GCC_541\Debug\Hovedprogram.a(Timer_LCD.o)
                0x00002bf0                Timer_LCD_Init
 .text.Timer_LCD_Start
                0x00002c20       0x1c .\CortexM3\ARM_GCC_541\Debug\Hovedprogram.a(Timer_LCD.o)
                0x00002c20                Timer_LCD_Start
 .text.isr_refreshrate_LCD_SetVector
                0x00002c3c        0xc .\CortexM3\ARM_GCC_541\Debug\Hovedprogram.a(isr_refreshrate_LCD.o)
                0x00002c3c                isr_refreshrate_LCD_SetVector
 .text.isr_refreshrate_LCD_SetPriority
                0x00002c48       0x10 .\CortexM3\ARM_GCC_541\Debug\Hovedprogram.a(isr_refreshrate_LCD.o)
                0x00002c48                isr_refreshrate_LCD_SetPriority
 .text.isr_refreshrate_LCD_Enable
                0x00002c58        0xc .\CortexM3\ARM_GCC_541\Debug\Hovedprogram.a(isr_refreshrate_LCD.o)
                0x00002c58                isr_refreshrate_LCD_Enable
 .text.isr_refreshrate_LCD_Disable
                0x00002c64        0xc .\CortexM3\ARM_GCC_541\Debug\Hovedprogram.a(isr_refreshrate_LCD.o)
                0x00002c64                isr_refreshrate_LCD_Disable
 .text.isr_refreshrate_LCD_StartEx
                0x00002c70       0x1c .\CortexM3\ARM_GCC_541\Debug\Hovedprogram.a(isr_refreshrate_LCD.o)
                0x00002c70                isr_refreshrate_LCD_StartEx
 .text.Timer4_Enable
                0x00002c8c       0x10 .\CortexM3\ARM_GCC_541\Debug\Hovedprogram.a(Timer4.o)
                0x00002c8c                Timer4_Enable
 .text.Timer4_SetInterruptMode
                0x00002c9c        0xc .\CortexM3\ARM_GCC_541\Debug\Hovedprogram.a(Timer4.o)
                0x00002c9c                Timer4_SetInterruptMode
 .text.Timer4_ReadStatusRegister
                0x00002ca8        0xc .\CortexM3\ARM_GCC_541\Debug\Hovedprogram.a(Timer4.o)
                0x00002ca8                Timer4_ReadStatusRegister
 .text.Timer4_WritePeriod
                0x00002cb4        0xc .\CortexM3\ARM_GCC_541\Debug\Hovedprogram.a(Timer4.o)
                0x00002cb4                Timer4_WritePeriod
 .text.Timer4_ReadCapture
                0x00002cc0        0xc .\CortexM3\ARM_GCC_541\Debug\Hovedprogram.a(Timer4.o)
                0x00002cc0                Timer4_ReadCapture
 .text.Timer4_WriteCounter
                0x00002ccc        0xc .\CortexM3\ARM_GCC_541\Debug\Hovedprogram.a(Timer4.o)
                0x00002ccc                Timer4_WriteCounter
 .text.Timer4_ClearFIFO
                0x00002cd8       0x14 .\CortexM3\ARM_GCC_541\Debug\Hovedprogram.a(Timer4.o)
                0x00002cd8                Timer4_ClearFIFO
 .text.Timer4_Init
                0x00002cec       0x34 .\CortexM3\ARM_GCC_541\Debug\Hovedprogram.a(Timer4.o)
                0x00002cec                Timer4_Init
 .text.Timer4_Start
                0x00002d20       0x1c .\CortexM3\ARM_GCC_541\Debug\Hovedprogram.a(Timer4.o)
                0x00002d20                Timer4_Start
 .text.isr_BlinkLED_SetVector
                0x00002d3c        0xc .\CortexM3\ARM_GCC_541\Debug\Hovedprogram.a(isr_BlinkLED.o)
                0x00002d3c                isr_BlinkLED_SetVector
 .text.isr_BlinkLED_SetPriority
                0x00002d48       0x10 .\CortexM3\ARM_GCC_541\Debug\Hovedprogram.a(isr_BlinkLED.o)
                0x00002d48                isr_BlinkLED_SetPriority
 .text.isr_BlinkLED_Enable
                0x00002d58        0xc .\CortexM3\ARM_GCC_541\Debug\Hovedprogram.a(isr_BlinkLED.o)
                0x00002d58                isr_BlinkLED_Enable
 .text.isr_BlinkLED_Disable
                0x00002d64        0xc .\CortexM3\ARM_GCC_541\Debug\Hovedprogram.a(isr_BlinkLED.o)
                0x00002d64                isr_BlinkLED_Disable
 .text.isr_BlinkLED_StartEx
                0x00002d70       0x1c .\CortexM3\ARM_GCC_541\Debug\Hovedprogram.a(isr_BlinkLED.o)
                0x00002d70                isr_BlinkLED_StartEx
 .text.isr_delay_SetVector
                0x00002d8c        0xc .\CortexM3\ARM_GCC_541\Debug\Hovedprogram.a(isr_delay.o)
                0x00002d8c                isr_delay_SetVector
 .text.isr_delay_SetPriority
                0x00002d98       0x10 .\CortexM3\ARM_GCC_541\Debug\Hovedprogram.a(isr_delay.o)
                0x00002d98                isr_delay_SetPriority
 .text.isr_delay_Enable
                0x00002da8        0xc .\CortexM3\ARM_GCC_541\Debug\Hovedprogram.a(isr_delay.o)
                0x00002da8                isr_delay_Enable
 .text.isr_delay_Disable
                0x00002db4        0xc .\CortexM3\ARM_GCC_541\Debug\Hovedprogram.a(isr_delay.o)
                0x00002db4                isr_delay_Disable
 .text.isr_delay_StartEx
                0x00002dc0       0x1c .\CortexM3\ARM_GCC_541\Debug\Hovedprogram.a(isr_delay.o)
                0x00002dc0                isr_delay_StartEx
 .text.Timer5_Enable
                0x00002ddc       0x10 .\CortexM3\ARM_GCC_541\Debug\Hovedprogram.a(Timer5.o)
                0x00002ddc                Timer5_Enable
 .text.Timer5_Stop
                0x00002dec       0x10 .\CortexM3\ARM_GCC_541\Debug\Hovedprogram.a(Timer5.o)
                0x00002dec                Timer5_Stop
 .text.Timer5_SetInterruptMode
                0x00002dfc        0xc .\CortexM3\ARM_GCC_541\Debug\Hovedprogram.a(Timer5.o)
                0x00002dfc                Timer5_SetInterruptMode
 .text.Timer5_ReadStatusRegister
                0x00002e08        0xc .\CortexM3\ARM_GCC_541\Debug\Hovedprogram.a(Timer5.o)
                0x00002e08                Timer5_ReadStatusRegister
 .text.Timer5_WritePeriod
                0x00002e14        0xc .\CortexM3\ARM_GCC_541\Debug\Hovedprogram.a(Timer5.o)
                0x00002e14                Timer5_WritePeriod
 .text.Timer5_ReadCapture
                0x00002e20        0xc .\CortexM3\ARM_GCC_541\Debug\Hovedprogram.a(Timer5.o)
                0x00002e20                Timer5_ReadCapture
 .text.Timer5_WriteCounter
                0x00002e2c        0xc .\CortexM3\ARM_GCC_541\Debug\Hovedprogram.a(Timer5.o)
                0x00002e2c                Timer5_WriteCounter
 .text.Timer5_ClearFIFO
                0x00002e38       0x14 .\CortexM3\ARM_GCC_541\Debug\Hovedprogram.a(Timer5.o)
                0x00002e38                Timer5_ClearFIFO
 .text.Timer5_Init
                0x00002e4c       0x34 .\CortexM3\ARM_GCC_541\Debug\Hovedprogram.a(Timer5.o)
                0x00002e4c                Timer5_Init
 .text.Timer5_Start
                0x00002e80       0x1c .\CortexM3\ARM_GCC_541\Debug\Hovedprogram.a(Timer5.o)
                0x00002e80                Timer5_Start
 .text.ADC_DelSig_1_GainCompensation
                0x00002e9c       0xe0 .\CortexM3\ARM_GCC_541\Debug\Hovedprogram.a(ADC_DelSig_1.o)
 .text.ADC_DelSig_1_SetDSMRef0Reg
                0x00002f7c       0x4c .\CortexM3\ARM_GCC_541\Debug\Hovedprogram.a(ADC_DelSig_1.o)
 .text.ADC_DelSig_1_InitConfig
                0x00002fc8      0x338 .\CortexM3\ARM_GCC_541\Debug\Hovedprogram.a(ADC_DelSig_1.o)
 .text.ADC_DelSig_1_Init
                0x00003300      0x108 .\CortexM3\ARM_GCC_541\Debug\Hovedprogram.a(ADC_DelSig_1.o)
                0x00003300                ADC_DelSig_1_Init
 .text.ADC_DelSig_1_Enable
                0x00003408       0xd8 .\CortexM3\ARM_GCC_541\Debug\Hovedprogram.a(ADC_DelSig_1.o)
                0x00003408                ADC_DelSig_1_Enable
 .text.ADC_DelSig_1_Start
                0x000034e0       0x28 .\CortexM3\ARM_GCC_541\Debug\Hovedprogram.a(ADC_DelSig_1.o)
                0x000034e0                ADC_DelSig_1_Start
 .text.ADC_DelSig_1_StartConvert
                0x00003508       0x10 .\CortexM3\ARM_GCC_541\Debug\Hovedprogram.a(ADC_DelSig_1.o)
                0x00003508                ADC_DelSig_1_StartConvert
 .text.ADC_DelSig_1_IsEndConversion
                0x00003518       0x30 .\CortexM3\ARM_GCC_541\Debug\Hovedprogram.a(ADC_DelSig_1.o)
                0x00003518                ADC_DelSig_1_IsEndConversion
 .text.ADC_DelSig_1_GetResult16
                0x00003548       0x50 .\CortexM3\ARM_GCC_541\Debug\Hovedprogram.a(ADC_DelSig_1.o)
                0x00003548                ADC_DelSig_1_GetResult16
 .text.ADC_DelSig_1_CountsTo_mVolts
                0x00003598       0x24 .\CortexM3\ARM_GCC_541\Debug\Hovedprogram.a(ADC_DelSig_1.o)
                0x00003598                ADC_DelSig_1_CountsTo_mVolts
 .text.ADC_DelSig_1_ISR1
                0x000035bc        0x4 .\CortexM3\ARM_GCC_541\Debug\Hovedprogram.a(ADC_DelSig_1_INT.o)
                0x000035bc                ADC_DelSig_1_ISR1
 .text.ADC_DelSig_1_ISR2
                0x000035c0        0x4 .\CortexM3\ARM_GCC_541\Debug\Hovedprogram.a(ADC_DelSig_1_INT.o)
                0x000035c0                ADC_DelSig_1_ISR2
 .text.ADC_DelSig_1_ISR3
                0x000035c4        0x4 .\CortexM3\ARM_GCC_541\Debug\Hovedprogram.a(ADC_DelSig_1_INT.o)
                0x000035c4                ADC_DelSig_1_ISR3
 .text.ADC_DelSig_1_ISR4
                0x000035c8        0x4 .\CortexM3\ARM_GCC_541\Debug\Hovedprogram.a(ADC_DelSig_1_INT.o)
                0x000035c8                ADC_DelSig_1_ISR4
 .text.ADC_DelSig_1_AMux_Start
                0x000035cc       0x20 .\CortexM3\ARM_GCC_541\Debug\Hovedprogram.a(ADC_DelSig_1_AMux.o)
                0x000035cc                ADC_DelSig_1_AMux_Start
 .text.ADC_DelSig_1_AMux_Select
                0x000035ec       0x18 .\CortexM3\ARM_GCC_541\Debug\Hovedprogram.a(ADC_DelSig_1_AMux.o)
                0x000035ec                ADC_DelSig_1_AMux_Select
 .text.ADC_DelSig_1_Ext_CP_Clk_GetDividerRegister
                0x00003604        0xc .\CortexM3\ARM_GCC_541\Debug\Hovedprogram.a(ADC_DelSig_1_Ext_CP_Clk.o)
                0x00003604                ADC_DelSig_1_Ext_CP_Clk_GetDividerRegister
 .text.ADC_DelSig_1_Ext_CP_Clk_SetModeRegister
                0x00003610       0x14 .\CortexM3\ARM_GCC_541\Debug\Hovedprogram.a(ADC_DelSig_1_Ext_CP_Clk.o)
                0x00003610                ADC_DelSig_1_Ext_CP_Clk_SetModeRegister
 .text.ADC_DelSig_1_Ext_CP_Clk_GetSourceRegister
                0x00003624       0x10 .\CortexM3\ARM_GCC_541\Debug\Hovedprogram.a(ADC_DelSig_1_Ext_CP_Clk.o)
                0x00003624                ADC_DelSig_1_Ext_CP_Clk_GetSourceRegister
 .text.ADC_DelSig_1_Ext_CP_Clk_SetDividerRegister
                0x00003634       0xd8 .\CortexM3\ARM_GCC_541\Debug\Hovedprogram.a(ADC_DelSig_1_Ext_CP_Clk.o)
                0x00003634                ADC_DelSig_1_Ext_CP_Clk_SetDividerRegister
 .text.ADC_DelSig_1_theACLK_GetDividerRegister
                0x0000370c        0xc .\CortexM3\ARM_GCC_541\Debug\Hovedprogram.a(ADC_DelSig_1_theACLK.o)
                0x0000370c                ADC_DelSig_1_theACLK_GetDividerRegister
 .text.ADC_DelSig_1_theACLK_SetModeRegister
                0x00003718       0x14 .\CortexM3\ARM_GCC_541\Debug\Hovedprogram.a(ADC_DelSig_1_theACLK.o)
                0x00003718                ADC_DelSig_1_theACLK_SetModeRegister
 .text.ADC_DelSig_1_theACLK_GetSourceRegister
                0x0000372c       0x10 .\CortexM3\ARM_GCC_541\Debug\Hovedprogram.a(ADC_DelSig_1_theACLK.o)
                0x0000372c                ADC_DelSig_1_theACLK_GetSourceRegister
 .text.ADC_DelSig_1_theACLK_SetDividerRegister
                0x0000373c       0xd8 .\CortexM3\ARM_GCC_541\Debug\Hovedprogram.a(ADC_DelSig_1_theACLK.o)
                0x0000373c                ADC_DelSig_1_theACLK_SetDividerRegister
 .text.SPI_int_Write
                0x00003814       0x18 .\CortexM3\ARM_GCC_541\Debug\Hovedprogram.a(SPI_int.o)
                0x00003814                SPI_int_Write
 .text.SPIS_Enable
                0x0000382c       0x38 .\CortexM3\ARM_GCC_541\Debug\Hovedprogram.a(SPIS.o)
                0x0000382c                SPIS_Enable
 .text.SPIS_ReadTxStatus
                0x00003864        0xc .\CortexM3\ARM_GCC_541\Debug\Hovedprogram.a(SPIS.o)
                0x00003864                SPIS_ReadTxStatus
 .text.SPIS_ReadRxStatus
                0x00003870        0xc .\CortexM3\ARM_GCC_541\Debug\Hovedprogram.a(SPIS.o)
                0x00003870                SPIS_ReadRxStatus
 .text.SPIS_WriteTxData
                0x0000387c       0x18 .\CortexM3\ARM_GCC_541\Debug\Hovedprogram.a(SPIS.o)
                0x0000387c                SPIS_WriteTxData
 .text.SPIS_ReadRxData
                0x00003894        0xc .\CortexM3\ARM_GCC_541\Debug\Hovedprogram.a(SPIS.o)
                0x00003894                SPIS_ReadRxData
 .text.SPIS_ClearFIFO
                0x000038a0       0x3c .\CortexM3\ARM_GCC_541\Debug\Hovedprogram.a(SPIS.o)
                0x000038a0                SPIS_ClearFIFO
 .text.SPIS_Init
                0x000038dc       0x48 .\CortexM3\ARM_GCC_541\Debug\Hovedprogram.a(SPIS.o)
                0x000038dc                SPIS_Init
 .text.SPIS_Start
                0x00003924       0x1c .\CortexM3\ARM_GCC_541\Debug\Hovedprogram.a(SPIS.o)
                0x00003924                SPIS_Start
 .text.SPIS_RX_ISR
                0x00003940        0x4 .\CortexM3\ARM_GCC_541\Debug\Hovedprogram.a(SPIS_INT.o)
                0x00003940                SPIS_RX_ISR
 .text.rx_isr_SetVector
                0x00003944        0xc .\CortexM3\ARM_GCC_541\Debug\Hovedprogram.a(rx_isr.o)
                0x00003944                rx_isr_SetVector
 .text.rx_isr_SetPriority
                0x00003950       0x10 .\CortexM3\ARM_GCC_541\Debug\Hovedprogram.a(rx_isr.o)
                0x00003950                rx_isr_SetPriority
 .text.rx_isr_Enable
                0x00003960       0x10 .\CortexM3\ARM_GCC_541\Debug\Hovedprogram.a(rx_isr.o)
                0x00003960                rx_isr_Enable
 .text.rx_isr_Disable
                0x00003970       0x10 .\CortexM3\ARM_GCC_541\Debug\Hovedprogram.a(rx_isr.o)
                0x00003970                rx_isr_Disable
 .text.rx_isr_StartEx
                0x00003980       0x1c .\CortexM3\ARM_GCC_541\Debug\Hovedprogram.a(rx_isr.o)
                0x00003980                rx_isr_StartEx
 *fill*         0x0000399c        0x4 
 .text          0x000039a0       0x20 .\CortexM3\ARM_GCC_541\Debug\Hovedprogram.a(CyBootAsmGnu.o)
                0x000039a0                CyDelayCycles
                0x000039b0                CyEnterCriticalSection
                0x000039b8                CyExitCriticalSection
 .text.round    0x000039c0       0xa0 c:/program files (x86)/cypress/psoc creator/4.3/psoc creator/import/gnu/arm/5.4.1/bin/../lib/gcc/arm-none-eabi/5.4.1/../../../../arm-none-eabi/lib/armv7-m\libm.a(lib_a-s_round.o)
                0x000039c0                round
 .text.fmod     0x00003a60       0xc4 c:/program files (x86)/cypress/psoc creator/4.3/psoc creator/import/gnu/arm/5.4.1/bin/../lib/gcc/arm-none-eabi/5.4.1/../../../../arm-none-eabi/lib/armv7-m\libm.a(lib_a-w_fmod.o)
                0x00003a60                fmod
 .text.__ieee754_fmod
                0x00003b24      0x23c c:/program files (x86)/cypress/psoc creator/4.3/psoc creator/import/gnu/arm/5.4.1/bin/../lib/gcc/arm-none-eabi/5.4.1/../../../../arm-none-eabi/lib/armv7-m\libm.a(lib_a-e_fmod.o)
                0x00003b24                __ieee754_fmod
 .text.matherr  0x00003d60        0x4 c:/program files (x86)/cypress/psoc creator/4.3/psoc creator/import/gnu/arm/5.4.1/bin/../lib/gcc/arm-none-eabi/5.4.1/../../../../arm-none-eabi/lib/armv7-m\libm.a(lib_a-s_matherr.o)
                0x00003d60                matherr
 .text          0x00003d64      0x370 c:/program files (x86)/cypress/psoc creator/4.3/psoc creator/import/gnu/arm/5.4.1/bin/../lib/gcc/arm-none-eabi/5.4.1/armv7-m\libgcc.a(_arm_addsubdf3.o)
                0x00003d64                __aeabi_drsub
                0x00003d6c                __aeabi_dsub
                0x00003d6c                __subdf3
                0x00003d70                __aeabi_dadd
                0x00003d70                __adddf3
                0x00003fe8                __floatunsidf
                0x00003fe8                __aeabi_ui2d
                0x00004008                __floatsidf
                0x00004008                __aeabi_i2d
                0x0000402c                __aeabi_f2d
                0x0000402c                __extendsfdf2
                0x00004068                __floatundidf
                0x00004068                __aeabi_ul2d
                0x00004078                __floatdidf
                0x00004078                __aeabi_l2d
 .text          0x000040d4      0x424 c:/program files (x86)/cypress/psoc creator/4.3/psoc creator/import/gnu/arm/5.4.1/bin/../lib/gcc/arm-none-eabi/5.4.1/armv7-m\libgcc.a(_arm_muldivdf3.o)
                0x000040d4                __aeabi_dmul
                0x000040d4                __muldf3
                0x00004328                __divdf3
                0x00004328                __aeabi_ddiv
 .text          0x000044f8      0x110 c:/program files (x86)/cypress/psoc creator/4.3/psoc creator/import/gnu/arm/5.4.1/bin/../lib/gcc/arm-none-eabi/5.4.1/armv7-m\libgcc.a(_arm_cmpdf2.o)
                0x000044f8                __gtdf2
                0x000044f8                __gedf2
                0x00004500                __ltdf2
                0x00004500                __ledf2
                0x00004508                __nedf2
                0x00004508                __eqdf2
                0x00004508                __cmpdf2
                0x00004584                __aeabi_cdrcmple
                0x00004594                __aeabi_cdcmpeq
                0x00004594                __aeabi_cdcmple
                0x000045a4                __aeabi_dcmpeq
                0x000045b8                __aeabi_dcmplt
                0x000045cc                __aeabi_dcmple
                0x000045e0                __aeabi_dcmpge
                0x000045f4                __aeabi_dcmpgt
 .text          0x00004608       0x2c c:/program files (x86)/cypress/psoc creator/4.3/psoc creator/import/gnu/arm/5.4.1/bin/../lib/gcc/arm-none-eabi/5.4.1/armv7-m\libgcc.a(_arm_unorddf2.o)
                0x00004608                __unorddf2
                0x00004608                __aeabi_dcmpun
 .text          0x00004634       0x50 c:/program files (x86)/cypress/psoc creator/4.3/psoc creator/import/gnu/arm/5.4.1/bin/../lib/gcc/arm-none-eabi/5.4.1/armv7-m\libgcc.a(_arm_fixdfsi.o)
                0x00004634                __aeabi_d2iz
                0x00004634                __fixdfsi
 .text          0x00004684       0xa0 c:/program files (x86)/cypress/psoc creator/4.3/psoc creator/import/gnu/arm/5.4.1/bin/../lib/gcc/arm-none-eabi/5.4.1/armv7-m\libgcc.a(_arm_truncdfsf2.o)
                0x00004684                __truncdfsf2
                0x00004684                __aeabi_d2f
 .text          0x00004724      0x21c c:/program files (x86)/cypress/psoc creator/4.3/psoc creator/import/gnu/arm/5.4.1/bin/../lib/gcc/arm-none-eabi/5.4.1/armv7-m\libgcc.a(_arm_addsubsf3.o)
                0x00004724                __aeabi_frsub
                0x0000472c                __subsf3
                0x0000472c                __aeabi_fsub
                0x00004730                __aeabi_fadd
                0x00004730                __addsf3
                0x00004890                __aeabi_ui2f
                0x00004890                __floatunsisf
                0x00004898                __aeabi_i2f
                0x00004898                __floatsisf
                0x000048b4                __aeabi_ul2f
                0x000048b4                __floatundisf
                0x000048c4                __aeabi_l2f
                0x000048c4                __floatdisf
 .text          0x00004940      0x2a0 c:/program files (x86)/cypress/psoc creator/4.3/psoc creator/import/gnu/arm/5.4.1/bin/../lib/gcc/arm-none-eabi/5.4.1/armv7-m\libgcc.a(_arm_muldivsf3.o)
                0x00004940                __mulsf3
                0x00004940                __aeabi_fmul
                0x00004aa8                __aeabi_fdiv
                0x00004aa8                __divsf3
 .text          0x00004be0       0xec c:/program files (x86)/cypress/psoc creator/4.3/psoc creator/import/gnu/arm/5.4.1/bin/../lib/gcc/arm-none-eabi/5.4.1/armv7-m\libgcc.a(_arm_cmpsf2.o)
                0x00004be0                __gesf2
                0x00004be0                __gtsf2
                0x00004be8                __lesf2
                0x00004be8                __ltsf2
                0x00004bf0                __nesf2
                0x00004bf0                __eqsf2
                0x00004bf0                __cmpsf2
                0x00004c50                __aeabi_cfrcmple
                0x00004c58                __aeabi_cfcmpeq
                0x00004c58                __aeabi_cfcmple
                0x00004c68                __aeabi_fcmpeq
                0x00004c7c                __aeabi_fcmplt
                0x00004c90                __aeabi_fcmple
                0x00004ca4                __aeabi_fcmpge
                0x00004cb8                __aeabi_fcmpgt
 .text          0x00004ccc       0x4c c:/program files (x86)/cypress/psoc creator/4.3/psoc creator/import/gnu/arm/5.4.1/bin/../lib/gcc/arm-none-eabi/5.4.1/armv7-m\libgcc.a(_arm_fixsfsi.o)
                0x00004ccc                __aeabi_f2iz
                0x00004ccc                __fixsfsi
 .text.__errno  0x00004d18        0xc c:/program files (x86)/cypress/psoc creator/4.3/psoc creator/import/gnu/arm/5.4.1/bin/../lib/gcc/arm-none-eabi/5.4.1/../../../../arm-none-eabi/lib/armv7-m\libg_nano.a(lib_a-errno.o)
                0x00004d18                __errno
 .text.__libc_init_array
                0x00004d24       0x4c c:/program files (x86)/cypress/psoc creator/4.3/psoc creator/import/gnu/arm/5.4.1/bin/../lib/gcc/arm-none-eabi/5.4.1/../../../../arm-none-eabi/lib/armv7-m\libg_nano.a(lib_a-init.o)
                0x00004d24                __libc_init_array
 .text.memcpy   0x00004d70       0x16 c:/program files (x86)/cypress/psoc creator/4.3/psoc creator/import/gnu/arm/5.4.1/bin/../lib/gcc/arm-none-eabi/5.4.1/../../../../arm-none-eabi/lib/armv7-m\libg_nano.a(lib_a-memcpy-stub.o)
                0x00004d70                memcpy
 .text.memset   0x00004d86       0x10 c:/program files (x86)/cypress/psoc creator/4.3/psoc creator/import/gnu/arm/5.4.1/bin/../lib/gcc/arm-none-eabi/5.4.1/../../../../arm-none-eabi/lib/armv7-m\libg_nano.a(lib_a-memset.o)
                0x00004d86                memset
 *fill*         0x00004d96        0x2 
 .text.snprintf
                0x00004d98       0x64 c:/program files (x86)/cypress/psoc creator/4.3/psoc creator/import/gnu/arm/5.4.1/bin/../lib/gcc/arm-none-eabi/5.4.1/../../../../arm-none-eabi/lib/armv7-m\libg_nano.a(lib_a-snprintf.o)
                0x00004d98                sniprintf
                0x00004d98                snprintf
 .text.sprintf  0x00004dfc       0x48 c:/program files (x86)/cypress/psoc creator/4.3/psoc creator/import/gnu/arm/5.4.1/bin/../lib/gcc/arm-none-eabi/5.4.1/../../../../arm-none-eabi/lib/armv7-m\libg_nano.a(lib_a-sprintf.o)
                0x00004dfc                siprintf
                0x00004dfc                sprintf
 .text          0x00004e44       0x10 c:/program files (x86)/cypress/psoc creator/4.3/psoc creator/import/gnu/arm/5.4.1/bin/../lib/gcc/arm-none-eabi/5.4.1/../../../../arm-none-eabi/lib/armv7-m\libg_nano.a(lib_a-strlen.o)
                0x00004e44                strlen
 .text.__ssputs_r
                0x00004e54       0xb2 c:/program files (x86)/cypress/psoc creator/4.3/psoc creator/import/gnu/arm/5.4.1/bin/../lib/gcc/arm-none-eabi/5.4.1/../../../../arm-none-eabi/lib/armv7-m\libg_nano.a(lib_a-nano-svfprintf.o)
                0x00004e54                __ssputs_r
 *fill*         0x00004f06        0x2 
 .text._svfprintf_r
                0x00004f08      0x1e8 c:/program files (x86)/cypress/psoc creator/4.3/psoc creator/import/gnu/arm/5.4.1/bin/../lib/gcc/arm-none-eabi/5.4.1/../../../../arm-none-eabi/lib/armv7-m\libg_nano.a(lib_a-nano-svfprintf.o)
                0x00004f08                _svfiprintf_r
                0x00004f08                _svfprintf_r
 .text._printf_common
                0x000050f0       0xec c:/program files (x86)/cypress/psoc creator/4.3/psoc creator/import/gnu/arm/5.4.1/bin/../lib/gcc/arm-none-eabi/5.4.1/../../../../arm-none-eabi/lib/armv7-m\libg_nano.a(lib_a-nano-vfprintf_i.o)
                0x000050f0                _printf_common
 .text._printf_i
                0x000051dc      0x24c c:/program files (x86)/cypress/psoc creator/4.3/psoc creator/import/gnu/arm/5.4.1/bin/../lib/gcc/arm-none-eabi/5.4.1/../../../../arm-none-eabi/lib/armv7-m\libg_nano.a(lib_a-nano-vfprintf_i.o)
                0x000051dc                _printf_i
 .text.memchr   0x00005428       0x1c c:/program files (x86)/cypress/psoc creator/4.3/psoc creator/import/gnu/arm/5.4.1/bin/../lib/gcc/arm-none-eabi/5.4.1/../../../../arm-none-eabi/lib/armv7-m\libg_nano.a(lib_a-memchr-stub.o)
                0x00005428                memchr
 .text.memmove  0x00005444       0x36 c:/program files (x86)/cypress/psoc creator/4.3/psoc creator/import/gnu/arm/5.4.1/bin/../lib/gcc/arm-none-eabi/5.4.1/../../../../arm-none-eabi/lib/armv7-m\libg_nano.a(lib_a-memmove.o)
                0x00005444                memmove
 *fill*         0x0000547a        0x2 
 .text._free_r  0x0000547c       0x98 c:/program files (x86)/cypress/psoc creator/4.3/psoc creator/import/gnu/arm/5.4.1/bin/../lib/gcc/arm-none-eabi/5.4.1/../../../../arm-none-eabi/lib/armv7-m\libg_nano.a(lib_a-nano-freer.o)
                0x0000547c                _free_r
 .text._malloc_r
                0x00005514       0xbc c:/program files (x86)/cypress/psoc creator/4.3/psoc creator/import/gnu/arm/5.4.1/bin/../lib/gcc/arm-none-eabi/5.4.1/../../../../arm-none-eabi/lib/armv7-m\libg_nano.a(lib_a-nano-mallocr.o)
                0x00005514                _malloc_r
 .text._realloc_r
                0x000055d0       0x4c c:/program files (x86)/cypress/psoc creator/4.3/psoc creator/import/gnu/arm/5.4.1/bin/../lib/gcc/arm-none-eabi/5.4.1/../../../../arm-none-eabi/lib/armv7-m\libg_nano.a(lib_a-nano-reallocr.o)
                0x000055d0                _realloc_r
 .text._sbrk_r  0x0000561c       0x20 c:/program files (x86)/cypress/psoc creator/4.3/psoc creator/import/gnu/arm/5.4.1/bin/../lib/gcc/arm-none-eabi/5.4.1/../../../../arm-none-eabi/lib/armv7-m\libg_nano.a(lib_a-sbrkr.o)
                0x0000561c                _sbrk_r
 .text.__malloc_lock
                0x0000563c        0x2 c:/program files (x86)/cypress/psoc creator/4.3/psoc creator/import/gnu/arm/5.4.1/bin/../lib/gcc/arm-none-eabi/5.4.1/../../../../arm-none-eabi/lib/armv7-m\libg_nano.a(lib_a-mlock.o)
                0x0000563c                __malloc_lock
 .text.__malloc_unlock
                0x0000563e        0x2 c:/program files (x86)/cypress/psoc creator/4.3/psoc creator/import/gnu/arm/5.4.1/bin/../lib/gcc/arm-none-eabi/5.4.1/../../../../arm-none-eabi/lib/armv7-m\libg_nano.a(lib_a-mlock.o)
                0x0000563e                __malloc_unlock
 .text._malloc_usable_size_r
                0x00005640       0x14 c:/program files (x86)/cypress/psoc creator/4.3/psoc creator/import/gnu/arm/5.4.1/bin/../lib/gcc/arm-none-eabi/5.4.1/../../../../arm-none-eabi/lib/armv7-m\libg_nano.a(lib_a-nano-msizer.o)
                0x00005640                _malloc_usable_size_r
 *(.plt)
 *(.gnu.warning)
 *(.glue_7t)
 .glue_7t       0x00005654        0x0 linker stubs
 *(.glue_7)
 .glue_7        0x00005654        0x0 linker stubs
 *(.vfp11_veneer)
 .vfp11_veneer  0x00005654        0x0 linker stubs
 *(.bootloader)
 *(.ARM.extab* .gnu.linkonce.armextab.*)
 *(.gcc_except_table)

.v4_bx          0x00005654        0x0
 .v4_bx         0x00005654        0x0 linker stubs

.iplt           0x00005654        0x0
 .iplt          0x00005654        0x0 c:/program files (x86)/cypress/psoc creator/4.3/psoc creator/import/gnu/arm/5.4.1/bin/../lib/gcc/arm-none-eabi/5.4.1/armv7-m/crtbegin.o

.eh_frame_hdr
 *(.eh_frame_hdr)

.eh_frame       0x00005654        0x4
 *(.eh_frame)
 .eh_frame      0x00005654        0x0 c:/program files (x86)/cypress/psoc creator/4.3/psoc creator/import/gnu/arm/5.4.1/bin/../lib/gcc/arm-none-eabi/5.4.1/armv7-m/crtbegin.o
 .eh_frame      0x00005654        0x4 c:/program files (x86)/cypress/psoc creator/4.3/psoc creator/import/gnu/arm/5.4.1/bin/../lib/gcc/arm-none-eabi/5.4.1/armv7-m/crtend.o
                [!provide]                PROVIDE (__exidx_start, .)

.ARM.exidx
 *(.ARM.exidx* .gnu.linkonce.armexidx.*)
                0x00005658                __exidx_end = .

.rodata         0x00005658      0x480
 *(.rodata .rodata.* .gnu.linkonce.r.*)
 .rodata.str1.4
                0x00005658      0x2ab .\CortexM3\ARM_GCC_541\Debug\main.o
                                0x2af (size before relaxing)
 *fill*         0x00005903        0x1 
 .rodata.str1.4
                0x00005904       0x74 .\CortexM3\ARM_GCC_541\Debug\WeightSensors.o
                                 0x76 (size before relaxing)
 .rodata.str1.4
                0x00005978        0x7 .\CortexM3\ARM_GCC_541\Debug\UART.o
 *fill*         0x0000597f        0x1 
 .rodata.str1.4
                0x00005980       0x2a .\CortexM3\ARM_GCC_541\Debug\Display.o
 *fill*         0x000059aa        0x2 
 .rodata        0x000059ac       0x10 .\CortexM3\ARM_GCC_541\Debug\LiquidCrystal_I2C.o
 .rodata.str1.4
                0x000059bc       0x31 .\CortexM3\ARM_GCC_541\Debug\VT100Terminal.o
 *fill*         0x000059ed        0x3 
 .rodata        0x000059f0       0x5c .\CortexM3\ARM_GCC_541\Debug\cyfitter_cfg.o
                0x000059f0                PlayerSelect__addrTable
                0x000059f8                PlayerSelect__maskTable
                0x000059fc                ADC_DelSig_1_AMux__addrTable
                0x00005a04                ADC_DelSig_1_AMux__maskTable
 .rodata.str1.4
                0x00005a4c        0x8 c:/program files (x86)/cypress/psoc creator/4.3/psoc creator/import/gnu/arm/5.4.1/bin/../lib/gcc/arm-none-eabi/5.4.1/../../../../arm-none-eabi/lib/armv7-m\libm.a(lib_a-w_fmod.o)
                                  0x5 (size before relaxing)
 *fill*         0x00005a54        0x4 
 .rodata.Zero   0x00005a58       0x10 c:/program files (x86)/cypress/psoc creator/4.3/psoc creator/import/gnu/arm/5.4.1/bin/../lib/gcc/arm-none-eabi/5.4.1/../../../../arm-none-eabi/lib/armv7-m\libm.a(lib_a-e_fmod.o)
 .rodata.str1.1
                0x00005a68        0x2 c:/program files (x86)/cypress/psoc creator/4.3/psoc creator/import/gnu/arm/5.4.1/bin/../lib/gcc/arm-none-eabi/5.4.1/../../../../arm-none-eabi/lib/armv7-m\libg_nano.a(lib_a-impure.o)
 .rodata.str1.1
                0x00005a6a       0x11 c:/program files (x86)/cypress/psoc creator/4.3/psoc creator/import/gnu/arm/5.4.1/bin/../lib/gcc/arm-none-eabi/5.4.1/../../../../arm-none-eabi/lib/armv7-m\libg_nano.a(lib_a-nano-svfprintf.o)
 .rodata.str1.1
                0x00005a7b       0x22 c:/program files (x86)/cypress/psoc creator/4.3/psoc creator/import/gnu/arm/5.4.1/bin/../lib/gcc/arm-none-eabi/5.4.1/../../../../arm-none-eabi/lib/armv7-m\libg_nano.a(lib_a-nano-vfprintf_i.o)
                0x00005aa0                . = ALIGN (0x4)
 *fill*         0x00005a9d        0x3 
 *(.init)
 .init          0x00005aa0        0x4 c:/program files (x86)/cypress/psoc creator/4.3/psoc creator/import/gnu/arm/5.4.1/bin/../lib/gcc/arm-none-eabi/5.4.1/armv7-m/crti.o
                0x00005aa0                _init
 .init          0x00005aa4        0x8 c:/program files (x86)/cypress/psoc creator/4.3/psoc creator/import/gnu/arm/5.4.1/bin/../lib/gcc/arm-none-eabi/5.4.1/armv7-m/crtn.o
                0x00005aac                . = ALIGN (0x4)
                0x00005aac                __preinit_array_start = .
 *(.preinit_array)
                0x00005aac                __preinit_array_end = .
                0x00005aac                . = ALIGN (0x4)
                0x00005aac                __init_array_start = .
 *(SORT(.init_array.*))
 *(.init_array)
 .init_array    0x00005aac        0x4 c:/program files (x86)/cypress/psoc creator/4.3/psoc creator/import/gnu/arm/5.4.1/bin/../lib/gcc/arm-none-eabi/5.4.1/armv7-m/crtbegin.o
 .init_array    0x00005ab0        0x4 .\CortexM3\ARM_GCC_541\Debug\Cm3Start.o
                0x00005ab4                __init_array_end = .
                0x00005ab4                . = ALIGN (0x4)
 *(.fini)
 .fini          0x00005ab4        0x4 c:/program files (x86)/cypress/psoc creator/4.3/psoc creator/import/gnu/arm/5.4.1/bin/../lib/gcc/arm-none-eabi/5.4.1/armv7-m/crti.o
                0x00005ab4                _fini
 .fini          0x00005ab8        0x8 c:/program files (x86)/cypress/psoc creator/4.3/psoc creator/import/gnu/arm/5.4.1/bin/../lib/gcc/arm-none-eabi/5.4.1/armv7-m/crtn.o
                0x00005ac0                . = ALIGN (0x4)
                0x00005ac0                __fini_array_start = .
 *(.fini_array)
 .fini_array    0x00005ac0        0x4 c:/program files (x86)/cypress/psoc creator/4.3/psoc creator/import/gnu/arm/5.4.1/bin/../lib/gcc/arm-none-eabi/5.4.1/armv7-m/crtbegin.o
 *(SORT(.fini_array.*))
                0x00005ac4                __fini_array_end = .
                0x00005ac4                . = ALIGN (0x4)
 *crtbegin.o(.ctors)
 *(EXCLUDE_FILE(*crtend.o) .ctors)
 *(SORT(.ctors.*))
 *crtend.o(.ctors)
                0x00005ac4                . = ALIGN (0x4)
 *crtbegin.o(.dtors)
 *(EXCLUDE_FILE(*crtend.o) .dtors)
 *(SORT(.dtors.*))
 *crtend.o(.dtors)
                0x00005ac4                . = ALIGN (0x4)
                0x00005ac4                __cy_regions = .
                0x00005ac4        0x4 LONG 0x5ad8 __cy_region_init_ram
                0x00005ac8        0x4 LONG 0x1fff80c8 __cy_region_start_data
                0x00005acc        0x4 LONG 0x88 __cy_region_init_size_ram
                0x00005ad0        0x4 LONG 0x148 __cy_region_zero_size_ram
                0x00005ad4                __cy_regions_end = .
                0x00005ad8                . = ALIGN (0x8)
 *fill*         0x00005ad4        0x4 
                0x00005ad8                _etext = .

.cy_checksum_exclude
                0x00005ad8        0x0
 *(.cy_checksum_exclude)

.ramvectors     0x1fff8000       0xc0
                0x1fff8000                __cy_region_start_ram = .
 *(.ramvectors)
 .ramvectors    0x1fff8000       0xc0 .\CortexM3\ARM_GCC_541\Debug\Cm3Start.o
                0x1fff8000                CyRamVectors

.noinit         0x1fff80c0        0x1
 *(.noinit)
 .noinit        0x1fff80c0        0x1 .\CortexM3\ARM_GCC_541\Debug\Hovedprogram.a(CyLib.o)
                0x1fff80c0                CyResetStatus

.data           0x1fff80c8       0x88 load address 0x00005ad8
                0x1fff80c8                __cy_region_start_data = .
 *(.jcr)
 .jcr           0x1fff80c8        0x0 c:/program files (x86)/cypress/psoc creator/4.3/psoc creator/import/gnu/arm/5.4.1/bin/../lib/gcc/arm-none-eabi/5.4.1/armv7-m/crtbegin.o
 .jcr           0x1fff80c8        0x4 c:/program files (x86)/cypress/psoc creator/4.3/psoc creator/import/gnu/arm/5.4.1/bin/../lib/gcc/arm-none-eabi/5.4.1/armv7-m/crtend.o
 *(.got.plt)
 *(.got)
 *(.shdata)
 *(.data .data.* .gnu.linkonce.d.*)
 .data          0x1fff80cc        0x4 .\CortexM3\ARM_GCC_541\Debug\LEDcontrol.o
 .data          0x1fff80d0        0x4 .\CortexM3\ARM_GCC_541\Debug\Cm3Start.o
 .data          0x1fff80d4       0x10 .\CortexM3\ARM_GCC_541\Debug\Hovedprogram.a(CyLib.o)
                0x1fff80d4                cydelay_32k_ms
                0x1fff80d8                cydelay_freq_khz
                0x1fff80dc                cydelay_freq_mhz
                0x1fff80e0                cydelay_freq_hz
 .data          0x1fff80e4        0x1 .\CortexM3\ARM_GCC_541\Debug\Hovedprogram.a(PlayerSelect.o)
 .data          0x1fff80e5        0x1 .\CortexM3\ARM_GCC_541\Debug\Hovedprogram.a(ADC_DelSig_1.o)
                0x1fff80e5                ADC_DelSig_1_Config
 .data          0x1fff80e6        0x1 .\CortexM3\ARM_GCC_541\Debug\Hovedprogram.a(ADC_DelSig_1_AMux.o)
 .data.__fdlib_version
                0x1fff80e7        0x1 c:/program files (x86)/cypress/psoc creator/4.3/psoc creator/import/gnu/arm/5.4.1/bin/../lib/gcc/arm-none-eabi/5.4.1/../../../../arm-none-eabi/lib/armv7-m\libm.a(lib_a-s_lib_ver.o)
                0x1fff80e7                __fdlib_version
 .data.impure_data
                0x1fff80e8       0x60 c:/program files (x86)/cypress/psoc creator/4.3/psoc creator/import/gnu/arm/5.4.1/bin/../lib/gcc/arm-none-eabi/5.4.1/../../../../arm-none-eabi/lib/armv7-m\libg_nano.a(lib_a-impure.o)
 .data._impure_ptr
                0x1fff8148        0x4 c:/program files (x86)/cypress/psoc creator/4.3/psoc creator/import/gnu/arm/5.4.1/bin/../lib/gcc/arm-none-eabi/5.4.1/../../../../arm-none-eabi/lib/armv7-m\libg_nano.a(lib_a-impure.o)
                0x1fff8148                _impure_ptr
                0x1fff8150                . = ALIGN (0x8)
 *fill*         0x1fff814c        0x4 
 *(.ram)
                0x1fff8150                _edata = .

.igot.plt       0x1fff8150        0x0 load address 0x00005b60
 .igot.plt      0x1fff8150        0x0 c:/program files (x86)/cypress/psoc creator/4.3/psoc creator/import/gnu/arm/5.4.1/bin/../lib/gcc/arm-none-eabi/5.4.1/armv7-m/crtbegin.o

.bss            0x1fff8150      0x148 load address 0x00005b60
                0x1fff8150                PROVIDE (__bss_start__, .)
 *(.shbss)
 *(.bss .bss.* .gnu.linkonce.b.*)
 .bss           0x1fff8150       0x1c c:/program files (x86)/cypress/psoc creator/4.3/psoc creator/import/gnu/arm/5.4.1/bin/../lib/gcc/arm-none-eabi/5.4.1/armv7-m/crtbegin.o
 .bss           0x1fff816c       0x48 .\CortexM3\ARM_GCC_541\Debug\main.o
                0x1fff816c                _WSptr
                0x1fff8188                pErr
                0x1fff818c                chugp1
                0x1fff8190                pLoser
                0x1fff8194                chugp2
                0x1fff8198                cycleCountIdle
                0x1fff819c                cycleCountReady
                0x1fff81a0                cycleCountCountdown
                0x1fff81a4                cycleCountEvaluatingWeight
                0x1fff81a8                tidp2
                0x1fff81ac                tidp1
                0x1fff81b0                chugstart
 .bss           0x1fff81b4       0x20 .\CortexM3\ARM_GCC_541\Debug\WeightSensors.o
                0x1fff81b4                WSptr
                0x1fff81d0                weighthys
 .bss           0x1fff81d4        0x8 .\CortexM3\ARM_GCC_541\Debug\Display.o
                0x1fff81d4                display1On
                0x1fff81d8                display2On
 .bss           0x1fff81dc        0x4 .\CortexM3\ARM_GCC_541\Debug\Stopur.o
                0x1fff81dc                count
 .bss           0x1fff81e0       0x1c .\CortexM3\ARM_GCC_541\Debug\LEDcontrol.o
                0x1fff81e0                rgbLED1
                0x1fff81e4                rgbLED2
 .bss           0x1fff81fc        0x1 .\CortexM3\ARM_GCC_541\Debug\Hovedprogram.a(SPIM_1.o)
                0x1fff81fc                SPIM_1_initVar
 .bss           0x1fff81fd        0x1 .\CortexM3\ARM_GCC_541\Debug\Hovedprogram.a(Timer1.o)
                0x1fff81fd                Timer1_initVar
 .bss           0x1fff81fe        0x1 .\CortexM3\ARM_GCC_541\Debug\Hovedprogram.a(Timer2.o)
                0x1fff81fe                Timer2_initVar
 .bss           0x1fff81ff        0x1 .\CortexM3\ARM_GCC_541\Debug\Hovedprogram.a(Timer3.o)
                0x1fff81ff                Timer3_initVar
 .bss           0x1fff8200        0x2 .\CortexM3\ARM_GCC_541\Debug\Hovedprogram.a(UART_1.o)
                0x1fff8200                UART_1_initVar
 .bss           0x1fff8202        0x1 .\CortexM3\ARM_GCC_541\Debug\Hovedprogram.a(I2C_1.o)
                0x1fff8202                I2C_1_initVar
 .bss           0x1fff8203        0x1 .\CortexM3\ARM_GCC_541\Debug\Hovedprogram.a(Timer_Stopur.o)
                0x1fff8203                Timer_Stopur_initVar
 .bss           0x1fff8204        0x1 .\CortexM3\ARM_GCC_541\Debug\Hovedprogram.a(Timer_LCD.o)
                0x1fff8204                Timer_LCD_initVar
 .bss           0x1fff8205        0x1 .\CortexM3\ARM_GCC_541\Debug\Hovedprogram.a(Timer4.o)
                0x1fff8205                Timer4_initVar
 .bss           0x1fff8206        0x1 .\CortexM3\ARM_GCC_541\Debug\Hovedprogram.a(Timer5.o)
                0x1fff8206                Timer5_initVar
 *fill*         0x1fff8207        0x1 
 .bss           0x1fff8208       0x18 .\CortexM3\ARM_GCC_541\Debug\Hovedprogram.a(ADC_DelSig_1.o)
                0x1fff8218                ADC_DelSig_1_stopConversion
                0x1fff8219                ADC_DelSig_1_convDone
                0x1fff821a                ADC_DelSig_1_initVar
                0x1fff821b                ADC_DelSig_1_started
                0x1fff821c                ADC_DelSig_1_Offset
 .bss           0x1fff8220        0x1 .\CortexM3\ARM_GCC_541\Debug\Hovedprogram.a(SPIS.o)
                0x1fff8220                SPIS_initVar
 *fill*         0x1fff8221        0x3 
 .bss.__malloc_sbrk_start
                0x1fff8224        0x4 c:/program files (x86)/cypress/psoc creator/4.3/psoc creator/import/gnu/arm/5.4.1/bin/../lib/gcc/arm-none-eabi/5.4.1/../../../../arm-none-eabi/lib/armv7-m\libg_nano.a(lib_a-nano-mallocr.o)
                0x1fff8224                __malloc_sbrk_start
 .bss.__malloc_free_list
                0x1fff8228        0x4 c:/program files (x86)/cypress/psoc creator/4.3/psoc creator/import/gnu/arm/5.4.1/bin/../lib/gcc/arm-none-eabi/5.4.1/../../../../arm-none-eabi/lib/armv7-m\libg_nano.a(lib_a-nano-mallocr.o)
                0x1fff8228                __malloc_free_list
 *(COMMON)
 COMMON         0x1fff822c        0x4 .\CortexM3\ARM_GCC_541\Debug\main.o
                0x1fff822c                BPptr
 COMMON         0x1fff8230       0x32 .\CortexM3\ARM_GCC_541\Debug\WeightSensors.o
                0x1fff8230                uart_string
 COMMON         0x1fff8262        0x8 .\CortexM3\ARM_GCC_541\Debug\LiquidCrystal_I2C.o
                0x1fff8262                _backlightval
                0x1fff8263                _addr
                0x1fff8264                _displaycontrol
                0x1fff8265                _charsize
                0x1fff8266                _displaymode
                0x1fff8267                _displayfunction
                0x1fff8268                _cols
                0x1fff8269                _rows
 *fill*         0x1fff826a        0x2 
 COMMON         0x1fff826c        0x8 .\CortexM3\ARM_GCC_541\Debug\SPI_Master.o
                0x1fff826c                tx
 COMMON         0x1fff8274        0x1 .\CortexM3\ARM_GCC_541\Debug\Hovedprogram.a(I2C_1.o)
                0x1fff8274                I2C_1_state
 *fill*         0x1fff8275        0x3 
 COMMON         0x1fff8278       0x11 .\CortexM3\ARM_GCC_541\Debug\Hovedprogram.a(I2C_1_MASTER.o)
                0x1fff8278                I2C_1_mstrWrBufIndex
                0x1fff8279                I2C_1_mstrControl
                0x1fff827a                I2C_1_mstrStatus
                0x1fff827b                I2C_1_mstrWrBufSize
                0x1fff827c                I2C_1_mstrRdBufIndex
                0x1fff8280                I2C_1_mstrWrBufPtr
                0x1fff8284                I2C_1_mstrRdBufPtr
                0x1fff8288                I2C_1_mstrRdBufSize
 *fill*         0x1fff8289        0x3 
 COMMON         0x1fff828c        0x4 .\CortexM3\ARM_GCC_541\Debug\Hovedprogram.a(ADC_DelSig_1.o)
                0x1fff828c                ADC_DelSig_1_CountsPerVolt
 COMMON         0x1fff8290        0x4 c:/program files (x86)/cypress/psoc creator/4.3/psoc creator/import/gnu/arm/5.4.1/bin/../lib/gcc/arm-none-eabi/5.4.1/../../../../arm-none-eabi/lib/armv7-m\libg_nano.a(lib_a-reent.o)
                0x1fff8290                errno
                0x1fff8298                . = ALIGN (0x8)
 *fill*         0x1fff8294        0x4 
 *(.ram.b)
                0x1fff8298                _end = .
                0x1fff8298                __end = .
                0x1fff8298                PROVIDE (end, .)
                0x1fff8298                PROVIDE (__bss_end__, .)
                0x00005ad8                __cy_region_init_ram = LOADADDR (.data)
                0x00000088                __cy_region_init_size_ram = (_edata - ADDR (.data))
                0x00000148                __cy_region_zero_size_ram = (_end - _edata)

.heap           0x1fff8298       0x80 load address 0x00005b60
                0x1fff8298                . = _end
                0x1fff8318                . = (. + 0x80)
 *fill*         0x1fff8298       0x80 
                0x1fff8318                __cy_heap_limit = .

.stack          0x20007800      0x800
                0x20007800                __cy_stack_limit = .
                0x20008000                . = (. + 0x800)
 *fill*         0x20007800      0x800 
                0x00000001                ASSERT ((__cy_stack_limit >= __cy_heap_limit), region RAM overflowed with stack)
                0x00000000                cy_checksum_exclude_size = (CY_APPL_LOADABLE == 0x1)?SIZEOF (.cy_checksum_exclude):0x0
                0x00000001                ASSERT ((cy_checksum_exclude_size <= CY_CHECKSUM_EXCLUDE_SIZE), CY_BOOT: Section .cy_checksum_exclude size exceedes specified limit.)

.cyloadermeta
 *(.cyloadermeta)

.cyloadablemeta
 *(.cyloadablemeta)

.cyconfigecc    0x80000000      0xf78
 *(.cyconfigecc)
 .cyconfigecc   0x80000000      0xf78 .\CortexM3\ARM_GCC_541\Debug\cymetadata.o
                0x80000000                cy_meta_configecc

.cycustnvl      0x90000000        0x4
 *(.cycustnvl)
 .cycustnvl     0x90000000        0x4 .\CortexM3\ARM_GCC_541\Debug\cymetadata.o
                0x90000000                cy_meta_custnvl

.cywolatch      0x90100000        0x4
 *(.cywolatch)
 .cywolatch     0x90100000        0x4 .\CortexM3\ARM_GCC_541\Debug\cymetadata.o
                0x90100000                cy_meta_wonvl

.cyeeprom       0x90200000        0x0
 *(.cyeeprom)
                0x00000001                ASSERT ((. <= ((0x90200000 + ee_offset) + ee_size)), .cyeeprom data will not fit in EEPROM)

.cyflashprotect
                0x90400000      0x100
 *(.cyflashprotect)
 .cyflashprotect
                0x90400000      0x100 .\CortexM3\ARM_GCC_541\Debug\cymetadata.o
                0x90400000                cy_meta_flashprotect

.cymeta         0x90500000        0xc
 *(.cymeta)
 .cymeta        0x90500000        0xc .\CortexM3\ARM_GCC_541\Debug\cymetadata.o
                0x90500000                cy_metadata

.rel.dyn        0x00005b60        0x0 load address 0x9050000c
 .rel.iplt      0x00005b60        0x0 c:/program files (x86)/cypress/psoc creator/4.3/psoc creator/import/gnu/arm/5.4.1/bin/../lib/gcc/arm-none-eabi/5.4.1/armv7-m/crtbegin.o

.stab
 *(.stab)

.stabstr
 *(.stabstr)

.debug
 *(.debug)

.line
 *(.line)

.debug_srcinfo
 *(.debug_srcinfo)

.debug_sfnames
 *(.debug_sfnames)

.debug_aranges  0x00000000     0x1950
 *(.debug_aranges)
 .debug_aranges
                0x00000000       0x20 .\CortexM3\ARM_GCC_541\Debug\main.o
 .debug_aranges
                0x00000020       0x40 .\CortexM3\ARM_GCC_541\Debug\WeightSensors.o
 .debug_aranges
                0x00000060       0x38 .\CortexM3\ARM_GCC_541\Debug\UART.o
 .debug_aranges
                0x00000098       0x20 .\CortexM3\ARM_GCC_541\Debug\Startknap.o
 .debug_aranges
                0x000000b8       0x40 .\CortexM3\ARM_GCC_541\Debug\Display.o
 .debug_aranges
                0x000000f8      0x110 .\CortexM3\ARM_GCC_541\Debug\LiquidCrystal_I2C.o
 .debug_aranges
                0x00000208       0x50 .\CortexM3\ARM_GCC_541\Debug\Stopur.o
 .debug_aranges
                0x00000258       0xe8 .\CortexM3\ARM_GCC_541\Debug\LEDcontrol.o
 .debug_aranges
                0x00000340       0x30 .\CortexM3\ARM_GCC_541\Debug\VT100Terminal.o
 .debug_aranges
                0x00000370       0x30 .\CortexM3\ARM_GCC_541\Debug\SPI_Master.o
 .debug_aranges
                0x000003a0       0x78 .\CortexM3\ARM_GCC_541\Debug\cyfitter_cfg.o
 .debug_aranges
                0x00000418       0x18 .\CortexM3\ARM_GCC_541\Debug\cymetadata.o
 .debug_aranges
                0x00000430       0x48 .\CortexM3\ARM_GCC_541\Debug\Cm3Start.o
 .debug_aranges
                0x00000478       0xd8 .\CortexM3\ARM_GCC_541\Debug\Hovedprogram.a(SPIM_1.o)
 .debug_aranges
                0x00000550       0x90 .\CortexM3\ARM_GCC_541\Debug\Hovedprogram.a(Timer1.o)
 .debug_aranges
                0x000005e0       0x80 .\CortexM3\ARM_GCC_541\Debug\Hovedprogram.a(isr_LED_refreshrate.o)
 .debug_aranges
                0x00000660       0x90 .\CortexM3\ARM_GCC_541\Debug\Hovedprogram.a(Timer2.o)
 .debug_aranges
                0x000006f0       0x80 .\CortexM3\ARM_GCC_541\Debug\Hovedprogram.a(isr_LED_pulse.o)
 .debug_aranges
                0x00000770       0x90 .\CortexM3\ARM_GCC_541\Debug\Hovedprogram.a(Timer3.o)
 .debug_aranges
                0x00000800       0x80 .\CortexM3\ARM_GCC_541\Debug\Hovedprogram.a(isr_LED_ring.o)
 .debug_aranges
                0x00000880       0xf0 .\CortexM3\ARM_GCC_541\Debug\Hovedprogram.a(UART_1.o)
 .debug_aranges
                0x00000970       0x80 .\CortexM3\ARM_GCC_541\Debug\Hovedprogram.a(isr_uart_rx.o)
 .debug_aranges
                0x000009f0       0x70 .\CortexM3\ARM_GCC_541\Debug\Hovedprogram.a(SPIM_1_IntClock.o)
 .debug_aranges
                0x00000a60       0x70 .\CortexM3\ARM_GCC_541\Debug\Hovedprogram.a(UART_1_IntClock.o)
 .debug_aranges
                0x00000ad0      0x2a0 .\CortexM3\ARM_GCC_541\Debug\Hovedprogram.a(CyLib.o)
 .debug_aranges
                0x00000d70       0x98 .\CortexM3\ARM_GCC_541\Debug\Hovedprogram.a(cyPm.o)
 .debug_aranges
                0x00000e08       0x30 .\CortexM3\ARM_GCC_541\Debug\Hovedprogram.a(PlayerSelect.o)
 .debug_aranges
                0x00000e38       0x80 .\CortexM3\ARM_GCC_541\Debug\Hovedprogram.a(isr_button.o)
 .debug_aranges
                0x00000eb8       0x28 .\CortexM3\ARM_GCC_541\Debug\Hovedprogram.a(SPIMOutCtrl.o)
 .debug_aranges
                0x00000ee0       0x38 .\CortexM3\ARM_GCC_541\Debug\Hovedprogram.a(I2C_1.o)
 .debug_aranges
                0x00000f18       0x20 .\CortexM3\ARM_GCC_541\Debug\Hovedprogram.a(I2C_1_INT.o)
 .debug_aranges
                0x00000f38       0x38 .\CortexM3\ARM_GCC_541\Debug\Hovedprogram.a(I2C_1_PM.o)
 .debug_aranges
                0x00000f70       0x80 .\CortexM3\ARM_GCC_541\Debug\Hovedprogram.a(I2C_1_MASTER.o)
 .debug_aranges
                0x00000ff0       0x90 .\CortexM3\ARM_GCC_541\Debug\Hovedprogram.a(Timer_Stopur.o)
 .debug_aranges
                0x00001080       0x80 .\CortexM3\ARM_GCC_541\Debug\Hovedprogram.a(isr_timer.o)
 .debug_aranges
                0x00001100       0x90 .\CortexM3\ARM_GCC_541\Debug\Hovedprogram.a(Timer_LCD.o)
 .debug_aranges
                0x00001190       0x80 .\CortexM3\ARM_GCC_541\Debug\Hovedprogram.a(isr_refreshrate_LCD.o)
 .debug_aranges
                0x00001210       0x90 .\CortexM3\ARM_GCC_541\Debug\Hovedprogram.a(Timer4.o)
 .debug_aranges
                0x000012a0       0x80 .\CortexM3\ARM_GCC_541\Debug\Hovedprogram.a(isr_BlinkLED.o)
 .debug_aranges
                0x00001320       0x80 .\CortexM3\ARM_GCC_541\Debug\Hovedprogram.a(isr_delay.o)
 .debug_aranges
                0x000013a0       0x90 .\CortexM3\ARM_GCC_541\Debug\Hovedprogram.a(Timer5.o)
 .debug_aranges
                0x00001430       0xe8 .\CortexM3\ARM_GCC_541\Debug\Hovedprogram.a(ADC_DelSig_1.o)
 .debug_aranges
                0x00001518       0x38 .\CortexM3\ARM_GCC_541\Debug\Hovedprogram.a(ADC_DelSig_1_INT.o)
 .debug_aranges
                0x00001550       0x30 .\CortexM3\ARM_GCC_541\Debug\Hovedprogram.a(ADC_DelSig_1_AMux.o)
 .debug_aranges
                0x00001580       0x70 .\CortexM3\ARM_GCC_541\Debug\Hovedprogram.a(ADC_DelSig_1_Ext_CP_Clk.o)
 .debug_aranges
                0x000015f0       0x80 .\CortexM3\ARM_GCC_541\Debug\Hovedprogram.a(ADC_DelSig_1_theACLK.o)
 .debug_aranges
                0x00001670       0x38 .\CortexM3\ARM_GCC_541\Debug\Hovedprogram.a(SPI_int.o)
 .debug_aranges
                0x000016a8       0xd8 .\CortexM3\ARM_GCC_541\Debug\Hovedprogram.a(SPIS.o)
 .debug_aranges
                0x00001780       0x28 .\CortexM3\ARM_GCC_541\Debug\Hovedprogram.a(SPIS_INT.o)
 .debug_aranges
                0x000017a8       0x80 .\CortexM3\ARM_GCC_541\Debug\Hovedprogram.a(rx_isr.o)
 .debug_aranges
                0x00001828       0x20 .\CortexM3\ARM_GCC_541\Debug\Hovedprogram.a(CyBootAsmGnu.o)
 .debug_aranges
                0x00001848       0x88 .\CortexM3\ARM_GCC_541\Debug\Hovedprogram.a(CyFlash.o)
 .debug_aranges
                0x000018d0       0x80 .\CortexM3\ARM_GCC_541\Debug\Hovedprogram.a(CySpc.o)

.debug_pubnames
 *(.debug_pubnames)

.debug_info     0x00000000     0xd8fc
 *(.debug_info .gnu.linkonce.wi.*)
 .debug_info    0x00000000      0xfc5 .\CortexM3\ARM_GCC_541\Debug\main.o
 .debug_info    0x00000fc5      0x43d .\CortexM3\ARM_GCC_541\Debug\WeightSensors.o
 .debug_info    0x00001402      0x2fc .\CortexM3\ARM_GCC_541\Debug\UART.o
 .debug_info    0x000016fe      0x11d .\CortexM3\ARM_GCC_541\Debug\Startknap.o
 .debug_info    0x0000181b      0x464 .\CortexM3\ARM_GCC_541\Debug\Display.o
 .debug_info    0x00001c7f      0x949 .\CortexM3\ARM_GCC_541\Debug\LiquidCrystal_I2C.o
 .debug_info    0x000025c8      0x1b0 .\CortexM3\ARM_GCC_541\Debug\Stopur.o
 .debug_info    0x00002778      0xfe7 .\CortexM3\ARM_GCC_541\Debug\LEDcontrol.o
 .debug_info    0x0000375f      0x243 .\CortexM3\ARM_GCC_541\Debug\VT100Terminal.o
 .debug_info    0x000039a2      0x20e .\CortexM3\ARM_GCC_541\Debug\SPI_Master.o
 .debug_info    0x00003bb0      0x752 .\CortexM3\ARM_GCC_541\Debug\cyfitter_cfg.o
 .debug_info    0x00004302      0x139 .\CortexM3\ARM_GCC_541\Debug\cymetadata.o
 .debug_info    0x0000443b      0x3bb .\CortexM3\ARM_GCC_541\Debug\Cm3Start.o
 .debug_info    0x000047f6      0x4d8 .\CortexM3\ARM_GCC_541\Debug\Hovedprogram.a(SPIM_1.o)
 .debug_info    0x00004cce      0x2f0 .\CortexM3\ARM_GCC_541\Debug\Hovedprogram.a(Timer1.o)
 .debug_info    0x00004fbe      0x2d2 .\CortexM3\ARM_GCC_541\Debug\Hovedprogram.a(isr_LED_refreshrate.o)
 .debug_info    0x00005290      0x2f0 .\CortexM3\ARM_GCC_541\Debug\Hovedprogram.a(Timer2.o)
 .debug_info    0x00005580      0x2d2 .\CortexM3\ARM_GCC_541\Debug\Hovedprogram.a(isr_LED_pulse.o)
 .debug_info    0x00005852      0x2f0 .\CortexM3\ARM_GCC_541\Debug\Hovedprogram.a(Timer3.o)
 .debug_info    0x00005b42      0x2d2 .\CortexM3\ARM_GCC_541\Debug\Hovedprogram.a(isr_LED_ring.o)
 .debug_info    0x00005e14      0x60c .\CortexM3\ARM_GCC_541\Debug\Hovedprogram.a(UART_1.o)
 .debug_info    0x00006420      0x2d2 .\CortexM3\ARM_GCC_541\Debug\Hovedprogram.a(isr_uart_rx.o)
 .debug_info    0x000066f2      0x283 .\CortexM3\ARM_GCC_541\Debug\Hovedprogram.a(SPIM_1_IntClock.o)
 .debug_info    0x00006975      0x283 .\CortexM3\ARM_GCC_541\Debug\Hovedprogram.a(UART_1_IntClock.o)
 .debug_info    0x00006bf8     0x1374 .\CortexM3\ARM_GCC_541\Debug\Hovedprogram.a(CyLib.o)
 .debug_info    0x00007f6c      0xa2a .\CortexM3\ARM_GCC_541\Debug\Hovedprogram.a(cyPm.o)
 .debug_info    0x00008996      0x146 .\CortexM3\ARM_GCC_541\Debug\Hovedprogram.a(PlayerSelect.o)
 .debug_info    0x00008adc      0x2d2 .\CortexM3\ARM_GCC_541\Debug\Hovedprogram.a(isr_button.o)
 .debug_info    0x00008dae       0xd6 .\CortexM3\ARM_GCC_541\Debug\Hovedprogram.a(SPIMOutCtrl.o)
 .debug_info    0x00008e84      0x2ad .\CortexM3\ARM_GCC_541\Debug\Hovedprogram.a(I2C_1.o)
 .debug_info    0x00009131      0x184 .\CortexM3\ARM_GCC_541\Debug\Hovedprogram.a(I2C_1_INT.o)
 .debug_info    0x000092b5      0x207 .\CortexM3\ARM_GCC_541\Debug\Hovedprogram.a(I2C_1_PM.o)
 .debug_info    0x000094bc      0x407 .\CortexM3\ARM_GCC_541\Debug\Hovedprogram.a(I2C_1_MASTER.o)
 .debug_info    0x000098c3      0x2f0 .\CortexM3\ARM_GCC_541\Debug\Hovedprogram.a(Timer_Stopur.o)
 .debug_info    0x00009bb3      0x2d2 .\CortexM3\ARM_GCC_541\Debug\Hovedprogram.a(isr_timer.o)
 .debug_info    0x00009e85      0x2ee .\CortexM3\ARM_GCC_541\Debug\Hovedprogram.a(Timer_LCD.o)
 .debug_info    0x0000a173      0x2d2 .\CortexM3\ARM_GCC_541\Debug\Hovedprogram.a(isr_refreshrate_LCD.o)
 .debug_info    0x0000a445      0x2f0 .\CortexM3\ARM_GCC_541\Debug\Hovedprogram.a(Timer4.o)
 .debug_info    0x0000a735      0x2d2 .\CortexM3\ARM_GCC_541\Debug\Hovedprogram.a(isr_BlinkLED.o)
 .debug_info    0x0000aa07      0x2d2 .\CortexM3\ARM_GCC_541\Debug\Hovedprogram.a(isr_delay.o)
 .debug_info    0x0000acd9      0x2f0 .\CortexM3\ARM_GCC_541\Debug\Hovedprogram.a(Timer5.o)
 .debug_info    0x0000afc9      0xbee .\CortexM3\ARM_GCC_541\Debug\Hovedprogram.a(ADC_DelSig_1.o)