Archive member included to satisfy reference by file (symbol)

.\CortexM3\ARM_GCC_541\Debug\Hovedprogram.a(SPIM_1.o)
                              .\CortexM3\ARM_GCC_541\Debug\LEDcontrol.o (SPIM_1_WriteTxData)
.\CortexM3\ARM_GCC_541\Debug\Hovedprogram.a(Timer1.o)
                              .\CortexM3\ARM_GCC_541\Debug\LEDcontrol.o (Timer1_Stop)
.\CortexM3\ARM_GCC_541\Debug\Hovedprogram.a(isr_LED_refreshrate.o)
                              .\CortexM3\ARM_GCC_541\Debug\LEDcontrol.o (isr_LED_refreshrate_StartEx)
.\CortexM3\ARM_GCC_541\Debug\Hovedprogram.a(Timer2.o)
                              .\CortexM3\ARM_GCC_541\Debug\LEDcontrol.o (Timer2_WritePeriod)
.\CortexM3\ARM_GCC_541\Debug\Hovedprogram.a(isr_LED_pulse.o)
                              .\CortexM3\ARM_GCC_541\Debug\LEDcontrol.o (isr_LED_pulse_StartEx)
.\CortexM3\ARM_GCC_541\Debug\Hovedprogram.a(Timer3.o)
                              .\CortexM3\ARM_GCC_541\Debug\LEDcontrol.o (Timer3_WritePeriod)
.\CortexM3\ARM_GCC_541\Debug\Hovedprogram.a(isr_LED_ring.o)
                              .\CortexM3\ARM_GCC_541\Debug\LEDcontrol.o (isr_LED_ring_StartEx)
.\CortexM3\ARM_GCC_541\Debug\Hovedprogram.a(ADC_SAR_1.o)
                              .\CortexM3\ARM_GCC_541\Debug\WeightSensors.o (ADC_SAR_1_Start)
.\CortexM3\ARM_GCC_541\Debug\Hovedprogram.a(ADC_SAR_1_INT.o)
                              .\CortexM3\ARM_GCC_541\Debug\Hovedprogram.a(ADC_SAR_1.o) (ADC_SAR_1_ISR)
.\CortexM3\ARM_GCC_541\Debug\Hovedprogram.a(UART_1.o)
                              .\CortexM3\ARM_GCC_541\Debug\main.o (UART_1_Start)
.\CortexM3\ARM_GCC_541\Debug\Hovedprogram.a(isr_uart_rx.o)
                              .\CortexM3\ARM_GCC_541\Debug\main.o (isr_uart_rx_StartEx)
.\CortexM3\ARM_GCC_541\Debug\Hovedprogram.a(SPIM_1_IntClock.o)
                              .\CortexM3\ARM_GCC_541\Debug\Hovedprogram.a(SPIM_1.o) (SPIM_1_IntClock_Start)
.\CortexM3\ARM_GCC_541\Debug\Hovedprogram.a(ADC_SAR_1_theACLK.o)
                              .\CortexM3\ARM_GCC_541\Debug\Hovedprogram.a(ADC_SAR_1.o) (ADC_SAR_1_theACLK_SetModeRegister)
.\CortexM3\ARM_GCC_541\Debug\Hovedprogram.a(UART_1_IntClock.o)
                              .\CortexM3\ARM_GCC_541\Debug\Hovedprogram.a(UART_1.o) (UART_1_IntClock_Start)
.\CortexM3\ARM_GCC_541\Debug\Hovedprogram.a(CyLib.o)
                              .\CortexM3\ARM_GCC_541\Debug\Cm3Start.o (CyHalt)
.\CortexM3\ARM_GCC_541\Debug\Hovedprogram.a(cyPm.o)
                              .\CortexM3\ARM_GCC_541\Debug\Hovedprogram.a(CyLib.o) (CyPmReadStatus)
.\CortexM3\ARM_GCC_541\Debug\Hovedprogram.a(PlayerSelect.o)
                              .\CortexM3\ARM_GCC_541\Debug\WeightSensors.o (PlayerSelect_Start)
.\CortexM3\ARM_GCC_541\Debug\Hovedprogram.a(isr_button.o)
                              .\CortexM3\ARM_GCC_541\Debug\main.o (isr_button_StartEx)
.\CortexM3\ARM_GCC_541\Debug\Hovedprogram.a(SPIMOutCtrl.o)
                              .\CortexM3\ARM_GCC_541\Debug\LEDcontrol.o (SPIMOutCtrl_Write)
.\CortexM3\ARM_GCC_541\Debug\Hovedprogram.a(I2C_1.o)
                              .\CortexM3\ARM_GCC_541\Debug\Display.o (I2C_1_Start)
.\CortexM3\ARM_GCC_541\Debug\Hovedprogram.a(I2C_1_INT.o)
                              .\CortexM3\ARM_GCC_541\Debug\Hovedprogram.a(I2C_1.o) (I2C_1_ISR)
.\CortexM3\ARM_GCC_541\Debug\Hovedprogram.a(I2C_1_PM.o)
                              .\CortexM3\ARM_GCC_541\Debug\Hovedprogram.a(I2C_1.o) (I2C_1_backup)
.\CortexM3\ARM_GCC_541\Debug\Hovedprogram.a(I2C_1_MASTER.o)
                              .\CortexM3\ARM_GCC_541\Debug\Hovedprogram.a(I2C_1.o) (I2C_1_mstrStatus)
.\CortexM3\ARM_GCC_541\Debug\Hovedprogram.a(Timer_Stopur.o)
                              .\CortexM3\ARM_GCC_541\Debug\Stopur.o (Timer_Stopur_Stop)
.\CortexM3\ARM_GCC_541\Debug\Hovedprogram.a(isr_timer.o)
                              .\CortexM3\ARM_GCC_541\Debug\main.o (isr_timer_StartEx)
.\CortexM3\ARM_GCC_541\Debug\Hovedprogram.a(Timer_LCD.o)
                              .\CortexM3\ARM_GCC_541\Debug\Display.o (Timer_LCD_Stop)
.\CortexM3\ARM_GCC_541\Debug\Hovedprogram.a(isr_refreshrate_LCD.o)
                              .\CortexM3\ARM_GCC_541\Debug\LEDcontrol.o (isr_refreshrate_LCD_Enable)
.\CortexM3\ARM_GCC_541\Debug\Hovedprogram.a(Timer4.o)
                              .\CortexM3\ARM_GCC_541\Debug\LEDcontrol.o (Timer4_WritePeriod)
.\CortexM3\ARM_GCC_541\Debug\Hovedprogram.a(isr_BlinkLED.o)
                              .\CortexM3\ARM_GCC_541\Debug\LEDcontrol.o (isr_BlinkLED_StartEx)
.\CortexM3\ARM_GCC_541\Debug\Hovedprogram.a(isr_delay.o)
                              .\CortexM3\ARM_GCC_541\Debug\LEDcontrol.o (isr_delay_Enable)
.\CortexM3\ARM_GCC_541\Debug\Hovedprogram.a(Timer5.o)
                              .\CortexM3\ARM_GCC_541\Debug\LEDcontrol.o (Timer5_Stop)
.\CortexM3\ARM_GCC_541\Debug\Hovedprogram.a(SPI_int.o)
                              .\CortexM3\ARM_GCC_541\Debug\SPI_Master.o (SPI_int_Write)
.\CortexM3\ARM_GCC_541\Debug\Hovedprogram.a(SPIS.o)
[...]
Memory Configuration

Name             Origin             Length             Attributes
rom              0x00000000         0x00040000         xr
ram              0x1fff8000         0x00010000         xrw
*default*        0x00000000         0xffffffff

Linker script and memory map

LOAD c:/program files (x86)/cypress/psoc creator/4.3/psoc creator/import/gnu/arm/5.4.1/bin/../lib/gcc/arm-none-eabi/5.4.1/armv7-m/crti.o
LOAD c:/program files (x86)/cypress/psoc creator/4.3/psoc creator/import/gnu/arm/5.4.1/bin/../lib/gcc/arm-none-eabi/5.4.1/armv7-m/crtbegin.o
LOAD c:/program files (x86)/cypress/psoc creator/4.3/psoc creator/import/gnu/arm/5.4.1/bin/../lib/gcc/arm-none-eabi/5.4.1/../../../../arm-none-eabi/lib/armv7-m/crt0.o
START GROUP
LOAD .\CortexM3\ARM_GCC_541\Debug\main.o
LOAD .\CortexM3\ARM_GCC_541\Debug\WeightSensors.o
LOAD .\CortexM3\ARM_GCC_541\Debug\UART.o
LOAD .\CortexM3\ARM_GCC_541\Debug\Startknap.o
LOAD .\CortexM3\ARM_GCC_541\Debug\Display.o
LOAD .\CortexM3\ARM_GCC_541\Debug\LiquidCrystal_I2C.o
LOAD .\CortexM3\ARM_GCC_541\Debug\Stopur.o
LOAD .\CortexM3\ARM_GCC_541\Debug\LEDcontrol.o
LOAD .\CortexM3\ARM_GCC_541\Debug\VT100Terminal.o
LOAD .\CortexM3\ARM_GCC_541\Debug\SPI_Master.o
LOAD .\CortexM3\ARM_GCC_541\Debug\cyfitter_cfg.o
LOAD .\CortexM3\ARM_GCC_541\Debug\cymetadata.o
LOAD .\CortexM3\ARM_GCC_541\Debug\Cm3Start.o
LOAD .\CortexM3\ARM_GCC_541\Debug\Hovedprogram.a
LOAD C:\Program Files (x86)\Cypress\PSoC Creator\4.3\PSoC Creator\psoc\content\cycomponentlibrary\CyComponentLibrary.cylib\CortexM3\ARM_GCC_541\Debug\CyComponentLibrary.a
END GROUP
START GROUP
LOAD c:/program files (x86)/cypress/psoc creator/4.3/psoc creator/import/gnu/arm/5.4.1/bin/../lib/gcc/arm-none-eabi/5.4.1/armv7-m\libgcc.a
LOAD c:/program files (x86)/cypress/psoc creator/4.3/psoc creator/import/gnu/arm/5.4.1/bin/../lib/gcc/arm-none-eabi/5.4.1/../../../../arm-none-eabi/lib/armv7-m\libg_nano.a
LOAD c:/program files (x86)/cypress/psoc creator/4.3/psoc creator/import/gnu/arm/5.4.1/bin/../lib/gcc/arm-none-eabi/5.4.1/../../../../arm-none-eabi/lib/armv7-m\libc_nano.a
END GROUP
START GROUP
LOAD c:/program files (x86)/cypress/psoc creator/4.3/psoc creator/import/gnu/arm/5.4.1/bin/../lib/gcc/arm-none-eabi/5.4.1/armv7-m\libgcc.a
LOAD c:/program files (x86)/cypress/psoc creator/4.3/psoc creator/import/gnu/arm/5.4.1/bin/../lib/gcc/arm-none-eabi/5.4.1/../../../../arm-none-eabi/lib/armv7-m\libc_nano.a
END GROUP
LOAD c:/program files (x86)/cypress/psoc creator/4.3/psoc creator/import/gnu/arm/5.4.1/bin/../lib/gcc/arm-none-eabi/5.4.1/armv7-m/crtend.o
LOAD c:/program files (x86)/cypress/psoc creator/4.3/psoc creator/import/gnu/arm/5.4.1/bin/../lib/gcc/arm-none-eabi/5.4.1/armv7-m/crtn.o
START GROUP
LOAD c:/program files (x86)/cypress/psoc creator/4.3/psoc creator/import/gnu/arm/5.4.1/bin/../lib/gcc/arm-none-eabi/5.4.1/armv7-m\libgcc.a
LOAD c:/program files (x86)/cypress/psoc creator/4.3/psoc creator/import/gnu/arm/5.4.1/bin/../lib/gcc/arm-none-eabi/5.4.1/../../../../arm-none-eabi/lib/armv7-m\libc.a
LOAD c:/program files (x86)/cypress/psoc creator/4.3/psoc creator/import/gnu/arm/5.4.1/bin/../lib/gcc/arm-none-eabi/5.4.1/../../../../arm-none-eabi/lib/armv7-m\libnosys.a
END GROUP
                0x00000000                CY_APPL_ORIGIN = 0x0
                0x00000100                CY_FLASH_ROW_SIZE = 0x100
                0x00000020                CY_ECC_ROW_SIZE = 0x20
                0x00000000                CY_EE_IN_BTLDR = 0x0
                0x00000000                CY_APPL_LOADABLE = 0x0
                0x00000800                CY_EE_SIZE = 0x800
                0x00000001                CY_APPL_NUM = 0x1
                0x00000001                CY_APPL_MAX = 0x1
                0x00000040                CY_METADATA_SIZE = 0x40
                0x00000000                CY_APPL_LOADABLE = 0x0
                0x00000000                CY_CHECKSUM_EXCLUDE_SIZE = ALIGN (0x0, CY_FLASH_ROW_SIZE)
                [!provide]                PROVIDE (__cy_heap_start, _end)
                0x00000001                PROVIDE (__cy_region_num, ((__cy_regions_end - __cy_regions) / 0x10))
                0x20008000                PROVIDE (__cy_stack, (ORIGIN (ram) + LENGTH (ram)))
                [!provide]                PROVIDE (__cy_heap_end, (__cy_stack - 0x800))

.cybootloader   0x00000000        0x0
 *(.cybootloader)
                0x00000000                appl1_start = CY_APPL_ORIGIN?CY_APPL_ORIGIN:ALIGN (CY_FLASH_ROW_SIZE)
                0x0001ff00                appl2_start = (appl1_start + ALIGN ((((LENGTH (rom) - appl1_start) - (0x2 * CY_FLASH_ROW_SIZE)) / 0x2), CY_FLASH_ROW_SIZE))
                0x00000000                appl_start = (CY_APPL_NUM == 0x1)?appl1_start:appl2_start
                0x00000000                ecc_offset = ((appl_start / CY_FLASH_ROW_SIZE) * CY_ECC_ROW_SIZE)
                0x00000000                ee_offset = (CY_APPL_LOADABLE && ! (CY_EE_IN_BTLDR))?((CY_EE_SIZE / CY_APPL_MAX) * (CY_APPL_NUM - 0x1)):0x0
                0x00000800                ee_size = (CY_APPL_LOADABLE && ! (CY_EE_IN_BTLDR))?(CY_EE_SIZE / CY_APPL_MAX):CY_EE_SIZE
                [!provide]                PROVIDE (CY_ECC_OFFSET, ecc_offset)

.text           0x00000000     0x4bfc
 CREATE_OBJECT_SYMBOLS
                0x00000000                PROVIDE (__cy_interrupt_vector, RomVectors)
 *(.romvectors)
 .romvectors    0x00000000       0x10 .\CortexM3\ARM_GCC_541\Debug\Cm3Start.o
                0x00000000                RomVectors
                0x00000001                ASSERT ((. != __cy_interrupt_vector), No interrupt vector)
                0x00000001                ASSERT (CY_APPL_ORIGIN?(SIZEOF (.cybootloader) <= CY_APPL_ORIGIN):0x1, Wrong image location)
                0x00000010                PROVIDE (__cy_reset, Reset)
 *(.text.Reset)
 .text.Reset    0x00000010       0x18 .\CortexM3\ARM_GCC_541\Debug\Cm3Start.o
                0x00000010                Reset
                0x00000001                ASSERT ((. != __cy_reset), No reset code)
 *(.dma_init)
                0x00000001                ASSERT ((((appl_start + .) <= 0x10000) || 0x1), DMA Init must be within the first 64k of flash)
 *(.text .text.* .gnu.linkonce.t.*)
 .text          0x00000028       0x5c c:/program files (x86)/cypress/psoc creator/4.3/psoc creator/import/gnu/arm/5.4.1/bin/../lib/gcc/arm-none-eabi/5.4.1/armv7-m/crtbegin.o
 .text.main     0x00000084      0x740 .\CortexM3\ARM_GCC_541\Debug\main.o
                0x00000084                main
 .text.getWeight
                0x000007c4       0xa4 .\CortexM3\ARM_GCC_541\Debug\WeightSensors.o
                0x000007c4                getWeight
 .text.getCalWeight
                0x00000868       0xb8 .\CortexM3\ARM_GCC_541\Debug\WeightSensors.o
                0x00000868                getCalWeight
 .text.getWeightLoser
                0x00000920       0x54 .\CortexM3\ARM_GCC_541\Debug\WeightSensors.o
                0x00000920                getWeightLoser
 .text.WeightSensorsInit
                0x00000974        0xc .\CortexM3\ARM_GCC_541\Debug\WeightSensors.o
                0x00000974                WeightSensorsInit
 .text.CompareWeight
                0x00000980       0xb8 .\CortexM3\ARM_GCC_541\Debug\WeightSensors.o
                0x00000980                CompareWeight
 .text.CalibrateSensors
                0x00000a38       0x2c .\CortexM3\ARM_GCC_541\Debug\WeightSensors.o
                0x00000a38                CalibrateSensors
 .text.handleByteReceived
                0x00000a64       0x1c .\CortexM3\ARM_GCC_541\Debug\UART.o
                0x00000a64                handleByteReceived
 .text.ISR_UART_rx_handler
                0x00000a80       0x1c .\CortexM3\ARM_GCC_541\Debug\UART.o
                0x00000a80                ISR_UART_rx_handler
 .text.UARTprint
                0x00000a9c       0x28 .\CortexM3\ARM_GCC_541\Debug\UART.o
                0x00000a9c                UARTprint
 .text.clearTerm
                0x00000ac4       0x38 .\CortexM3\ARM_GCC_541\Debug\UART.o
                0x00000ac4                clearTerm
 .text.isr_button_handler
                0x00000afc        0xc .\CortexM3\ARM_GCC_541\Debug\Startknap.o
                0x00000afc                isr_button_handler
 .text.StartDisp
                0x00000b08       0x64 .\CortexM3\ARM_GCC_541\Debug\Display.o
                0x00000b08                StartDisp
 .text.initDisp
                0x00000b6c       0x54 .\CortexM3\ARM_GCC_541\Debug\Display.o
                0x00000b6c                initDisp
 .text.dispTime
                0x00000bc0       0x58 .\CortexM3\ARM_GCC_541\Debug\Display.o
                0x00000bc0                dispTime
 .text.isr_refreshrate_LCD
                0x00000c18       0x3c .\CortexM3\ARM_GCC_541\Debug\Display.o
                0x00000c18                isr_refreshrate_LCD
 .text.stopLCD  0x00000c54       0x1c .\CortexM3\ARM_GCC_541\Debug\Display.o
                0x00000c54                stopLCD
 .text.LiquidCrystal_I2C_init
                0x00000c70       0x30 .\CortexM3\ARM_GCC_541\Debug\LiquidCrystal_I2C.o
                0x00000c70                LiquidCrystal_I2C_init
 .text.I2C_M_write_byte
                0x00000ca0       0x18 .\CortexM3\ARM_GCC_541\Debug\LiquidCrystal_I2C.o
                0x00000ca0                I2C_M_write_byte
 .text.expanderWrite
                0x00000cb8       0x1c .\CortexM3\ARM_GCC_541\Debug\LiquidCrystal_I2C.o
                0x00000cb8                expanderWrite
 .text.pulseEnable
                0x00000cd4       0x24 .\CortexM3\ARM_GCC_541\Debug\LiquidCrystal_I2C.o
                0x00000cd4                pulseEnable
 .text.write4bits
                0x00000cf8       0x10 .\CortexM3\ARM_GCC_541\Debug\LiquidCrystal_I2C.o
                0x00000cf8                write4bits
 .text.send     0x00000d08       0x20 .\CortexM3\ARM_GCC_541\Debug\LiquidCrystal_I2C.o
                0x00000d08                send
 .text.command  0x00000d28        0xc .\CortexM3\ARM_GCC_541\Debug\LiquidCrystal_I2C.o
                0x00000d28                command
 .text.clearDisp
                0x00000d34       0x10 .\CortexM3\ARM_GCC_541\Debug\LiquidCrystal_I2C.o
                0x00000d34                clearDisp
 .text.home     0x00000d44       0x10 .\CortexM3\ARM_GCC_541\Debug\LiquidCrystal_I2C.o
                0x00000d44                home
 .text.setCursor
                0x00000d54       0x44 .\CortexM3\ARM_GCC_541\Debug\LiquidCrystal_I2C.o
                0x00000d54                setCursor
 .text.display  0x00000d98       0x1c .\CortexM3\ARM_GCC_541\Debug\LiquidCrystal_I2C.o
                0x00000d98                display
 .text.write    0x00000db4        0xc .\CortexM3\ARM_GCC_541\Debug\LiquidCrystal_I2C.o
                0x00000db4                write
 .text.LCD_print
                0x00000dc0       0x20 .\CortexM3\ARM_GCC_541\Debug\LiquidCrystal_I2C.o
                0x00000dc0                LCD_print
 .text.begin    0x00000de0       0xb4 .\CortexM3\ARM_GCC_541\Debug\LiquidCrystal_I2C.o
                0x00000de0                begin
 .text.setaddress
                0x00000e94        0xc .\CortexM3\ARM_GCC_541\Debug\LiquidCrystal_I2C.o
                0x00000e94                setaddress
 .text.startTimer
                0x00000ea0        0x8 .\CortexM3\ARM_GCC_541\Debug\Stopur.o
                0x00000ea0                startTimer
 .text.stopTimer
                0x00000ea8        0x8 .\CortexM3\ARM_GCC_541\Debug\Stopur.o
                0x00000ea8                stopTimer
 .text.isr_timer
                0x00000eb0       0x20 .\CortexM3\ARM_GCC_541\Debug\Stopur.o
                0x00000eb0                isr_timer
 .text.getTime  0x00000ed0       0x10 .\CortexM3\ARM_GCC_541\Debug\Stopur.o
                0x00000ed0                getTime
 .text.clearTimer
                0x00000ee0        0xc .\CortexM3\ARM_GCC_541\Debug\Stopur.o
                0x00000ee0                clearTimer
 .text.timeout  0x00000eec       0x18 .\CortexM3\ARM_GCC_541\Debug\Stopur.o
                0x00000eec                timeout
 .text.setrefreshrate
                0x00000f04       0x30 .\CortexM3\ARM_GCC_541\Debug\LEDcontrol.o
                0x00000f04                setrefreshrate
 .text.setspeed
                0x00000f34       0x2c .\CortexM3\ARM_GCC_541\Debug\LEDcontrol.o
                0x00000f34                setspeed
 .text.hsv2rgb  0x00000f60      0x234 .\CortexM3\ARM_GCC_541\Debug\LEDcontrol.o
                0x00000f60                hsv2rgb
 .text.UpdateLED
                0x00001194       0x54 .\CortexM3\ARM_GCC_541\Debug\LEDcontrol.o
                0x00001194                UpdateLED
 .text.isr_refreshrate
                0x000011e8       0x38 .\CortexM3\ARM_GCC_541\Debug\LEDcontrol.o
                0x000011e8                isr_refreshrate
 .text.setcolorLED
                0x00001220      0x134 .\CortexM3\ARM_GCC_541\Debug\LEDcontrol.o
                0x00001220                setcolorLED
 .text.fillcolor
                0x00001354       0x3c .\CortexM3\ARM_GCC_541\Debug\LEDcontrol.o
                0x00001354                fillcolor
 .text.isr_LED_pulse
                0x00001390      0x128 .\CortexM3\ARM_GCC_541\Debug\LEDcontrol.o
                0x00001390                isr_LED_pulse
 .text.isr_BlinkLED
                0x000014b8       0xbc .\CortexM3\ARM_GCC_541\Debug\LEDcontrol.o
                0x000014b8                isr_BlinkLED
 .text.isr_LED_ring
                0x00001574      0x10c .\CortexM3\ARM_GCC_541\Debug\LEDcontrol.o
                0x00001574                isr_LED_ring
 .text.LEDOff   0x00001680       0x14 .\CortexM3\ARM_GCC_541\Debug\LEDcontrol.o
                0x00001680                LEDOff
 .text.addLEDstrip
                0x00001694       0x48 .\CortexM3\ARM_GCC_541\Debug\LEDcontrol.o
                0x00001694                addLEDstrip
 .text.initLED  0x000016dc       0x7c .\CortexM3\ARM_GCC_541\Debug\LEDcontrol.o
                0x000016dc                initLED
 .text.pulseLED
                0x00001758       0x48 .\CortexM3\ARM_GCC_541\Debug\LEDcontrol.o
                0x00001758                pulseLED
 .text.ringLED  0x000017a0       0x4c .\CortexM3\ARM_GCC_541\Debug\LEDcontrol.o
                0x000017a0                ringLED
 .text.BlinkLED
                0x000017ec       0x44 .\CortexM3\ARM_GCC_541\Debug\LEDcontrol.o
                0x000017ec                BlinkLED
 .text.idleSeq  0x00001830       0x3c .\CortexM3\ARM_GCC_541\Debug\LEDcontrol.o
                0x00001830                idleSeq
 *fill*         0x0000186c        0x4 
 .text.loserSeq
                0x00001870       0x38 .\CortexM3\ARM_GCC_541\Debug\LEDcontrol.o
                0x00001870                loserSeq
 .text.checkSeq
                0x000018a8       0x2c .\CortexM3\ARM_GCC_541\Debug\LEDcontrol.o
                0x000018a8                checkSeq
 .text.weightapprovedSeq
                0x000018d4       0x28 .\CortexM3\ARM_GCC_541\Debug\LEDcontrol.o
                0x000018d4                weightapprovedSeq
 *fill*         0x000018fc        0x4 
 .text.startSeq
                0x00001900      0x15c .\CortexM3\ARM_GCC_541\Debug\LEDcontrol.o
                0x00001900                startSeq
 .text.isr_delay
                0x00001a5c       0x18 .\CortexM3\ARM_GCC_541\Debug\LEDcontrol.o
                0x00001a5c                isr_delay
 *fill*         0x00001a74        0x4 
 .text.errorSeq
                0x00001a78       0x38 .\CortexM3\ARM_GCC_541\Debug\LEDcontrol.o
                0x00001a78                errorSeq
 .text.winnerSeq
                0x00001ab0       0x28 .\CortexM3\ARM_GCC_541\Debug\LEDcontrol.o
                0x00001ab0                winnerSeq
 .text.delline  0x00001ad8       0x1c .\CortexM3\ARM_GCC_541\Debug\VT100Terminal.o
                0x00001ad8                delline
 .text.movecursor
                0x00001af4       0x34 .\CortexM3\ARM_GCC_541\Debug\VT100Terminal.o
                0x00001af4                movecursor
 .text.isr_spi_rx
                0x00001b28       0x34 .\CortexM3\ARM_GCC_541\Debug\SPI_Master.o
                0x00001b28                isr_spi_rx
 .text.SPIS_initSPI
                0x00001b5c       0x18 .\CortexM3\ARM_GCC_541\Debug\SPI_Master.o
                0x00001b5c                SPIS_initSPI
 .text.SPIS_sendData
                0x00001b74       0x30 .\CortexM3\ARM_GCC_541\Debug\SPI_Master.o
                0x00001b74                SPIS_sendData
 .text.CyClockStartupError
                0x00001ba4        0x4 .\CortexM3\ARM_GCC_541\Debug\cyfitter_cfg.o
 .text.cfg_write_bytes32
                0x00001ba8       0x34 .\CortexM3\ARM_GCC_541\Debug\cyfitter_cfg.o
 .text.CYMEMZERO
                0x00001bdc        0xc .\CortexM3\ARM_GCC_541\Debug\cyfitter_cfg.o
 .text.AnalogSetDefault
                0x00001be8       0x6c .\CortexM3\ARM_GCC_541\Debug\cyfitter_cfg.o
 .text.CYCONFIGCPY
                0x00001c54        0x8 .\CortexM3\ARM_GCC_541\Debug\cyfitter_cfg.o
 .text.ClockSetup
                0x00001c5c      0x108 .\CortexM3\ARM_GCC_541\Debug\cyfitter_cfg.o
 .text.PlayerSelect_Set
                0x00001d64       0x1c .\CortexM3\ARM_GCC_541\Debug\cyfitter_cfg.o
                0x00001d64                PlayerSelect_Set
 .text.PlayerSelect_Unset
                0x00001d80       0x1c .\CortexM3\ARM_GCC_541\Debug\cyfitter_cfg.o
                0x00001d80                PlayerSelect_Unset
 .text.cyfitter_cfg
                0x00001d9c      0x140 .\CortexM3\ARM_GCC_541\Debug\cyfitter_cfg.o
                0x00001d9c                cyfitter_cfg
 .text.IntDefaultHandler
                0x00001edc       0x10 .\CortexM3\ARM_GCC_541\Debug\Cm3Start.o
                0x00001edc                IntDefaultHandler
 .text._sbrk    0x00001eec       0x30 .\CortexM3\ARM_GCC_541\Debug\Cm3Start.o
                0x00001eec                _sbrk
 .text.Start_c  0x00001f1c       0x4c .\CortexM3\ARM_GCC_541\Debug\Cm3Start.o
                0x00001f1c                Start_c
 .text.initialize_psoc
                0x00001f68       0x68 .\CortexM3\ARM_GCC_541\Debug\Cm3Start.o
                0x00001f68                initialize_psoc
 .text.SPIM_1_Enable
                0x00001fd0       0x34 .\CortexM3\ARM_GCC_541\Debug\Hovedprogram.a(SPIM_1.o)
                0x00001fd0                SPIM_1_Enable
 .text.SPIM_1_ReadTxStatus
                0x00002004        0xc .\CortexM3\ARM_GCC_541\Debug\Hovedprogram.a(SPIM_1.o)
                0x00002004                SPIM_1_ReadTxStatus
 .text.SPIM_1_ReadRxStatus
                0x00002010        0xc .\CortexM3\ARM_GCC_541\Debug\Hovedprogram.a(SPIM_1.o)
                0x00002010                SPIM_1_ReadRxStatus
 .text.SPIM_1_WriteTxData
                0x0000201c       0x18 .\CortexM3\ARM_GCC_541\Debug\Hovedprogram.a(SPIM_1.o)
                0x0000201c                SPIM_1_WriteTxData
 .text.SPIM_1_ClearFIFO
                0x00002034       0x4c .\CortexM3\ARM_GCC_541\Debug\Hovedprogram.a(SPIM_1.o)
                0x00002034                SPIM_1_ClearFIFO
 .text.SPIM_1_Init
                0x00002080       0x28 .\CortexM3\ARM_GCC_541\Debug\Hovedprogram.a(SPIM_1.o)
                0x00002080                SPIM_1_Init
 .text.SPIM_1_Start
                0x000020a8       0x1c .\CortexM3\ARM_GCC_541\Debug\Hovedprogram.a(SPIM_1.o)
                0x000020a8                SPIM_1_Start
 .text.Timer1_Enable
                0x000020c4       0x10 .\CortexM3\ARM_GCC_541\Debug\Hovedprogram.a(Timer1.o)
                0x000020c4                Timer1_Enable
 .text.Timer1_Stop
                0x000020d4       0x10 .\CortexM3\ARM_GCC_541\Debug\Hovedprogram.a(Timer1.o)
                0x000020d4                Timer1_Stop
 .text.Timer1_SetInterruptMode
                0x000020e4        0xc .\CortexM3\ARM_GCC_541\Debug\Hovedprogram.a(Timer1.o)
                0x000020e4                Timer1_SetInterruptMode
 .text.Timer1_ReadStatusRegister
                0x000020f0        0xc .\CortexM3\ARM_GCC_541\Debug\Hovedprogram.a(Timer1.o)
                0x000020f0                Timer1_ReadStatusRegister
 .text.Timer1_WritePeriod
                0x000020fc        0xc .\CortexM3\ARM_GCC_541\Debug\Hovedprogram.a(Timer1.o)
                0x000020fc                Timer1_WritePeriod
 .text.Timer1_ReadCapture
                0x00002108        0xc .\CortexM3\ARM_GCC_541\Debug\Hovedprogram.a(Timer1.o)
                0x00002108                Timer1_ReadCapture
 .text.Timer1_WriteCounter
                0x00002114        0xc .\CortexM3\ARM_GCC_541\Debug\Hovedprogram.a(Timer1.o)
                0x00002114                Timer1_WriteCounter
 .text.Timer1_ClearFIFO
                0x00002120       0x14 .\CortexM3\ARM_GCC_541\Debug\Hovedprogram.a(Timer1.o)
                0x00002120                Timer1_ClearFIFO
 .text.Timer1_Init
                0x00002134       0x34 .\CortexM3\ARM_GCC_541\Debug\Hovedprogram.a(Timer1.o)
                0x00002134                Timer1_Init
 .text.Timer1_Start
                0x00002168       0x1c .\CortexM3\ARM_GCC_541\Debug\Hovedprogram.a(Timer1.o)
                0x00002168                Timer1_Start
 .text.isr_LED_refreshrate_SetVector
                0x00002184        0xc .\CortexM3\ARM_GCC_541\Debug\Hovedprogram.a(isr_LED_refreshrate.o)
                0x00002184                isr_LED_refreshrate_SetVector
 .text.isr_LED_refreshrate_SetPriority
                0x00002190       0x10 .\CortexM3\ARM_GCC_541\Debug\Hovedprogram.a(isr_LED_refreshrate.o)
                0x00002190                isr_LED_refreshrate_SetPriority
 .text.isr_LED_refreshrate_Enable
                0x000021a0        0xc .\CortexM3\ARM_GCC_541\Debug\Hovedprogram.a(isr_LED_refreshrate.o)
                0x000021a0                isr_LED_refreshrate_Enable
 .text.isr_LED_refreshrate_Disable
                0x000021ac        0xc .\CortexM3\ARM_GCC_541\Debug\Hovedprogram.a(isr_LED_refreshrate.o)
                0x000021ac                isr_LED_refreshrate_Disable
 .text.isr_LED_refreshrate_StartEx
                0x000021b8       0x1c .\CortexM3\ARM_GCC_541\Debug\Hovedprogram.a(isr_LED_refreshrate.o)
                0x000021b8                isr_LED_refreshrate_StartEx
 .text.Timer2_Enable
                0x000021d4       0x10 .\CortexM3\ARM_GCC_541\Debug\Hovedprogram.a(Timer2.o)
                0x000021d4                Timer2_Enable
 .text.Timer2_SetInterruptMode
                0x000021e4        0xc .\CortexM3\ARM_GCC_541\Debug\Hovedprogram.a(Timer2.o)
                0x000021e4                Timer2_SetInterruptMode
 .text.Timer2_ReadStatusRegister
                0x000021f0        0xc .\CortexM3\ARM_GCC_541\Debug\Hovedprogram.a(Timer2.o)
                0x000021f0                Timer2_ReadStatusRegister
 .text.Timer2_WritePeriod
                0x000021fc        0xc .\CortexM3\ARM_GCC_541\Debug\Hovedprogram.a(Timer2.o)
                0x000021fc                Timer2_WritePeriod
 .text.Timer2_ReadCapture
                0x00002208        0xc .\CortexM3\ARM_GCC_541\Debug\Hovedprogram.a(Timer2.o)
                0x00002208                Timer2_ReadCapture
 .text.Timer2_WriteCounter
                0x00002214        0xc .\CortexM3\ARM_GCC_541\Debug\Hovedprogram.a(Timer2.o)
                0x00002214                Timer2_WriteCounter
 .text.Timer2_ClearFIFO
                0x00002220       0x14 .\CortexM3\ARM_GCC_541\Debug\Hovedprogram.a(Timer2.o)
                0x00002220                Timer2_ClearFIFO
 .text.Timer2_Init
                0x00002234       0x34 .\CortexM3\ARM_GCC_541\Debug\Hovedprogram.a(Timer2.o)
                0x00002234                Timer2_Init
 .text.Timer2_Start
                0x00002268       0x1c .\CortexM3\ARM_GCC_541\Debug\Hovedprogram.a(Timer2.o)
                0x00002268                Timer2_Start
 .text.isr_LED_pulse_SetVector
                0x00002284        0xc .\CortexM3\ARM_GCC_541\Debug\Hovedprogram.a(isr_LED_pulse.o)
                0x00002284                isr_LED_pulse_SetVector
 .text.isr_LED_pulse_SetPriority
                0x00002290       0x10 .\CortexM3\ARM_GCC_541\Debug\Hovedprogram.a(isr_LED_pulse.o)
                0x00002290                isr_LED_pulse_SetPriority
 .text.isr_LED_pulse_Enable
                0x000022a0        0xc .\CortexM3\ARM_GCC_541\Debug\Hovedprogram.a(isr_LED_pulse.o)
                0x000022a0                isr_LED_pulse_Enable
 .text.isr_LED_pulse_Disable
                0x000022ac        0xc .\CortexM3\ARM_GCC_541\Debug\Hovedprogram.a(isr_LED_pulse.o)
                0x000022ac                isr_LED_pulse_Disable
 .text.isr_LED_pulse_StartEx
                0x000022b8       0x1c .\CortexM3\ARM_GCC_541\Debug\Hovedprogram.a(isr_LED_pulse.o)
                0x000022b8                isr_LED_pulse_StartEx
 .text.Timer3_Enable
                0x000022d4       0x10 .\CortexM3\ARM_GCC_541\Debug\Hovedprogram.a(Timer3.o)
                0x000022d4                Timer3_Enable
 .text.Timer3_SetInterruptMode
                0x000022e4        0xc .\CortexM3\ARM_GCC_541\Debug\Hovedprogram.a(Timer3.o)
                0x000022e4                Timer3_SetInterruptMode
 .text.Timer3_ReadStatusRegister
                0x000022f0        0xc .\CortexM3\ARM_GCC_541\Debug\Hovedprogram.a(Timer3.o)
                0x000022f0                Timer3_ReadStatusRegister
 .text.Timer3_WritePeriod
                0x000022fc        0xc .\CortexM3\ARM_GCC_541\Debug\Hovedprogram.a(Timer3.o)
                0x000022fc                Timer3_WritePeriod
 .text.Timer3_ReadCapture
                0x00002308        0xc .\CortexM3\ARM_GCC_541\Debug\Hovedprogram.a(Timer3.o)
                0x00002308                Timer3_ReadCapture
 .text.Timer3_WriteCounter
                0x00002314        0xc .\CortexM3\ARM_GCC_541\Debug\Hovedprogram.a(Timer3.o)
                0x00002314                Timer3_WriteCounter
 .text.Timer3_ClearFIFO
                0x00002320       0x14 .\CortexM3\ARM_GCC_541\Debug\Hovedprogram.a(Timer3.o)
                0x00002320                Timer3_ClearFIFO
 .text.Timer3_Init
                0x00002334       0x34 .\CortexM3\ARM_GCC_541\Debug\Hovedprogram.a(Timer3.o)
                0x00002334                Timer3_Init
 .text.Timer3_Start
                0x00002368       0x1c .\CortexM3\ARM_GCC_541\Debug\Hovedprogram.a(Timer3.o)
                0x00002368                Timer3_Start
 .text.isr_LED_ring_SetVector
                0x00002384        0xc .\CortexM3\ARM_GCC_541\Debug\Hovedprogram.a(isr_LED_ring.o)
                0x00002384                isr_LED_ring_SetVector
 .text.isr_LED_ring_SetPriority
                0x00002390       0x10 .\CortexM3\ARM_GCC_541\Debug\Hovedprogram.a(isr_LED_ring.o)
                0x00002390                isr_LED_ring_SetPriority
 .text.isr_LED_ring_Enable
                0x000023a0        0xc .\CortexM3\ARM_GCC_541\Debug\Hovedprogram.a(isr_LED_ring.o)
                0x000023a0                isr_LED_ring_Enable
 .text.isr_LED_ring_Disable
                0x000023ac        0xc .\CortexM3\ARM_GCC_541\Debug\Hovedprogram.a(isr_LED_ring.o)
                0x000023ac                isr_LED_ring_Disable
 .text.isr_LED_ring_StartEx
                0x000023b8       0x1c .\CortexM3\ARM_GCC_541\Debug\Hovedprogram.a(isr_LED_ring.o)
                0x000023b8                isr_LED_ring_StartEx
 .text.ADC_SAR_1_CalcGain
                0x000023d4       0x5c .\CortexM3\ARM_GCC_541\Debug\Hovedprogram.a(ADC_SAR_1.o)
 .text.ADC_SAR_1_Enable
                0x00002430       0x94 .\CortexM3\ARM_GCC_541\Debug\Hovedprogram.a(ADC_SAR_1.o)
                0x00002430                ADC_SAR_1_Enable
 .text.ADC_SAR_1_SetResolution
                0x000024c4       0x38 .\CortexM3\ARM_GCC_541\Debug\Hovedprogram.a(ADC_SAR_1.o)
                0x000024c4                ADC_SAR_1_SetResolution
 .text.ADC_SAR_1_Init
                0x000024fc       0x3c .\CortexM3\ARM_GCC_541\Debug\Hovedprogram.a(ADC_SAR_1.o)
                0x000024fc                ADC_SAR_1_Init
 .text.ADC_SAR_1_Start
                0x00002538       0x1c .\CortexM3\ARM_GCC_541\Debug\Hovedprogram.a(ADC_SAR_1.o)
                0x00002538                ADC_SAR_1_Start
 .text.ADC_SAR_1_StartConvert
                0x00002554       0x10 .\CortexM3\ARM_GCC_541\Debug\Hovedprogram.a(ADC_SAR_1.o)
                0x00002554                ADC_SAR_1_StartConvert
 .text.ADC_SAR_1_IsEndConversion
                0x00002564       0x24 .\CortexM3\ARM_GCC_541\Debug\Hovedprogram.a(ADC_SAR_1.o)
                0x00002564                ADC_SAR_1_IsEndConversion
 .text.ADC_SAR_1_GetResult16
                0x00002588       0x18 .\CortexM3\ARM_GCC_541\Debug\Hovedprogram.a(ADC_SAR_1.o)
                0x00002588                ADC_SAR_1_GetResult16
 .text.ADC_SAR_1_CountsTo_mVolts
                0x000025a0       0x58 .\CortexM3\ARM_GCC_541\Debug\Hovedprogram.a(ADC_SAR_1.o)
                0x000025a0                ADC_SAR_1_CountsTo_mVolts
 .text.ADC_SAR_1_ISR
                0x000025f8        0x4 .\CortexM3\ARM_GCC_541\Debug\Hovedprogram.a(ADC_SAR_1_INT.o)
                0x000025f8                ADC_SAR_1_ISR
 .text.UART_1_Init
                0x000025fc       0x28 .\CortexM3\ARM_GCC_541\Debug\Hovedprogram.a(UART_1.o)
                0x000025fc                UART_1_Init
 .text.UART_1_Enable
                0x00002624       0x38 .\CortexM3\ARM_GCC_541\Debug\Hovedprogram.a(UART_1.o)
                0x00002624                UART_1_Enable
 .text.UART_1_Start
                0x0000265c       0x1c .\CortexM3\ARM_GCC_541\Debug\Hovedprogram.a(UART_1.o)
                0x0000265c                UART_1_Start
 .text.UART_1_ReadRxData
                0x00002678        0xc .\CortexM3\ARM_GCC_541\Debug\Hovedprogram.a(UART_1.o)
                0x00002678                UART_1_ReadRxData
 .text.UART_1_GetRxBufferSize
                0x00002684       0x18 .\CortexM3\ARM_GCC_541\Debug\Hovedprogram.a(UART_1.o)
                0x00002684                UART_1_GetRxBufferSize
 .text.UART_1_PutChar
                0x0000269c       0x18 .\CortexM3\ARM_GCC_541\Debug\Hovedprogram.a(UART_1.o)
                0x0000269c                UART_1_PutChar
 .text.UART_1_PutString
                0x000026b4       0x24 .\CortexM3\ARM_GCC_541\Debug\Hovedprogram.a(UART_1.o)
                0x000026b4                UART_1_PutString
 .text.isr_uart_rx_SetVector
                0x000026d8        0xc .\CortexM3\ARM_GCC_541\Debug\Hovedprogram.a(isr_uart_rx.o)
                0x000026d8                isr_uart_rx_SetVector
 .text.isr_uart_rx_SetPriority
                0x000026e4       0x10 .\CortexM3\ARM_GCC_541\Debug\Hovedprogram.a(isr_uart_rx.o)
                0x000026e4                isr_uart_rx_SetPriority
 .text.isr_uart_rx_Enable
                0x000026f4       0x10 .\CortexM3\ARM_GCC_541\Debug\Hovedprogram.a(isr_uart_rx.o)
                0x000026f4                isr_uart_rx_Enable
 .text.isr_uart_rx_Disable
                0x00002704       0x10 .\CortexM3\ARM_GCC_541\Debug\Hovedprogram.a(isr_uart_rx.o)
                0x00002704                isr_uart_rx_Disable
 .text.isr_uart_rx_StartEx
                0x00002714       0x1c .\CortexM3\ARM_GCC_541\Debug\Hovedprogram.a(isr_uart_rx.o)
                0x00002714                isr_uart_rx_StartEx
 .text.SPIM_1_IntClock_Start
                0x00002730       0x1c .\CortexM3\ARM_GCC_541\Debug\Hovedprogram.a(SPIM_1_IntClock.o)
                0x00002730                SPIM_1_IntClock_Start
 .text.ADC_SAR_1_theACLK_SetModeRegister
                0x0000274c       0x14 .\CortexM3\ARM_GCC_541\Debug\Hovedprogram.a(ADC_SAR_1_theACLK.o)
                0x0000274c                ADC_SAR_1_theACLK_SetModeRegister
 .text.UART_1_IntClock_Start
                0x00002760       0x1c .\CortexM3\ARM_GCC_541\Debug\Hovedprogram.a(UART_1_IntClock.o)
                0x00002760                UART_1_IntClock_Start
 .text.CyHalt   0x0000277c        0x4 .\CortexM3\ARM_GCC_541\Debug\Hovedprogram.a(CyLib.o)
                0x0000277c                CyHalt
 .text.CyDelay  0x00002780       0x2c .\CortexM3\ARM_GCC_541\Debug\Hovedprogram.a(CyLib.o)
                0x00002780                CyDelay
 .text.CyDelayUs
                0x000027ac       0x14 .\CortexM3\ARM_GCC_541\Debug\Hovedprogram.a(CyLib.o)
                0x000027ac                CyDelayUs
 .text.CyIntSetVector
                0x000027c0       0x28 .\CortexM3\ARM_GCC_541\Debug\Hovedprogram.a(CyLib.o)
                0x000027c0                CyIntSetVector
 .text.CyIntSetPriority
                0x000027e8       0x30 .\CortexM3\ARM_GCC_541\Debug\Hovedprogram.a(CyLib.o)
                0x000027e8                CyIntSetPriority
 .text.PlayerSelect_Start
                0x00002818       0x20 .\CortexM3\ARM_GCC_541\Debug\Hovedprogram.a(PlayerSelect.o)
                0x00002818                PlayerSelect_Start
 .text.PlayerSelect_FastSelect
                0x00002838       0x20 .\CortexM3\ARM_GCC_541\Debug\Hovedprogram.a(PlayerSelect.o)
                0x00002838                PlayerSelect_FastSelect
 .text.isr_button_SetVector
                0x00002858        0xc .\CortexM3\ARM_GCC_541\Debug\Hovedprogram.a(isr_button.o)
                0x00002858                isr_button_SetVector
 .text.isr_button_SetPriority
                0x00002864       0x10 .\CortexM3\ARM_GCC_541\Debug\Hovedprogram.a(isr_button.o)
                0x00002864                isr_button_SetPriority
 .text.isr_button_Enable
                0x00002874        0xc .\CortexM3\ARM_GCC_541\Debug\Hovedprogram.a(isr_button.o)
                0x00002874                isr_button_Enable
 .text.isr_button_Disable
                0x00002880        0xc .\CortexM3\ARM_GCC_541\Debug\Hovedprogram.a(isr_button.o)
                0x00002880                isr_button_Disable
 .text.isr_button_StartEx
                0x0000288c       0x1c .\CortexM3\ARM_GCC_541\Debug\Hovedprogram.a(isr_button.o)
                0x0000288c                isr_button_StartEx
 .text.SPIMOutCtrl_Write
                0x000028a8        0xc .\CortexM3\ARM_GCC_541\Debug\Hovedprogram.a(SPIMOutCtrl.o)
                0x000028a8                SPIMOutCtrl_Write
 .text.I2C_1_Init
                0x000028b4       0x68 .\CortexM3\ARM_GCC_541\Debug\Hovedprogram.a(I2C_1.o)
                0x000028b4                I2C_1_Init
 .text.I2C_1_Enable
                0x0000291c       0x24 .\CortexM3\ARM_GCC_541\Debug\Hovedprogram.a(I2C_1.o)
                0x0000291c                I2C_1_Enable
 .text.I2C_1_Start
                0x00002940       0x28 .\CortexM3\ARM_GCC_541\Debug\Hovedprogram.a(I2C_1.o)
                0x00002940                I2C_1_Start
 .text.I2C_1_ISR
                0x00002968      0x2d0 .\CortexM3\ARM_GCC_541\Debug\Hovedprogram.a(I2C_1_INT.o)
                0x00002968                I2C_1_ISR
 .text.I2C_1_MasterSendStart
                0x00002c38       0x80 .\CortexM3\ARM_GCC_541\Debug\Hovedprogram.a(I2C_1_MASTER.o)
                0x00002c38                I2C_1_MasterSendStart
 .text.I2C_1_MasterSendStop
                0x00002cb8       0x38 .\CortexM3\ARM_GCC_541\Debug\Hovedprogram.a(I2C_1_MASTER.o)
                0x00002cb8                I2C_1_MasterSendStop
 .text.I2C_1_MasterWriteByte
                0x00002cf0       0x58 .\CortexM3\ARM_GCC_541\Debug\Hovedprogram.a(I2C_1_MASTER.o)
                0x00002cf0                I2C_1_MasterWriteByte
 .text.Timer_Stopur_Enable
                0x00002d48       0x10 .\CortexM3\ARM_GCC_541\Debug\Hovedprogram.a(Timer_Stopur.o)
                0x00002d48                Timer_Stopur_Enable
 .text.Timer_Stopur_Stop
                0x00002d58       0x10 .\CortexM3\ARM_GCC_541\Debug\Hovedprogram.a(Timer_Stopur.o)
                0x00002d58                Timer_Stopur_Stop
 .text.Timer_Stopur_SetInterruptMode
                0x00002d68        0xc .\CortexM3\ARM_GCC_541\Debug\Hovedprogram.a(Timer_Stopur.o)
                0x00002d68                Timer_Stopur_SetInterruptMode
 .text.Timer_Stopur_ReadStatusRegister
                0x00002d74        0xc .\CortexM3\ARM_GCC_541\Debug\Hovedprogram.a(Timer_Stopur.o)
                0x00002d74                Timer_Stopur_ReadStatusRegister
 .text.Timer_Stopur_WritePeriod
                0x00002d80        0xc .\CortexM3\ARM_GCC_541\Debug\Hovedprogram.a(Timer_Stopur.o)
                0x00002d80                Timer_Stopur_WritePeriod
 .text.Timer_Stopur_ReadCapture
                0x00002d8c        0xc .\CortexM3\ARM_GCC_541\Debug\Hovedprogram.a(Timer_Stopur.o)
                0x00002d8c                Timer_Stopur_ReadCapture
 .text.Timer_Stopur_WriteCounter
                0x00002d98        0xc .\CortexM3\ARM_GCC_541\Debug\Hovedprogram.a(Timer_Stopur.o)
                0x00002d98                Timer_Stopur_WriteCounter
 .text.Timer_Stopur_ClearFIFO
                0x00002da4       0x14 .\CortexM3\ARM_GCC_541\Debug\Hovedprogram.a(Timer_Stopur.o)
                0x00002da4                Timer_Stopur_ClearFIFO
 .text.Timer_Stopur_Init
                0x00002db8       0x34 .\CortexM3\ARM_GCC_541\Debug\Hovedprogram.a(Timer_Stopur.o)
                0x00002db8                Timer_Stopur_Init
 .text.Timer_Stopur_Start
                0x00002dec       0x1c .\CortexM3\ARM_GCC_541\Debug\Hovedprogram.a(Timer_Stopur.o)
                0x00002dec                Timer_Stopur_Start
 .text.isr_timer_SetVector
                0x00002e08        0xc .\CortexM3\ARM_GCC_541\Debug\Hovedprogram.a(isr_timer.o)
                0x00002e08                isr_timer_SetVector
 .text.isr_timer_SetPriority
                0x00002e14       0x10 .\CortexM3\ARM_GCC_541\Debug\Hovedprogram.a(isr_timer.o)
                0x00002e14                isr_timer_SetPriority
 .text.isr_timer_Enable
                0x00002e24       0x10 .\CortexM3\ARM_GCC_541\Debug\Hovedprogram.a(isr_timer.o)
                0x00002e24                isr_timer_Enable
 .text.isr_timer_Disable
                0x00002e34       0x10 .\CortexM3\ARM_GCC_541\Debug\Hovedprogram.a(isr_timer.o)
                0x00002e34                isr_timer_Disable
 .text.isr_timer_StartEx
                0x00002e44       0x1c .\CortexM3\ARM_GCC_541\Debug\Hovedprogram.a(isr_timer.o)
                0x00002e44                isr_timer_StartEx
 .text.Timer_LCD_Enable
                0x00002e60       0x10 .\CortexM3\ARM_GCC_541\Debug\Hovedprogram.a(Timer_LCD.o)
                0x00002e60                Timer_LCD_Enable
 .text.Timer_LCD_Stop
                0x00002e70       0x10 .\CortexM3\ARM_GCC_541\Debug\Hovedprogram.a(Timer_LCD.o)
                0x00002e70                Timer_LCD_Stop
 .text.Timer_LCD_SetInterruptMode
                0x00002e80        0xc .\CortexM3\ARM_GCC_541\Debug\Hovedprogram.a(Timer_LCD.o)
                0x00002e80                Timer_LCD_SetInterruptMode
 .text.Timer_LCD_ReadStatusRegister
                0x00002e8c        0xc .\CortexM3\ARM_GCC_541\Debug\Hovedprogram.a(Timer_LCD.o)
                0x00002e8c                Timer_LCD_ReadStatusRegister
 .text.Timer_LCD_WritePeriod
                0x00002e98        0xc .\CortexM3\ARM_GCC_541\Debug\Hovedprogram.a(Timer_LCD.o)
                0x00002e98                Timer_LCD_WritePeriod
 .text.Timer_LCD_ReadCapture
                0x00002ea4        0xc .\CortexM3\ARM_GCC_541\Debug\Hovedprogram.a(Timer_LCD.o)
                0x00002ea4                Timer_LCD_ReadCapture
 .text.Timer_LCD_WriteCounter
                0x00002eb0        0xc .\CortexM3\ARM_GCC_541\Debug\Hovedprogram.a(Timer_LCD.o)
                0x00002eb0                Timer_LCD_WriteCounter
 .text.Timer_LCD_ClearFIFO
                0x00002ebc       0x14 .\CortexM3\ARM_GCC_541\Debug\Hovedprogram.a(Timer_LCD.o)
                0x00002ebc                Timer_LCD_ClearFIFO
 .text.Timer_LCD_Init
                0x00002ed0       0x30 .\CortexM3\ARM_GCC_541\Debug\Hovedprogram.a(Timer_LCD.o)
                0x00002ed0                Timer_LCD_Init
 .text.Timer_LCD_Start
                0x00002f00       0x1c .\CortexM3\ARM_GCC_541\Debug\Hovedprogram.a(Timer_LCD.o)
                0x00002f00                Timer_LCD_Start
 .text.isr_refreshrate_LCD_SetVector
                0x00002f1c        0xc .\CortexM3\ARM_GCC_541\Debug\Hovedprogram.a(isr_refreshrate_LCD.o)
                0x00002f1c                isr_refreshrate_LCD_SetVector
 .text.isr_refreshrate_LCD_SetPriority
                0x00002f28       0x10 .\CortexM3\ARM_GCC_541\Debug\Hovedprogram.a(isr_refreshrate_LCD.o)
                0x00002f28                isr_refreshrate_LCD_SetPriority
 .text.isr_refreshrate_LCD_Enable
                0x00002f38       0x10 .\CortexM3\ARM_GCC_541\Debug\Hovedprogram.a(isr_refreshrate_LCD.o)
                0x00002f38                isr_refreshrate_LCD_Enable
 .text.isr_refreshrate_LCD_Disable
                0x00002f48       0x10 .\CortexM3\ARM_GCC_541\Debug\Hovedprogram.a(isr_refreshrate_LCD.o)
                0x00002f48                isr_refreshrate_LCD_Disable
 .text.isr_refreshrate_LCD_StartEx
                0x00002f58       0x1c .\CortexM3\ARM_GCC_541\Debug\Hovedprogram.a(isr_refreshrate_LCD.o)
                0x00002f58                isr_refreshrate_LCD_StartEx
 .text.Timer4_Enable
                0x00002f74       0x10 .\CortexM3\ARM_GCC_541\Debug\Hovedprogram.a(Timer4.o)
                0x00002f74                Timer4_Enable
 .text.Timer4_SetInterruptMode
                0x00002f84        0xc .\CortexM3\ARM_GCC_541\Debug\Hovedprogram.a(Timer4.o)
                0x00002f84                Timer4_SetInterruptMode
 .text.Timer4_ReadStatusRegister
                0x00002f90        0xc .\CortexM3\ARM_GCC_541\Debug\Hovedprogram.a(Timer4.o)
                0x00002f90                Timer4_ReadStatusRegister
 .text.Timer4_WritePeriod
                0x00002f9c        0xc .\CortexM3\ARM_GCC_541\Debug\Hovedprogram.a(Timer4.o)
                0x00002f9c                Timer4_WritePeriod
 .text.Timer4_ReadCapture
                0x00002fa8        0xc .\CortexM3\ARM_GCC_541\Debug\Hovedprogram.a(Timer4.o)
                0x00002fa8                Timer4_ReadCapture
 .text.Timer4_WriteCounter
                0x00002fb4        0xc .\CortexM3\ARM_GCC_541\Debug\Hovedprogram.a(Timer4.o)
                0x00002fb4                Timer4_WriteCounter
 .text.Timer4_ClearFIFO
                0x00002fc0       0x14 .\CortexM3\ARM_GCC_541\Debug\Hovedprogram.a(Timer4.o)
                0x00002fc0                Timer4_ClearFIFO
 .text.Timer4_Init
                0x00002fd4       0x34 .\CortexM3\ARM_GCC_541\Debug\Hovedprogram.a(Timer4.o)
                0x00002fd4                Timer4_Init
 .text.Timer4_Start
                0x00003008       0x1c .\CortexM3\ARM_GCC_541\Debug\Hovedprogram.a(Timer4.o)
                0x00003008                Timer4_Start
 .text.isr_BlinkLED_SetVector
                0x00003024        0xc .\CortexM3\ARM_GCC_541\Debug\Hovedprogram.a(isr_BlinkLED.o)
                0x00003024                isr_BlinkLED_SetVector
 .text.isr_BlinkLED_SetPriority
                0x00003030       0x10 .\CortexM3\ARM_GCC_541\Debug\Hovedprogram.a(isr_BlinkLED.o)
                0x00003030                isr_BlinkLED_SetPriority
 .text.isr_BlinkLED_Enable
                0x00003040        0xc .\CortexM3\ARM_GCC_541\Debug\Hovedprogram.a(isr_BlinkLED.o)
                0x00003040                isr_BlinkLED_Enable
 .text.isr_BlinkLED_Disable
                0x0000304c        0xc .\CortexM3\ARM_GCC_541\Debug\Hovedprogram.a(isr_BlinkLED.o)
                0x0000304c                isr_BlinkLED_Disable
 .text.isr_BlinkLED_StartEx
                0x00003058       0x1c .\CortexM3\ARM_GCC_541\Debug\Hovedprogram.a(isr_BlinkLED.o)
                0x00003058                isr_BlinkLED_StartEx
 .text.isr_delay_SetVector
                0x00003074        0xc .\CortexM3\ARM_GCC_541\Debug\Hovedprogram.a(isr_delay.o)
                0x00003074                isr_delay_SetVector
 .text.isr_delay_SetPriority
                0x00003080       0x10 .\CortexM3\ARM_GCC_541\Debug\Hovedprogram.a(isr_delay.o)
                0x00003080                isr_delay_SetPriority
 .text.isr_delay_Enable
                0x00003090        0xc .\CortexM3\ARM_GCC_541\Debug\Hovedprogram.a(isr_delay.o)
                0x00003090                isr_delay_Enable
 .text.isr_delay_Disable
                0x0000309c        0xc .\CortexM3\ARM_GCC_541\Debug\Hovedprogram.a(isr_delay.o)
                0x0000309c                isr_delay_Disable
 .text.isr_delay_StartEx
                0x000030a8       0x1c .\CortexM3\ARM_GCC_541\Debug\Hovedprogram.a(isr_delay.o)
                0x000030a8                isr_delay_StartEx
 .text.Timer5_Enable
                0x000030c4       0x10 .\CortexM3\ARM_GCC_541\Debug\Hovedprogram.a(Timer5.o)
                0x000030c4                Timer5_Enable
 .text.Timer5_Stop
                0x000030d4       0x10 .\CortexM3\ARM_GCC_541\Debug\Hovedprogram.a(Timer5.o)
                0x000030d4                Timer5_Stop
 .text.Timer5_SetInterruptMode
                0x000030e4        0xc .\CortexM3\ARM_GCC_541\Debug\Hovedprogram.a(Timer5.o)
                0x000030e4                Timer5_SetInterruptMode
 .text.Timer5_ReadStatusRegister
                0x000030f0        0xc .\CortexM3\ARM_GCC_541\Debug\Hovedprogram.a(Timer5.o)
                0x000030f0                Timer5_ReadStatusRegister
 .text.Timer5_WritePeriod
                0x000030fc        0xc .\CortexM3\ARM_GCC_541\Debug\Hovedprogram.a(Timer5.o)
                0x000030fc                Timer5_WritePeriod
 .text.Timer5_ReadCapture
                0x00003108        0xc .\CortexM3\ARM_GCC_541\Debug\Hovedprogram.a(Timer5.o)
                0x00003108                Timer5_ReadCapture
 .text.Timer5_WriteCounter
                0x00003114        0xc .\CortexM3\ARM_GCC_541\Debug\Hovedprogram.a(Timer5.o)
                0x00003114                Timer5_WriteCounter
 .text.Timer5_ClearFIFO
                0x00003120       0x14 .\CortexM3\ARM_GCC_541\Debug\Hovedprogram.a(Timer5.o)
                0x00003120                Timer5_ClearFIFO
 .text.Timer5_Init
                0x00003134       0x34 .\CortexM3\ARM_GCC_541\Debug\Hovedprogram.a(Timer5.o)
                0x00003134                Timer5_Init
 .text.Timer5_Start
                0x00003168       0x1c .\CortexM3\ARM_GCC_541\Debug\Hovedprogram.a(Timer5.o)
                0x00003168                Timer5_Start
 .text.SPI_int_Write
                0x00003184       0x18 .\CortexM3\ARM_GCC_541\Debug\Hovedprogram.a(SPI_int.o)
                0x00003184                SPI_int_Write
 .text.SPIS_Enable
                0x0000319c       0x3c .\CortexM3\ARM_GCC_541\Debug\Hovedprogram.a(SPIS.o)
                0x0000319c                SPIS_Enable
 .text.SPIS_ReadTxStatus
                0x000031d8        0xc .\CortexM3\ARM_GCC_541\Debug\Hovedprogram.a(SPIS.o)
                0x000031d8                SPIS_ReadTxStatus
 .text.SPIS_ReadRxStatus
                0x000031e4        0xc .\CortexM3\ARM_GCC_541\Debug\Hovedprogram.a(SPIS.o)
                0x000031e4                SPIS_ReadRxStatus
 .text.SPIS_WriteTxData
                0x000031f0       0x18 .\CortexM3\ARM_GCC_541\Debug\Hovedprogram.a(SPIS.o)
                0x000031f0                SPIS_WriteTxData
 .text.SPIS_ReadRxData
                0x00003208        0xc .\CortexM3\ARM_GCC_541\Debug\Hovedprogram.a(SPIS.o)
                0x00003208                SPIS_ReadRxData
 .text.SPIS_ClearFIFO
                0x00003214       0x3c .\CortexM3\ARM_GCC_541\Debug\Hovedprogram.a(SPIS.o)
                0x00003214                SPIS_ClearFIFO
 .text.SPIS_Init
                0x00003250       0x4c .\CortexM3\ARM_GCC_541\Debug\Hovedprogram.a(SPIS.o)
                0x00003250                SPIS_Init
 .text.SPIS_Start
                0x0000329c       0x1c .\CortexM3\ARM_GCC_541\Debug\Hovedprogram.a(SPIS.o)
                0x0000329c                SPIS_Start
 .text.SPIS_RX_ISR
                0x000032b8        0x4 .\CortexM3\ARM_GCC_541\Debug\Hovedprogram.a(SPIS_INT.o)
                0x000032b8                SPIS_RX_ISR
 .text.rx_isr_SetVector
                0x000032bc        0xc .\CortexM3\ARM_GCC_541\Debug\Hovedprogram.a(rx_isr.o)
                0x000032bc                rx_isr_SetVector
 .text.rx_isr_SetPriority
                0x000032c8       0x10 .\CortexM3\ARM_GCC_541\Debug\Hovedprogram.a(rx_isr.o)
                0x000032c8                rx_isr_SetPriority
 .text.rx_isr_Enable
                0x000032d8       0x10 .\CortexM3\ARM_GCC_541\Debug\Hovedprogram.a(rx_isr.o)
                0x000032d8                rx_isr_Enable
 .text.rx_isr_Disable
                0x000032e8       0x10 .\CortexM3\ARM_GCC_541\Debug\Hovedprogram.a(rx_isr.o)
                0x000032e8                rx_isr_Disable
 .text.rx_isr_StartEx
                0x000032f8       0x1c .\CortexM3\ARM_GCC_541\Debug\Hovedprogram.a(rx_isr.o)
                0x000032f8                rx_isr_StartEx
 *fill*         0x00003314        0x4 
 .text          0x00003318       0x20 .\CortexM3\ARM_GCC_541\Debug\Hovedprogram.a(CyBootAsmGnu.o)
                0x00003318                CyDelayCycles
                0x00003328                CyEnterCriticalSection
                0x00003330                CyExitCriticalSection
 .text          0x00003338      0x370 c:/program files (x86)/cypress/psoc creator/4.3/psoc creator/import/gnu/arm/5.4.1/bin/../lib/gcc/arm-none-eabi/5.4.1/armv7-m\libgcc.a(_arm_addsubdf3.o)
                0x00003338                __aeabi_drsub
                0x00003340                __aeabi_dsub
                0x00003340                __subdf3
                0x00003344                __aeabi_dadd
                0x00003344                __adddf3
                0x000035bc                __floatunsidf
                0x000035bc                __aeabi_ui2d
                0x000035dc                __floatsidf
                0x000035dc                __aeabi_i2d
                0x00003600                __aeabi_f2d
                0x00003600                __extendsfdf2
                0x0000363c                __floatundidf
                0x0000363c                __aeabi_ul2d
                0x0000364c                __floatdidf
                0x0000364c                __aeabi_l2d
 .text          0x000036a8      0x424 c:/program files (x86)/cypress/psoc creator/4.3/psoc creator/import/gnu/arm/5.4.1/bin/../lib/gcc/arm-none-eabi/5.4.1/armv7-m\libgcc.a(_arm_muldivdf3.o)
                0x000036a8                __aeabi_dmul
                0x000036a8                __muldf3
                0x000038fc                __divdf3
                0x000038fc                __aeabi_ddiv
 .text          0x00003acc      0x110 c:/program files (x86)/cypress/psoc creator/4.3/psoc creator/import/gnu/arm/5.4.1/bin/../lib/gcc/arm-none-eabi/5.4.1/armv7-m\libgcc.a(_arm_cmpdf2.o)
                0x00003acc                __gtdf2
                0x00003acc                __gedf2
                0x00003ad4                __ltdf2
                0x00003ad4                __ledf2
                0x00003adc                __nedf2
                0x00003adc                __eqdf2
                0x00003adc                __cmpdf2
                0x00003b58                __aeabi_cdrcmple
                0x00003b68                __aeabi_cdcmpeq
                0x00003b68                __aeabi_cdcmple
                0x00003b78                __aeabi_dcmpeq
                0x00003b8c                __aeabi_dcmplt
                0x00003ba0                __aeabi_dcmple
                0x00003bb4                __aeabi_dcmpge
                0x00003bc8                __aeabi_dcmpgt
 .text          0x00003bdc       0x50 c:/program files (x86)/cypress/psoc creator/4.3/psoc creator/import/gnu/arm/5.4.1/bin/../lib/gcc/arm-none-eabi/5.4.1/armv7-m\libgcc.a(_arm_fixdfsi.o)
                0x00003bdc                __aeabi_d2iz
                0x00003bdc                __fixdfsi
 .text          0x00003c2c       0xa0 c:/program files (x86)/cypress/psoc creator/4.3/psoc creator/import/gnu/arm/5.4.1/bin/../lib/gcc/arm-none-eabi/5.4.1/armv7-m\libgcc.a(_arm_truncdfsf2.o)
                0x00003c2c                __truncdfsf2
                0x00003c2c                __aeabi_d2f
 .text          0x00003ccc      0x21c c:/program files (x86)/cypress/psoc creator/4.3/psoc creator/import/gnu/arm/5.4.1/bin/../lib/gcc/arm-none-eabi/5.4.1/armv7-m\libgcc.a(_arm_addsubsf3.o)
                0x00003ccc                __aeabi_frsub
                0x00003cd4                __subsf3
                0x00003cd4                __aeabi_fsub
                0x00003cd8                __aeabi_fadd
                0x00003cd8                __addsf3
                0x00003e38                __aeabi_ui2f
                0x00003e38                __floatunsisf
                0x00003e40                __aeabi_i2f
                0x00003e40                __floatsisf
                0x00003e5c                __aeabi_ul2f
                0x00003e5c                __floatundisf
                0x00003e6c                __aeabi_l2f
                0x00003e6c                __floatdisf
 .text          0x00003ee8      0x2a0 c:/program files (x86)/cypress/psoc creator/4.3/psoc creator/import/gnu/arm/5.4.1/bin/../lib/gcc/arm-none-eabi/5.4.1/armv7-m\libgcc.a(_arm_muldivsf3.o)
                0x00003ee8                __mulsf3
                0x00003ee8                __aeabi_fmul
                0x00004050                __aeabi_fdiv
                0x00004050                __divsf3
 .text          0x00004188       0xec c:/program files (x86)/cypress/psoc creator/4.3/psoc creator/import/gnu/arm/5.4.1/bin/../lib/gcc/arm-none-eabi/5.4.1/armv7-m\libgcc.a(_arm_cmpsf2.o)
                0x00004188                __gesf2
                0x00004188                __gtsf2
                0x00004190                __lesf2
                0x00004190                __ltsf2
                0x00004198                __nesf2
                0x00004198                __eqsf2
                0x00004198                __cmpsf2
                0x000041f8                __aeabi_cfrcmple
                0x00004200                __aeabi_cfcmpeq
                0x00004200                __aeabi_cfcmple
                0x00004210                __aeabi_fcmpeq
                0x00004224                __aeabi_fcmplt
                0x00004238                __aeabi_fcmple
                0x0000424c                __aeabi_fcmpge
                0x00004260                __aeabi_fcmpgt
 .text          0x00004274       0x4c c:/program files (x86)/cypress/psoc creator/4.3/psoc creator/import/gnu/arm/5.4.1/bin/../lib/gcc/arm-none-eabi/5.4.1/armv7-m\libgcc.a(_arm_fixsfsi.o)
                0x00004274                __aeabi_f2iz
                0x00004274                __fixsfsi
 .text.__errno  0x000042c0        0xc c:/program files (x86)/cypress/psoc creator/4.3/psoc creator/import/gnu/arm/5.4.1/bin/../lib/gcc/arm-none-eabi/5.4.1/../../../../arm-none-eabi/lib/armv7-m\libg_nano.a(lib_a-errno.o)
                0x000042c0                __errno
 .text.__libc_init_array
                0x000042cc       0x4c c:/program files (x86)/cypress/psoc creator/4.3/psoc creator/import/gnu/arm/5.4.1/bin/../lib/gcc/arm-none-eabi/5.4.1/../../../../arm-none-eabi/lib/armv7-m\libg_nano.a(lib_a-init.o)
                0x000042cc                __libc_init_array
 .text.memcpy   0x00004318       0x16 c:/program files (x86)/cypress/psoc creator/4.3/psoc creator/import/gnu/arm/5.4.1/bin/../lib/gcc/arm-none-eabi/5.4.1/../../../../arm-none-eabi/lib/armv7-m\libg_nano.a(lib_a-memcpy-stub.o)
                0x00004318                memcpy
 .text.memset   0x0000432e       0x10 c:/program files (x86)/cypress/psoc creator/4.3/psoc creator/import/gnu/arm/5.4.1/bin/../lib/gcc/arm-none-eabi/5.4.1/../../../../arm-none-eabi/lib/armv7-m\libg_nano.a(lib_a-memset.o)
                0x0000432e                memset
 *fill*         0x0000433e        0x2 
 .text.snprintf
                0x00004340       0x64 c:/program files (x86)/cypress/psoc creator/4.3/psoc creator/import/gnu/arm/5.4.1/bin/../lib/gcc/arm-none-eabi/5.4.1/../../../../arm-none-eabi/lib/armv7-m\libg_nano.a(lib_a-snprintf.o)
                0x00004340                sniprintf
                0x00004340                snprintf
 .text.sprintf  0x000043a4       0x48 c:/program files (x86)/cypress/psoc creator/4.3/psoc creator/import/gnu/arm/5.4.1/bin/../lib/gcc/arm-none-eabi/5.4.1/../../../../arm-none-eabi/lib/armv7-m\libg_nano.a(lib_a-sprintf.o)
                0x000043a4                siprintf
                0x000043a4                sprintf
 .text          0x000043ec       0x10 c:/program files (x86)/cypress/psoc creator/4.3/psoc creator/import/gnu/arm/5.4.1/bin/../lib/gcc/arm-none-eabi/5.4.1/../../../../arm-none-eabi/lib/armv7-m\libg_nano.a(lib_a-strlen.o)
                0x000043ec                strlen
 .text.__ssputs_r
                0x000043fc       0xb2 c:/program files (x86)/cypress/psoc creator/4.3/psoc creator/import/gnu/arm/5.4.1/bin/../lib/gcc/arm-none-eabi/5.4.1/../../../../arm-none-eabi/lib/armv7-m\libg_nano.a(lib_a-nano-svfprintf.o)
                0x000043fc                __ssputs_r
 *fill*         0x000044ae        0x2 
 .text._svfprintf_r
                0x000044b0      0x1e8 c:/program files (x86)/cypress/psoc creator/4.3/psoc creator/import/gnu/arm/5.4.1/bin/../lib/gcc/arm-none-eabi/5.4.1/../../../../arm-none-eabi/lib/armv7-m\libg_nano.a(lib_a-nano-svfprintf.o)
                0x000044b0                _svfiprintf_r
                0x000044b0                _svfprintf_r
 .text._printf_common
                0x00004698       0xec c:/program files (x86)/cypress/psoc creator/4.3/psoc creator/import/gnu/arm/5.4.1/bin/../lib/gcc/arm-none-eabi/5.4.1/../../../../arm-none-eabi/lib/armv7-m\libg_nano.a(lib_a-nano-vfprintf_i.o)
                0x00004698                _printf_common
 .text._printf_i
                0x00004784      0x24c c:/program files (x86)/cypress/psoc creator/4.3/psoc creator/import/gnu/arm/5.4.1/bin/../lib/gcc/arm-none-eabi/5.4.1/../../../../arm-none-eabi/lib/armv7-m\libg_nano.a(lib_a-nano-vfprintf_i.o)
                0x00004784                _printf_i
 .text.memchr   0x000049d0       0x1c c:/program files (x86)/cypress/psoc creator/4.3/psoc creator/import/gnu/arm/5.4.1/bin/../lib/gcc/arm-none-eabi/5.4.1/../../../../arm-none-eabi/lib/armv7-m\libg_nano.a(lib_a-memchr-stub.o)
                0x000049d0                memchr
 .text.memmove  0x000049ec       0x36 c:/program files (x86)/cypress/psoc creator/4.3/psoc creator/import/gnu/arm/5.4.1/bin/../lib/gcc/arm-none-eabi/5.4.1/../../../../arm-none-eabi/lib/armv7-m\libg_nano.a(lib_a-memmove.o)
                0x000049ec                memmove
 *fill*         0x00004a22        0x2 
 .text._free_r  0x00004a24       0x98 c:/program files (x86)/cypress/psoc creator/4.3/psoc creator/import/gnu/arm/5.4.1/bin/../lib/gcc/arm-none-eabi/5.4.1/../../../../arm-none-eabi/lib/armv7-m\libg_nano.a(lib_a-nano-freer.o)
                0x00004a24                _free_r
 .text._malloc_r
                0x00004abc       0xbc c:/program files (x86)/cypress/psoc creator/4.3/psoc creator/import/gnu/arm/5.4.1/bin/../lib/gcc/arm-none-eabi/5.4.1/../../../../arm-none-eabi/lib/armv7-m\libg_nano.a(lib_a-nano-mallocr.o)
                0x00004abc                _malloc_r
 .text._realloc_r
                0x00004b78       0x4c c:/program files (x86)/cypress/psoc creator/4.3/psoc creator/import/gnu/arm/5.4.1/bin/../lib/gcc/arm-none-eabi/5.4.1/../../../../arm-none-eabi/lib/armv7-m\libg_nano.a(lib_a-nano-reallocr.o)
                0x00004b78                _realloc_r
 .text._sbrk_r  0x00004bc4       0x20 c:/program files (x86)/cypress/psoc creator/4.3/psoc creator/import/gnu/arm/5.4.1/bin/../lib/gcc/arm-none-eabi/5.4.1/../../../../arm-none-eabi/lib/armv7-m\libg_nano.a(lib_a-sbrkr.o)
                0x00004bc4                _sbrk_r
 .text.__malloc_lock
                0x00004be4        0x2 c:/program files (x86)/cypress/psoc creator/4.3/psoc creator/import/gnu/arm/5.4.1/bin/../lib/gcc/arm-none-eabi/5.4.1/../../../../arm-none-eabi/lib/armv7-m\libg_nano.a(lib_a-mlock.o)
                0x00004be4                __malloc_lock
 .text.__malloc_unlock
                0x00004be6        0x2 c:/program files (x86)/cypress/psoc creator/4.3/psoc creator/import/gnu/arm/5.4.1/bin/../lib/gcc/arm-none-eabi/5.4.1/../../../../arm-none-eabi/lib/armv7-m\libg_nano.a(lib_a-mlock.o)
                0x00004be6                __malloc_unlock
 .text._malloc_usable_size_r
                0x00004be8       0x14 c:/program files (x86)/cypress/psoc creator/4.3/psoc creator/import/gnu/arm/5.4.1/bin/../lib/gcc/arm-none-eabi/5.4.1/../../../../arm-none-eabi/lib/armv7-m\libg_nano.a(lib_a-nano-msizer.o)
                0x00004be8                _malloc_usable_size_r
 *(.plt)
 *(.gnu.warning)
 *(.glue_7t)
 .glue_7t       0x00004bfc        0x0 linker stubs
 *(.glue_7)
 .glue_7        0x00004bfc        0x0 linker stubs
 *(.vfp11_veneer)
 .vfp11_veneer  0x00004bfc        0x0 linker stubs
 *(.bootloader)
 *(.ARM.extab* .gnu.linkonce.armextab.*)
 *(.gcc_except_table)

.v4_bx          0x00004bfc        0x0
 .v4_bx         0x00004bfc        0x0 linker stubs

.iplt           0x00004bfc        0x0
 .iplt          0x00004bfc        0x0 c:/program files (x86)/cypress/psoc creator/4.3/psoc creator/import/gnu/arm/5.4.1/bin/../lib/gcc/arm-none-eabi/5.4.1/armv7-m/crtbegin.o

.eh_frame_hdr
 *(.eh_frame_hdr)

.eh_frame       0x00004bfc        0x4
 *(.eh_frame)
 .eh_frame      0x00004bfc        0x0 c:/program files (x86)/cypress/psoc creator/4.3/psoc creator/import/gnu/arm/5.4.1/bin/../lib/gcc/arm-none-eabi/5.4.1/armv7-m/crtbegin.o
 .eh_frame      0x00004bfc        0x4 c:/program files (x86)/cypress/psoc creator/4.3/psoc creator/import/gnu/arm/5.4.1/bin/../lib/gcc/arm-none-eabi/5.4.1/armv7-m/crtend.o
                [!provide]                PROVIDE (__exidx_start, .)

.ARM.exidx
 *(.ARM.exidx* .gnu.linkonce.armexidx.*)
                0x00004c00                __exidx_end = .

.rodata         0x00004c00      0x458
 *(.rodata .rodata.* .gnu.linkonce.r.*)
 .rodata.str1.4
                0x00004c00      0x2ab .\CortexM3\ARM_GCC_541\Debug\main.o
                                0x2af (size before relaxing)
 *fill*         0x00004eab        0x1 
 .rodata.str1.4
                0x00004eac       0x74 .\CortexM3\ARM_GCC_541\Debug\WeightSensors.o
                                 0x76 (size before relaxing)
 .rodata.str1.4
                0x00004f20        0x7 .\CortexM3\ARM_GCC_541\Debug\UART.o
 *fill*         0x00004f27        0x1 
 .rodata.str1.4
                0x00004f28       0x2a .\CortexM3\ARM_GCC_541\Debug\Display.o
 *fill*         0x00004f52        0x2 
 .rodata        0x00004f54       0x10 .\CortexM3\ARM_GCC_541\Debug\LiquidCrystal_I2C.o
 .rodata.str1.4
                0x00004f64       0x34 .\CortexM3\ARM_GCC_541\Debug\VT100Terminal.o
                                 0x31 (size before relaxing)
 .rodata        0x00004f98       0x50 .\CortexM3\ARM_GCC_541\Debug\cyfitter_cfg.o
                0x00004f98                PlayerSelect__addrTable
                0x00004fa0                PlayerSelect__maskTable
 .rodata.str1.1
                0x00004fe8        0x2 c:/program files (x86)/cypress/psoc creator/4.3/psoc creator/import/gnu/arm/5.4.1/bin/../lib/gcc/arm-none-eabi/5.4.1/../../../../arm-none-eabi/lib/armv7-m\libg_nano.a(lib_a-impure.o)
 .rodata.str1.1
                0x00004fea       0x11 c:/program files (x86)/cypress/psoc creator/4.3/psoc creator/import/gnu/arm/5.4.1/bin/../lib/gcc/arm-none-eabi/5.4.1/../../../../arm-none-eabi/lib/armv7-m\libg_nano.a(lib_a-nano-svfprintf.o)
 .rodata.str1.1
                0x00004ffb       0x22 c:/program files (x86)/cypress/psoc creator/4.3/psoc creator/import/gnu/arm/5.4.1/bin/../lib/gcc/arm-none-eabi/5.4.1/../../../../arm-none-eabi/lib/armv7-m\libg_nano.a(lib_a-nano-vfprintf_i.o)
                0x00005020                . = ALIGN (0x4)
 *fill*         0x0000501d        0x3 
 *(.init)
 .init          0x00005020        0x4 c:/program files (x86)/cypress/psoc creator/4.3/psoc creator/import/gnu/arm/5.4.1/bin/../lib/gcc/arm-none-eabi/5.4.1/armv7-m/crti.o
                0x00005020                _init
 .init          0x00005024        0x8 c:/program files (x86)/cypress/psoc creator/4.3/psoc creator/import/gnu/arm/5.4.1/bin/../lib/gcc/arm-none-eabi/5.4.1/armv7-m/crtn.o
                0x0000502c                . = ALIGN (0x4)
                0x0000502c                __preinit_array_start = .
 *(.preinit_array)
                0x0000502c                __preinit_array_end = .
                0x0000502c                . = ALIGN (0x4)
                0x0000502c                __init_array_start = .
 *(SORT(.init_array.*))
 *(.init_array)
 .init_array    0x0000502c        0x4 c:/program files (x86)/cypress/psoc creator/4.3/psoc creator/import/gnu/arm/5.4.1/bin/../lib/gcc/arm-none-eabi/5.4.1/armv7-m/crtbegin.o
 .init_array    0x00005030        0x4 .\CortexM3\ARM_GCC_541\Debug\Cm3Start.o
                0x00005034                __init_array_end = .
                0x00005034                . = ALIGN (0x4)
 *(.fini)
 .fini          0x00005034        0x4 c:/program files (x86)/cypress/psoc creator/4.3/psoc creator/import/gnu/arm/5.4.1/bin/../lib/gcc/arm-none-eabi/5.4.1/armv7-m/crti.o
                0x00005034                _fini
 .fini          0x00005038        0x8 c:/program files (x86)/cypress/psoc creator/4.3/psoc creator/import/gnu/arm/5.4.1/bin/../lib/gcc/arm-none-eabi/5.4.1/armv7-m/crtn.o
                0x00005040                . = ALIGN (0x4)
                0x00005040                __fini_array_start = .
 *(.fini_array)
 .fini_array    0x00005040        0x4 c:/program files (x86)/cypress/psoc creator/4.3/psoc creator/import/gnu/arm/5.4.1/bin/../lib/gcc/arm-none-eabi/5.4.1/armv7-m/crtbegin.o
 *(SORT(.fini_array.*))
                0x00005044                __fini_array_end = .
                0x00005044                . = ALIGN (0x4)
 *crtbegin.o(.ctors)
 *(EXCLUDE_FILE(*crtend.o) .ctors)
 *(SORT(.ctors.*))
 *crtend.o(.ctors)
                0x00005044                . = ALIGN (0x4)
 *crtbegin.o(.dtors)
 *(EXCLUDE_FILE(*crtend.o) .dtors)
 *(SORT(.dtors.*))
 *crtend.o(.dtors)
                0x00005044                . = ALIGN (0x4)
                0x00005044                __cy_regions = .
                0x00005044        0x4 LONG 0x5058 __cy_region_init_ram
                0x00005048        0x4 LONG 0x1fff80c8 __cy_region_start_data
                0x0000504c        0x4 LONG 0x88 __cy_region_init_size_ram
                0x00005050        0x4 LONG 0x170 __cy_region_zero_size_ram
                0x00005054                __cy_regions_end = .
                0x00005058                . = ALIGN (0x8)
 *fill*         0x00005054        0x4 
                0x00005058                _etext = .

.cy_checksum_exclude
                0x00005058        0x0
 *(.cy_checksum_exclude)

.ramvectors     0x1fff8000       0xc0
                0x1fff8000                __cy_region_start_ram = .
 *(.ramvectors)
 .ramvectors    0x1fff8000       0xc0 .\CortexM3\ARM_GCC_541\Debug\Cm3Start.o
                0x1fff8000                CyRamVectors

.noinit         0x1fff80c0        0x1
 *(.noinit)
 .noinit        0x1fff80c0        0x1 .\CortexM3\ARM_GCC_541\Debug\Hovedprogram.a(CyLib.o)
                0x1fff80c0                CyResetStatus

.data           0x1fff80c8       0x88 load address 0x00005058
                0x1fff80c8                __cy_region_start_data = .
 *(.jcr)
 .jcr           0x1fff80c8        0x0 c:/program files (x86)/cypress/psoc creator/4.3/psoc creator/import/gnu/arm/5.4.1/bin/../lib/gcc/arm-none-eabi/5.4.1/armv7-m/crtbegin.o
 .jcr           0x1fff80c8        0x4 c:/program files (x86)/cypress/psoc creator/4.3/psoc creator/import/gnu/arm/5.4.1/bin/../lib/gcc/arm-none-eabi/5.4.1/armv7-m/crtend.o
 *(.got.plt)
 *(.got)
 *(.shdata)
 *(.data .data.* .gnu.linkonce.d.*)
 .data          0x1fff80cc        0x4 .\CortexM3\ARM_GCC_541\Debug\LEDcontrol.o
 .data          0x1fff80d0        0x4 .\CortexM3\ARM_GCC_541\Debug\Cm3Start.o
 .data          0x1fff80d4       0x10 .\CortexM3\ARM_GCC_541\Debug\Hovedprogram.a(CyLib.o)
                0x1fff80d4                cydelay_32k_ms
                0x1fff80d8                cydelay_freq_khz
                0x1fff80dc                cydelay_freq_mhz
                0x1fff80e0                cydelay_freq_hz
 .data          0x1fff80e4        0x1 .\CortexM3\ARM_GCC_541\Debug\Hovedprogram.a(PlayerSelect.o)
 *fill*         0x1fff80e5        0x3 
 .data.impure_data
                0x1fff80e8       0x60 c:/program files (x86)/cypress/psoc creator/4.3/psoc creator/import/gnu/arm/5.4.1/bin/../lib/gcc/arm-none-eabi/5.4.1/../../../../arm-none-eabi/lib/armv7-m\libg_nano.a(lib_a-impure.o)
 .data._impure_ptr
                0x1fff8148        0x4 c:/program files (x86)/cypress/psoc creator/4.3/psoc creator/import/gnu/arm/5.4.1/bin/../lib/gcc/arm-none-eabi/5.4.1/../../../../arm-none-eabi/lib/armv7-m\libg_nano.a(lib_a-impure.o)
                0x1fff8148                _impure_ptr
                0x1fff8150                . = ALIGN (0x8)
 *fill*         0x1fff814c        0x4 
 *(.ram)
                0x1fff8150                _edata = .

.igot.plt       0x1fff8150        0x0 load address 0x000050e0
 .igot.plt      0x1fff8150        0x0 c:/program files (x86)/cypress/psoc creator/4.3/psoc creator/import/gnu/arm/5.4.1/bin/../lib/gcc/arm-none-eabi/5.4.1/armv7-m/crtbegin.o

.bss            0x1fff8150      0x170 load address 0x000050e0
                0x1fff8150                PROVIDE (__bss_start__, .)
 *(.shbss)
 *(.bss .bss.* .gnu.linkonce.b.*)
 .bss           0x1fff8150       0x1c c:/program files (x86)/cypress/psoc creator/4.3/psoc creator/import/gnu/arm/5.4.1/bin/../lib/gcc/arm-none-eabi/5.4.1/armv7-m/crtbegin.o
 .bss           0x1fff816c       0x50 .\CortexM3\ARM_GCC_541\Debug\main.o
                0x1fff816c                _WSptr
                0x1fff8188                pErr
                0x1fff818c                chugp1
                0x1fff8190                pLoser
                0x1fff8194                glasvaegtLoser
                0x1fff8198                chugp2
                0x1fff819c                cycleCountIdle
                0x1fff81a0                cycleCountReady
                0x1fff81a4                cycleCountCountdown
                0x1fff81a8                cycleCountEvaluatingWeight
                0x1fff81ac                tidp2
                0x1fff81b0                tidp1
                0x1fff81b4                chugstart
                0x1fff81b8                glasvaegtWinner
 .bss           0x1fff81bc       0x20 .\CortexM3\ARM_GCC_541\Debug\WeightSensors.o
                0x1fff81bc                WSptr
                0x1fff81d8                weighthys
 .bss           0x1fff81dc        0x8 .\CortexM3\ARM_GCC_541\Debug\Display.o
                0x1fff81dc                display1On
                0x1fff81e0                display2On
 .bss           0x1fff81e4        0x4 .\CortexM3\ARM_GCC_541\Debug\Stopur.o
                0x1fff81e4                count
 .bss           0x1fff81e8       0x1c .\CortexM3\ARM_GCC_541\Debug\LEDcontrol.o
                0x1fff81e8                rgbLED1
                0x1fff81ec                rgbLED2
 .bss           0x1fff8204        0x1 .\CortexM3\ARM_GCC_541\Debug\Hovedprogram.a(SPIM_1.o)
                0x1fff8204                SPIM_1_initVar
 .bss           0x1fff8205        0x1 .\CortexM3\ARM_GCC_541\Debug\Hovedprogram.a(Timer1.o)
                0x1fff8205                Timer1_initVar
 .bss           0x1fff8206        0x1 .\CortexM3\ARM_GCC_541\Debug\Hovedprogram.a(Timer2.o)
                0x1fff8206                Timer2_initVar
 .bss           0x1fff8207        0x1 .\CortexM3\ARM_GCC_541\Debug\Hovedprogram.a(Timer3.o)
                0x1fff8207                Timer3_initVar
 .bss           0x1fff8208        0x1 .\CortexM3\ARM_GCC_541\Debug\Hovedprogram.a(ADC_SAR_1.o)
                0x1fff8208                ADC_SAR_1_initVar
 .bss           0x1fff8209        0x2 .\CortexM3\ARM_GCC_541\Debug\Hovedprogram.a(UART_1.o)
                0x1fff8209                UART_1_initVar
 .bss           0x1fff820b        0x1 .\CortexM3\ARM_GCC_541\Debug\Hovedprogram.a(I2C_1.o)
                0x1fff820b                I2C_1_initVar
 .bss           0x1fff820c        0x1 .\CortexM3\ARM_GCC_541\Debug\Hovedprogram.a(Timer_Stopur.o)
                0x1fff820c                Timer_Stopur_initVar
 .bss           0x1fff820d        0x1 .\CortexM3\ARM_GCC_541\Debug\Hovedprogram.a(Timer_LCD.o)
                0x1fff820d                Timer_LCD_initVar
 .bss           0x1fff820e        0x1 .\CortexM3\ARM_GCC_541\Debug\Hovedprogram.a(Timer4.o)
                0x1fff820e                Timer4_initVar
 .bss           0x1fff820f        0x1 .\CortexM3\ARM_GCC_541\Debug\Hovedprogram.a(Timer5.o)
                0x1fff820f                Timer5_initVar
 .bss           0x1fff8210        0x1 .\CortexM3\ARM_GCC_541\Debug\Hovedprogram.a(SPIS.o)
                0x1fff8210                SPIS_initVar
 *fill*         0x1fff8211        0x3 
 .bss.__malloc_sbrk_start
                0x1fff8214        0x4 c:/program files (x86)/cypress/psoc creator/4.3/psoc creator/import/gnu/arm/5.4.1/bin/../lib/gcc/arm-none-eabi/5.4.1/../../../../arm-none-eabi/lib/armv7-m\libg_nano.a(lib_a-nano-mallocr.o)
                0x1fff8214                __malloc_sbrk_start
 .bss.__malloc_free_list
                0x1fff8218        0x4 c:/program files (x86)/cypress/psoc creator/4.3/psoc creator/import/gnu/arm/5.4.1/bin/../lib/gcc/arm-none-eabi/5.4.1/../../../../arm-none-eabi/lib/armv7-m\libg_nano.a(lib_a-nano-mallocr.o)
                0x1fff8218                __malloc_free_list
 *(COMMON)
 COMMON         0x1fff821c       0x36 .\CortexM3\ARM_GCC_541\Debug\main.o
                0x1fff821c                BPptr
                0x1fff8220                uart_out
 *fill*         0x1fff8252        0x2 
 COMMON         0x1fff8254       0x32 .\CortexM3\ARM_GCC_541\Debug\WeightSensors.o
                0x1fff8254                uart_string
 COMMON         0x1fff8286        0x8 .\CortexM3\ARM_GCC_541\Debug\LiquidCrystal_I2C.o
                0x1fff8286                _backlightval
                0x1fff8287                _addr
                0x1fff8288                _displaycontrol
                0x1fff8289                _charsize
                0x1fff828a                _displaymode
                0x1fff828b                _displayfunction
                0x1fff828c                _cols
                0x1fff828d                _rows
 *fill*         0x1fff828e        0x2 
 COMMON         0x1fff8290        0x8 .\CortexM3\ARM_GCC_541\Debug\SPI_Master.o
                0x1fff8290                tx
 COMMON         0x1fff8298        0xa .\CortexM3\ARM_GCC_541\Debug\Hovedprogram.a(ADC_SAR_1.o)
                0x1fff8298                ADC_SAR_1_countsPerVolt
                0x1fff829a                ADC_SAR_1_shift
                0x1fff829c                ADC_SAR_1_countsPer10Volt
                0x1fff82a0                ADC_SAR_1_offset
 COMMON         0x1fff82a2        0x1 .\CortexM3\ARM_GCC_541\Debug\Hovedprogram.a(I2C_1.o)
                0x1fff82a2                I2C_1_state
 *fill*         0x1fff82a3        0x1 
 COMMON         0x1fff82a4       0x11 .\CortexM3\ARM_GCC_541\Debug\Hovedprogram.a(I2C_1_MASTER.o)
                0x1fff82a4                I2C_1_mstrWrBufIndex
                0x1fff82a5                I2C_1_mstrControl
                0x1fff82a6                I2C_1_mstrStatus
                0x1fff82a7                I2C_1_mstrWrBufSize
                0x1fff82a8                I2C_1_mstrRdBufIndex
                0x1fff82ac                I2C_1_mstrWrBufPtr
                0x1fff82b0                I2C_1_mstrRdBufPtr
                0x1fff82b4                I2C_1_mstrRdBufSize
 *fill*         0x1fff82b5        0x3 
 COMMON         0x1fff82b8        0x4 c:/program files (x86)/cypress/psoc creator/4.3/psoc creator/import/gnu/arm/5.4.1/bin/../lib/gcc/arm-none-eabi/5.4.1/../../../../arm-none-eabi/lib/armv7-m\libg_nano.a(lib_a-reent.o)
                0x1fff82b8                errno
                0x1fff82c0                . = ALIGN (0x8)
 *fill*         0x1fff82bc        0x4 
 *(.ram.b)
                0x1fff82c0                _end = .
                0x1fff82c0                __end = .
                0x1fff82c0                PROVIDE (end, .)
                0x1fff82c0                PROVIDE (__bss_end__, .)
                0x00005058                __cy_region_init_ram = LOADADDR (.data)
                0x00000088                __cy_region_init_size_ram = (_edata - ADDR (.data))
                0x00000170                __cy_region_zero_size_ram = (_end - _edata)

.heap           0x1fff82c0       0x80 load address 0x000050e0
                0x1fff82c0                . = _end
                0x1fff8340                . = (. + 0x80)
 *fill*         0x1fff82c0       0x80 
                0x1fff8340                __cy_heap_limit = .

.stack          0x20007800      0x800
                0x20007800                __cy_stack_limit = .
                0x20008000                . = (. + 0x800)
 *fill*         0x20007800      0x800 
                0x00000001                ASSERT ((__cy_stack_limit >= __cy_heap_limit), region RAM overflowed with stack)
                0x00000000                cy_checksum_exclude_size = (CY_APPL_LOADABLE == 0x1)?SIZEOF (.cy_checksum_exclude):0x0
                0x00000001                ASSERT ((cy_checksum_exclude_size <= CY_CHECKSUM_EXCLUDE_SIZE), CY_BOOT: Section .cy_checksum_exclude size exceedes specified limit.)

.cyloadermeta
 *(.cyloadermeta)

.cyloadablemeta
 *(.cyloadablemeta)

.cyconfigecc    0x80000000      0xf54
 *(.cyconfigecc)
 .cyconfigecc   0x80000000      0xf54 .\CortexM3\ARM_GCC_541\Debug\cymetadata.o
                0x80000000                cy_meta_configecc

.cycustnvl      0x90000000        0x4
 *(.cycustnvl)
 .cycustnvl     0x90000000        0x4 .\CortexM3\ARM_GCC_541\Debug\cymetadata.o
                0x90000000                cy_meta_custnvl

.cywolatch      0x90100000        0x4
 *(.cywolatch)
 .cywolatch     0x90100000        0x4 .\CortexM3\ARM_GCC_541\Debug\cymetadata.o
                0x90100000                cy_meta_wonvl

.cyeeprom       0x90200000        0x0
 *(.cyeeprom)
                0x00000001                ASSERT ((. <= ((0x90200000 + ee_offset) + ee_size)), .cyeeprom data will not fit in EEPROM)

.cyflashprotect
                0x90400000      0x100
 *(.cyflashprotect)
 .cyflashprotect
                0x90400000      0x100 .\CortexM3\ARM_GCC_541\Debug\cymetadata.o
                0x90400000                cy_meta_flashprotect

.cymeta         0x90500000        0xc
 *(.cymeta)
 .cymeta        0x90500000        0xc .\CortexM3\ARM_GCC_541\Debug\cymetadata.o
                0x90500000                cy_metadata

.rel.dyn        0x000050e0        0x0 load address 0x9050000c
 .rel.iplt      0x000050e0        0x0 c:/program files (x86)/cypress/psoc creator/4.3/psoc creator/import/gnu/arm/5.4.1/bin/../lib/gcc/arm-none-eabi/5.4.1/armv7-m/crtbegin.o

.stab
 *(.stab)

.stabstr
 *(.stabstr)

.debug
 *(.debug)

.line
 *(.line)

.debug_srcinfo
 *(.debug_srcinfo)

.debug_sfnames
 *(.debug_sfnames)

.debug_aranges  0x00000000     0x1850
 *(.debug_aranges)
 .debug_aranges
                0x00000000       0x20 .\CortexM3\ARM_GCC_541\Debug\main.o
 .debug_aranges
                0x00000020       0x48 .\CortexM3\ARM_GCC_541\Debug\WeightSensors.o
 .debug_aranges
                0x00000068       0x38 .\CortexM3\ARM_GCC_541\Debug\UART.o
 .debug_aranges
                0x000000a0       0x20 .\CortexM3\ARM_GCC_541\Debug\Startknap.o
 .debug_aranges
                0x000000c0       0x40 .\CortexM3\ARM_GCC_541\Debug\Display.o
 .debug_aranges
                0x00000100      0x110 .\CortexM3\ARM_GCC_541\Debug\LiquidCrystal_I2C.o
 .debug_aranges
                0x00000210       0x50 .\CortexM3\ARM_GCC_541\Debug\Stopur.o
 .debug_aranges
                0x00000260       0xe8 .\CortexM3\ARM_GCC_541\Debug\LEDcontrol.o
 .debug_aranges
                0x00000348       0x30 .\CortexM3\ARM_GCC_541\Debug\VT100Terminal.o
 .debug_aranges
                0x00000378       0x30 .\CortexM3\ARM_GCC_541\Debug\SPI_Master.o
 .debug_aranges
                0x000003a8       0x68 .\CortexM3\ARM_GCC_541\Debug\cyfitter_cfg.o
 .debug_aranges
                0x00000410       0x18 .\CortexM3\ARM_GCC_541\Debug\cymetadata.o
 .debug_aranges
                0x00000428       0x48 .\CortexM3\ARM_GCC_541\Debug\Cm3Start.o
 .debug_aranges
                0x00000470       0xd8 .\CortexM3\ARM_GCC_541\Debug\Hovedprogram.a(SPIM_1.o)
 .debug_aranges
                0x00000548       0x90 .\CortexM3\ARM_GCC_541\Debug\Hovedprogram.a(Timer1.o)
 .debug_aranges
                0x000005d8       0x80 .\CortexM3\ARM_GCC_541\Debug\Hovedprogram.a(isr_LED_refreshrate.o)
 .debug_aranges
                0x00000658       0x90 .\CortexM3\ARM_GCC_541\Debug\Hovedprogram.a(Timer2.o)
 .debug_aranges
                0x000006e8       0x80 .\CortexM3\ARM_GCC_541\Debug\Hovedprogram.a(isr_LED_pulse.o)
 .debug_aranges
                0x00000768       0x90 .\CortexM3\ARM_GCC_541\Debug\Hovedprogram.a(Timer3.o)
 .debug_aranges
                0x000007f8       0x80 .\CortexM3\ARM_GCC_541\Debug\Hovedprogram.a(isr_LED_ring.o)
 .debug_aranges
                0x00000878       0xa8 .\CortexM3\ARM_GCC_541\Debug\Hovedprogram.a(ADC_SAR_1.o)
 .debug_aranges
                0x00000920       0x20 .\CortexM3\ARM_GCC_541\Debug\Hovedprogram.a(ADC_SAR_1_INT.o)
 .debug_aranges
                0x00000940       0xf0 .\CortexM3\ARM_GCC_541\Debug\Hovedprogram.a(UART_1.o)
 .debug_aranges
                0x00000a30       0x80 .\CortexM3\ARM_GCC_541\Debug\Hovedprogram.a(isr_uart_rx.o)
 .debug_aranges
                0x00000ab0       0x70 .\CortexM3\ARM_GCC_541\Debug\Hovedprogram.a(SPIM_1_IntClock.o)
 .debug_aranges
                0x00000b20       0x80 .\CortexM3\ARM_GCC_541\Debug\Hovedprogram.a(ADC_SAR_1_theACLK.o)
 .debug_aranges
                0x00000ba0       0x70 .\CortexM3\ARM_GCC_541\Debug\Hovedprogram.a(UART_1_IntClock.o)
 .debug_aranges
                0x00000c10      0x2a0 .\CortexM3\ARM_GCC_541\Debug\Hovedprogram.a(CyLib.o)
 .debug_aranges
                0x00000eb0       0x98 .\CortexM3\ARM_GCC_541\Debug\Hovedprogram.a(cyPm.o)
 .debug_aranges
                0x00000f48       0x30 .\CortexM3\ARM_GCC_541\Debug\Hovedprogram.a(PlayerSelect.o)
 .debug_aranges
                0x00000f78       0x80 .\CortexM3\ARM_GCC_541\Debug\Hovedprogram.a(isr_button.o)
 .debug_aranges
                0x00000ff8       0x28 .\CortexM3\ARM_GCC_541\Debug\Hovedprogram.a(SPIMOutCtrl.o)
 .debug_aranges
                0x00001020       0x38 .\CortexM3\ARM_GCC_541\Debug\Hovedprogram.a(I2C_1.o)
 .debug_aranges
                0x00001058       0x20 .\CortexM3\ARM_GCC_541\Debug\Hovedprogram.a(I2C_1_INT.o)
 .debug_aranges
                0x00001078       0x38 .\CortexM3\ARM_GCC_541\Debug\Hovedprogram.a(I2C_1_PM.o)
 .debug_aranges
                0x000010b0       0x80 .\CortexM3\ARM_GCC_541\Debug\Hovedprogram.a(I2C_1_MASTER.o)
 .debug_aranges
                0x00001130       0x90 .\CortexM3\ARM_GCC_541\Debug\Hovedprogram.a(Timer_Stopur.o)
 .debug_aranges
                0x000011c0       0x80 .\CortexM3\ARM_GCC_541\Debug\Hovedprogram.a(isr_timer.o)
 .debug_aranges
                0x00001240       0x90 .\CortexM3\ARM_GCC_541\Debug\Hovedprogram.a(Timer_LCD.o)
 .debug_aranges
                0x000012d0       0x80 .\CortexM3\ARM_GCC_541\Debug\Hovedprogram.a(isr_refreshrate_LCD.o)
 .debug_aranges
                0x00001350       0x90 .\CortexM3\ARM_GCC_541\Debug\Hovedprogram.a(Timer4.o)
 .debug_aranges
                0x000013e0       0x80 .\CortexM3\ARM_GCC_541\Debug\Hovedprogram.a(isr_BlinkLED.o)
 .debug_aranges
                0x00001460       0x80 .\CortexM3\ARM_GCC_541\Debug\Hovedprogram.a(isr_delay.o)
 .debug_aranges
                0x000014e0       0x90 .\CortexM3\ARM_GCC_541\Debug\Hovedprogram.a(Timer5.o)
 .debug_aranges
                0x00001570       0x38 .\CortexM3\ARM_GCC_541\Debug\Hovedprogram.a(SPI_int.o)
 .debug_aranges
                0x000015a8       0xd8 .\CortexM3\ARM_GCC_541\Debug\Hovedprogram.a(SPIS.o)
 .debug_aranges
                0x00001680       0x28 .\CortexM3\ARM_GCC_541\Debug\Hovedprogram.a(SPIS_INT.o)
 .debug_aranges
                0x000016a8       0x80 .\CortexM3\ARM_GCC_541\Debug\Hovedprogram.a(rx_isr.o)
 .debug_aranges
                0x00001728       0x20 .\CortexM3\ARM_GCC_541\Debug\Hovedprogram.a(CyBootAsmGnu.o)
 .debug_aranges
                0x00001748       0x88 .\CortexM3\ARM_GCC_541\Debug\Hovedprogram.a(CyFlash.o)
 .debug_aranges
                0x000017d0       0x80 .\CortexM3\ARM_GCC_541\Debug\Hovedprogram.a(CySpc.o)

.debug_pubnames
 *(.debug_pubnames)

.debug_info     0x00000000     0xcf13
 *(.debug_info .gnu.linkonce.wi.*)
 .debug_info    0x00000000     0x101e .\CortexM3\ARM_GCC_541\Debug\main.o
 .debug_info    0x0000101e      0x4b2 .\CortexM3\ARM_GCC_541\Debug\WeightSensors.o
 .debug_info    0x000014d0      0x2fc .\CortexM3\ARM_GCC_541\Debug\UART.o
 .debug_info    0x000017cc      0x11d .\CortexM3\ARM_GCC_541\Debug\Startknap.o
 .debug_info    0x000018e9      0x464 .\CortexM3\ARM_GCC_541\Debug\Display.o
 .debug_info    0x00001d4d      0x949 .\CortexM3\ARM_GCC_541\Debug\LiquidCrystal_I2C.o
 .debug_info    0x00002696      0x1b0 .\CortexM3\ARM_GCC_541\Debug\Stopur.o
 .debug_info    0x00002846      0xfca .\CortexM3\ARM_GCC_541\Debug\LEDcontrol.o
 .debug_info    0x00003810      0x243 .\CortexM3\ARM_GCC_541\Debug\VT100Terminal.o
 .debug_info    0x00003a53      0x20e .\CortexM3\ARM_GCC_541\Debug\SPI_Master.o
 .debug_info    0x00003c61      0x70f .\CortexM3\ARM_GCC_541\Debug\cyfitter_cfg.o
 .debug_info    0x00004370      0x139 .\CortexM3\ARM_GCC_541\Debug\cymetadata.o
 .debug_info    0x000044a9      0x3bb .\CortexM3\ARM_GCC_541\Debug\Cm3Start.o
 .debug_info    0x00004864      0x4d8 .\CortexM3\ARM_GCC_541\Debug\Hovedprogram.a(SPIM_1.o)
 .debug_info    0x00004d3c      0x2f0 .\CortexM3\ARM_GCC_541\Debug\Hovedprogram.a(Timer1.o)
 .debug_info    0x0000502c      0x2d2 .\CortexM3\ARM_GCC_541\Debug\Hovedprogram.a(isr_LED_refreshrate.o)
 .debug_info    0x000052fe      0x2f0 .\CortexM3\ARM_GCC_541\Debug\Hovedprogram.a(Timer2.o)
 .debug_info    0x000055ee      0x2d2 .\CortexM3\ARM_GCC_541\Debug\Hovedprogram.a(isr_LED_pulse.o)
 .debug_info    0x000058c0      0x2f0 .\CortexM3\ARM_GCC_541\Debug\Hovedprogram.a(Timer3.o)
 .debug_info    0x00005bb0      0x2d2 .\CortexM3\ARM_GCC_541\Debug\Hovedprogram.a(isr_LED_ring.o)
 .debug_info    0x00005e82      0x5c0 .\CortexM3\ARM_GCC_541\Debug\Hovedprogram.a(ADC_SAR_1.o)
 .debug_info    0x00006442       0x92 .\CortexM3\ARM_GCC_541\Debug\Hovedprogram.a(ADC_SAR_1_INT.o)
 .debug_info    0x000064d4      0x60c .\CortexM3\ARM_GCC_541\Debug\Hovedprogram.a(UART_1.o)
 .debug_info    0x00006ae0      0x2d2 .\CortexM3\ARM_GCC_541\Debug\Hovedprogram.a(isr_uart_rx.o)
 .debug_info    0x00006db2      0x283 .\CortexM3\ARM_GCC_541\Debug\Hovedprogram.a(SPIM_1_IntClock.o)
 .debug_info    0x00007035      0x2c4 .\CortexM3\ARM_GCC_541\Debug\Hovedprogram.a(ADC_SAR_1_theACLK.o)
 .debug_info    0x000072f9      0x283 .\CortexM3\ARM_GCC_541\Debug\Hovedprogram.a(UART_1_IntClock.o)
 .debug_info    0x0000757c     0x1374 .\CortexM3\ARM_GCC_541\Debug\Hovedprogram.a(CyLib.o)
 .debug_info    0x000088f0      0xa2a .\CortexM3\ARM_GCC_541\Debug\Hovedprogram.a(cyPm.o)
 .debug_info    0x0000931a      0x146 .\CortexM3\ARM_GCC_541\Debug\Hovedprogram.a(PlayerSelect.o)
 .debug_info    0x00009460      0x2d2 .\CortexM3\ARM_GCC_541\Debug\Hovedprogram.a(isr_button.o)
 .debug_info    0x00009732       0xd6 .\CortexM3\ARM_GCC_541\Debug\Hovedprogram.a(SPIMOutCtrl.o)
 .debug_info    0x00009808      0x2ad .\CortexM3\ARM_GCC_541\Debug\Hovedprogram.a(I2C_1.o)
 .debug_info    0x00009ab5      0x184 .\CortexM3\ARM_GCC_541\Debug\Hovedprogram.a(I2C_1_INT.o)
 .debug_info    0x00009c39      0x207 .\CortexM3\ARM_GCC_541\Debug\Hovedprogram.a(I2C_1_PM.o)
 .debug_info    0x00009e40      0x407 .\CortexM3\ARM_GCC_541\Debug\Hovedprogram.a(I2C_1_MASTER.o)
 .debug_info    0x0000a247      0x2f0 .\CortexM3\ARM_GCC_541\Debug\Hovedprogram.a(Timer_Stopur.o)
 .debug_info    0x0000a537      0x2d2 .\CortexM3\ARM_GCC_541\Debug\Hovedprogram.a(isr_timer.o)
 .debug_info    0x0000a809      0x2ee .\CortexM3\ARM_GCC_541\Debug\Hovedprogram.a(Timer_LCD.o)
 .debug_info    0x0000aaf7      0x2d2 .\CortexM3\ARM_GCC_541\Debug\Hovedprogram.a(isr_refreshrate_LCD.o)
 .debug_info    0x0000adc9      0x2f0 .\CortexM3\ARM_GCC_541\Debug\Hovedprogram.a(Timer4.o)
 .debug_info    0x0000b0b9      0x2d2 .\CortexM3\ARM_GCC_541\Debug\Hovedprogram.a(isr_BlinkLED.o)
 .debug_info    0x0000b38b      0x2d2 .\CortexM3\ARM_GCC_541\Debug\Hovedprogram.a(isr_delay.o)
 .debug_info    0x0000b65d      0x2f0 .\CortexM3\ARM_GCC_541\Debug\Hovedprogram.a(Timer5.o)
 .debug_info    0x0000b94d      0x11f .\CortexM3\ARM_GCC_541\Debug\Hovedprogram.a(SPI_int.o)
 .debug_info    0x0000ba6c      0x4f3 .\CortexM3\ARM_GCC_541\Debug\Hovedprogram.a(SPIS.o)
 .debug_info    0x0000bf5f       0xb1 .\CortexM3\ARM_GCC_541\Debug\Hovedprogram.a(SPIS_INT.o)
 .debug_info    0x0000c010      0x2d2 .\CortexM3\ARM_GCC_541\Debug\Hovedprogram.a(rx_isr.o)
 .debug_info    0x0000c2e2       0x94 .\CortexM3\ARM_GCC_541\Debug\Hovedprogram.a(CyBootAsmGnu.o)
 .debug_info    0x0000c376      0x64d .\CortexM3\ARM_GCC_541\Debug\Hovedprogram.a(CyFlash.o)
 .debug_info    0x0000c9c3      0x550 .\CortexM3\ARM_GCC_541\Debug\Hovedprogram.a(CySpc.o)

.debug_abbrev   0x00000000     0x3e9d
 *(.debug_abbrev)
 .debug_abbrev  0x00000000      0x166 .\CortexM3\ARM_GCC_541\Debug\main.o
 .debug_abbrev  0x00000166      0x190 .\CortexM3\ARM_GCC_541\Debug\WeightSensors.o
 .debug_abbrev  0x000002f6      0x114 .\CortexM3\ARM_GCC_541\Debug\UART.o
 .debug_abbrev  0x0000040a       0xa8 .\CortexM3\ARM_GCC_541\Debug\Startknap.o
 .debug_abbrev  0x000004b2      0x13e .\CortexM3\ARM_GCC_541\Debug\Display.o
 .debug_abbrev  0x000005f0      0x176 .\CortexM3\ARM_GCC_541\Debug\LiquidCrystal_I2C.o
 .debug_abbrev  0x00000766       0xf3 .\CortexM3\ARM_GCC_541\Debug\Stopur.o
 .debug_abbrev  0x00000859      0x229 .\CortexM3\ARM_GCC_541\Debug\LEDcontrol.o
 .debug_abbrev  0x00000a82       0xdd .\CortexM3\ARM_GCC_541\Debug\VT100Terminal.o
 .debug_abbrev  0x00000b5f      0x120 .\CortexM3\ARM_GCC_541\Debug\SPI_Master.o
 .debug_abbrev  0x00000c7f      0x22d .\CortexM3\ARM_GCC_541\Debug\cyfitter_cfg.o
 .debug_abbrev  0x00000eac       0x77 .\CortexM3\ARM_GCC_541\Debug\cymetadata.o
 .debug_abbrev  0x00000f23      0x1e8 .\CortexM3\ARM_GCC_541\Debug\Cm3Start.o
 .debug_abbrev  0x0000110b      0x146 .\CortexM3\ARM_GCC_541\Debug\Hovedprogram.a(SPIM_1.o)
 .debug_abbrev  0x00001251      0x12b .\CortexM3\ARM_GCC_541\Debug\Hovedprogram.a(Timer1.o)
 .debug_abbrev  0x0000137c      0x173 .\CortexM3\ARM_GCC_541\Debug\Hovedprogram.a(isr_LED_refreshrate.o)
 .debug_abbrev  0x000014ef      0x12b .\CortexM3\ARM_GCC_541\Debug\Hovedprogram.a(Timer2.o)
 .debug_abbrev  0x0000161a      0x173 .\CortexM3\ARM_GCC_541\Debug\Hovedprogram.a(isr_LED_pulse.o)
 .debug_abbrev  0x0000178d      0x12b .\CortexM3\ARM_GCC_541\Debug\Hovedprogram.a(Timer3.o)
 .debug_abbrev  0x000018b8      0x173 .\CortexM3\ARM_GCC_541\Debug\Hovedprogram.a(isr_LED_ring.o)
 .debug_abbrev  0x00001a2b      0x1ac .\CortexM3\ARM_GCC_541\Debug\Hovedprogram.a(ADC_SAR_1.o)
 .debug_abbrev  0x00001bd7       0x42 .\CortexM3\ARM_GCC_541\Debug\Hovedprogram.a(ADC_SAR_1_INT.o)
 .debug_abbrev  0x00001c19      0x175 .\CortexM3\ARM_GCC_541\Debug\Hovedprogram.a(UART_1.o)
 .debug_abbrev  0x00001d8e      0x173 .\CortexM3\ARM_GCC_541\Debug\Hovedprogram.a(isr_uart_rx.o)
 .debug_abbrev  0x00001f01      0x139 .\CortexM3\ARM_GCC_541\Debug\Hovedprogram.a(SPIM_1_IntClock.o)
 .debug_abbrev  0x0000203a      0x121 .\CortexM3\ARM_GCC_541\Debug\Hovedprogram.a(ADC_SAR_1_theACLK.o)
 .debug_abbrev  0x0000215b      0x139 .\CortexM3\ARM_GCC_541\Debug\Hovedprogram.a(UART_1_IntClock.o)
 .debug_abbrev  0x00002294      0x254 .\CortexM3\ARM_GCC_541\Debug\Hovedprogram.a(CyLib.o)
 .debug_abbrev  0x000024e8      0x1ab .\CortexM3\ARM_GCC_541\Debug\Hovedprogram.a(cyPm.o)
 .debug_abbrev  0x00002693       0xb1 .\CortexM3\ARM_GCC_541\Debug\Hovedprogram.a(PlayerSelect.o)
 .debug_abbrev  0x00002744      0x173 .\CortexM3\ARM_GCC_541\Debug\Hovedprogram.a(isr_button.o)
 .debug_abbrev  0x000028b7       0x81 .\CortexM3\ARM_GCC_541\Debug\Hovedprogram.a(SPIMOutCtrl.o)
 .debug_abbrev  0x00002938      0x10a .\CortexM3\ARM_GCC_541\Debug\Hovedprogram.a(I2C_1.o)
 .debug_abbrev  0x00002a42       0xb6 .\CortexM3\ARM_GCC_541\Debug\Hovedprogram.a(I2C_1_INT.o)
 .debug_abbrev  0x00002af8       0xfe .\CortexM3\ARM_GCC_541\Debug\Hovedprogram.a(I2C_1_PM.o)
 .debug_abbrev  0x00002bf6      0x13c .\CortexM3\ARM_GCC_541\Debug\Hovedprogram.a(I2C_1_MASTER.o)
 .debug_abbrev  0x00002d32      0x12b .\CortexM3\ARM_GCC_541\Debug\Hovedprogram.a(Timer_Stopur.o)
 .debug_abbrev  0x00002e5d      0x173 .\CortexM3\ARM_GCC_541\Debug\Hovedprogram.a(isr_timer.o)
 .debug_abbrev  0x00002fd0      0x12b .\CortexM3\ARM_GCC_541\Debug\Hovedprogram.a(Timer_LCD.o)
 .debug_abbrev  0x000030fb      0x173 .\CortexM3\ARM_GCC_541\Debug\Hovedprogram.a(isr_refreshrate_LCD.o)
 .debug_abbrev  0x0000326e      0x12b .\CortexM3\ARM_GCC_541\Debug\Hovedprogram.a(Timer4.o)
 .debug_abbrev  0x00003399      0x173 .\CortexM3\ARM_GCC_541\Debug\Hovedprogram.a(isr_BlinkLED.o)
 .debug_abbrev  0x0000350c      0x173 .\CortexM3\ARM_GCC_541\Debug\Hovedprogram.a(isr_delay.o)
 .debug_abbrev  0x0000367f      0x12b .\CortexM3\ARM_GCC_541\Debug\Hovedprogram.a(Timer5.o)
 .debug_abbrev  0x000037aa       0x90 .\CortexM3\ARM_GCC_541\Debug\Hovedprogram.a(SPI_int.o)
 .debug_abbrev  0x0000383a      0x15f .\CortexM3\ARM_GCC_541\Debug\Hovedprogram.a(SPIS.o)
 .debug_abbrev  0x00003999       0x42 .\CortexM3\ARM_GCC_541\Debug\Hovedprogram.a(SPIS_INT.o)
 .debug_abbrev  0x000039db      0x173 .\CortexM3\ARM_GCC_541\Debug\Hovedprogram.a(rx_isr.o)
 .debug_abbrev  0x00003b4e       0x14 .\CortexM3\ARM_GCC_541\Debug\Hovedprogram.a(CyBootAsmGnu.o)
 .debug_abbrev  0x00003b62      0x1a7 .\CortexM3\ARM_GCC_541\Debug\Hovedprogram.a(CyFlash.o)
 .debug_abbrev  0x00003d09      0x194 .\CortexM3\ARM_GCC_541\Debug\Hovedprogram.a(CySpc.o)

.debug_line     0x00000000     0x5e6a
 *(.debug_line)
 .debug_line    0x00000000      0x335 .\CortexM3\ARM_GCC_541\Debug\main.o
 .debug_line    0x00000335      0x328 .\CortexM3\ARM_GCC_541\Debug\WeightSensors.o
 .debug_line    0x0000065d      0x25b .\CortexM3\ARM_GCC_541\Debug\UART.o
 .debug_line    0x000008b8      0x16b .\CortexM3\ARM_GCC_541\Debug\Startknap.o
 .debug_line    0x00000a23      0x2b5 .\CortexM3\ARM_GCC_541\Debug\Display.o