Archive member included to satisfy reference by file (symbol)

.\CortexM3\ARM_GCC_541\Debug\Hovedprogram.a(SPIM_1.o)
                              .\CortexM3\ARM_GCC_541\Debug\LED-control.o (SPIM_1_WriteTxData)
.\CortexM3\ARM_GCC_541\Debug\Hovedprogram.a(Timer1.o)
                              .\CortexM3\ARM_GCC_541\Debug\LED-control.o (Timer1_Stop)
.\CortexM3\ARM_GCC_541\Debug\Hovedprogram.a(isr_LED_refreshrate.o)
                              .\CortexM3\ARM_GCC_541\Debug\LED-control.o (isr_LED_refreshrate_StartEx)
.\CortexM3\ARM_GCC_541\Debug\Hovedprogram.a(Timer2.o)
                              .\CortexM3\ARM_GCC_541\Debug\LED-control.o (Timer2_WritePeriod)
.\CortexM3\ARM_GCC_541\Debug\Hovedprogram.a(isr_LED_pulse.o)
                              .\CortexM3\ARM_GCC_541\Debug\LED-control.o (isr_LED_pulse_StartEx)
.\CortexM3\ARM_GCC_541\Debug\Hovedprogram.a(Timer3.o)
                              .\CortexM3\ARM_GCC_541\Debug\LED-control.o (Timer3_WritePeriod)
.\CortexM3\ARM_GCC_541\Debug\Hovedprogram.a(isr_LED_ring.o)
                              .\CortexM3\ARM_GCC_541\Debug\LED-control.o (isr_LED_ring_StartEx)
.\CortexM3\ARM_GCC_541\Debug\Hovedprogram.a(UART_1.o)
                              .\CortexM3\ARM_GCC_541\Debug\main.o (UART_1_Start)
.\CortexM3\ARM_GCC_541\Debug\Hovedprogram.a(isr_uart_rx.o)
                              .\CortexM3\ARM_GCC_541\Debug\main.o (isr_uart_rx_StartEx)
.\CortexM3\ARM_GCC_541\Debug\Hovedprogram.a(SPIM_1_IntClock.o)
                              .\CortexM3\ARM_GCC_541\Debug\Hovedprogram.a(SPIM_1.o) (SPIM_1_IntClock_Start)
.\CortexM3\ARM_GCC_541\Debug\Hovedprogram.a(UART_1_IntClock.o)
                              .\CortexM3\ARM_GCC_541\Debug\Hovedprogram.a(UART_1.o) (UART_1_IntClock_Start)
.\CortexM3\ARM_GCC_541\Debug\Hovedprogram.a(CyLib.o)
                              .\CortexM3\ARM_GCC_541\Debug\Cm3Start.o (CyHalt)
.\CortexM3\ARM_GCC_541\Debug\Hovedprogram.a(cyPm.o)
                              .\CortexM3\ARM_GCC_541\Debug\Hovedprogram.a(CyLib.o) (CyPmReadStatus)
.\CortexM3\ARM_GCC_541\Debug\Hovedprogram.a(PlayerSelect.o)
                              .\CortexM3\ARM_GCC_541\Debug\Sensor-control.o (PlayerSelect_Start)
.\CortexM3\ARM_GCC_541\Debug\Hovedprogram.a(isr_button.o)
                              .\CortexM3\ARM_GCC_541\Debug\main.o (isr_button_StartEx)
.\CortexM3\ARM_GCC_541\Debug\Hovedprogram.a(SPIMOutCtrl.o)
                              .\CortexM3\ARM_GCC_541\Debug\LED-control.o (SPIMOutCtrl_Write)
.\CortexM3\ARM_GCC_541\Debug\Hovedprogram.a(I2C_1.o)
                              .\CortexM3\ARM_GCC_541\Debug\Display-control.o (I2C_1_Start)
.\CortexM3\ARM_GCC_541\Debug\Hovedprogram.a(I2C_1_INT.o)
                              .\CortexM3\ARM_GCC_541\Debug\Hovedprogram.a(I2C_1.o) (I2C_1_ISR)
.\CortexM3\ARM_GCC_541\Debug\Hovedprogram.a(I2C_1_PM.o)
                              .\CortexM3\ARM_GCC_541\Debug\Hovedprogram.a(I2C_1.o) (I2C_1_backup)
.\CortexM3\ARM_GCC_541\Debug\Hovedprogram.a(I2C_1_MASTER.o)
                              .\CortexM3\ARM_GCC_541\Debug\Hovedprogram.a(I2C_1.o) (I2C_1_mstrStatus)
.\CortexM3\ARM_GCC_541\Debug\Hovedprogram.a(Timer_Stopur.o)
                              .\CortexM3\ARM_GCC_541\Debug\Timer.o (Timer_Stopur_Stop)
.\CortexM3\ARM_GCC_541\Debug\Hovedprogram.a(isr_timer.o)
                              .\CortexM3\ARM_GCC_541\Debug\main.o (isr_timer_StartEx)
.\CortexM3\ARM_GCC_541\Debug\Hovedprogram.a(Timer_LCD.o)
                              .\CortexM3\ARM_GCC_541\Debug\Display-control.o (Timer_LCD_Stop)
.\CortexM3\ARM_GCC_541\Debug\Hovedprogram.a(isr_refreshrate_LCD.o)
                              .\CortexM3\ARM_GCC_541\Debug\LED-control.o (isr_refreshrate_LCD_Enable)
.\CortexM3\ARM_GCC_541\Debug\Hovedprogram.a(Timer4.o)
                              .\CortexM3\ARM_GCC_541\Debug\LED-control.o (Timer4_WritePeriod)
.\CortexM3\ARM_GCC_541\Debug\Hovedprogram.a(isr_BlinkLED.o)
                              .\CortexM3\ARM_GCC_541\Debug\LED-control.o (isr_BlinkLED_StartEx)
.\CortexM3\ARM_GCC_541\Debug\Hovedprogram.a(isr_delay.o)
                              .\CortexM3\ARM_GCC_541\Debug\LED-control.o (isr_delay_Enable)
.\CortexM3\ARM_GCC_541\Debug\Hovedprogram.a(Timer5.o)
                              .\CortexM3\ARM_GCC_541\Debug\LED-control.o (Timer5_Stop)
.\CortexM3\ARM_GCC_541\Debug\Hovedprogram.a(ADC_DelSig_1.o)
                              .\CortexM3\ARM_GCC_541\Debug\Sensor-control.o (ADC_DelSig_1_Start)
.\CortexM3\ARM_GCC_541\Debug\Hovedprogram.a(ADC_DelSig_1_INT.o)
                              .\CortexM3\ARM_GCC_541\Debug\Hovedprogram.a(ADC_DelSig_1.o) (ADC_DelSig_1_ISR1)
.\CortexM3\ARM_GCC_541\Debug\Hovedprogram.a(ADC_DelSig_1_AMux.o)
                              .\CortexM3\ARM_GCC_541\Debug\Hovedprogram.a(ADC_DelSig_1.o) (ADC_DelSig_1_AMux_Select)
.\CortexM3\ARM_GCC_541\Debug\Hovedprogram.a(ADC_DelSig_1_Ext_CP_Clk.o)
[...]
Memory Configuration

Name             Origin             Length             Attributes
rom              0x00000000         0x00040000         xr
ram              0x1fff8000         0x00010000         xrw
*default*        0x00000000         0xffffffff

Linker script and memory map

LOAD c:/program files (x86)/cypress/psoc creator/4.3/psoc creator/import/gnu/arm/5.4.1/bin/../lib/gcc/arm-none-eabi/5.4.1/armv7-m/crti.o
LOAD c:/program files (x86)/cypress/psoc creator/4.3/psoc creator/import/gnu/arm/5.4.1/bin/../lib/gcc/arm-none-eabi/5.4.1/armv7-m/crtbegin.o
LOAD c:/program files (x86)/cypress/psoc creator/4.3/psoc creator/import/gnu/arm/5.4.1/bin/../lib/gcc/arm-none-eabi/5.4.1/../../../../arm-none-eabi/lib/armv7-m/crt0.o
START GROUP
LOAD .\CortexM3\ARM_GCC_541\Debug\main.o
LOAD .\CortexM3\ARM_GCC_541\Debug\Sensor-control.o
LOAD .\CortexM3\ARM_GCC_541\Debug\UART.o
LOAD .\CortexM3\ARM_GCC_541\Debug\Start.o
LOAD .\CortexM3\ARM_GCC_541\Debug\Display-control.o
LOAD .\CortexM3\ARM_GCC_541\Debug\LiquidCrystal_I2C.o
LOAD .\CortexM3\ARM_GCC_541\Debug\Timer.o
LOAD .\CortexM3\ARM_GCC_541\Debug\LED-control.o
LOAD .\CortexM3\ARM_GCC_541\Debug\VT100Terminal.o
LOAD .\CortexM3\ARM_GCC_541\Debug\SPI-Slave.o
LOAD .\CortexM3\ARM_GCC_541\Debug\cyfitter_cfg.o
LOAD .\CortexM3\ARM_GCC_541\Debug\cymetadata.o
LOAD .\CortexM3\ARM_GCC_541\Debug\Cm3Start.o
LOAD .\CortexM3\ARM_GCC_541\Debug\Hovedprogram.a
LOAD C:\Program Files (x86)\Cypress\PSoC Creator\4.3\PSoC Creator\psoc\content\cycomponentlibrary\CyComponentLibrary.cylib\CortexM3\ARM_GCC_541\Debug\CyComponentLibrary.a
LOAD c:/program files (x86)/cypress/psoc creator/4.3/psoc creator/import/gnu/arm/5.4.1/bin/../lib/gcc/arm-none-eabi/5.4.1/../../../../arm-none-eabi/lib/armv7-m\libm.a
END GROUP
START GROUP
LOAD c:/program files (x86)/cypress/psoc creator/4.3/psoc creator/import/gnu/arm/5.4.1/bin/../lib/gcc/arm-none-eabi/5.4.1/armv7-m\libgcc.a
LOAD c:/program files (x86)/cypress/psoc creator/4.3/psoc creator/import/gnu/arm/5.4.1/bin/../lib/gcc/arm-none-eabi/5.4.1/../../../../arm-none-eabi/lib/armv7-m\libg_nano.a
LOAD c:/program files (x86)/cypress/psoc creator/4.3/psoc creator/import/gnu/arm/5.4.1/bin/../lib/gcc/arm-none-eabi/5.4.1/../../../../arm-none-eabi/lib/armv7-m\libc_nano.a
END GROUP
START GROUP
LOAD c:/program files (x86)/cypress/psoc creator/4.3/psoc creator/import/gnu/arm/5.4.1/bin/../lib/gcc/arm-none-eabi/5.4.1/armv7-m\libgcc.a
LOAD c:/program files (x86)/cypress/psoc creator/4.3/psoc creator/import/gnu/arm/5.4.1/bin/../lib/gcc/arm-none-eabi/5.4.1/../../../../arm-none-eabi/lib/armv7-m\libc_nano.a
END GROUP
LOAD c:/program files (x86)/cypress/psoc creator/4.3/psoc creator/import/gnu/arm/5.4.1/bin/../lib/gcc/arm-none-eabi/5.4.1/armv7-m/crtend.o
LOAD c:/program files (x86)/cypress/psoc creator/4.3/psoc creator/import/gnu/arm/5.4.1/bin/../lib/gcc/arm-none-eabi/5.4.1/armv7-m/crtn.o
START GROUP
LOAD c:/program files (x86)/cypress/psoc creator/4.3/psoc creator/import/gnu/arm/5.4.1/bin/../lib/gcc/arm-none-eabi/5.4.1/armv7-m\libgcc.a
LOAD c:/program files (x86)/cypress/psoc creator/4.3/psoc creator/import/gnu/arm/5.4.1/bin/../lib/gcc/arm-none-eabi/5.4.1/../../../../arm-none-eabi/lib/armv7-m\libc.a
LOAD c:/program files (x86)/cypress/psoc creator/4.3/psoc creator/import/gnu/arm/5.4.1/bin/../lib/gcc/arm-none-eabi/5.4.1/../../../../arm-none-eabi/lib/armv7-m\libnosys.a
END GROUP
                0x00000000                CY_APPL_ORIGIN = 0x0
                0x00000100                CY_FLASH_ROW_SIZE = 0x100
                0x00000020                CY_ECC_ROW_SIZE = 0x20
                0x00000000                CY_EE_IN_BTLDR = 0x0
                0x00000000                CY_APPL_LOADABLE = 0x0
                0x00000800                CY_EE_SIZE = 0x800
                0x00000001                CY_APPL_NUM = 0x1
                0x00000001                CY_APPL_MAX = 0x1
                0x00000040                CY_METADATA_SIZE = 0x40
                0x00000000                CY_APPL_LOADABLE = 0x0
                0x00000000                CY_CHECKSUM_EXCLUDE_SIZE = ALIGN (0x0, CY_FLASH_ROW_SIZE)
                [!provide]                PROVIDE (__cy_heap_start, _end)
                0x00000001                PROVIDE (__cy_region_num, ((__cy_regions_end - __cy_regions) / 0x10))
                0x20008000                PROVIDE (__cy_stack, (ORIGIN (ram) + LENGTH (ram)))
                [!provide]                PROVIDE (__cy_heap_end, (__cy_stack - 0x800))

.cybootloader   0x00000000        0x0
 *(.cybootloader)
                0x00000000                appl1_start = CY_APPL_ORIGIN?CY_APPL_ORIGIN:ALIGN (CY_FLASH_ROW_SIZE)
                0x0001ff00                appl2_start = (appl1_start + ALIGN ((((LENGTH (rom) - appl1_start) - (0x2 * CY_FLASH_ROW_SIZE)) / 0x2), CY_FLASH_ROW_SIZE))
                0x00000000                appl_start = (CY_APPL_NUM == 0x1)?appl1_start:appl2_start
                0x00000000                ecc_offset = ((appl_start / CY_FLASH_ROW_SIZE) * CY_ECC_ROW_SIZE)
                0x00000000                ee_offset = (CY_APPL_LOADABLE && ! (CY_EE_IN_BTLDR))?((CY_EE_SIZE / CY_APPL_MAX) * (CY_APPL_NUM - 0x1)):0x0
                0x00000800                ee_size = (CY_APPL_LOADABLE && ! (CY_EE_IN_BTLDR))?(CY_EE_SIZE / CY_APPL_MAX):CY_EE_SIZE
                [!provide]                PROVIDE (CY_ECC_OFFSET, ecc_offset)

.text           0x00000000     0x571c
 CREATE_OBJECT_SYMBOLS
                0x00000000                PROVIDE (__cy_interrupt_vector, RomVectors)
 *(.romvectors)
 .romvectors    0x00000000       0x10 .\CortexM3\ARM_GCC_541\Debug\Cm3Start.o
                0x00000000                RomVectors
                0x00000001                ASSERT ((. != __cy_interrupt_vector), No interrupt vector)
                0x00000001                ASSERT (CY_APPL_ORIGIN?(SIZEOF (.cybootloader) <= CY_APPL_ORIGIN):0x1, Wrong image location)
                0x00000010                PROVIDE (__cy_reset, Reset)
 *(.text.Reset)
 .text.Reset    0x00000010       0x18 .\CortexM3\ARM_GCC_541\Debug\Cm3Start.o
                0x00000010                Reset
                0x00000001                ASSERT ((. != __cy_reset), No reset code)
 *(.dma_init)
                0x00000001                ASSERT ((((appl_start + .) <= 0x10000) || 0x1), DMA Init must be within the first 64k of flash)
 *(.text .text.* .gnu.linkonce.t.*)
 .text          0x00000028       0x5c c:/program files (x86)/cypress/psoc creator/4.3/psoc creator/import/gnu/arm/5.4.1/bin/../lib/gcc/arm-none-eabi/5.4.1/armv7-m/crtbegin.o
 .text.main     0x00000084      0x770 .\CortexM3\ARM_GCC_541\Debug\main.o
                0x00000084                main
 .text.getWeight
                0x000007f4       0x98 .\CortexM3\ARM_GCC_541\Debug\Sensor-control.o
                0x000007f4                getWeight
 *fill*         0x0000088c        0x4 
 .text.getCalWeight
                0x00000890       0xc0 .\CortexM3\ARM_GCC_541\Debug\Sensor-control.o
                0x00000890                getCalWeight
 .text.WeightSensorsInit
                0x00000950        0xc .\CortexM3\ARM_GCC_541\Debug\Sensor-control.o
                0x00000950                WeightSensorsInit
 .text.CompareWeight
                0x0000095c       0xb8 .\CortexM3\ARM_GCC_541\Debug\Sensor-control.o
                0x0000095c                CompareWeight
 .text.CalibrateSensors
                0x00000a14       0x2c .\CortexM3\ARM_GCC_541\Debug\Sensor-control.o
                0x00000a14                CalibrateSensors
 .text.getCalWeightDebug
                0x00000a40       0x1c .\CortexM3\ARM_GCC_541\Debug\Sensor-control.o
                0x00000a40                getCalWeightDebug
 .text.handleByteReceived
                0x00000a5c       0x1c .\CortexM3\ARM_GCC_541\Debug\UART.o
                0x00000a5c                handleByteReceived
 .text.ISR_UART_rx_handler
                0x00000a78       0x1c .\CortexM3\ARM_GCC_541\Debug\UART.o
                0x00000a78                ISR_UART_rx_handler
 .text.UARTprint
                0x00000a94       0x28 .\CortexM3\ARM_GCC_541\Debug\UART.o
                0x00000a94                UARTprint
 .text.clearTerm
                0x00000abc       0x38 .\CortexM3\ARM_GCC_541\Debug\UART.o
                0x00000abc                clearTerm
 .text.isr_button_handler
                0x00000af4        0xc .\CortexM3\ARM_GCC_541\Debug\Start.o
                0x00000af4                isr_button_handler
 .text.StartDisp
                0x00000b00       0x64 .\CortexM3\ARM_GCC_541\Debug\Display-control.o
                0x00000b00                StartDisp
 .text.initDisp
                0x00000b64       0x54 .\CortexM3\ARM_GCC_541\Debug\Display-control.o
                0x00000b64                initDisp
 .text.printDisp
                0x00000bb8       0x24 .\CortexM3\ARM_GCC_541\Debug\Display-control.o
                0x00000bb8                printDisp
 .text.dispTime
                0x00000bdc       0x58 .\CortexM3\ARM_GCC_541\Debug\Display-control.o
                0x00000bdc                dispTime
 .text.isr_refreshrate_LCD
                0x00000c34       0x3c .\CortexM3\ARM_GCC_541\Debug\Display-control.o
                0x00000c34                isr_refreshrate_LCD
 .text.stopDisp
                0x00000c70       0x1c .\CortexM3\ARM_GCC_541\Debug\Display-control.o
                0x00000c70                stopDisp
 .text.LiquidCrystal_I2C_init
                0x00000c8c       0x30 .\CortexM3\ARM_GCC_541\Debug\LiquidCrystal_I2C.o
                0x00000c8c                LiquidCrystal_I2C_init
 .text.I2C_M_write_byte
                0x00000cbc       0x18 .\CortexM3\ARM_GCC_541\Debug\LiquidCrystal_I2C.o
                0x00000cbc                I2C_M_write_byte
 .text.expanderWrite
                0x00000cd4       0x1c .\CortexM3\ARM_GCC_541\Debug\LiquidCrystal_I2C.o
                0x00000cd4                expanderWrite
 .text.pulseEnable
                0x00000cf0       0x24 .\CortexM3\ARM_GCC_541\Debug\LiquidCrystal_I2C.o
                0x00000cf0                pulseEnable
 .text.write4bits
                0x00000d14       0x10 .\CortexM3\ARM_GCC_541\Debug\LiquidCrystal_I2C.o
                0x00000d14                write4bits
 .text.send     0x00000d24       0x20 .\CortexM3\ARM_GCC_541\Debug\LiquidCrystal_I2C.o
                0x00000d24                send
 .text.command  0x00000d44        0xc .\CortexM3\ARM_GCC_541\Debug\LiquidCrystal_I2C.o
                0x00000d44                command
 .text.clearDisp
                0x00000d50       0x10 .\CortexM3\ARM_GCC_541\Debug\LiquidCrystal_I2C.o
                0x00000d50                clearDisp
 .text.home     0x00000d60       0x10 .\CortexM3\ARM_GCC_541\Debug\LiquidCrystal_I2C.o
                0x00000d60                home
 .text.setCursor
                0x00000d70       0x44 .\CortexM3\ARM_GCC_541\Debug\LiquidCrystal_I2C.o
                0x00000d70                setCursor
 .text.display  0x00000db4       0x1c .\CortexM3\ARM_GCC_541\Debug\LiquidCrystal_I2C.o
                0x00000db4                display
 .text.write    0x00000dd0        0xc .\CortexM3\ARM_GCC_541\Debug\LiquidCrystal_I2C.o
                0x00000dd0                write
 .text.LCD_print
                0x00000ddc       0x20 .\CortexM3\ARM_GCC_541\Debug\LiquidCrystal_I2C.o
                0x00000ddc                LCD_print
 .text.begin    0x00000dfc       0xb4 .\CortexM3\ARM_GCC_541\Debug\LiquidCrystal_I2C.o
                0x00000dfc                begin
 .text.setaddress
                0x00000eb0        0xc .\CortexM3\ARM_GCC_541\Debug\LiquidCrystal_I2C.o
                0x00000eb0                setaddress
 .text.startTimer
                0x00000ebc        0x8 .\CortexM3\ARM_GCC_541\Debug\Timer.o
                0x00000ebc                startTimer
 .text.stopTimer
                0x00000ec4        0x8 .\CortexM3\ARM_GCC_541\Debug\Timer.o
                0x00000ec4                stopTimer
 .text.isr_timer
                0x00000ecc       0x20 .\CortexM3\ARM_GCC_541\Debug\Timer.o
                0x00000ecc                isr_timer
 .text.getTime  0x00000eec       0x10 .\CortexM3\ARM_GCC_541\Debug\Timer.o
                0x00000eec                getTime
 .text.clearTimer
                0x00000efc        0xc .\CortexM3\ARM_GCC_541\Debug\Timer.o
                0x00000efc                clearTimer
 .text.timeout  0x00000f08       0x18 .\CortexM3\ARM_GCC_541\Debug\Timer.o
                0x00000f08                timeout
 .text.setrefreshrate
                0x00000f20       0x30 .\CortexM3\ARM_GCC_541\Debug\LED-control.o
                0x00000f20                setrefreshrate
 .text.setspeed
                0x00000f50       0x2c .\CortexM3\ARM_GCC_541\Debug\LED-control.o
                0x00000f50                setspeed
 *fill*         0x00000f7c        0x4 
 .text.hsv2rgb  0x00000f80      0x1fc .\CortexM3\ARM_GCC_541\Debug\LED-control.o
                0x00000f80                hsv2rgb
 .text.UpdateLED
                0x0000117c       0x54 .\CortexM3\ARM_GCC_541\Debug\LED-control.o
                0x0000117c                UpdateLED
 .text.isr_refreshrate
                0x000011d0       0x38 .\CortexM3\ARM_GCC_541\Debug\LED-control.o
                0x000011d0                isr_refreshrate
 .text.setcolorLED
                0x00001208      0x134 .\CortexM3\ARM_GCC_541\Debug\LED-control.o
                0x00001208                setcolorLED
 .text.fillcolor
                0x0000133c       0x3c .\CortexM3\ARM_GCC_541\Debug\LED-control.o
                0x0000133c                fillcolor
 .text.isr_LED_pulse
                0x00001378      0x128 .\CortexM3\ARM_GCC_541\Debug\LED-control.o
                0x00001378                isr_LED_pulse
 .text.isr_BlinkLED
                0x000014a0       0xbc .\CortexM3\ARM_GCC_541\Debug\LED-control.o
                0x000014a0                isr_BlinkLED
 .text.isr_LED_ring
                0x0000155c      0x10c .\CortexM3\ARM_GCC_541\Debug\LED-control.o
                0x0000155c                isr_LED_ring
 .text.LEDOff   0x00001668       0x14 .\CortexM3\ARM_GCC_541\Debug\LED-control.o
                0x00001668                LEDOff
 .text.addLEDstrip
                0x0000167c       0x48 .\CortexM3\ARM_GCC_541\Debug\LED-control.o
                0x0000167c                addLEDstrip
 .text.initLED  0x000016c4       0x7c .\CortexM3\ARM_GCC_541\Debug\LED-control.o
                0x000016c4                initLED
 .text.pulseLED
                0x00001740       0x48 .\CortexM3\ARM_GCC_541\Debug\LED-control.o
                0x00001740                pulseLED
 .text.ringLED  0x00001788       0x4c .\CortexM3\ARM_GCC_541\Debug\LED-control.o
                0x00001788                ringLED
 .text.BlinkLED
                0x000017d4       0x44 .\CortexM3\ARM_GCC_541\Debug\LED-control.o
                0x000017d4                BlinkLED
 .text.idleSeq  0x00001818       0x3c .\CortexM3\ARM_GCC_541\Debug\LED-control.o
                0x00001818                idleSeq
 *fill*         0x00001854        0x4 
 .text.loserSeq
                0x00001858       0x38 .\CortexM3\ARM_GCC_541\Debug\LED-control.o
                0x00001858                loserSeq
 .text.checkSeq
                0x00001890       0x2c .\CortexM3\ARM_GCC_541\Debug\LED-control.o
                0x00001890                checkSeq
 .text.weightapprovedSeq
                0x000018bc       0x28 .\CortexM3\ARM_GCC_541\Debug\LED-control.o
                0x000018bc                weightapprovedSeq
 *fill*         0x000018e4        0x4 
 .text.startSeq
                0x000018e8      0x144 .\CortexM3\ARM_GCC_541\Debug\LED-control.o
                0x000018e8                startSeq
 .text.isr_delay
                0x00001a2c       0x18 .\CortexM3\ARM_GCC_541\Debug\LED-control.o
                0x00001a2c                isr_delay
 *fill*         0x00001a44        0x4 
 .text.errorSeq
                0x00001a48       0x38 .\CortexM3\ARM_GCC_541\Debug\LED-control.o
                0x00001a48                errorSeq
 .text.winnerSeq
                0x00001a80       0x28 .\CortexM3\ARM_GCC_541\Debug\LED-control.o
                0x00001a80                winnerSeq
 .text.delline  0x00001aa8       0x1c .\CortexM3\ARM_GCC_541\Debug\VT100Terminal.o
                0x00001aa8                delline
 .text.movecursor
                0x00001ac4       0x34 .\CortexM3\ARM_GCC_541\Debug\VT100Terminal.o
                0x00001ac4                movecursor
 .text.isr_spi_rx
                0x00001af8       0x34 .\CortexM3\ARM_GCC_541\Debug\SPI-Slave.o
                0x00001af8                isr_spi_rx
 .text.SPIS_initSPI
                0x00001b2c       0x18 .\CortexM3\ARM_GCC_541\Debug\SPI-Slave.o
                0x00001b2c                SPIS_initSPI
 .text.SPIS_sendData
                0x00001b44       0x30 .\CortexM3\ARM_GCC_541\Debug\SPI-Slave.o
                0x00001b44                SPIS_sendData
 .text.CyClockStartupError
                0x00001b74        0x4 .\CortexM3\ARM_GCC_541\Debug\cyfitter_cfg.o
 .text.cfg_write_bytes32
                0x00001b78       0x34 .\CortexM3\ARM_GCC_541\Debug\cyfitter_cfg.o
 .text.AnalogSetDefault
                0x00001bac       0x30 .\CortexM3\ARM_GCC_541\Debug\cyfitter_cfg.o
 .text.CYMEMZERO
                0x00001bdc        0xc .\CortexM3\ARM_GCC_541\Debug\cyfitter_cfg.o
 .text.CYCONFIGCPY
                0x00001be8        0x8 .\CortexM3\ARM_GCC_541\Debug\cyfitter_cfg.o
 .text.ClockSetup
                0x00001bf0      0x110 .\CortexM3\ARM_GCC_541\Debug\cyfitter_cfg.o
 .text.PlayerSelect_Set
                0x00001d00       0x1c .\CortexM3\ARM_GCC_541\Debug\cyfitter_cfg.o
                0x00001d00                PlayerSelect_Set
 .text.PlayerSelect_Unset
                0x00001d1c       0x1c .\CortexM3\ARM_GCC_541\Debug\cyfitter_cfg.o
                0x00001d1c                PlayerSelect_Unset
 .text.ADC_DelSig_1_AMux_Set
                0x00001d38       0x1c .\CortexM3\ARM_GCC_541\Debug\cyfitter_cfg.o
                0x00001d38                ADC_DelSig_1_AMux_Set
 .text.ADC_DelSig_1_AMux_Unset
                0x00001d54       0x20 .\CortexM3\ARM_GCC_541\Debug\cyfitter_cfg.o
                0x00001d54                ADC_DelSig_1_AMux_Unset
 .text.cyfitter_cfg
                0x00001d74      0x14c .\CortexM3\ARM_GCC_541\Debug\cyfitter_cfg.o
                0x00001d74                cyfitter_cfg
 .text.IntDefaultHandler
                0x00001ec0       0x10 .\CortexM3\ARM_GCC_541\Debug\Cm3Start.o
                0x00001ec0                IntDefaultHandler
 .text._sbrk    0x00001ed0       0x30 .\CortexM3\ARM_GCC_541\Debug\Cm3Start.o
                0x00001ed0                _sbrk
 .text.Start_c  0x00001f00       0x4c .\CortexM3\ARM_GCC_541\Debug\Cm3Start.o
                0x00001f00                Start_c
 .text.initialize_psoc
                0x00001f4c       0x68 .\CortexM3\ARM_GCC_541\Debug\Cm3Start.o
                0x00001f4c                initialize_psoc
 .text.SPIM_1_Enable
                0x00001fb4       0x34 .\CortexM3\ARM_GCC_541\Debug\Hovedprogram.a(SPIM_1.o)
                0x00001fb4                SPIM_1_Enable
 .text.SPIM_1_ReadTxStatus
                0x00001fe8        0xc .\CortexM3\ARM_GCC_541\Debug\Hovedprogram.a(SPIM_1.o)
                0x00001fe8                SPIM_1_ReadTxStatus
 .text.SPIM_1_ReadRxStatus
                0x00001ff4        0xc .\CortexM3\ARM_GCC_541\Debug\Hovedprogram.a(SPIM_1.o)
                0x00001ff4                SPIM_1_ReadRxStatus
 .text.SPIM_1_WriteTxData
                0x00002000       0x18 .\CortexM3\ARM_GCC_541\Debug\Hovedprogram.a(SPIM_1.o)
                0x00002000                SPIM_1_WriteTxData
 .text.SPIM_1_ClearFIFO
                0x00002018       0x4c .\CortexM3\ARM_GCC_541\Debug\Hovedprogram.a(SPIM_1.o)
                0x00002018                SPIM_1_ClearFIFO
 .text.SPIM_1_Init
                0x00002064       0x28 .\CortexM3\ARM_GCC_541\Debug\Hovedprogram.a(SPIM_1.o)
                0x00002064                SPIM_1_Init
 .text.SPIM_1_Start
                0x0000208c       0x1c .\CortexM3\ARM_GCC_541\Debug\Hovedprogram.a(SPIM_1.o)
                0x0000208c                SPIM_1_Start
 .text.Timer1_Enable
                0x000020a8       0x10 .\CortexM3\ARM_GCC_541\Debug\Hovedprogram.a(Timer1.o)
                0x000020a8                Timer1_Enable
 .text.Timer1_Stop
                0x000020b8       0x10 .\CortexM3\ARM_GCC_541\Debug\Hovedprogram.a(Timer1.o)
                0x000020b8                Timer1_Stop
 .text.Timer1_SetInterruptMode
                0x000020c8        0xc .\CortexM3\ARM_GCC_541\Debug\Hovedprogram.a(Timer1.o)
                0x000020c8                Timer1_SetInterruptMode
 .text.Timer1_ReadStatusRegister
                0x000020d4        0xc .\CortexM3\ARM_GCC_541\Debug\Hovedprogram.a(Timer1.o)
                0x000020d4                Timer1_ReadStatusRegister
 .text.Timer1_WritePeriod
                0x000020e0        0xc .\CortexM3\ARM_GCC_541\Debug\Hovedprogram.a(Timer1.o)
                0x000020e0                Timer1_WritePeriod
 .text.Timer1_ReadCapture
                0x000020ec        0xc .\CortexM3\ARM_GCC_541\Debug\Hovedprogram.a(Timer1.o)
                0x000020ec                Timer1_ReadCapture
 .text.Timer1_WriteCounter
                0x000020f8        0xc .\CortexM3\ARM_GCC_541\Debug\Hovedprogram.a(Timer1.o)
                0x000020f8                Timer1_WriteCounter
 .text.Timer1_ClearFIFO
                0x00002104       0x14 .\CortexM3\ARM_GCC_541\Debug\Hovedprogram.a(Timer1.o)
                0x00002104                Timer1_ClearFIFO
 .text.Timer1_Init
                0x00002118       0x34 .\CortexM3\ARM_GCC_541\Debug\Hovedprogram.a(Timer1.o)
                0x00002118                Timer1_Init
 .text.Timer1_Start
                0x0000214c       0x1c .\CortexM3\ARM_GCC_541\Debug\Hovedprogram.a(Timer1.o)
                0x0000214c                Timer1_Start
 .text.isr_LED_refreshrate_SetVector
                0x00002168        0xc .\CortexM3\ARM_GCC_541\Debug\Hovedprogram.a(isr_LED_refreshrate.o)
                0x00002168                isr_LED_refreshrate_SetVector
 .text.isr_LED_refreshrate_SetPriority
                0x00002174       0x10 .\CortexM3\ARM_GCC_541\Debug\Hovedprogram.a(isr_LED_refreshrate.o)
                0x00002174                isr_LED_refreshrate_SetPriority
 .text.isr_LED_refreshrate_Enable
                0x00002184        0xc .\CortexM3\ARM_GCC_541\Debug\Hovedprogram.a(isr_LED_refreshrate.o)
                0x00002184                isr_LED_refreshrate_Enable
 .text.isr_LED_refreshrate_Disable
                0x00002190        0xc .\CortexM3\ARM_GCC_541\Debug\Hovedprogram.a(isr_LED_refreshrate.o)
                0x00002190                isr_LED_refreshrate_Disable
 .text.isr_LED_refreshrate_StartEx
                0x0000219c       0x1c .\CortexM3\ARM_GCC_541\Debug\Hovedprogram.a(isr_LED_refreshrate.o)
                0x0000219c                isr_LED_refreshrate_StartEx
 .text.Timer2_Enable
                0x000021b8       0x10 .\CortexM3\ARM_GCC_541\Debug\Hovedprogram.a(Timer2.o)
                0x000021b8                Timer2_Enable
 .text.Timer2_SetInterruptMode
                0x000021c8        0xc .\CortexM3\ARM_GCC_541\Debug\Hovedprogram.a(Timer2.o)
                0x000021c8                Timer2_SetInterruptMode
 .text.Timer2_ReadStatusRegister
                0x000021d4        0xc .\CortexM3\ARM_GCC_541\Debug\Hovedprogram.a(Timer2.o)
                0x000021d4                Timer2_ReadStatusRegister
 .text.Timer2_WritePeriod
                0x000021e0        0xc .\CortexM3\ARM_GCC_541\Debug\Hovedprogram.a(Timer2.o)
                0x000021e0                Timer2_WritePeriod
 .text.Timer2_ReadCapture
                0x000021ec        0xc .\CortexM3\ARM_GCC_541\Debug\Hovedprogram.a(Timer2.o)
                0x000021ec                Timer2_ReadCapture
 .text.Timer2_WriteCounter
                0x000021f8        0xc .\CortexM3\ARM_GCC_541\Debug\Hovedprogram.a(Timer2.o)
                0x000021f8                Timer2_WriteCounter
 .text.Timer2_ClearFIFO
                0x00002204       0x14 .\CortexM3\ARM_GCC_541\Debug\Hovedprogram.a(Timer2.o)
                0x00002204                Timer2_ClearFIFO
 .text.Timer2_Init
                0x00002218       0x34 .\CortexM3\ARM_GCC_541\Debug\Hovedprogram.a(Timer2.o)
                0x00002218                Timer2_Init
 .text.Timer2_Start
                0x0000224c       0x1c .\CortexM3\ARM_GCC_541\Debug\Hovedprogram.a(Timer2.o)
                0x0000224c                Timer2_Start
 .text.isr_LED_pulse_SetVector
                0x00002268        0xc .\CortexM3\ARM_GCC_541\Debug\Hovedprogram.a(isr_LED_pulse.o)
                0x00002268                isr_LED_pulse_SetVector
 .text.isr_LED_pulse_SetPriority
                0x00002274       0x10 .\CortexM3\ARM_GCC_541\Debug\Hovedprogram.a(isr_LED_pulse.o)
                0x00002274                isr_LED_pulse_SetPriority
 .text.isr_LED_pulse_Enable
                0x00002284        0xc .\CortexM3\ARM_GCC_541\Debug\Hovedprogram.a(isr_LED_pulse.o)
                0x00002284                isr_LED_pulse_Enable
 .text.isr_LED_pulse_Disable
                0x00002290        0xc .\CortexM3\ARM_GCC_541\Debug\Hovedprogram.a(isr_LED_pulse.o)
                0x00002290                isr_LED_pulse_Disable
 .text.isr_LED_pulse_StartEx
                0x0000229c       0x1c .\CortexM3\ARM_GCC_541\Debug\Hovedprogram.a(isr_LED_pulse.o)
                0x0000229c                isr_LED_pulse_StartEx
 .text.Timer3_Enable
                0x000022b8       0x10 .\CortexM3\ARM_GCC_541\Debug\Hovedprogram.a(Timer3.o)
                0x000022b8                Timer3_Enable
 .text.Timer3_SetInterruptMode
                0x000022c8        0xc .\CortexM3\ARM_GCC_541\Debug\Hovedprogram.a(Timer3.o)
                0x000022c8                Timer3_SetInterruptMode
 .text.Timer3_ReadStatusRegister
                0x000022d4        0xc .\CortexM3\ARM_GCC_541\Debug\Hovedprogram.a(Timer3.o)
                0x000022d4                Timer3_ReadStatusRegister
 .text.Timer3_WritePeriod
                0x000022e0        0xc .\CortexM3\ARM_GCC_541\Debug\Hovedprogram.a(Timer3.o)
                0x000022e0                Timer3_WritePeriod
 .text.Timer3_ReadCapture
                0x000022ec        0xc .\CortexM3\ARM_GCC_541\Debug\Hovedprogram.a(Timer3.o)
                0x000022ec                Timer3_ReadCapture
 .text.Timer3_WriteCounter
                0x000022f8        0xc .\CortexM3\ARM_GCC_541\Debug\Hovedprogram.a(Timer3.o)
                0x000022f8                Timer3_WriteCounter
 .text.Timer3_ClearFIFO
                0x00002304       0x14 .\CortexM3\ARM_GCC_541\Debug\Hovedprogram.a(Timer3.o)
                0x00002304                Timer3_ClearFIFO
 .text.Timer3_Init
                0x00002318       0x34 .\CortexM3\ARM_GCC_541\Debug\Hovedprogram.a(Timer3.o)
                0x00002318                Timer3_Init
 .text.Timer3_Start
                0x0000234c       0x1c .\CortexM3\ARM_GCC_541\Debug\Hovedprogram.a(Timer3.o)
                0x0000234c                Timer3_Start
 .text.isr_LED_ring_SetVector
                0x00002368        0xc .\CortexM3\ARM_GCC_541\Debug\Hovedprogram.a(isr_LED_ring.o)
                0x00002368                isr_LED_ring_SetVector
 .text.isr_LED_ring_SetPriority
                0x00002374       0x10 .\CortexM3\ARM_GCC_541\Debug\Hovedprogram.a(isr_LED_ring.o)
                0x00002374                isr_LED_ring_SetPriority
 .text.isr_LED_ring_Enable
                0x00002384        0xc .\CortexM3\ARM_GCC_541\Debug\Hovedprogram.a(isr_LED_ring.o)
                0x00002384                isr_LED_ring_Enable
 .text.isr_LED_ring_Disable
                0x00002390        0xc .\CortexM3\ARM_GCC_541\Debug\Hovedprogram.a(isr_LED_ring.o)
                0x00002390                isr_LED_ring_Disable
 .text.isr_LED_ring_StartEx
                0x0000239c       0x1c .\CortexM3\ARM_GCC_541\Debug\Hovedprogram.a(isr_LED_ring.o)
                0x0000239c                isr_LED_ring_StartEx
 .text.UART_1_Init
                0x000023b8       0x28 .\CortexM3\ARM_GCC_541\Debug\Hovedprogram.a(UART_1.o)
                0x000023b8                UART_1_Init
 .text.UART_1_Enable
                0x000023e0       0x38 .\CortexM3\ARM_GCC_541\Debug\Hovedprogram.a(UART_1.o)
                0x000023e0                UART_1_Enable
 .text.UART_1_Start
                0x00002418       0x1c .\CortexM3\ARM_GCC_541\Debug\Hovedprogram.a(UART_1.o)
                0x00002418                UART_1_Start
 .text.UART_1_ReadRxData
                0x00002434        0xc .\CortexM3\ARM_GCC_541\Debug\Hovedprogram.a(UART_1.o)
                0x00002434                UART_1_ReadRxData
 .text.UART_1_GetRxBufferSize
                0x00002440       0x18 .\CortexM3\ARM_GCC_541\Debug\Hovedprogram.a(UART_1.o)
                0x00002440                UART_1_GetRxBufferSize
 .text.UART_1_PutChar
                0x00002458       0x18 .\CortexM3\ARM_GCC_541\Debug\Hovedprogram.a(UART_1.o)
                0x00002458                UART_1_PutChar
 .text.UART_1_PutString
                0x00002470       0x24 .\CortexM3\ARM_GCC_541\Debug\Hovedprogram.a(UART_1.o)
                0x00002470                UART_1_PutString
 .text.isr_uart_rx_SetVector
                0x00002494        0xc .\CortexM3\ARM_GCC_541\Debug\Hovedprogram.a(isr_uart_rx.o)
                0x00002494                isr_uart_rx_SetVector
 .text.isr_uart_rx_SetPriority
                0x000024a0       0x10 .\CortexM3\ARM_GCC_541\Debug\Hovedprogram.a(isr_uart_rx.o)
                0x000024a0                isr_uart_rx_SetPriority
 .text.isr_uart_rx_Enable
                0x000024b0       0x10 .\CortexM3\ARM_GCC_541\Debug\Hovedprogram.a(isr_uart_rx.o)
                0x000024b0                isr_uart_rx_Enable
 .text.isr_uart_rx_Disable
                0x000024c0       0x10 .\CortexM3\ARM_GCC_541\Debug\Hovedprogram.a(isr_uart_rx.o)
                0x000024c0                isr_uart_rx_Disable
 .text.isr_uart_rx_StartEx
                0x000024d0       0x1c .\CortexM3\ARM_GCC_541\Debug\Hovedprogram.a(isr_uart_rx.o)
                0x000024d0                isr_uart_rx_StartEx
 .text.SPIM_1_IntClock_Start
                0x000024ec       0x1c .\CortexM3\ARM_GCC_541\Debug\Hovedprogram.a(SPIM_1_IntClock.o)
                0x000024ec                SPIM_1_IntClock_Start
 .text.UART_1_IntClock_Start
                0x00002508       0x1c .\CortexM3\ARM_GCC_541\Debug\Hovedprogram.a(UART_1_IntClock.o)
                0x00002508                UART_1_IntClock_Start
 .text.CyHalt   0x00002524        0x4 .\CortexM3\ARM_GCC_541\Debug\Hovedprogram.a(CyLib.o)
                0x00002524                CyHalt
 .text.CyDelay  0x00002528       0x2c .\CortexM3\ARM_GCC_541\Debug\Hovedprogram.a(CyLib.o)
                0x00002528                CyDelay
 .text.CyDelayUs
                0x00002554       0x14 .\CortexM3\ARM_GCC_541\Debug\Hovedprogram.a(CyLib.o)
                0x00002554                CyDelayUs
 .text.CyIntSetVector
                0x00002568       0x28 .\CortexM3\ARM_GCC_541\Debug\Hovedprogram.a(CyLib.o)
                0x00002568                CyIntSetVector
 .text.CyIntSetPriority
                0x00002590       0x30 .\CortexM3\ARM_GCC_541\Debug\Hovedprogram.a(CyLib.o)
                0x00002590                CyIntSetPriority
 .text.PlayerSelect_Start
                0x000025c0       0x20 .\CortexM3\ARM_GCC_541\Debug\Hovedprogram.a(PlayerSelect.o)
                0x000025c0                PlayerSelect_Start
 .text.PlayerSelect_FastSelect
                0x000025e0       0x20 .\CortexM3\ARM_GCC_541\Debug\Hovedprogram.a(PlayerSelect.o)
                0x000025e0                PlayerSelect_FastSelect
 .text.isr_button_SetVector
                0x00002600        0xc .\CortexM3\ARM_GCC_541\Debug\Hovedprogram.a(isr_button.o)
                0x00002600                isr_button_SetVector
 .text.isr_button_SetPriority
                0x0000260c       0x10 .\CortexM3\ARM_GCC_541\Debug\Hovedprogram.a(isr_button.o)
                0x0000260c                isr_button_SetPriority
 .text.isr_button_Enable
                0x0000261c        0xc .\CortexM3\ARM_GCC_541\Debug\Hovedprogram.a(isr_button.o)
                0x0000261c                isr_button_Enable
 .text.isr_button_Disable
                0x00002628        0xc .\CortexM3\ARM_GCC_541\Debug\Hovedprogram.a(isr_button.o)
                0x00002628                isr_button_Disable
 .text.isr_button_StartEx
                0x00002634       0x1c .\CortexM3\ARM_GCC_541\Debug\Hovedprogram.a(isr_button.o)
                0x00002634                isr_button_StartEx
 .text.SPIMOutCtrl_Write
                0x00002650        0xc .\CortexM3\ARM_GCC_541\Debug\Hovedprogram.a(SPIMOutCtrl.o)
                0x00002650                SPIMOutCtrl_Write
 .text.I2C_1_Init
                0x0000265c       0x68 .\CortexM3\ARM_GCC_541\Debug\Hovedprogram.a(I2C_1.o)
                0x0000265c                I2C_1_Init
 .text.I2C_1_Enable
                0x000026c4       0x24 .\CortexM3\ARM_GCC_541\Debug\Hovedprogram.a(I2C_1.o)
                0x000026c4                I2C_1_Enable
 .text.I2C_1_Start
                0x000026e8       0x28 .\CortexM3\ARM_GCC_541\Debug\Hovedprogram.a(I2C_1.o)
                0x000026e8                I2C_1_Start
 .text.I2C_1_ISR
                0x00002710      0x2d0 .\CortexM3\ARM_GCC_541\Debug\Hovedprogram.a(I2C_1_INT.o)
                0x00002710                I2C_1_ISR
 .text.I2C_1_MasterSendStart
                0x000029e0       0x80 .\CortexM3\ARM_GCC_541\Debug\Hovedprogram.a(I2C_1_MASTER.o)
                0x000029e0                I2C_1_MasterSendStart
 .text.I2C_1_MasterSendStop
                0x00002a60       0x38 .\CortexM3\ARM_GCC_541\Debug\Hovedprogram.a(I2C_1_MASTER.o)
                0x00002a60                I2C_1_MasterSendStop
 .text.I2C_1_MasterWriteByte
                0x00002a98       0x58 .\CortexM3\ARM_GCC_541\Debug\Hovedprogram.a(I2C_1_MASTER.o)
                0x00002a98                I2C_1_MasterWriteByte
 .text.Timer_Stopur_Enable
                0x00002af0       0x10 .\CortexM3\ARM_GCC_541\Debug\Hovedprogram.a(Timer_Stopur.o)
                0x00002af0                Timer_Stopur_Enable
 .text.Timer_Stopur_Stop
                0x00002b00       0x10 .\CortexM3\ARM_GCC_541\Debug\Hovedprogram.a(Timer_Stopur.o)
                0x00002b00                Timer_Stopur_Stop
 .text.Timer_Stopur_SetInterruptMode
                0x00002b10        0xc .\CortexM3\ARM_GCC_541\Debug\Hovedprogram.a(Timer_Stopur.o)
                0x00002b10                Timer_Stopur_SetInterruptMode
 .text.Timer_Stopur_ReadStatusRegister
                0x00002b1c        0xc .\CortexM3\ARM_GCC_541\Debug\Hovedprogram.a(Timer_Stopur.o)
                0x00002b1c                Timer_Stopur_ReadStatusRegister
 .text.Timer_Stopur_WritePeriod
                0x00002b28        0xc .\CortexM3\ARM_GCC_541\Debug\Hovedprogram.a(Timer_Stopur.o)
                0x00002b28                Timer_Stopur_WritePeriod
 .text.Timer_Stopur_ReadCapture
                0x00002b34        0xc .\CortexM3\ARM_GCC_541\Debug\Hovedprogram.a(Timer_Stopur.o)
                0x00002b34                Timer_Stopur_ReadCapture
 .text.Timer_Stopur_WriteCounter
                0x00002b40        0xc .\CortexM3\ARM_GCC_541\Debug\Hovedprogram.a(Timer_Stopur.o)
                0x00002b40                Timer_Stopur_WriteCounter
 .text.Timer_Stopur_ClearFIFO
                0x00002b4c       0x14 .\CortexM3\ARM_GCC_541\Debug\Hovedprogram.a(Timer_Stopur.o)
                0x00002b4c                Timer_Stopur_ClearFIFO
 .text.Timer_Stopur_Init
                0x00002b60       0x34 .\CortexM3\ARM_GCC_541\Debug\Hovedprogram.a(Timer_Stopur.o)
                0x00002b60                Timer_Stopur_Init
 .text.Timer_Stopur_Start
                0x00002b94       0x1c .\CortexM3\ARM_GCC_541\Debug\Hovedprogram.a(Timer_Stopur.o)
                0x00002b94                Timer_Stopur_Start
 .text.isr_timer_SetVector
                0x00002bb0        0xc .\CortexM3\ARM_GCC_541\Debug\Hovedprogram.a(isr_timer.o)
                0x00002bb0                isr_timer_SetVector
 .text.isr_timer_SetPriority
                0x00002bbc       0x10 .\CortexM3\ARM_GCC_541\Debug\Hovedprogram.a(isr_timer.o)
                0x00002bbc                isr_timer_SetPriority
 .text.isr_timer_Enable
                0x00002bcc       0x10 .\CortexM3\ARM_GCC_541\Debug\Hovedprogram.a(isr_timer.o)
                0x00002bcc                isr_timer_Enable
 .text.isr_timer_Disable
                0x00002bdc       0x10 .\CortexM3\ARM_GCC_541\Debug\Hovedprogram.a(isr_timer.o)
                0x00002bdc                isr_timer_Disable
 .text.isr_timer_StartEx
                0x00002bec       0x1c .\CortexM3\ARM_GCC_541\Debug\Hovedprogram.a(isr_timer.o)
                0x00002bec                isr_timer_StartEx
 .text.Timer_LCD_Enable
                0x00002c08       0x10 .\CortexM3\ARM_GCC_541\Debug\Hovedprogram.a(Timer_LCD.o)
                0x00002c08                Timer_LCD_Enable
 .text.Timer_LCD_Stop
                0x00002c18       0x10 .\CortexM3\ARM_GCC_541\Debug\Hovedprogram.a(Timer_LCD.o)
                0x00002c18                Timer_LCD_Stop
 .text.Timer_LCD_SetInterruptMode
                0x00002c28        0xc .\CortexM3\ARM_GCC_541\Debug\Hovedprogram.a(Timer_LCD.o)
                0x00002c28                Timer_LCD_SetInterruptMode
 .text.Timer_LCD_ReadStatusRegister
                0x00002c34        0xc .\CortexM3\ARM_GCC_541\Debug\Hovedprogram.a(Timer_LCD.o)
                0x00002c34                Timer_LCD_ReadStatusRegister
 .text.Timer_LCD_WritePeriod
                0x00002c40        0xc .\CortexM3\ARM_GCC_541\Debug\Hovedprogram.a(Timer_LCD.o)
                0x00002c40                Timer_LCD_WritePeriod
 .text.Timer_LCD_ReadCapture
                0x00002c4c        0xc .\CortexM3\ARM_GCC_541\Debug\Hovedprogram.a(Timer_LCD.o)
                0x00002c4c                Timer_LCD_ReadCapture
 .text.Timer_LCD_WriteCounter
                0x00002c58        0xc .\CortexM3\ARM_GCC_541\Debug\Hovedprogram.a(Timer_LCD.o)
                0x00002c58                Timer_LCD_WriteCounter
 .text.Timer_LCD_ClearFIFO
                0x00002c64       0x14 .\CortexM3\ARM_GCC_541\Debug\Hovedprogram.a(Timer_LCD.o)
                0x00002c64                Timer_LCD_ClearFIFO
 .text.Timer_LCD_Init
                0x00002c78       0x30 .\CortexM3\ARM_GCC_541\Debug\Hovedprogram.a(Timer_LCD.o)
                0x00002c78                Timer_LCD_Init
 .text.Timer_LCD_Start
                0x00002ca8       0x1c .\CortexM3\ARM_GCC_541\Debug\Hovedprogram.a(Timer_LCD.o)
                0x00002ca8                Timer_LCD_Start
 .text.isr_refreshrate_LCD_SetVector
                0x00002cc4        0xc .\CortexM3\ARM_GCC_541\Debug\Hovedprogram.a(isr_refreshrate_LCD.o)
                0x00002cc4                isr_refreshrate_LCD_SetVector
 .text.isr_refreshrate_LCD_SetPriority
                0x00002cd0       0x10 .\CortexM3\ARM_GCC_541\Debug\Hovedprogram.a(isr_refreshrate_LCD.o)
                0x00002cd0                isr_refreshrate_LCD_SetPriority
 .text.isr_refreshrate_LCD_Enable
                0x00002ce0        0xc .\CortexM3\ARM_GCC_541\Debug\Hovedprogram.a(isr_refreshrate_LCD.o)
                0x00002ce0                isr_refreshrate_LCD_Enable
 .text.isr_refreshrate_LCD_Disable
                0x00002cec        0xc .\CortexM3\ARM_GCC_541\Debug\Hovedprogram.a(isr_refreshrate_LCD.o)
                0x00002cec                isr_refreshrate_LCD_Disable
 .text.isr_refreshrate_LCD_StartEx
                0x00002cf8       0x1c .\CortexM3\ARM_GCC_541\Debug\Hovedprogram.a(isr_refreshrate_LCD.o)
                0x00002cf8                isr_refreshrate_LCD_StartEx
 .text.Timer4_Enable
                0x00002d14       0x10 .\CortexM3\ARM_GCC_541\Debug\Hovedprogram.a(Timer4.o)
                0x00002d14                Timer4_Enable
 .text.Timer4_SetInterruptMode
                0x00002d24        0xc .\CortexM3\ARM_GCC_541\Debug\Hovedprogram.a(Timer4.o)
                0x00002d24                Timer4_SetInterruptMode
 .text.Timer4_ReadStatusRegister
                0x00002d30        0xc .\CortexM3\ARM_GCC_541\Debug\Hovedprogram.a(Timer4.o)
                0x00002d30                Timer4_ReadStatusRegister
 .text.Timer4_WritePeriod
                0x00002d3c        0xc .\CortexM3\ARM_GCC_541\Debug\Hovedprogram.a(Timer4.o)
                0x00002d3c                Timer4_WritePeriod
 .text.Timer4_ReadCapture
                0x00002d48        0xc .\CortexM3\ARM_GCC_541\Debug\Hovedprogram.a(Timer4.o)
                0x00002d48                Timer4_ReadCapture
 .text.Timer4_WriteCounter
                0x00002d54        0xc .\CortexM3\ARM_GCC_541\Debug\Hovedprogram.a(Timer4.o)
                0x00002d54                Timer4_WriteCounter
 .text.Timer4_ClearFIFO
                0x00002d60       0x14 .\CortexM3\ARM_GCC_541\Debug\Hovedprogram.a(Timer4.o)
                0x00002d60                Timer4_ClearFIFO
 .text.Timer4_Init
                0x00002d74       0x34 .\CortexM3\ARM_GCC_541\Debug\Hovedprogram.a(Timer4.o)
                0x00002d74                Timer4_Init
 .text.Timer4_Start
                0x00002da8       0x1c .\CortexM3\ARM_GCC_541\Debug\Hovedprogram.a(Timer4.o)
                0x00002da8                Timer4_Start
 .text.isr_BlinkLED_SetVector
                0x00002dc4        0xc .\CortexM3\ARM_GCC_541\Debug\Hovedprogram.a(isr_BlinkLED.o)
                0x00002dc4                isr_BlinkLED_SetVector
 .text.isr_BlinkLED_SetPriority
                0x00002dd0       0x10 .\CortexM3\ARM_GCC_541\Debug\Hovedprogram.a(isr_BlinkLED.o)
                0x00002dd0                isr_BlinkLED_SetPriority
 .text.isr_BlinkLED_Enable
                0x00002de0        0xc .\CortexM3\ARM_GCC_541\Debug\Hovedprogram.a(isr_BlinkLED.o)
                0x00002de0                isr_BlinkLED_Enable
 .text.isr_BlinkLED_Disable
                0x00002dec        0xc .\CortexM3\ARM_GCC_541\Debug\Hovedprogram.a(isr_BlinkLED.o)
                0x00002dec                isr_BlinkLED_Disable
 .text.isr_BlinkLED_StartEx
                0x00002df8       0x1c .\CortexM3\ARM_GCC_541\Debug\Hovedprogram.a(isr_BlinkLED.o)
                0x00002df8                isr_BlinkLED_StartEx
 .text.isr_delay_SetVector
                0x00002e14        0xc .\CortexM3\ARM_GCC_541\Debug\Hovedprogram.a(isr_delay.o)
                0x00002e14                isr_delay_SetVector
 .text.isr_delay_SetPriority
                0x00002e20       0x10 .\CortexM3\ARM_GCC_541\Debug\Hovedprogram.a(isr_delay.o)
                0x00002e20                isr_delay_SetPriority
 .text.isr_delay_Enable
                0x00002e30        0xc .\CortexM3\ARM_GCC_541\Debug\Hovedprogram.a(isr_delay.o)
                0x00002e30                isr_delay_Enable
 .text.isr_delay_Disable
                0x00002e3c        0xc .\CortexM3\ARM_GCC_541\Debug\Hovedprogram.a(isr_delay.o)
                0x00002e3c                isr_delay_Disable
 .text.isr_delay_StartEx
                0x00002e48       0x1c .\CortexM3\ARM_GCC_541\Debug\Hovedprogram.a(isr_delay.o)
                0x00002e48                isr_delay_StartEx
 .text.Timer5_Enable
                0x00002e64       0x10 .\CortexM3\ARM_GCC_541\Debug\Hovedprogram.a(Timer5.o)
                0x00002e64                Timer5_Enable
 .text.Timer5_Stop
                0x00002e74       0x10 .\CortexM3\ARM_GCC_541\Debug\Hovedprogram.a(Timer5.o)
                0x00002e74                Timer5_Stop
 .text.Timer5_SetInterruptMode
                0x00002e84        0xc .\CortexM3\ARM_GCC_541\Debug\Hovedprogram.a(Timer5.o)
                0x00002e84                Timer5_SetInterruptMode
 .text.Timer5_ReadStatusRegister
                0x00002e90        0xc .\CortexM3\ARM_GCC_541\Debug\Hovedprogram.a(Timer5.o)
                0x00002e90                Timer5_ReadStatusRegister
 .text.Timer5_WritePeriod
                0x00002e9c        0xc .\CortexM3\ARM_GCC_541\Debug\Hovedprogram.a(Timer5.o)
                0x00002e9c                Timer5_WritePeriod
 .text.Timer5_ReadCapture
                0x00002ea8        0xc .\CortexM3\ARM_GCC_541\Debug\Hovedprogram.a(Timer5.o)
                0x00002ea8                Timer5_ReadCapture
 .text.Timer5_WriteCounter
                0x00002eb4        0xc .\CortexM3\ARM_GCC_541\Debug\Hovedprogram.a(Timer5.o)
                0x00002eb4                Timer5_WriteCounter
 .text.Timer5_ClearFIFO
                0x00002ec0       0x14 .\CortexM3\ARM_GCC_541\Debug\Hovedprogram.a(Timer5.o)
                0x00002ec0                Timer5_ClearFIFO
 .text.Timer5_Init
                0x00002ed4       0x34 .\CortexM3\ARM_GCC_541\Debug\Hovedprogram.a(Timer5.o)
                0x00002ed4                Timer5_Init
 .text.Timer5_Start
                0x00002f08       0x1c .\CortexM3\ARM_GCC_541\Debug\Hovedprogram.a(Timer5.o)
                0x00002f08                Timer5_Start
 .text.ADC_DelSig_1_GainCompensation
                0x00002f24       0xe0 .\CortexM3\ARM_GCC_541\Debug\Hovedprogram.a(ADC_DelSig_1.o)
 .text.ADC_DelSig_1_SetDSMRef0Reg
                0x00003004       0x4c .\CortexM3\ARM_GCC_541\Debug\Hovedprogram.a(ADC_DelSig_1.o)
 .text.ADC_DelSig_1_InitConfig
                0x00003050      0x338 .\CortexM3\ARM_GCC_541\Debug\Hovedprogram.a(ADC_DelSig_1.o)
 .text.ADC_DelSig_1_Init
                0x00003388      0x108 .\CortexM3\ARM_GCC_541\Debug\Hovedprogram.a(ADC_DelSig_1.o)
                0x00003388                ADC_DelSig_1_Init
 .text.ADC_DelSig_1_Enable
                0x00003490       0xd8 .\CortexM3\ARM_GCC_541\Debug\Hovedprogram.a(ADC_DelSig_1.o)
                0x00003490                ADC_DelSig_1_Enable
 .text.ADC_DelSig_1_Start
                0x00003568       0x28 .\CortexM3\ARM_GCC_541\Debug\Hovedprogram.a(ADC_DelSig_1.o)
                0x00003568                ADC_DelSig_1_Start
 .text.ADC_DelSig_1_StartConvert
                0x00003590       0x10 .\CortexM3\ARM_GCC_541\Debug\Hovedprogram.a(ADC_DelSig_1.o)
                0x00003590                ADC_DelSig_1_StartConvert
 .text.ADC_DelSig_1_IsEndConversion
                0x000035a0       0x30 .\CortexM3\ARM_GCC_541\Debug\Hovedprogram.a(ADC_DelSig_1.o)
                0x000035a0                ADC_DelSig_1_IsEndConversion
 .text.ADC_DelSig_1_GetResult32
                0x000035d0       0x6c .\CortexM3\ARM_GCC_541\Debug\Hovedprogram.a(ADC_DelSig_1.o)
                0x000035d0                ADC_DelSig_1_GetResult32
 .text.ADC_DelSig_1_CountsTo_uVolts
                0x0000363c       0x4c .\CortexM3\ARM_GCC_541\Debug\Hovedprogram.a(ADC_DelSig_1.o)
                0x0000363c                ADC_DelSig_1_CountsTo_uVolts
 .text.ADC_DelSig_1_ISR1
                0x00003688        0x4 .\CortexM3\ARM_GCC_541\Debug\Hovedprogram.a(ADC_DelSig_1_INT.o)
                0x00003688                ADC_DelSig_1_ISR1
 .text.ADC_DelSig_1_ISR2
                0x0000368c        0x4 .\CortexM3\ARM_GCC_541\Debug\Hovedprogram.a(ADC_DelSig_1_INT.o)
                0x0000368c                ADC_DelSig_1_ISR2
 .text.ADC_DelSig_1_ISR3
                0x00003690        0x4 .\CortexM3\ARM_GCC_541\Debug\Hovedprogram.a(ADC_DelSig_1_INT.o)
                0x00003690                ADC_DelSig_1_ISR3
 .text.ADC_DelSig_1_ISR4
                0x00003694        0x4 .\CortexM3\ARM_GCC_541\Debug\Hovedprogram.a(ADC_DelSig_1_INT.o)
                0x00003694                ADC_DelSig_1_ISR4
 .text.ADC_DelSig_1_AMux_Start
                0x00003698       0x20 .\CortexM3\ARM_GCC_541\Debug\Hovedprogram.a(ADC_DelSig_1_AMux.o)
                0x00003698                ADC_DelSig_1_AMux_Start
 .text.ADC_DelSig_1_AMux_Select
                0x000036b8       0x18 .\CortexM3\ARM_GCC_541\Debug\Hovedprogram.a(ADC_DelSig_1_AMux.o)
                0x000036b8                ADC_DelSig_1_AMux_Select
 .text.ADC_DelSig_1_Ext_CP_Clk_GetDividerRegister
                0x000036d0        0xc .\CortexM3\ARM_GCC_541\Debug\Hovedprogram.a(ADC_DelSig_1_Ext_CP_Clk.o)
                0x000036d0                ADC_DelSig_1_Ext_CP_Clk_GetDividerRegister
 .text.ADC_DelSig_1_Ext_CP_Clk_SetModeRegister
                0x000036dc       0x14 .\CortexM3\ARM_GCC_541\Debug\Hovedprogram.a(ADC_DelSig_1_Ext_CP_Clk.o)
                0x000036dc                ADC_DelSig_1_Ext_CP_Clk_SetModeRegister
 .text.ADC_DelSig_1_Ext_CP_Clk_GetSourceRegister
                0x000036f0       0x10 .\CortexM3\ARM_GCC_541\Debug\Hovedprogram.a(ADC_DelSig_1_Ext_CP_Clk.o)
                0x000036f0                ADC_DelSig_1_Ext_CP_Clk_GetSourceRegister
 .text.ADC_DelSig_1_Ext_CP_Clk_SetDividerRegister
                0x00003700       0xd8 .\CortexM3\ARM_GCC_541\Debug\Hovedprogram.a(ADC_DelSig_1_Ext_CP_Clk.o)
                0x00003700                ADC_DelSig_1_Ext_CP_Clk_SetDividerRegister
 .text.ADC_DelSig_1_theACLK_GetDividerRegister
                0x000037d8        0xc .\CortexM3\ARM_GCC_541\Debug\Hovedprogram.a(ADC_DelSig_1_theACLK.o)
                0x000037d8                ADC_DelSig_1_theACLK_GetDividerRegister
 .text.ADC_DelSig_1_theACLK_SetModeRegister
                0x000037e4       0x14 .\CortexM3\ARM_GCC_541\Debug\Hovedprogram.a(ADC_DelSig_1_theACLK.o)
                0x000037e4                ADC_DelSig_1_theACLK_SetModeRegister
 .text.ADC_DelSig_1_theACLK_GetSourceRegister
                0x000037f8       0x10 .\CortexM3\ARM_GCC_541\Debug\Hovedprogram.a(ADC_DelSig_1_theACLK.o)
                0x000037f8                ADC_DelSig_1_theACLK_GetSourceRegister
 .text.ADC_DelSig_1_theACLK_SetDividerRegister
                0x00003808       0xd8 .\CortexM3\ARM_GCC_541\Debug\Hovedprogram.a(ADC_DelSig_1_theACLK.o)
                0x00003808                ADC_DelSig_1_theACLK_SetDividerRegister
 .text.SPI_int_Write
                0x000038e0       0x18 .\CortexM3\ARM_GCC_541\Debug\Hovedprogram.a(SPI_int.o)
                0x000038e0                SPI_int_Write
 .text.SPIS_Enable
                0x000038f8       0x38 .\CortexM3\ARM_GCC_541\Debug\Hovedprogram.a(SPIS.o)
                0x000038f8                SPIS_Enable
 .text.SPIS_ReadTxStatus
                0x00003930        0xc .\CortexM3\ARM_GCC_541\Debug\Hovedprogram.a(SPIS.o)
                0x00003930                SPIS_ReadTxStatus
 .text.SPIS_ReadRxStatus
                0x0000393c        0xc .\CortexM3\ARM_GCC_541\Debug\Hovedprogram.a(SPIS.o)
                0x0000393c                SPIS_ReadRxStatus
 .text.SPIS_WriteTxData
                0x00003948       0x18 .\CortexM3\ARM_GCC_541\Debug\Hovedprogram.a(SPIS.o)
                0x00003948                SPIS_WriteTxData
 .text.SPIS_ReadRxData
                0x00003960        0xc .\CortexM3\ARM_GCC_541\Debug\Hovedprogram.a(SPIS.o)
                0x00003960                SPIS_ReadRxData
 .text.SPIS_ClearFIFO
                0x0000396c       0x3c .\CortexM3\ARM_GCC_541\Debug\Hovedprogram.a(SPIS.o)
                0x0000396c                SPIS_ClearFIFO
 .text.SPIS_Init
                0x000039a8       0x48 .\CortexM3\ARM_GCC_541\Debug\Hovedprogram.a(SPIS.o)
                0x000039a8                SPIS_Init
 .text.SPIS_Start
                0x000039f0       0x1c .\CortexM3\ARM_GCC_541\Debug\Hovedprogram.a(SPIS.o)
                0x000039f0                SPIS_Start
 .text.SPIS_RX_ISR
                0x00003a0c        0x4 .\CortexM3\ARM_GCC_541\Debug\Hovedprogram.a(SPIS_INT.o)
                0x00003a0c                SPIS_RX_ISR
 .text.rx_isr_SetVector
                0x00003a10        0xc .\CortexM3\ARM_GCC_541\Debug\Hovedprogram.a(rx_isr.o)
                0x00003a10                rx_isr_SetVector
 .text.rx_isr_SetPriority
                0x00003a1c       0x10 .\CortexM3\ARM_GCC_541\Debug\Hovedprogram.a(rx_isr.o)
                0x00003a1c                rx_isr_SetPriority
 .text.rx_isr_Enable
                0x00003a2c       0x10 .\CortexM3\ARM_GCC_541\Debug\Hovedprogram.a(rx_isr.o)
                0x00003a2c                rx_isr_Enable
 .text.rx_isr_Disable
                0x00003a3c       0x10 .\CortexM3\ARM_GCC_541\Debug\Hovedprogram.a(rx_isr.o)
                0x00003a3c                rx_isr_Disable
 .text.rx_isr_StartEx
                0x00003a4c       0x1c .\CortexM3\ARM_GCC_541\Debug\Hovedprogram.a(rx_isr.o)
                0x00003a4c                rx_isr_StartEx
 .text          0x00003a68       0x20 .\CortexM3\ARM_GCC_541\Debug\Hovedprogram.a(CyBootAsmGnu.o)
                0x00003a68                CyDelayCycles
                0x00003a78                CyEnterCriticalSection
                0x00003a80                CyExitCriticalSection
 .text.round    0x00003a88       0xa0 c:/program files (x86)/cypress/psoc creator/4.3/psoc creator/import/gnu/arm/5.4.1/bin/../lib/gcc/arm-none-eabi/5.4.1/../../../../arm-none-eabi/lib/armv7-m\libm.a(lib_a-s_round.o)
                0x00003a88                round
 .text.fmod     0x00003b28       0xc4 c:/program files (x86)/cypress/psoc creator/4.3/psoc creator/import/gnu/arm/5.4.1/bin/../lib/gcc/arm-none-eabi/5.4.1/../../../../arm-none-eabi/lib/armv7-m\libm.a(lib_a-w_fmod.o)
                0x00003b28                fmod
 .text.__ieee754_fmod
                0x00003bec      0x23c c:/program files (x86)/cypress/psoc creator/4.3/psoc creator/import/gnu/arm/5.4.1/bin/../lib/gcc/arm-none-eabi/5.4.1/../../../../arm-none-eabi/lib/armv7-m\libm.a(lib_a-e_fmod.o)
                0x00003bec                __ieee754_fmod
 .text.matherr  0x00003e28        0x4 c:/program files (x86)/cypress/psoc creator/4.3/psoc creator/import/gnu/arm/5.4.1/bin/../lib/gcc/arm-none-eabi/5.4.1/../../../../arm-none-eabi/lib/armv7-m\libm.a(lib_a-s_matherr.o)
                0x00003e28                matherr
 .text          0x00003e2c      0x370 c:/program files (x86)/cypress/psoc creator/4.3/psoc creator/import/gnu/arm/5.4.1/bin/../lib/gcc/arm-none-eabi/5.4.1/armv7-m\libgcc.a(_arm_addsubdf3.o)
                0x00003e2c                __aeabi_drsub
                0x00003e34                __aeabi_dsub
                0x00003e34                __subdf3
                0x00003e38                __aeabi_dadd
                0x00003e38                __adddf3
                0x000040b0                __floatunsidf
                0x000040b0                __aeabi_ui2d
                0x000040d0                __floatsidf
                0x000040d0                __aeabi_i2d
                0x000040f4                __aeabi_f2d
                0x000040f4                __extendsfdf2
                0x00004130                __floatundidf
                0x00004130                __aeabi_ul2d
                0x00004140                __floatdidf
                0x00004140                __aeabi_l2d
 .text          0x0000419c      0x424 c:/program files (x86)/cypress/psoc creator/4.3/psoc creator/import/gnu/arm/5.4.1/bin/../lib/gcc/arm-none-eabi/5.4.1/armv7-m\libgcc.a(_arm_muldivdf3.o)
                0x0000419c                __aeabi_dmul
                0x0000419c                __muldf3
                0x000043f0                __divdf3
                0x000043f0                __aeabi_ddiv
 .text          0x000045c0      0x110 c:/program files (x86)/cypress/psoc creator/4.3/psoc creator/import/gnu/arm/5.4.1/bin/../lib/gcc/arm-none-eabi/5.4.1/armv7-m\libgcc.a(_arm_cmpdf2.o)
                0x000045c0                __gtdf2
                0x000045c0                __gedf2
                0x000045c8                __ltdf2
                0x000045c8                __ledf2
                0x000045d0                __nedf2
                0x000045d0                __eqdf2
                0x000045d0                __cmpdf2
                0x0000464c                __aeabi_cdrcmple
                0x0000465c                __aeabi_cdcmpeq
                0x0000465c                __aeabi_cdcmple
                0x0000466c                __aeabi_dcmpeq
                0x00004680                __aeabi_dcmplt
                0x00004694                __aeabi_dcmple
                0x000046a8                __aeabi_dcmpge
                0x000046bc                __aeabi_dcmpgt
 .text          0x000046d0       0x2c c:/program files (x86)/cypress/psoc creator/4.3/psoc creator/import/gnu/arm/5.4.1/bin/../lib/gcc/arm-none-eabi/5.4.1/armv7-m\libgcc.a(_arm_unorddf2.o)
                0x000046d0                __unorddf2
                0x000046d0                __aeabi_dcmpun
 .text          0x000046fc       0x50 c:/program files (x86)/cypress/psoc creator/4.3/psoc creator/import/gnu/arm/5.4.1/bin/../lib/gcc/arm-none-eabi/5.4.1/armv7-m\libgcc.a(_arm_fixdfsi.o)
                0x000046fc                __aeabi_d2iz
                0x000046fc                __fixdfsi
 .text          0x0000474c       0xa0 c:/program files (x86)/cypress/psoc creator/4.3/psoc creator/import/gnu/arm/5.4.1/bin/../lib/gcc/arm-none-eabi/5.4.1/armv7-m\libgcc.a(_arm_truncdfsf2.o)
                0x0000474c                __truncdfsf2
                0x0000474c                __aeabi_d2f
 .text          0x000047ec      0x21c c:/program files (x86)/cypress/psoc creator/4.3/psoc creator/import/gnu/arm/5.4.1/bin/../lib/gcc/arm-none-eabi/5.4.1/armv7-m\libgcc.a(_arm_addsubsf3.o)
                0x000047ec                __aeabi_frsub
                0x000047f4                __subsf3
                0x000047f4                __aeabi_fsub
                0x000047f8                __aeabi_fadd
                0x000047f8                __addsf3
                0x00004958                __aeabi_ui2f
                0x00004958                __floatunsisf
                0x00004960                __aeabi_i2f
                0x00004960                __floatsisf
                0x0000497c                __aeabi_ul2f
                0x0000497c                __floatundisf
                0x0000498c                __aeabi_l2f
                0x0000498c                __floatdisf
 .text          0x00004a08      0x2a0 c:/program files (x86)/cypress/psoc creator/4.3/psoc creator/import/gnu/arm/5.4.1/bin/../lib/gcc/arm-none-eabi/5.4.1/armv7-m\libgcc.a(_arm_muldivsf3.o)
                0x00004a08                __mulsf3
                0x00004a08                __aeabi_fmul
                0x00004b70                __aeabi_fdiv
                0x00004b70                __divsf3
 .text          0x00004ca8       0xec c:/program files (x86)/cypress/psoc creator/4.3/psoc creator/import/gnu/arm/5.4.1/bin/../lib/gcc/arm-none-eabi/5.4.1/armv7-m\libgcc.a(_arm_cmpsf2.o)
                0x00004ca8                __gesf2
                0x00004ca8                __gtsf2
                0x00004cb0                __lesf2
                0x00004cb0                __ltsf2
                0x00004cb8                __nesf2
                0x00004cb8                __eqsf2
                0x00004cb8                __cmpsf2
                0x00004d18                __aeabi_cfrcmple
                0x00004d20                __aeabi_cfcmpeq
                0x00004d20                __aeabi_cfcmple
                0x00004d30                __aeabi_fcmpeq
                0x00004d44                __aeabi_fcmplt
                0x00004d58                __aeabi_fcmple
                0x00004d6c                __aeabi_fcmpge
                0x00004d80                __aeabi_fcmpgt
 .text          0x00004d94       0x4c c:/program files (x86)/cypress/psoc creator/4.3/psoc creator/import/gnu/arm/5.4.1/bin/../lib/gcc/arm-none-eabi/5.4.1/armv7-m\libgcc.a(_arm_fixsfsi.o)
                0x00004d94                __aeabi_f2iz
                0x00004d94                __fixsfsi
 .text.__errno  0x00004de0        0xc c:/program files (x86)/cypress/psoc creator/4.3/psoc creator/import/gnu/arm/5.4.1/bin/../lib/gcc/arm-none-eabi/5.4.1/../../../../arm-none-eabi/lib/armv7-m\libg_nano.a(lib_a-errno.o)
                0x00004de0                __errno
 .text.__libc_init_array
                0x00004dec       0x4c c:/program files (x86)/cypress/psoc creator/4.3/psoc creator/import/gnu/arm/5.4.1/bin/../lib/gcc/arm-none-eabi/5.4.1/../../../../arm-none-eabi/lib/armv7-m\libg_nano.a(lib_a-init.o)
                0x00004dec                __libc_init_array
 .text.memcpy   0x00004e38       0x16 c:/program files (x86)/cypress/psoc creator/4.3/psoc creator/import/gnu/arm/5.4.1/bin/../lib/gcc/arm-none-eabi/5.4.1/../../../../arm-none-eabi/lib/armv7-m\libg_nano.a(lib_a-memcpy-stub.o)
                0x00004e38                memcpy
 .text.memset   0x00004e4e       0x10 c:/program files (x86)/cypress/psoc creator/4.3/psoc creator/import/gnu/arm/5.4.1/bin/../lib/gcc/arm-none-eabi/5.4.1/../../../../arm-none-eabi/lib/armv7-m\libg_nano.a(lib_a-memset.o)
                0x00004e4e                memset
 *fill*         0x00004e5e        0x2 
 .text.snprintf
                0x00004e60       0x64 c:/program files (x86)/cypress/psoc creator/4.3/psoc creator/import/gnu/arm/5.4.1/bin/../lib/gcc/arm-none-eabi/5.4.1/../../../../arm-none-eabi/lib/armv7-m\libg_nano.a(lib_a-snprintf.o)
                0x00004e60                sniprintf
                0x00004e60                snprintf
 .text.sprintf  0x00004ec4       0x48 c:/program files (x86)/cypress/psoc creator/4.3/psoc creator/import/gnu/arm/5.4.1/bin/../lib/gcc/arm-none-eabi/5.4.1/../../../../arm-none-eabi/lib/armv7-m\libg_nano.a(lib_a-sprintf.o)
                0x00004ec4                siprintf
                0x00004ec4                sprintf
 .text          0x00004f0c       0x10 c:/program files (x86)/cypress/psoc creator/4.3/psoc creator/import/gnu/arm/5.4.1/bin/../lib/gcc/arm-none-eabi/5.4.1/../../../../arm-none-eabi/lib/armv7-m\libg_nano.a(lib_a-strlen.o)
                0x00004f0c                strlen
 .text.__ssputs_r
                0x00004f1c       0xb2 c:/program files (x86)/cypress/psoc creator/4.3/psoc creator/import/gnu/arm/5.4.1/bin/../lib/gcc/arm-none-eabi/5.4.1/../../../../arm-none-eabi/lib/armv7-m\libg_nano.a(lib_a-nano-svfprintf.o)
                0x00004f1c                __ssputs_r
 *fill*         0x00004fce        0x2 
 .text._svfprintf_r
                0x00004fd0      0x1e8 c:/program files (x86)/cypress/psoc creator/4.3/psoc creator/import/gnu/arm/5.4.1/bin/../lib/gcc/arm-none-eabi/5.4.1/../../../../arm-none-eabi/lib/armv7-m\libg_nano.a(lib_a-nano-svfprintf.o)
                0x00004fd0                _svfiprintf_r
                0x00004fd0                _svfprintf_r
 .text._printf_common
                0x000051b8       0xec c:/program files (x86)/cypress/psoc creator/4.3/psoc creator/import/gnu/arm/5.4.1/bin/../lib/gcc/arm-none-eabi/5.4.1/../../../../arm-none-eabi/lib/armv7-m\libg_nano.a(lib_a-nano-vfprintf_i.o)
                0x000051b8                _printf_common
 .text._printf_i
                0x000052a4      0x24c c:/program files (x86)/cypress/psoc creator/4.3/psoc creator/import/gnu/arm/5.4.1/bin/../lib/gcc/arm-none-eabi/5.4.1/../../../../arm-none-eabi/lib/armv7-m\libg_nano.a(lib_a-nano-vfprintf_i.o)
                0x000052a4                _printf_i
 .text.memchr   0x000054f0       0x1c c:/program files (x86)/cypress/psoc creator/4.3/psoc creator/import/gnu/arm/5.4.1/bin/../lib/gcc/arm-none-eabi/5.4.1/../../../../arm-none-eabi/lib/armv7-m\libg_nano.a(lib_a-memchr-stub.o)
                0x000054f0                memchr
 .text.memmove  0x0000550c       0x36 c:/program files (x86)/cypress/psoc creator/4.3/psoc creator/import/gnu/arm/5.4.1/bin/../lib/gcc/arm-none-eabi/5.4.1/../../../../arm-none-eabi/lib/armv7-m\libg_nano.a(lib_a-memmove.o)
                0x0000550c                memmove
 *fill*         0x00005542        0x2 
 .text._free_r  0x00005544       0x98 c:/program files (x86)/cypress/psoc creator/4.3/psoc creator/import/gnu/arm/5.4.1/bin/../lib/gcc/arm-none-eabi/5.4.1/../../../../arm-none-eabi/lib/armv7-m\libg_nano.a(lib_a-nano-freer.o)
                0x00005544                _free_r
 .text._malloc_r
                0x000055dc       0xbc c:/program files (x86)/cypress/psoc creator/4.3/psoc creator/import/gnu/arm/5.4.1/bin/../lib/gcc/arm-none-eabi/5.4.1/../../../../arm-none-eabi/lib/armv7-m\libg_nano.a(lib_a-nano-mallocr.o)
                0x000055dc                _malloc_r
 .text._realloc_r
                0x00005698       0x4c c:/program files (x86)/cypress/psoc creator/4.3/psoc creator/import/gnu/arm/5.4.1/bin/../lib/gcc/arm-none-eabi/5.4.1/../../../../arm-none-eabi/lib/armv7-m\libg_nano.a(lib_a-nano-reallocr.o)
                0x00005698                _realloc_r
 .text._sbrk_r  0x000056e4       0x20 c:/program files (x86)/cypress/psoc creator/4.3/psoc creator/import/gnu/arm/5.4.1/bin/../lib/gcc/arm-none-eabi/5.4.1/../../../../arm-none-eabi/lib/armv7-m\libg_nano.a(lib_a-sbrkr.o)
                0x000056e4                _sbrk_r
 .text.__malloc_lock
                0x00005704        0x2 c:/program files (x86)/cypress/psoc creator/4.3/psoc creator/import/gnu/arm/5.4.1/bin/../lib/gcc/arm-none-eabi/5.4.1/../../../../arm-none-eabi/lib/armv7-m\libg_nano.a(lib_a-mlock.o)
                0x00005704                __malloc_lock
 .text.__malloc_unlock
                0x00005706        0x2 c:/program files (x86)/cypress/psoc creator/4.3/psoc creator/import/gnu/arm/5.4.1/bin/../lib/gcc/arm-none-eabi/5.4.1/../../../../arm-none-eabi/lib/armv7-m\libg_nano.a(lib_a-mlock.o)
                0x00005706                __malloc_unlock
 .text._malloc_usable_size_r
                0x00005708       0x14 c:/program files (x86)/cypress/psoc creator/4.3/psoc creator/import/gnu/arm/5.4.1/bin/../lib/gcc/arm-none-eabi/5.4.1/../../../../arm-none-eabi/lib/armv7-m\libg_nano.a(lib_a-nano-msizer.o)
                0x00005708                _malloc_usable_size_r
 *(.plt)
 *(.gnu.warning)
 *(.glue_7t)
 .glue_7t       0x0000571c        0x0 linker stubs
 *(.glue_7)
 .glue_7        0x0000571c        0x0 linker stubs
 *(.vfp11_veneer)
 .vfp11_veneer  0x0000571c        0x0 linker stubs
 *(.bootloader)
 *(.ARM.extab* .gnu.linkonce.armextab.*)
 *(.gcc_except_table)

.v4_bx          0x0000571c        0x0
 .v4_bx         0x0000571c        0x0 linker stubs

.iplt           0x0000571c        0x0
 .iplt          0x0000571c        0x0 c:/program files (x86)/cypress/psoc creator/4.3/psoc creator/import/gnu/arm/5.4.1/bin/../lib/gcc/arm-none-eabi/5.4.1/armv7-m/crtbegin.o

.eh_frame_hdr
 *(.eh_frame_hdr)

.eh_frame       0x0000571c        0x4
 *(.eh_frame)
 .eh_frame      0x0000571c        0x0 c:/program files (x86)/cypress/psoc creator/4.3/psoc creator/import/gnu/arm/5.4.1/bin/../lib/gcc/arm-none-eabi/5.4.1/armv7-m/crtbegin.o
 .eh_frame      0x0000571c        0x4 c:/program files (x86)/cypress/psoc creator/4.3/psoc creator/import/gnu/arm/5.4.1/bin/../lib/gcc/arm-none-eabi/5.4.1/armv7-m/crtend.o
                [!provide]                PROVIDE (__exidx_start, .)

.ARM.exidx
 *(.ARM.exidx* .gnu.linkonce.armexidx.*)
                0x00005720                __exidx_end = .

.rodata         0x00005720      0x490
 *(.rodata .rodata.* .gnu.linkonce.r.*)
 .rodata.str1.4
                0x00005720      0x2bf .\CortexM3\ARM_GCC_541\Debug\main.o
                                0x2c3 (size before relaxing)
 *fill*         0x000059df        0x1 
 .rodata.str1.4
                0x000059e0       0x74 .\CortexM3\ARM_GCC_541\Debug\Sensor-control.o
                                 0x76 (size before relaxing)
 .rodata.str1.4
                0x00005a54        0x7 .\CortexM3\ARM_GCC_541\Debug\UART.o
 *fill*         0x00005a5b        0x1 
 .rodata.str1.4
                0x00005a5c       0x2a .\CortexM3\ARM_GCC_541\Debug\Display-control.o
 *fill*         0x00005a86        0x2 
 .rodata        0x00005a88       0x10 .\CortexM3\ARM_GCC_541\Debug\LiquidCrystal_I2C.o
 .rodata.str1.4
                0x00005a98       0x31 .\CortexM3\ARM_GCC_541\Debug\VT100Terminal.o
 *fill*         0x00005ac9        0x3 
 .rodata        0x00005acc       0x5c .\CortexM3\ARM_GCC_541\Debug\cyfitter_cfg.o
                0x00005acc                PlayerSelect__addrTable
                0x00005ad4                PlayerSelect__maskTable
                0x00005ad8                ADC_DelSig_1_AMux__addrTable
                0x00005ae0                ADC_DelSig_1_AMux__maskTable
 .rodata.str1.4
                0x00005b28        0x8 c:/program files (x86)/cypress/psoc creator/4.3/psoc creator/import/gnu/arm/5.4.1/bin/../lib/gcc/arm-none-eabi/5.4.1/../../../../arm-none-eabi/lib/armv7-m\libm.a(lib_a-w_fmod.o)
                                  0x5 (size before relaxing)
 .rodata.Zero   0x00005b30       0x10 c:/program files (x86)/cypress/psoc creator/4.3/psoc creator/import/gnu/arm/5.4.1/bin/../lib/gcc/arm-none-eabi/5.4.1/../../../../arm-none-eabi/lib/armv7-m\libm.a(lib_a-e_fmod.o)
 .rodata.str1.1
                0x00005b40        0x2 c:/program files (x86)/cypress/psoc creator/4.3/psoc creator/import/gnu/arm/5.4.1/bin/../lib/gcc/arm-none-eabi/5.4.1/../../../../arm-none-eabi/lib/armv7-m\libg_nano.a(lib_a-impure.o)
 .rodata.str1.1
                0x00005b42       0x11 c:/program files (x86)/cypress/psoc creator/4.3/psoc creator/import/gnu/arm/5.4.1/bin/../lib/gcc/arm-none-eabi/5.4.1/../../../../arm-none-eabi/lib/armv7-m\libg_nano.a(lib_a-nano-svfprintf.o)
 .rodata.str1.1
                0x00005b53       0x22 c:/program files (x86)/cypress/psoc creator/4.3/psoc creator/import/gnu/arm/5.4.1/bin/../lib/gcc/arm-none-eabi/5.4.1/../../../../arm-none-eabi/lib/armv7-m\libg_nano.a(lib_a-nano-vfprintf_i.o)
                0x00005b78                . = ALIGN (0x4)
 *fill*         0x00005b75        0x3 
 *(.init)
 .init          0x00005b78        0x4 c:/program files (x86)/cypress/psoc creator/4.3/psoc creator/import/gnu/arm/5.4.1/bin/../lib/gcc/arm-none-eabi/5.4.1/armv7-m/crti.o
                0x00005b78                _init
 .init          0x00005b7c        0x8 c:/program files (x86)/cypress/psoc creator/4.3/psoc creator/import/gnu/arm/5.4.1/bin/../lib/gcc/arm-none-eabi/5.4.1/armv7-m/crtn.o
                0x00005b84                . = ALIGN (0x4)
                0x00005b84                __preinit_array_start = .
 *(.preinit_array)
                0x00005b84                __preinit_array_end = .
                0x00005b84                . = ALIGN (0x4)
                0x00005b84                __init_array_start = .
 *(SORT(.init_array.*))
 *(.init_array)
 .init_array    0x00005b84        0x4 c:/program files (x86)/cypress/psoc creator/4.3/psoc creator/import/gnu/arm/5.4.1/bin/../lib/gcc/arm-none-eabi/5.4.1/armv7-m/crtbegin.o
 .init_array    0x00005b88        0x4 .\CortexM3\ARM_GCC_541\Debug\Cm3Start.o
                0x00005b8c                __init_array_end = .
                0x00005b8c                . = ALIGN (0x4)
 *(.fini)
 .fini          0x00005b8c        0x4 c:/program files (x86)/cypress/psoc creator/4.3/psoc creator/import/gnu/arm/5.4.1/bin/../lib/gcc/arm-none-eabi/5.4.1/armv7-m/crti.o
                0x00005b8c                _fini
 .fini          0x00005b90        0x8 c:/program files (x86)/cypress/psoc creator/4.3/psoc creator/import/gnu/arm/5.4.1/bin/../lib/gcc/arm-none-eabi/5.4.1/armv7-m/crtn.o
                0x00005b98                . = ALIGN (0x4)
                0x00005b98                __fini_array_start = .
 *(.fini_array)
 .fini_array    0x00005b98        0x4 c:/program files (x86)/cypress/psoc creator/4.3/psoc creator/import/gnu/arm/5.4.1/bin/../lib/gcc/arm-none-eabi/5.4.1/armv7-m/crtbegin.o
 *(SORT(.fini_array.*))
                0x00005b9c                __fini_array_end = .
                0x00005b9c                . = ALIGN (0x4)
 *crtbegin.o(.ctors)
 *(EXCLUDE_FILE(*crtend.o) .ctors)
 *(SORT(.ctors.*))
 *crtend.o(.ctors)
                0x00005b9c                . = ALIGN (0x4)
 *crtbegin.o(.dtors)
 *(EXCLUDE_FILE(*crtend.o) .dtors)
 *(SORT(.dtors.*))
 *crtend.o(.dtors)
                0x00005b9c                . = ALIGN (0x4)
                0x00005b9c                __cy_regions = .
                0x00005b9c        0x4 LONG 0x5bb0 __cy_region_init_ram
                0x00005ba0        0x4 LONG 0x1fff80c8 __cy_region_start_data
                0x00005ba4        0x4 LONG 0x88 __cy_region_init_size_ram
                0x00005ba8        0x4 LONG 0x148 __cy_region_zero_size_ram
                0x00005bac                __cy_regions_end = .
                0x00005bb0                . = ALIGN (0x8)
 *fill*         0x00005bac        0x4 
                0x00005bb0                _etext = .

.cy_checksum_exclude
                0x00005bb0        0x0
 *(.cy_checksum_exclude)

.ramvectors     0x1fff8000       0xc0
                0x1fff8000                __cy_region_start_ram = .
 *(.ramvectors)
 .ramvectors    0x1fff8000       0xc0 .\CortexM3\ARM_GCC_541\Debug\Cm3Start.o
                0x1fff8000                CyRamVectors

.noinit         0x1fff80c0        0x1
 *(.noinit)
 .noinit        0x1fff80c0        0x1 .\CortexM3\ARM_GCC_541\Debug\Hovedprogram.a(CyLib.o)
                0x1fff80c0                CyResetStatus

.data           0x1fff80c8       0x88 load address 0x00005bb0
                0x1fff80c8                __cy_region_start_data = .
 *(.jcr)
 .jcr           0x1fff80c8        0x0 c:/program files (x86)/cypress/psoc creator/4.3/psoc creator/import/gnu/arm/5.4.1/bin/../lib/gcc/arm-none-eabi/5.4.1/armv7-m/crtbegin.o
 .jcr           0x1fff80c8        0x4 c:/program files (x86)/cypress/psoc creator/4.3/psoc creator/import/gnu/arm/5.4.1/bin/../lib/gcc/arm-none-eabi/5.4.1/armv7-m/crtend.o
 *(.got.plt)
 *(.got)
 *(.shdata)
 *(.data .data.* .gnu.linkonce.d.*)
 .data          0x1fff80cc        0x4 .\CortexM3\ARM_GCC_541\Debug\LED-control.o
 .data          0x1fff80d0        0x4 .\CortexM3\ARM_GCC_541\Debug\Cm3Start.o
 .data          0x1fff80d4       0x10 .\CortexM3\ARM_GCC_541\Debug\Hovedprogram.a(CyLib.o)
                0x1fff80d4                cydelay_32k_ms
                0x1fff80d8                cydelay_freq_khz
                0x1fff80dc                cydelay_freq_mhz
                0x1fff80e0                cydelay_freq_hz
 .data          0x1fff80e4        0x1 .\CortexM3\ARM_GCC_541\Debug\Hovedprogram.a(PlayerSelect.o)
 .data          0x1fff80e5        0x1 .\CortexM3\ARM_GCC_541\Debug\Hovedprogram.a(ADC_DelSig_1.o)
                0x1fff80e5                ADC_DelSig_1_Config
 .data          0x1fff80e6        0x1 .\CortexM3\ARM_GCC_541\Debug\Hovedprogram.a(ADC_DelSig_1_AMux.o)
 .data.__fdlib_version
                0x1fff80e7        0x1 c:/program files (x86)/cypress/psoc creator/4.3/psoc creator/import/gnu/arm/5.4.1/bin/../lib/gcc/arm-none-eabi/5.4.1/../../../../arm-none-eabi/lib/armv7-m\libm.a(lib_a-s_lib_ver.o)
                0x1fff80e7                __fdlib_version
 .data.impure_data
                0x1fff80e8       0x60 c:/program files (x86)/cypress/psoc creator/4.3/psoc creator/import/gnu/arm/5.4.1/bin/../lib/gcc/arm-none-eabi/5.4.1/../../../../arm-none-eabi/lib/armv7-m\libg_nano.a(lib_a-impure.o)
 .data._impure_ptr
                0x1fff8148        0x4 c:/program files (x86)/cypress/psoc creator/4.3/psoc creator/import/gnu/arm/5.4.1/bin/../lib/gcc/arm-none-eabi/5.4.1/../../../../arm-none-eabi/lib/armv7-m\libg_nano.a(lib_a-impure.o)
                0x1fff8148                _impure_ptr
                0x1fff8150                . = ALIGN (0x8)
 *fill*         0x1fff814c        0x4 
 *(.ram)
                0x1fff8150                _edata = .

.igot.plt       0x1fff8150        0x0 load address 0x00005c38
 .igot.plt      0x1fff8150        0x0 c:/program files (x86)/cypress/psoc creator/4.3/psoc creator/import/gnu/arm/5.4.1/bin/../lib/gcc/arm-none-eabi/5.4.1/armv7-m/crtbegin.o

.bss            0x1fff8150      0x148 load address 0x00005c38
                0x1fff8150                PROVIDE (__bss_start__, .)
 *(.shbss)
 *(.bss .bss.* .gnu.linkonce.b.*)
 .bss           0x1fff8150       0x1c c:/program files (x86)/cypress/psoc creator/4.3/psoc creator/import/gnu/arm/5.4.1/bin/../lib/gcc/arm-none-eabi/5.4.1/armv7-m/crtbegin.o
 .bss           0x1fff816c       0x48 .\CortexM3\ARM_GCC_541\Debug\main.o
                0x1fff816c                _WSptr
                0x1fff8188                pErr
                0x1fff818c                chugp1
                0x1fff8190                pLoser
                0x1fff8194                chugp2
                0x1fff8198                cycleCountIdle
                0x1fff819c                cycleCountReady
                0x1fff81a0                cycleCountCountdown
                0x1fff81a4                cycleCountEvaluatingWeight
                0x1fff81a8                tidp2
                0x1fff81ac                tidp1
                0x1fff81b0                chugstart
 .bss           0x1fff81b4       0x20 .\CortexM3\ARM_GCC_541\Debug\Sensor-control.o
                0x1fff81b4                WSptr
                0x1fff81d0                weighthys
 .bss           0x1fff81d4        0x8 .\CortexM3\ARM_GCC_541\Debug\Display-control.o
                0x1fff81d4                display1On
                0x1fff81d8                display2On
 .bss           0x1fff81dc        0x4 .\CortexM3\ARM_GCC_541\Debug\Timer.o
                0x1fff81dc                count
 .bss           0x1fff81e0       0x1c .\CortexM3\ARM_GCC_541\Debug\LED-control.o
                0x1fff81e0                rgbLED1
                0x1fff81e4                rgbLED2
 .bss           0x1fff81fc        0x1 .\CortexM3\ARM_GCC_541\Debug\Hovedprogram.a(SPIM_1.o)
                0x1fff81fc                SPIM_1_initVar
 .bss           0x1fff81fd        0x1 .\CortexM3\ARM_GCC_541\Debug\Hovedprogram.a(Timer1.o)
                0x1fff81fd                Timer1_initVar
 .bss           0x1fff81fe        0x1 .\CortexM3\ARM_GCC_541\Debug\Hovedprogram.a(Timer2.o)
                0x1fff81fe                Timer2_initVar
 .bss           0x1fff81ff        0x1 .\CortexM3\ARM_GCC_541\Debug\Hovedprogram.a(Timer3.o)
                0x1fff81ff                Timer3_initVar
 .bss           0x1fff8200        0x2 .\CortexM3\ARM_GCC_541\Debug\Hovedprogram.a(UART_1.o)
                0x1fff8200                UART_1_initVar
 .bss           0x1fff8202        0x1 .\CortexM3\ARM_GCC_541\Debug\Hovedprogram.a(I2C_1.o)
                0x1fff8202                I2C_1_initVar
 .bss           0x1fff8203        0x1 .\CortexM3\ARM_GCC_541\Debug\Hovedprogram.a(Timer_Stopur.o)
                0x1fff8203                Timer_Stopur_initVar
 .bss           0x1fff8204        0x1 .\CortexM3\ARM_GCC_541\Debug\Hovedprogram.a(Timer_LCD.o)
                0x1fff8204                Timer_LCD_initVar
 .bss           0x1fff8205        0x1 .\CortexM3\ARM_GCC_541\Debug\Hovedprogram.a(Timer4.o)
                0x1fff8205                Timer4_initVar
 .bss           0x1fff8206        0x1 .\CortexM3\ARM_GCC_541\Debug\Hovedprogram.a(Timer5.o)
                0x1fff8206                Timer5_initVar
 *fill*         0x1fff8207        0x1 
 .bss           0x1fff8208       0x18 .\CortexM3\ARM_GCC_541\Debug\Hovedprogram.a(ADC_DelSig_1.o)
                0x1fff8218                ADC_DelSig_1_stopConversion
                0x1fff8219                ADC_DelSig_1_convDone
                0x1fff821a                ADC_DelSig_1_initVar
                0x1fff821b                ADC_DelSig_1_started
                0x1fff821c                ADC_DelSig_1_Offset
 .bss           0x1fff8220        0x1 .\CortexM3\ARM_GCC_541\Debug\Hovedprogram.a(SPIS.o)
                0x1fff8220                SPIS_initVar
 *fill*         0x1fff8221        0x3 
 .bss.__malloc_sbrk_start
                0x1fff8224        0x4 c:/program files (x86)/cypress/psoc creator/4.3/psoc creator/import/gnu/arm/5.4.1/bin/../lib/gcc/arm-none-eabi/5.4.1/../../../../arm-none-eabi/lib/armv7-m\libg_nano.a(lib_a-nano-mallocr.o)
                0x1fff8224                __malloc_sbrk_start
 .bss.__malloc_free_list
                0x1fff8228        0x4 c:/program files (x86)/cypress/psoc creator/4.3/psoc creator/import/gnu/arm/5.4.1/bin/../lib/gcc/arm-none-eabi/5.4.1/../../../../arm-none-eabi/lib/armv7-m\libg_nano.a(lib_a-nano-mallocr.o)
                0x1fff8228                __malloc_free_list
 *(COMMON)
 COMMON         0x1fff822c        0x4 .\CortexM3\ARM_GCC_541\Debug\main.o
                0x1fff822c                BPptr
 COMMON         0x1fff8230       0x32 .\CortexM3\ARM_GCC_541\Debug\Sensor-control.o
                0x1fff8230                uart_string
 COMMON         0x1fff8262        0x8 .\CortexM3\ARM_GCC_541\Debug\LiquidCrystal_I2C.o
                0x1fff8262                _backlightval
                0x1fff8263                _addr
                0x1fff8264                _displaycontrol
                0x1fff8265                _charsize
                0x1fff8266                _displaymode
                0x1fff8267                _displayfunction
                0x1fff8268                _cols
                0x1fff8269                _rows
 *fill*         0x1fff826a        0x2 
 COMMON         0x1fff826c        0x8 .\CortexM3\ARM_GCC_541\Debug\SPI-Slave.o
                0x1fff826c                tx
 COMMON         0x1fff8274        0x1 .\CortexM3\ARM_GCC_541\Debug\Hovedprogram.a(I2C_1.o)
                0x1fff8274                I2C_1_state
 *fill*         0x1fff8275        0x3 
 COMMON         0x1fff8278       0x11 .\CortexM3\ARM_GCC_541\Debug\Hovedprogram.a(I2C_1_MASTER.o)
                0x1fff8278                I2C_1_mstrWrBufIndex
                0x1fff8279                I2C_1_mstrControl
                0x1fff827a                I2C_1_mstrStatus
                0x1fff827b                I2C_1_mstrWrBufSize
                0x1fff827c                I2C_1_mstrRdBufIndex
                0x1fff8280                I2C_1_mstrWrBufPtr
                0x1fff8284                I2C_1_mstrRdBufPtr
                0x1fff8288                I2C_1_mstrRdBufSize
 *fill*         0x1fff8289        0x3 
 COMMON         0x1fff828c        0x4 .\CortexM3\ARM_GCC_541\Debug\Hovedprogram.a(ADC_DelSig_1.o)
                0x1fff828c                ADC_DelSig_1_CountsPerVolt
 COMMON         0x1fff8290        0x4 c:/program files (x86)/cypress/psoc creator/4.3/psoc creator/import/gnu/arm/5.4.1/bin/../lib/gcc/arm-none-eabi/5.4.1/../../../../arm-none-eabi/lib/armv7-m\libg_nano.a(lib_a-reent.o)
                0x1fff8290                errno
                0x1fff8298                . = ALIGN (0x8)
 *fill*         0x1fff8294        0x4 
 *(.ram.b)
                0x1fff8298                _end = .
                0x1fff8298                __end = .
                0x1fff8298                PROVIDE (end, .)
                0x1fff8298                PROVIDE (__bss_end__, .)
                0x00005bb0                __cy_region_init_ram = LOADADDR (.data)
                0x00000088                __cy_region_init_size_ram = (_edata - ADDR (.data))
                0x00000148                __cy_region_zero_size_ram = (_end - _edata)

.heap           0x1fff8298       0x80 load address 0x00005c38
                0x1fff8298                . = _end
                0x1fff8318                . = (. + 0x80)
 *fill*         0x1fff8298       0x80 
                0x1fff8318                __cy_heap_limit = .

.stack          0x20007800      0x800
                0x20007800                __cy_stack_limit = .
                0x20008000                . = (. + 0x800)
 *fill*         0x20007800      0x800 
                0x00000001                ASSERT ((__cy_stack_limit >= __cy_heap_limit), region RAM overflowed with stack)
                0x00000000                cy_checksum_exclude_size = (CY_APPL_LOADABLE == 0x1)?SIZEOF (.cy_checksum_exclude):0x0
                0x00000001                ASSERT ((cy_checksum_exclude_size <= CY_CHECKSUM_EXCLUDE_SIZE), CY_BOOT: Section .cy_checksum_exclude size exceedes specified limit.)

.cyloadermeta
 *(.cyloadermeta)

.cyloadablemeta
 *(.cyloadablemeta)

.cyconfigecc    0x80000000      0xf78
 *(.cyconfigecc)
 .cyconfigecc   0x80000000      0xf78 .\CortexM3\ARM_GCC_541\Debug\cymetadata.o
                0x80000000                cy_meta_configecc

.cycustnvl      0x90000000        0x4
 *(.cycustnvl)
 .cycustnvl     0x90000000        0x4 .\CortexM3\ARM_GCC_541\Debug\cymetadata.o
                0x90000000                cy_meta_custnvl

.cywolatch      0x90100000        0x4
 *(.cywolatch)
 .cywolatch     0x90100000        0x4 .\CortexM3\ARM_GCC_541\Debug\cymetadata.o
                0x90100000                cy_meta_wonvl

.cyeeprom       0x90200000        0x0
 *(.cyeeprom)
                0x00000001                ASSERT ((. <= ((0x90200000 + ee_offset) + ee_size)), .cyeeprom data will not fit in EEPROM)

.cyflashprotect
                0x90400000      0x100
 *(.cyflashprotect)
 .cyflashprotect
                0x90400000      0x100 .\CortexM3\ARM_GCC_541\Debug\cymetadata.o
                0x90400000                cy_meta_flashprotect

.cymeta         0x90500000        0xc
 *(.cymeta)
 .cymeta        0x90500000        0xc .\CortexM3\ARM_GCC_541\Debug\cymetadata.o
                0x90500000                cy_metadata

.rel.dyn        0x00005c38        0x0 load address 0x9050000c
 .rel.iplt      0x00005c38        0x0 c:/program files (x86)/cypress/psoc creator/4.3/psoc creator/import/gnu/arm/5.4.1/bin/../lib/gcc/arm-none-eabi/5.4.1/armv7-m/crtbegin.o

.stab
 *(.stab)

.stabstr
 *(.stabstr)

.debug
 *(.debug)

.line
 *(.line)

.debug_srcinfo
 *(.debug_srcinfo)

.debug_sfnames
 *(.debug_sfnames)

.debug_aranges  0x00000000     0x1968
 *(.debug_aranges)
 .debug_aranges
                0x00000000       0x20 .\CortexM3\ARM_GCC_541\Debug\main.o
 .debug_aranges
                0x00000020       0x48 .\CortexM3\ARM_GCC_541\Debug\Sensor-control.o
 .debug_aranges
                0x00000068       0x38 .\CortexM3\ARM_GCC_541\Debug\UART.o
 .debug_aranges
                0x000000a0       0x20 .\CortexM3\ARM_GCC_541\Debug\Start.o
 .debug_aranges
                0x000000c0       0x50 .\CortexM3\ARM_GCC_541\Debug\Display-control.o
 .debug_aranges
                0x00000110      0x110 .\CortexM3\ARM_GCC_541\Debug\LiquidCrystal_I2C.o
 .debug_aranges
                0x00000220       0x50 .\CortexM3\ARM_GCC_541\Debug\Timer.o
 .debug_aranges
                0x00000270       0xe8 .\CortexM3\ARM_GCC_541\Debug\LED-control.o
 .debug_aranges
                0x00000358       0x30 .\CortexM3\ARM_GCC_541\Debug\VT100Terminal.o
 .debug_aranges
                0x00000388       0x30 .\CortexM3\ARM_GCC_541\Debug\SPI-Slave.o
 .debug_aranges
                0x000003b8       0x78 .\CortexM3\ARM_GCC_541\Debug\cyfitter_cfg.o
 .debug_aranges
                0x00000430       0x18 .\CortexM3\ARM_GCC_541\Debug\cymetadata.o
 .debug_aranges
                0x00000448       0x48 .\CortexM3\ARM_GCC_541\Debug\Cm3Start.o
 .debug_aranges
                0x00000490       0xd8 .\CortexM3\ARM_GCC_541\Debug\Hovedprogram.a(SPIM_1.o)
 .debug_aranges
                0x00000568       0x90 .\CortexM3\ARM_GCC_541\Debug\Hovedprogram.a(Timer1.o)
 .debug_aranges
                0x000005f8       0x80 .\CortexM3\ARM_GCC_541\Debug\Hovedprogram.a(isr_LED_refreshrate.o)
 .debug_aranges
                0x00000678       0x90 .\CortexM3\ARM_GCC_541\Debug\Hovedprogram.a(Timer2.o)
 .debug_aranges
                0x00000708       0x80 .\CortexM3\ARM_GCC_541\Debug\Hovedprogram.a(isr_LED_pulse.o)
 .debug_aranges
                0x00000788       0x90 .\CortexM3\ARM_GCC_541\Debug\Hovedprogram.a(Timer3.o)
 .debug_aranges
                0x00000818       0x80 .\CortexM3\ARM_GCC_541\Debug\Hovedprogram.a(isr_LED_ring.o)
 .debug_aranges
                0x00000898       0xf0 .\CortexM3\ARM_GCC_541\Debug\Hovedprogram.a(UART_1.o)
 .debug_aranges
                0x00000988       0x80 .\CortexM3\ARM_GCC_541\Debug\Hovedprogram.a(isr_uart_rx.o)
 .debug_aranges
                0x00000a08       0x70 .\CortexM3\ARM_GCC_541\Debug\Hovedprogram.a(SPIM_1_IntClock.o)
 .debug_aranges
                0x00000a78       0x70 .\CortexM3\ARM_GCC_541\Debug\Hovedprogram.a(UART_1_IntClock.o)
 .debug_aranges
                0x00000ae8      0x2a0 .\CortexM3\ARM_GCC_541\Debug\Hovedprogram.a(CyLib.o)
 .debug_aranges
                0x00000d88       0x98 .\CortexM3\ARM_GCC_541\Debug\Hovedprogram.a(cyPm.o)
 .debug_aranges
                0x00000e20       0x30 .\CortexM3\ARM_GCC_541\Debug\Hovedprogram.a(PlayerSelect.o)
 .debug_aranges
                0x00000e50       0x80 .\CortexM3\ARM_GCC_541\Debug\Hovedprogram.a(isr_button.o)
 .debug_aranges
                0x00000ed0       0x28 .\CortexM3\ARM_GCC_541\Debug\Hovedprogram.a(SPIMOutCtrl.o)
 .debug_aranges
                0x00000ef8       0x38 .\CortexM3\ARM_GCC_541\Debug\Hovedprogram.a(I2C_1.o)
 .debug_aranges
                0x00000f30       0x20 .\CortexM3\ARM_GCC_541\Debug\Hovedprogram.a(I2C_1_INT.o)
 .debug_aranges
                0x00000f50       0x38 .\CortexM3\ARM_GCC_541\Debug\Hovedprogram.a(I2C_1_PM.o)
 .debug_aranges
                0x00000f88       0x80 .\CortexM3\ARM_GCC_541\Debug\Hovedprogram.a(I2C_1_MASTER.o)
 .debug_aranges
                0x00001008       0x90 .\CortexM3\ARM_GCC_541\Debug\Hovedprogram.a(Timer_Stopur.o)
 .debug_aranges
                0x00001098       0x80 .\CortexM3\ARM_GCC_541\Debug\Hovedprogram.a(isr_timer.o)
 .debug_aranges
                0x00001118       0x90 .\CortexM3\ARM_GCC_541\Debug\Hovedprogram.a(Timer_LCD.o)
 .debug_aranges
                0x000011a8       0x80 .\CortexM3\ARM_GCC_541\Debug\Hovedprogram.a(isr_refreshrate_LCD.o)
 .debug_aranges
                0x00001228       0x90 .\CortexM3\ARM_GCC_541\Debug\Hovedprogram.a(Timer4.o)
 .debug_aranges
                0x000012b8       0x80 .\CortexM3\ARM_GCC_541\Debug\Hovedprogram.a(isr_BlinkLED.o)
 .debug_aranges
                0x00001338       0x80 .\CortexM3\ARM_GCC_541\Debug\Hovedprogram.a(isr_delay.o)
 .debug_aranges
                0x000013b8       0x90 .\CortexM3\ARM_GCC_541\Debug\Hovedprogram.a(Timer5.o)
 .debug_aranges
                0x00001448       0xe8 .\CortexM3\ARM_GCC_541\Debug\Hovedprogram.a(ADC_DelSig_1.o)
 .debug_aranges
                0x00001530       0x38 .\CortexM3\ARM_GCC_541\Debug\Hovedprogram.a(ADC_DelSig_1_INT.o)
 .debug_aranges
                0x00001568       0x30 .\CortexM3\ARM_GCC_541\Debug\Hovedprogram.a(ADC_DelSig_1_AMux.o)
 .debug_aranges
                0x00001598       0x70 .\CortexM3\ARM_GCC_541\Debug\Hovedprogram.a(ADC_DelSig_1_Ext_CP_Clk.o)
 .debug_aranges
                0x00001608       0x80 .\CortexM3\ARM_GCC_541\Debug\Hovedprogram.a(ADC_DelSig_1_theACLK.o)
 .debug_aranges
                0x00001688       0x38 .\CortexM3\ARM_GCC_541\Debug\Hovedprogram.a(SPI_int.o)
 .debug_aranges
                0x000016c0       0xd8 .\CortexM3\ARM_GCC_541\Debug\Hovedprogram.a(SPIS.o)
 .debug_aranges
                0x00001798       0x28 .\CortexM3\ARM_GCC_541\Debug\Hovedprogram.a(SPIS_INT.o)
 .debug_aranges
                0x000017c0       0x80 .\CortexM3\ARM_GCC_541\Debug\Hovedprogram.a(rx_isr.o)
 .debug_aranges
                0x00001840       0x20 .\CortexM3\ARM_GCC_541\Debug\Hovedprogram.a(CyBootAsmGnu.o)
 .debug_aranges
                0x00001860       0x88 .\CortexM3\ARM_GCC_541\Debug\Hovedprogram.a(CyFlash.o)
 .debug_aranges
                0x000018e8       0x80 .\CortexM3\ARM_GCC_541\Debug\Hovedprogram.a(CySpc.o)

.debug_pubnames
 *(.debug_pubnames)

.debug_info     0x00000000     0xdada
 *(.debug_info .gnu.linkonce.wi.*)
 .debug_info    0x00000000     0x10dd .\CortexM3\ARM_GCC_541\Debug\main.o
 .debug_info    0x000010dd      0x466 .\CortexM3\ARM_GCC_541\Debug\Sensor-control.o
 .debug_info    0x00001543      0x2fc .\CortexM3\ARM_GCC_541\Debug\UART.o
 .debug_info    0x0000183f      0x11d .\CortexM3\ARM_GCC_541\Debug\Start.o
 .debug_info    0x0000195c      0x502 .\CortexM3\ARM_GCC_541\Debug\Display-control.o
 .debug_info    0x00001e5e      0x949 .\CortexM3\ARM_GCC_541\Debug\LiquidCrystal_I2C.o
 .debug_info    0x000027a7      0x1b0 .\CortexM3\ARM_GCC_541\Debug\Timer.o
 .debug_info    0x00002957      0xfe7 .\CortexM3\ARM_GCC_541\Debug\LED-control.o
 .debug_info    0x0000393e      0x243 .\CortexM3\ARM_GCC_541\Debug\VT100Terminal.o
 .debug_info    0x00003b81      0x20e .\CortexM3\ARM_GCC_541\Debug\SPI-Slave.o
 .debug_info    0x00003d8f      0x752 .\CortexM3\ARM_GCC_541\Debug\cyfitter_cfg.o
 .debug_info    0x000044e1      0x139 .\CortexM3\ARM_GCC_541\Debug\cymetadata.o
 .debug_info    0x0000461a      0x3bb .\CortexM3\ARM_GCC_541\Debug\Cm3Start.o
 .debug_info    0x000049d5      0x4d8 .\CortexM3\ARM_GCC_541\Debug\Hovedprogram.a(SPIM_1.o)
 .debug_info    0x00004ead      0x2f0 .\CortexM3\ARM_GCC_541\Debug\Hovedprogram.a(Timer1.o)
 .debug_info    0x0000519d      0x2d2 .\CortexM3\ARM_GCC_541\Debug\Hovedprogram.a(isr_LED_refreshrate.o)
 .debug_info    0x0000546f      0x2f0 .\CortexM3\ARM_GCC_541\Debug\Hovedprogram.a(Timer2.o)
 .debug_info    0x0000575f      0x2d2 .\CortexM3\ARM_GCC_541\Debug\Hovedprogram.a(isr_LED_pulse.o)
 .debug_info    0x00005a31      0x2f0 .\CortexM3\ARM_GCC_541\Debug\Hovedprogram.a(Timer3.o)
 .debug_info    0x00005d21      0x2d2 .\CortexM3\ARM_GCC_541\Debug\Hovedprogram.a(isr_LED_ring.o)
 .debug_info    0x00005ff3      0x60c .\CortexM3\ARM_GCC_541\Debug\Hovedprogram.a(UART_1.o)
 .debug_info    0x000065ff      0x2d2 .\CortexM3\ARM_GCC_541\Debug\Hovedprogram.a(isr_uart_rx.o)
 .debug_info    0x000068d1      0x283 .\CortexM3\ARM_GCC_541\Debug\Hovedprogram.a(SPIM_1_IntClock.o)
 .debug_info    0x00006b54      0x283 .\CortexM3\ARM_GCC_541\Debug\Hovedprogram.a(UART_1_IntClock.o)
 .debug_info    0x00006dd7     0x1374 .\CortexM3\ARM_GCC_541\Debug\Hovedprogram.a(CyLib.o)
 .debug_info    0x0000814b      0xa2a .\CortexM3\ARM_GCC_541\Debug\Hovedprogram.a(cyPm.o)
 .debug_info    0x00008b75      0x146 .\CortexM3\ARM_GCC_541\Debug\Hovedprogram.a(PlayerSelect.o)
 .debug_info    0x00008cbb      0x2d2 .\CortexM3\ARM_GCC_541\Debug\Hovedprogram.a(isr_button.o)
 .debug_info    0x00008f8d       0xd6 .\CortexM3\ARM_GCC_541\Debug\Hovedprogram.a(SPIMOutCtrl.o)
 .debug_info    0x00009063      0x2ad .\CortexM3\ARM_GCC_541\Debug\Hovedprogram.a(I2C_1.o)
 .debug_info    0x00009310      0x184 .\CortexM3\ARM_GCC_541\Debug\Hovedprogram.a(I2C_1_INT.o)
 .debug_info    0x00009494      0x207 .\CortexM3\ARM_GCC_541\Debug\Hovedprogram.a(I2C_1_PM.o)
 .debug_info    0x0000969b      0x407 .\CortexM3\ARM_GCC_541\Debug\Hovedprogram.a(I2C_1_MASTER.o)
 .debug_info    0x00009aa2      0x2f0 .\CortexM3\ARM_GCC_541\Debug\Hovedprogram.a(Timer_Stopur.o)
 .debug_info    0x00009d92      0x2d2 .\CortexM3\ARM_GCC_541\Debug\Hovedprogram.a(isr_timer.o)
 .debug_info    0x0000a064      0x2ee .\CortexM3\ARM_GCC_541\Debug\Hovedprogram.a(Timer_LCD.o)
 .debug_info    0x0000a352      0x2d2 .\CortexM3\ARM_GCC_541\Debug\Hovedprogram.a(isr_refreshrate_LCD.o)
 .debug_info    0x0000a624      0x2f0 .\CortexM3\ARM_GCC_541\Debug\Hovedprogram.a(Timer4.o)