Archive member included to satisfy reference by file (symbol)

.\CortexM3\ARM_GCC_541\Debug\LED_control.a(Timer1.o)
                              .\CortexM3\ARM_GCC_541\Debug\LEDcontrol.o (Timer1_Stop)
.\CortexM3\ARM_GCC_541\Debug\LED_control.a(CyLib.o)
                              .\CortexM3\ARM_GCC_541\Debug\Cm3Start.o (CyHalt)
.\CortexM3\ARM_GCC_541\Debug\LED_control.a(cyPm.o)
                              .\CortexM3\ARM_GCC_541\Debug\LED_control.a(CyLib.o) (CyPmReadStatus)
.\CortexM3\ARM_GCC_541\Debug\LED_control.a(SPIM_1.o)
                              .\CortexM3\ARM_GCC_541\Debug\LEDcontrol.o (SPIM_1_WriteTxData)
.\CortexM3\ARM_GCC_541\Debug\LED_control.a(SPIM_1_IntClock.o)
                              .\CortexM3\ARM_GCC_541\Debug\LED_control.a(SPIM_1.o) (SPIM_1_IntClock_Start)
.\CortexM3\ARM_GCC_541\Debug\LED_control.a(isr_LED_refreshrate.o)
                              .\CortexM3\ARM_GCC_541\Debug\LEDcontrol.o (isr_LED_refreshrate_StartEx)
.\CortexM3\ARM_GCC_541\Debug\LED_control.a(Timer2.o)
                              .\CortexM3\ARM_GCC_541\Debug\LEDcontrol.o (Timer2_WritePeriod)
.\CortexM3\ARM_GCC_541\Debug\LED_control.a(Timer3.o)
                              .\CortexM3\ARM_GCC_541\Debug\LEDcontrol.o (Timer3_WritePeriod)
.\CortexM3\ARM_GCC_541\Debug\LED_control.a(isr_LED_pulse.o)
                              .\CortexM3\ARM_GCC_541\Debug\LEDcontrol.o (isr_LED_pulse_StartEx)
.\CortexM3\ARM_GCC_541\Debug\LED_control.a(isr_LED_ring.o)
                              .\CortexM3\ARM_GCC_541\Debug\LEDcontrol.o (isr_LED_ring_StartEx)
.\CortexM3\ARM_GCC_541\Debug\LED_control.a(SPIMOutCtrl.o)
                              .\CortexM3\ARM_GCC_541\Debug\LEDcontrol.o (SPIMOutCtrl_Write)
.\CortexM3\ARM_GCC_541\Debug\LED_control.a(Timer4.o)
                              .\CortexM3\ARM_GCC_541\Debug\LEDcontrol.o (Timer4_WritePeriod)
.\CortexM3\ARM_GCC_541\Debug\LED_control.a(isr_BlinkLED.o)
                              .\CortexM3\ARM_GCC_541\Debug\LEDcontrol.o (isr_BlinkLED_StartEx)
.\CortexM3\ARM_GCC_541\Debug\LED_control.a(isr_delay.o)
                              .\CortexM3\ARM_GCC_541\Debug\LEDcontrol.o (isr_delay_Enable)
.\CortexM3\ARM_GCC_541\Debug\LED_control.a(Timer5.o)
                              .\CortexM3\ARM_GCC_541\Debug\LEDcontrol.o (Timer5_Stop)
.\CortexM3\ARM_GCC_541\Debug\LED_control.a(CyBootAsmGnu.o)
                              .\CortexM3\ARM_GCC_541\Debug\cyfitter_cfg.o (CyDelayCycles)
.\CortexM3\ARM_GCC_541\Debug\LED_control.a(CyFlash.o)
                              .\CortexM3\ARM_GCC_541\Debug\LED_control.a(cyPm.o) (CyFlash_SetWaitCycles)
.\CortexM3\ARM_GCC_541\Debug\LED_control.a(CySpc.o)
                              .\CortexM3\ARM_GCC_541\Debug\LED_control.a(CyFlash.o) (CySpcStart)
c:/program files (x86)/cypress/psoc creator/4.3/psoc creator/import/gnu/arm/5.4.1/bin/../lib/gcc/arm-none-eabi/5.4.1/armv7-m\libgcc.a(_arm_addsubdf3.o)
                              .\CortexM3\ARM_GCC_541\Debug\LEDcontrol.o (__aeabi_dsub)
c:/program files (x86)/cypress/psoc creator/4.3/psoc creator/import/gnu/arm/5.4.1/bin/../lib/gcc/arm-none-eabi/5.4.1/armv7-m\libgcc.a(_arm_muldivdf3.o)
                              .\CortexM3\ARM_GCC_541\Debug\LEDcontrol.o (__aeabi_dmul)
c:/program files (x86)/cypress/psoc creator/4.3/psoc creator/import/gnu/arm/5.4.1/bin/../lib/gcc/arm-none-eabi/5.4.1/armv7-m\libgcc.a(_arm_cmpdf2.o)
                              .\CortexM3\ARM_GCC_541\Debug\LEDcontrol.o (__aeabi_dcmplt)
c:/program files (x86)/cypress/psoc creator/4.3/psoc creator/import/gnu/arm/5.4.1/bin/../lib/gcc/arm-none-eabi/5.4.1/armv7-m\libgcc.a(_arm_fixdfsi.o)
                              .\CortexM3\ARM_GCC_541\Debug\LEDcontrol.o (__aeabi_d2iz)
c:/program files (x86)/cypress/psoc creator/4.3/psoc creator/import/gnu/arm/5.4.1/bin/../lib/gcc/arm-none-eabi/5.4.1/armv7-m\libgcc.a(_arm_truncdfsf2.o)
                              .\CortexM3\ARM_GCC_541\Debug\LEDcontrol.o (__aeabi_d2f)
c:/program files (x86)/cypress/psoc creator/4.3/psoc creator/import/gnu/arm/5.4.1/bin/../lib/gcc/arm-none-eabi/5.4.1/armv7-m\libgcc.a(_arm_addsubsf3.o)
                              .\CortexM3\ARM_GCC_541\Debug\LEDcontrol.o (__aeabi_i2f)
c:/program files (x86)/cypress/psoc creator/4.3/psoc creator/import/gnu/arm/5.4.1/bin/../lib/gcc/arm-none-eabi/5.4.1/armv7-m\libgcc.a(_arm_muldivsf3.o)
                              .\CortexM3\ARM_GCC_541\Debug\LEDcontrol.o (__aeabi_fmul)
c:/program files (x86)/cypress/psoc creator/4.3/psoc creator/import/gnu/arm/5.4.1/bin/../lib/gcc/arm-none-eabi/5.4.1/armv7-m\libgcc.a(_arm_cmpsf2.o)
                              .\CortexM3\ARM_GCC_541\Debug\LEDcontrol.o (__aeabi_fcmpeq)
c:/program files (x86)/cypress/psoc creator/4.3/psoc creator/import/gnu/arm/5.4.1/bin/../lib/gcc/arm-none-eabi/5.4.1/armv7-m\libgcc.a(_arm_fixsfsi.o)
                              .\CortexM3\ARM_GCC_541\Debug\LEDcontrol.o (__aeabi_f2iz)
[...]
Memory Configuration

Name             Origin             Length             Attributes
rom              0x00000000         0x00040000         xr
ram              0x1fff8000         0x00010000         xrw
*default*        0x00000000         0xffffffff

Linker script and memory map

LOAD c:/program files (x86)/cypress/psoc creator/4.3/psoc creator/import/gnu/arm/5.4.1/bin/../lib/gcc/arm-none-eabi/5.4.1/armv7-m/crti.o
LOAD c:/program files (x86)/cypress/psoc creator/4.3/psoc creator/import/gnu/arm/5.4.1/bin/../lib/gcc/arm-none-eabi/5.4.1/armv7-m/crtbegin.o
LOAD c:/program files (x86)/cypress/psoc creator/4.3/psoc creator/import/gnu/arm/5.4.1/bin/../lib/gcc/arm-none-eabi/5.4.1/../../../../arm-none-eabi/lib/armv7-m/crt0.o
START GROUP
LOAD .\CortexM3\ARM_GCC_541\Debug\main.o
LOAD .\CortexM3\ARM_GCC_541\Debug\LEDcontrol.o
LOAD .\CortexM3\ARM_GCC_541\Debug\cyfitter_cfg.o
LOAD .\CortexM3\ARM_GCC_541\Debug\cymetadata.o
LOAD .\CortexM3\ARM_GCC_541\Debug\Cm3Start.o
LOAD .\CortexM3\ARM_GCC_541\Debug\LED_control.a
LOAD C:\Program Files (x86)\Cypress\PSoC Creator\4.3\PSoC Creator\psoc\content\cycomponentlibrary\CyComponentLibrary.cylib\CortexM3\ARM_GCC_541\Debug\CyComponentLibrary.a
LOAD c:/program files (x86)/cypress/psoc creator/4.3/psoc creator/import/gnu/arm/5.4.1/bin/../lib/gcc/arm-none-eabi/5.4.1/../../../../arm-none-eabi/lib/armv7-m\libm.a
END GROUP
START GROUP
LOAD c:/program files (x86)/cypress/psoc creator/4.3/psoc creator/import/gnu/arm/5.4.1/bin/../lib/gcc/arm-none-eabi/5.4.1/armv7-m\libgcc.a
LOAD c:/program files (x86)/cypress/psoc creator/4.3/psoc creator/import/gnu/arm/5.4.1/bin/../lib/gcc/arm-none-eabi/5.4.1/../../../../arm-none-eabi/lib/armv7-m\libg_nano.a
LOAD c:/program files (x86)/cypress/psoc creator/4.3/psoc creator/import/gnu/arm/5.4.1/bin/../lib/gcc/arm-none-eabi/5.4.1/../../../../arm-none-eabi/lib/armv7-m\libc_nano.a
END GROUP
START GROUP
LOAD c:/program files (x86)/cypress/psoc creator/4.3/psoc creator/import/gnu/arm/5.4.1/bin/../lib/gcc/arm-none-eabi/5.4.1/armv7-m\libgcc.a
LOAD c:/program files (x86)/cypress/psoc creator/4.3/psoc creator/import/gnu/arm/5.4.1/bin/../lib/gcc/arm-none-eabi/5.4.1/../../../../arm-none-eabi/lib/armv7-m\libc_nano.a
END GROUP
LOAD c:/program files (x86)/cypress/psoc creator/4.3/psoc creator/import/gnu/arm/5.4.1/bin/../lib/gcc/arm-none-eabi/5.4.1/armv7-m/crtend.o
LOAD c:/program files (x86)/cypress/psoc creator/4.3/psoc creator/import/gnu/arm/5.4.1/bin/../lib/gcc/arm-none-eabi/5.4.1/armv7-m/crtn.o
START GROUP
LOAD c:/program files (x86)/cypress/psoc creator/4.3/psoc creator/import/gnu/arm/5.4.1/bin/../lib/gcc/arm-none-eabi/5.4.1/armv7-m\libgcc.a
LOAD c:/program files (x86)/cypress/psoc creator/4.3/psoc creator/import/gnu/arm/5.4.1/bin/../lib/gcc/arm-none-eabi/5.4.1/../../../../arm-none-eabi/lib/armv7-m\libc.a
LOAD c:/program files (x86)/cypress/psoc creator/4.3/psoc creator/import/gnu/arm/5.4.1/bin/../lib/gcc/arm-none-eabi/5.4.1/../../../../arm-none-eabi/lib/armv7-m\libnosys.a
END GROUP
                0x00000000                CY_APPL_ORIGIN = 0x0
                0x00000100                CY_FLASH_ROW_SIZE = 0x100
                0x00000020                CY_ECC_ROW_SIZE = 0x20
                0x00000000                CY_EE_IN_BTLDR = 0x0
                0x00000000                CY_APPL_LOADABLE = 0x0
                0x00000800                CY_EE_SIZE = 0x800
                0x00000001                CY_APPL_NUM = 0x1
                0x00000001                CY_APPL_MAX = 0x1
                0x00000040                CY_METADATA_SIZE = 0x40
                0x00000000                CY_APPL_LOADABLE = 0x0
                0x00000000                CY_CHECKSUM_EXCLUDE_SIZE = ALIGN (0x0, CY_FLASH_ROW_SIZE)
                [!provide]                PROVIDE (__cy_heap_start, _end)
                0x00000001                PROVIDE (__cy_region_num, ((__cy_regions_end - __cy_regions) / 0x10))
                0x20008000                PROVIDE (__cy_stack, (ORIGIN (ram) + LENGTH (ram)))
                [!provide]                PROVIDE (__cy_heap_end, (__cy_stack - 0x800))

.cybootloader   0x00000000        0x0
 *(.cybootloader)
                0x00000000                appl1_start = CY_APPL_ORIGIN?CY_APPL_ORIGIN:ALIGN (CY_FLASH_ROW_SIZE)
                0x0001ff00                appl2_start = (appl1_start + ALIGN ((((LENGTH (rom) - appl1_start) - (0x2 * CY_FLASH_ROW_SIZE)) / 0x2), CY_FLASH_ROW_SIZE))
                0x00000000                appl_start = (CY_APPL_NUM == 0x1)?appl1_start:appl2_start
                0x00000000                ecc_offset = ((appl_start / CY_FLASH_ROW_SIZE) * CY_ECC_ROW_SIZE)
                0x00000000                ee_offset = (CY_APPL_LOADABLE && ! (CY_EE_IN_BTLDR))?((CY_EE_SIZE / CY_APPL_MAX) * (CY_APPL_NUM - 0x1)):0x0
                0x00000800                ee_size = (CY_APPL_LOADABLE && ! (CY_EE_IN_BTLDR))?(CY_EE_SIZE / CY_APPL_MAX):CY_EE_SIZE
                [!provide]                PROVIDE (CY_ECC_OFFSET, ecc_offset)

.text           0x00000000     0x3e84
 CREATE_OBJECT_SYMBOLS
                0x00000000                PROVIDE (__cy_interrupt_vector, RomVectors)
 *(.romvectors)
 .romvectors    0x00000000       0x10 .\CortexM3\ARM_GCC_541\Debug\Cm3Start.o
                0x00000000                RomVectors
                0x00000001                ASSERT ((. != __cy_interrupt_vector), No interrupt vector)
                0x00000001                ASSERT (CY_APPL_ORIGIN?(SIZEOF (.cybootloader) <= CY_APPL_ORIGIN):0x1, Wrong image location)
                0x00000010                PROVIDE (__cy_reset, Reset)
 *(.text.Reset)
 .text.Reset    0x00000010       0x18 .\CortexM3\ARM_GCC_541\Debug\Cm3Start.o
                0x00000010                Reset
                0x00000001                ASSERT ((. != __cy_reset), No reset code)
 *(.dma_init)
                0x00000001                ASSERT ((((appl_start + .) <= 0x10000) || 0x1), DMA Init must be within the first 64k of flash)
 *(.text .text.* .gnu.linkonce.t.*)
 .text          0x00000028       0x5c c:/program files (x86)/cypress/psoc creator/4.3/psoc creator/import/gnu/arm/5.4.1/bin/../lib/gcc/arm-none-eabi/5.4.1/armv7-m/crtbegin.o
 .text.main     0x00000084       0x40 .\CortexM3\ARM_GCC_541\Debug\main.o
                0x00000084                main
 .text.setrefreshrate
                0x000000c4       0x30 .\CortexM3\ARM_GCC_541\Debug\LEDcontrol.o
                0x000000c4                setrefreshrate
 .text.setspeed
                0x000000f4       0x2c .\CortexM3\ARM_GCC_541\Debug\LEDcontrol.o
                0x000000f4                setspeed
 .text.hsv2rgb  0x00000120      0x234 .\CortexM3\ARM_GCC_541\Debug\LEDcontrol.o
                0x00000120                hsv2rgb
 .text.UpdateLED
                0x00000354       0x54 .\CortexM3\ARM_GCC_541\Debug\LEDcontrol.o
                0x00000354                UpdateLED
 .text.isr_refreshrate
                0x000003a8       0x30 .\CortexM3\ARM_GCC_541\Debug\LEDcontrol.o
                0x000003a8                isr_refreshrate
 .text.setcolorLED
                0x000003d8      0x134 .\CortexM3\ARM_GCC_541\Debug\LEDcontrol.o
                0x000003d8                setcolorLED
 .text.fillcolor
                0x0000050c       0x3c .\CortexM3\ARM_GCC_541\Debug\LEDcontrol.o
                0x0000050c                fillcolor
 .text.isr_LED_pulse
                0x00000548      0x128 .\CortexM3\ARM_GCC_541\Debug\LEDcontrol.o
                0x00000548                isr_LED_pulse
 .text.isr_BlinkLED
                0x00000670       0xbc .\CortexM3\ARM_GCC_541\Debug\LEDcontrol.o
                0x00000670                isr_BlinkLED
 .text.isr_LED_ring
                0x0000072c      0x10c .\CortexM3\ARM_GCC_541\Debug\LEDcontrol.o
                0x0000072c                isr_LED_ring
 .text.LEDOff   0x00000838       0x14 .\CortexM3\ARM_GCC_541\Debug\LEDcontrol.o
                0x00000838                LEDOff
 .text.addLEDstrip
                0x0000084c       0x48 .\CortexM3\ARM_GCC_541\Debug\LEDcontrol.o
                0x0000084c                addLEDstrip
 .text.initLED  0x00000894       0x7c .\CortexM3\ARM_GCC_541\Debug\LEDcontrol.o
                0x00000894                initLED
 .text.ringLED  0x00000910       0x4c .\CortexM3\ARM_GCC_541\Debug\LEDcontrol.o
                0x00000910                ringLED
 .text.checkSeq
                0x0000095c       0x2c .\CortexM3\ARM_GCC_541\Debug\LEDcontrol.o
                0x0000095c                checkSeq
 .text.startSeq
                0x00000988      0x15c .\CortexM3\ARM_GCC_541\Debug\LEDcontrol.o
                0x00000988                startSeq
 .text.isr_delay
                0x00000ae4       0x18 .\CortexM3\ARM_GCC_541\Debug\LEDcontrol.o
                0x00000ae4                isr_delay
 .text.CyClockStartupError
                0x00000afc        0x4 .\CortexM3\ARM_GCC_541\Debug\cyfitter_cfg.o
 .text.cfg_write_bytes32
                0x00000b00       0x34 .\CortexM3\ARM_GCC_541\Debug\cyfitter_cfg.o
 .text.AnalogSetDefault
                0x00000b34       0x28 .\CortexM3\ARM_GCC_541\Debug\cyfitter_cfg.o
 .text.CYMEMZERO
                0x00000b5c        0xc .\CortexM3\ARM_GCC_541\Debug\cyfitter_cfg.o
 .text.ClockSetup
                0x00000b68       0xcc .\CortexM3\ARM_GCC_541\Debug\cyfitter_cfg.o
 .text.CYCONFIGCPY
                0x00000c34        0x8 .\CortexM3\ARM_GCC_541\Debug\cyfitter_cfg.o
 .text.cyfitter_cfg
                0x00000c3c       0xfc .\CortexM3\ARM_GCC_541\Debug\cyfitter_cfg.o
                0x00000c3c                cyfitter_cfg
 .text.IntDefaultHandler
                0x00000d38       0x10 .\CortexM3\ARM_GCC_541\Debug\Cm3Start.o
                0x00000d38                IntDefaultHandler
 .text._sbrk    0x00000d48       0x30 .\CortexM3\ARM_GCC_541\Debug\Cm3Start.o
                0x00000d48                _sbrk
 .text.Start_c  0x00000d78       0x4c .\CortexM3\ARM_GCC_541\Debug\Cm3Start.o
                0x00000d78                Start_c
 .text.initialize_psoc
                0x00000dc4       0x68 .\CortexM3\ARM_GCC_541\Debug\Cm3Start.o
                0x00000dc4                initialize_psoc
 .text.Timer1_Enable
                0x00000e2c       0x10 .\CortexM3\ARM_GCC_541\Debug\LED_control.a(Timer1.o)
                0x00000e2c                Timer1_Enable
 .text.Timer1_Stop
                0x00000e3c       0x10 .\CortexM3\ARM_GCC_541\Debug\LED_control.a(Timer1.o)
                0x00000e3c                Timer1_Stop
 .text.Timer1_SetInterruptMode
                0x00000e4c        0xc .\CortexM3\ARM_GCC_541\Debug\LED_control.a(Timer1.o)
                0x00000e4c                Timer1_SetInterruptMode
 .text.Timer1_ReadStatusRegister
                0x00000e58        0xc .\CortexM3\ARM_GCC_541\Debug\LED_control.a(Timer1.o)
                0x00000e58                Timer1_ReadStatusRegister
 .text.Timer1_WritePeriod
                0x00000e64        0xc .\CortexM3\ARM_GCC_541\Debug\LED_control.a(Timer1.o)
                0x00000e64                Timer1_WritePeriod
 .text.Timer1_ReadCapture
                0x00000e70        0xc .\CortexM3\ARM_GCC_541\Debug\LED_control.a(Timer1.o)
                0x00000e70                Timer1_ReadCapture
 .text.Timer1_WriteCounter
                0x00000e7c        0xc .\CortexM3\ARM_GCC_541\Debug\LED_control.a(Timer1.o)
                0x00000e7c                Timer1_WriteCounter
 .text.Timer1_ClearFIFO
                0x00000e88       0x14 .\CortexM3\ARM_GCC_541\Debug\LED_control.a(Timer1.o)
                0x00000e88                Timer1_ClearFIFO
 .text.Timer1_Init
                0x00000e9c       0x34 .\CortexM3\ARM_GCC_541\Debug\LED_control.a(Timer1.o)
                0x00000e9c                Timer1_Init
 .text.Timer1_Start
                0x00000ed0       0x1c .\CortexM3\ARM_GCC_541\Debug\LED_control.a(Timer1.o)
                0x00000ed0                Timer1_Start
 .text.CyDelayUs
                0x00000eec       0x14 .\CortexM3\ARM_GCC_541\Debug\LED_control.a(CyLib.o)
                0x00000eec                CyDelayUs
 .text.SPIM_1_Enable
                0x00000f00       0x34 .\CortexM3\ARM_GCC_541\Debug\LED_control.a(SPIM_1.o)
                0x00000f00                SPIM_1_Enable
 .text.SPIM_1_ReadTxStatus
                0x00000f34        0xc .\CortexM3\ARM_GCC_541\Debug\LED_control.a(SPIM_1.o)
                0x00000f34                SPIM_1_ReadTxStatus
 .text.SPIM_1_ReadRxStatus
                0x00000f40        0xc .\CortexM3\ARM_GCC_541\Debug\LED_control.a(SPIM_1.o)
                0x00000f40                SPIM_1_ReadRxStatus
 .text.SPIM_1_WriteTxData
                0x00000f4c       0x18 .\CortexM3\ARM_GCC_541\Debug\LED_control.a(SPIM_1.o)
                0x00000f4c                SPIM_1_WriteTxData
 .text.SPIM_1_ClearFIFO
                0x00000f64       0x4c .\CortexM3\ARM_GCC_541\Debug\LED_control.a(SPIM_1.o)
                0x00000f64                SPIM_1_ClearFIFO
 .text.SPIM_1_Init
                0x00000fb0       0x28 .\CortexM3\ARM_GCC_541\Debug\LED_control.a(SPIM_1.o)
                0x00000fb0                SPIM_1_Init
 .text.SPIM_1_Start
                0x00000fd8       0x1c .\CortexM3\ARM_GCC_541\Debug\LED_control.a(SPIM_1.o)
                0x00000fd8                SPIM_1_Start
 .text.SPIM_1_IntClock_Start
                0x00000ff4       0x1c .\CortexM3\ARM_GCC_541\Debug\LED_control.a(SPIM_1_IntClock.o)
                0x00000ff4                SPIM_1_IntClock_Start
 .text.isr_LED_refreshrate_SetVector
                0x00001010        0xc .\CortexM3\ARM_GCC_541\Debug\LED_control.a(isr_LED_refreshrate.o)
                0x00001010                isr_LED_refreshrate_SetVector
 .text.isr_LED_refreshrate_SetPriority
                0x0000101c       0x10 .\CortexM3\ARM_GCC_541\Debug\LED_control.a(isr_LED_refreshrate.o)
                0x0000101c                isr_LED_refreshrate_SetPriority
 .text.isr_LED_refreshrate_Enable
                0x0000102c        0xc .\CortexM3\ARM_GCC_541\Debug\LED_control.a(isr_LED_refreshrate.o)
                0x0000102c                isr_LED_refreshrate_Enable
 .text.isr_LED_refreshrate_Disable
                0x00001038        0xc .\CortexM3\ARM_GCC_541\Debug\LED_control.a(isr_LED_refreshrate.o)
                0x00001038                isr_LED_refreshrate_Disable
 .text.isr_LED_refreshrate_StartEx
                0x00001044       0x1c .\CortexM3\ARM_GCC_541\Debug\LED_control.a(isr_LED_refreshrate.o)
                0x00001044                isr_LED_refreshrate_StartEx
 .text.Timer2_Enable
                0x00001060       0x10 .\CortexM3\ARM_GCC_541\Debug\LED_control.a(Timer2.o)
                0x00001060                Timer2_Enable
 .text.Timer2_SetInterruptMode
                0x00001070        0xc .\CortexM3\ARM_GCC_541\Debug\LED_control.a(Timer2.o)
                0x00001070                Timer2_SetInterruptMode
 .text.Timer2_ReadStatusRegister
                0x0000107c        0xc .\CortexM3\ARM_GCC_541\Debug\LED_control.a(Timer2.o)
                0x0000107c                Timer2_ReadStatusRegister
 .text.Timer2_WritePeriod
                0x00001088        0xc .\CortexM3\ARM_GCC_541\Debug\LED_control.a(Timer2.o)
                0x00001088                Timer2_WritePeriod
 .text.Timer2_ReadCapture
                0x00001094        0xc .\CortexM3\ARM_GCC_541\Debug\LED_control.a(Timer2.o)
                0x00001094                Timer2_ReadCapture
 .text.Timer2_WriteCounter
                0x000010a0        0xc .\CortexM3\ARM_GCC_541\Debug\LED_control.a(Timer2.o)
                0x000010a0                Timer2_WriteCounter
 .text.Timer2_ClearFIFO
                0x000010ac       0x14 .\CortexM3\ARM_GCC_541\Debug\LED_control.a(Timer2.o)
                0x000010ac                Timer2_ClearFIFO
 .text.Timer2_Init
                0x000010c0       0x34 .\CortexM3\ARM_GCC_541\Debug\LED_control.a(Timer2.o)
                0x000010c0                Timer2_Init
 .text.Timer2_Start
                0x000010f4       0x1c .\CortexM3\ARM_GCC_541\Debug\LED_control.a(Timer2.o)
                0x000010f4                Timer2_Start
 .text.Timer3_Enable
                0x00001110       0x10 .\CortexM3\ARM_GCC_541\Debug\LED_control.a(Timer3.o)
                0x00001110                Timer3_Enable
 .text.Timer3_SetInterruptMode
                0x00001120        0xc .\CortexM3\ARM_GCC_541\Debug\LED_control.a(Timer3.o)
                0x00001120                Timer3_SetInterruptMode
 .text.Timer3_ReadStatusRegister
                0x0000112c        0xc .\CortexM3\ARM_GCC_541\Debug\LED_control.a(Timer3.o)
                0x0000112c                Timer3_ReadStatusRegister
 .text.Timer3_WritePeriod
                0x00001138        0xc .\CortexM3\ARM_GCC_541\Debug\LED_control.a(Timer3.o)
                0x00001138                Timer3_WritePeriod
 .text.Timer3_ReadCapture
                0x00001144        0xc .\CortexM3\ARM_GCC_541\Debug\LED_control.a(Timer3.o)
                0x00001144                Timer3_ReadCapture
 .text.Timer3_WriteCounter
                0x00001150        0xc .\CortexM3\ARM_GCC_541\Debug\LED_control.a(Timer3.o)
                0x00001150                Timer3_WriteCounter
 .text.Timer3_ClearFIFO
                0x0000115c       0x14 .\CortexM3\ARM_GCC_541\Debug\LED_control.a(Timer3.o)
                0x0000115c                Timer3_ClearFIFO
 .text.Timer3_Init
                0x00001170       0x34 .\CortexM3\ARM_GCC_541\Debug\LED_control.a(Timer3.o)
                0x00001170                Timer3_Init
 .text.Timer3_Start
                0x000011a4       0x1c .\CortexM3\ARM_GCC_541\Debug\LED_control.a(Timer3.o)
                0x000011a4                Timer3_Start
 .text.isr_LED_pulse_SetVector
                0x000011c0        0xc .\CortexM3\ARM_GCC_541\Debug\LED_control.a(isr_LED_pulse.o)
                0x000011c0                isr_LED_pulse_SetVector
 .text.isr_LED_pulse_SetPriority
                0x000011cc       0x10 .\CortexM3\ARM_GCC_541\Debug\LED_control.a(isr_LED_pulse.o)
                0x000011cc                isr_LED_pulse_SetPriority
 .text.isr_LED_pulse_Enable
                0x000011dc        0xc .\CortexM3\ARM_GCC_541\Debug\LED_control.a(isr_LED_pulse.o)
                0x000011dc                isr_LED_pulse_Enable
 .text.isr_LED_pulse_Disable
                0x000011e8        0xc .\CortexM3\ARM_GCC_541\Debug\LED_control.a(isr_LED_pulse.o)
                0x000011e8                isr_LED_pulse_Disable
 .text.isr_LED_pulse_StartEx
                0x000011f4       0x1c .\CortexM3\ARM_GCC_541\Debug\LED_control.a(isr_LED_pulse.o)
                0x000011f4                isr_LED_pulse_StartEx
 .text.isr_LED_ring_SetVector
                0x00001210        0xc .\CortexM3\ARM_GCC_541\Debug\LED_control.a(isr_LED_ring.o)
                0x00001210                isr_LED_ring_SetVector
 .text.isr_LED_ring_SetPriority
                0x0000121c       0x10 .\CortexM3\ARM_GCC_541\Debug\LED_control.a(isr_LED_ring.o)
                0x0000121c                isr_LED_ring_SetPriority
 .text.isr_LED_ring_Enable
                0x0000122c        0xc .\CortexM3\ARM_GCC_541\Debug\LED_control.a(isr_LED_ring.o)
                0x0000122c                isr_LED_ring_Enable
 .text.isr_LED_ring_Disable
                0x00001238        0xc .\CortexM3\ARM_GCC_541\Debug\LED_control.a(isr_LED_ring.o)
                0x00001238                isr_LED_ring_Disable
 .text.isr_LED_ring_StartEx
                0x00001244       0x1c .\CortexM3\ARM_GCC_541\Debug\LED_control.a(isr_LED_ring.o)
                0x00001244                isr_LED_ring_StartEx
 .text.SPIMOutCtrl_Write
                0x00001260        0xc .\CortexM3\ARM_GCC_541\Debug\LED_control.a(SPIMOutCtrl.o)
                0x00001260                SPIMOutCtrl_Write
 .text.Timer4_Enable
                0x0000126c       0x10 .\CortexM3\ARM_GCC_541\Debug\LED_control.a(Timer4.o)
                0x0000126c                Timer4_Enable
 .text.Timer4_SetInterruptMode
                0x0000127c        0xc .\CortexM3\ARM_GCC_541\Debug\LED_control.a(Timer4.o)
                0x0000127c                Timer4_SetInterruptMode
 .text.Timer4_ReadStatusRegister
                0x00001288        0xc .\CortexM3\ARM_GCC_541\Debug\LED_control.a(Timer4.o)
                0x00001288                Timer4_ReadStatusRegister
 .text.Timer4_WritePeriod
                0x00001294        0xc .\CortexM3\ARM_GCC_541\Debug\LED_control.a(Timer4.o)
                0x00001294                Timer4_WritePeriod
 .text.Timer4_ReadCapture
                0x000012a0        0xc .\CortexM3\ARM_GCC_541\Debug\LED_control.a(Timer4.o)
                0x000012a0                Timer4_ReadCapture
 .text.Timer4_WriteCounter
                0x000012ac        0xc .\CortexM3\ARM_GCC_541\Debug\LED_control.a(Timer4.o)
                0x000012ac                Timer4_WriteCounter
 .text.Timer4_ClearFIFO
                0x000012b8       0x14 .\CortexM3\ARM_GCC_541\Debug\LED_control.a(Timer4.o)
                0x000012b8                Timer4_ClearFIFO
 .text.Timer4_Init
                0x000012cc       0x34 .\CortexM3\ARM_GCC_541\Debug\LED_control.a(Timer4.o)
                0x000012cc                Timer4_Init
 .text.Timer4_Start
                0x00001300       0x1c .\CortexM3\ARM_GCC_541\Debug\LED_control.a(Timer4.o)
                0x00001300                Timer4_Start
 .text.isr_BlinkLED_SetVector
                0x0000131c        0xc .\CortexM3\ARM_GCC_541\Debug\LED_control.a(isr_BlinkLED.o)
                0x0000131c                isr_BlinkLED_SetVector
 .text.isr_BlinkLED_SetPriority
                0x00001328       0x10 .\CortexM3\ARM_GCC_541\Debug\LED_control.a(isr_BlinkLED.o)
                0x00001328                isr_BlinkLED_SetPriority
 .text.isr_BlinkLED_Enable
                0x00001338        0xc .\CortexM3\ARM_GCC_541\Debug\LED_control.a(isr_BlinkLED.o)
                0x00001338                isr_BlinkLED_Enable
 .text.isr_BlinkLED_Disable
                0x00001344        0xc .\CortexM3\ARM_GCC_541\Debug\LED_control.a(isr_BlinkLED.o)
                0x00001344                isr_BlinkLED_Disable
 .text.isr_BlinkLED_StartEx
                0x00001350       0x1c .\CortexM3\ARM_GCC_541\Debug\LED_control.a(isr_BlinkLED.o)
                0x00001350                isr_BlinkLED_StartEx
 .text.isr_delay_SetVector
                0x0000136c        0xc .\CortexM3\ARM_GCC_541\Debug\LED_control.a(isr_delay.o)
                0x0000136c                isr_delay_SetVector
 .text.isr_delay_SetPriority
                0x00001378       0x10 .\CortexM3\ARM_GCC_541\Debug\LED_control.a(isr_delay.o)
                0x00001378                isr_delay_SetPriority
 .text.isr_delay_Enable
                0x00001388        0xc .\CortexM3\ARM_GCC_541\Debug\LED_control.a(isr_delay.o)
                0x00001388                isr_delay_Enable
 .text.isr_delay_Disable
                0x00001394        0xc .\CortexM3\ARM_GCC_541\Debug\LED_control.a(isr_delay.o)
                0x00001394                isr_delay_Disable
 .text.isr_delay_StartEx
                0x000013a0       0x1c .\CortexM3\ARM_GCC_541\Debug\LED_control.a(isr_delay.o)
                0x000013a0                isr_delay_StartEx
 .text.Timer5_Enable
                0x000013bc       0x10 .\CortexM3\ARM_GCC_541\Debug\LED_control.a(Timer5.o)
                0x000013bc                Timer5_Enable
 .text.Timer5_Stop
                0x000013cc       0x10 .\CortexM3\ARM_GCC_541\Debug\LED_control.a(Timer5.o)
                0x000013cc                Timer5_Stop
 .text.Timer5_SetInterruptMode
                0x000013dc        0xc .\CortexM3\ARM_GCC_541\Debug\LED_control.a(Timer5.o)
                0x000013dc                Timer5_SetInterruptMode
 .text.Timer5_ReadStatusRegister
                0x000013e8        0xc .\CortexM3\ARM_GCC_541\Debug\LED_control.a(Timer5.o)
                0x000013e8                Timer5_ReadStatusRegister
 .text.Timer5_WritePeriod
                0x000013f4        0xc .\CortexM3\ARM_GCC_541\Debug\LED_control.a(Timer5.o)
                0x000013f4                Timer5_WritePeriod
 .text.Timer5_ReadCapture
                0x00001400        0xc .\CortexM3\ARM_GCC_541\Debug\LED_control.a(Timer5.o)
                0x00001400                Timer5_ReadCapture
 .text.Timer5_WriteCounter
                0x0000140c        0xc .\CortexM3\ARM_GCC_541\Debug\LED_control.a(Timer5.o)
                0x0000140c                Timer5_WriteCounter
 .text.Timer5_ClearFIFO
                0x00001418       0x14 .\CortexM3\ARM_GCC_541\Debug\LED_control.a(Timer5.o)
                0x00001418                Timer5_ClearFIFO
 .text.Timer5_Init
                0x0000142c       0x34 .\CortexM3\ARM_GCC_541\Debug\LED_control.a(Timer5.o)
                0x0000142c                Timer5_Init
 .text.Timer5_Start
                0x00001460       0x1c .\CortexM3\ARM_GCC_541\Debug\LED_control.a(Timer5.o)
                0x00001460                Timer5_Start
 *fill*         0x0000147c        0x4 
 .text          0x00001480       0x20 .\CortexM3\ARM_GCC_541\Debug\LED_control.a(CyBootAsmGnu.o)
                0x00001480                CyDelayCycles
                0x00001490                CyEnterCriticalSection
                0x00001498                CyExitCriticalSection
 .text          0x000014a0      0x370 c:/program files (x86)/cypress/psoc creator/4.3/psoc creator/import/gnu/arm/5.4.1/bin/../lib/gcc/arm-none-eabi/5.4.1/armv7-m\libgcc.a(_arm_addsubdf3.o)
                0x000014a0                __aeabi_drsub
                0x000014a8                __aeabi_dsub
                0x000014a8                __subdf3
                0x000014ac                __aeabi_dadd
                0x000014ac                __adddf3
                0x00001724                __floatunsidf
                0x00001724                __aeabi_ui2d
                0x00001744                __floatsidf
                0x00001744                __aeabi_i2d
                0x00001768                __aeabi_f2d
                0x00001768                __extendsfdf2
                0x000017a4                __floatundidf
                0x000017a4                __aeabi_ul2d
                0x000017b4                __floatdidf
                0x000017b4                __aeabi_l2d
 .text          0x00001810      0x424 c:/program files (x86)/cypress/psoc creator/4.3/psoc creator/import/gnu/arm/5.4.1/bin/../lib/gcc/arm-none-eabi/5.4.1/armv7-m\libgcc.a(_arm_muldivdf3.o)
                0x00001810                __aeabi_dmul
                0x00001810                __muldf3
                0x00001a64                __divdf3
                0x00001a64                __aeabi_ddiv
 .text          0x00001c34      0x110 c:/program files (x86)/cypress/psoc creator/4.3/psoc creator/import/gnu/arm/5.4.1/bin/../lib/gcc/arm-none-eabi/5.4.1/armv7-m\libgcc.a(_arm_cmpdf2.o)
                0x00001c34                __gtdf2
                0x00001c34                __gedf2
                0x00001c3c                __ltdf2
                0x00001c3c                __ledf2
                0x00001c44                __nedf2
                0x00001c44                __eqdf2
                0x00001c44                __cmpdf2
                0x00001cc0                __aeabi_cdrcmple
                0x00001cd0                __aeabi_cdcmpeq
                0x00001cd0                __aeabi_cdcmple
                0x00001ce0                __aeabi_dcmpeq
                0x00001cf4                __aeabi_dcmplt
                0x00001d08                __aeabi_dcmple
                0x00001d1c                __aeabi_dcmpge
                0x00001d30                __aeabi_dcmpgt
 .text          0x00001d44       0x50 c:/program files (x86)/cypress/psoc creator/4.3/psoc creator/import/gnu/arm/5.4.1/bin/../lib/gcc/arm-none-eabi/5.4.1/armv7-m\libgcc.a(_arm_fixdfsi.o)
                0x00001d44                __aeabi_d2iz
                0x00001d44                __fixdfsi
 .text          0x00001d94       0xa0 c:/program files (x86)/cypress/psoc creator/4.3/psoc creator/import/gnu/arm/5.4.1/bin/../lib/gcc/arm-none-eabi/5.4.1/armv7-m\libgcc.a(_arm_truncdfsf2.o)
                0x00001d94                __truncdfsf2
                0x00001d94                __aeabi_d2f
 .text          0x00001e34      0x21c c:/program files (x86)/cypress/psoc creator/4.3/psoc creator/import/gnu/arm/5.4.1/bin/../lib/gcc/arm-none-eabi/5.4.1/armv7-m\libgcc.a(_arm_addsubsf3.o)
                0x00001e34                __aeabi_frsub
                0x00001e3c                __subsf3
                0x00001e3c                __aeabi_fsub
                0x00001e40                __aeabi_fadd
                0x00001e40                __addsf3
                0x00001fa0                __aeabi_ui2f
                0x00001fa0                __floatunsisf
                0x00001fa8                __aeabi_i2f
                0x00001fa8                __floatsisf
                0x00001fc4                __aeabi_ul2f
                0x00001fc4                __floatundisf
                0x00001fd4                __aeabi_l2f
                0x00001fd4                __floatdisf
 .text          0x00002050      0x2a0 c:/program files (x86)/cypress/psoc creator/4.3/psoc creator/import/gnu/arm/5.4.1/bin/../lib/gcc/arm-none-eabi/5.4.1/armv7-m\libgcc.a(_arm_muldivsf3.o)
                0x00002050                __mulsf3
                0x00002050                __aeabi_fmul
                0x000021b8                __aeabi_fdiv
                0x000021b8                __divsf3
 .text          0x000022f0       0xec c:/program files (x86)/cypress/psoc creator/4.3/psoc creator/import/gnu/arm/5.4.1/bin/../lib/gcc/arm-none-eabi/5.4.1/armv7-m\libgcc.a(_arm_cmpsf2.o)
                0x000022f0                __gesf2
                0x000022f0                __gtsf2
                0x000022f8                __lesf2
                0x000022f8                __ltsf2
                0x00002300                __nesf2
                0x00002300                __eqsf2
                0x00002300                __cmpsf2
                0x00002360                __aeabi_cfrcmple
                0x00002368                __aeabi_cfcmpeq
                0x00002368                __aeabi_cfcmple
                0x00002378                __aeabi_fcmpeq
                0x0000238c                __aeabi_fcmplt
                0x000023a0                __aeabi_fcmple
                0x000023b4                __aeabi_fcmpge
                0x000023c8                __aeabi_fcmpgt
 .text          0x000023dc       0x4c c:/program files (x86)/cypress/psoc creator/4.3/psoc creator/import/gnu/arm/5.4.1/bin/../lib/gcc/arm-none-eabi/5.4.1/armv7-m\libgcc.a(_arm_fixsfsi.o)
                0x000023dc                __aeabi_f2iz
                0x000023dc                __fixsfsi
 .text.__errno  0x00002428        0xc c:/program files (x86)/cypress/psoc creator/4.3/psoc creator/import/gnu/arm/5.4.1/bin/../lib/gcc/arm-none-eabi/5.4.1/../../../../arm-none-eabi/lib/armv7-m\libg_nano.a(lib_a-errno.o)
                0x00002428                __errno
 .text.__libc_init_array
                0x00002434       0x4c c:/program files (x86)/cypress/psoc creator/4.3/psoc creator/import/gnu/arm/5.4.1/bin/../lib/gcc/arm-none-eabi/5.4.1/../../../../arm-none-eabi/lib/armv7-m\libg_nano.a(lib_a-init.o)
                0x00002434                __libc_init_array
 .text.memcpy   0x00002480       0x16 c:/program files (x86)/cypress/psoc creator/4.3/psoc creator/import/gnu/arm/5.4.1/bin/../lib/gcc/arm-none-eabi/5.4.1/../../../../arm-none-eabi/lib/armv7-m\libg_nano.a(lib_a-memcpy-stub.o)
                0x00002480                memcpy
 .text.memset   0x00002496       0x10 c:/program files (x86)/cypress/psoc creator/4.3/psoc creator/import/gnu/arm/5.4.1/bin/../lib/gcc/arm-none-eabi/5.4.1/../../../../arm-none-eabi/lib/armv7-m\libg_nano.a(lib_a-memset.o)
                0x00002496                memset
 .text.__cvt    0x000024a6       0xc0 c:/program files (x86)/cypress/psoc creator/4.3/psoc creator/import/gnu/arm/5.4.1/bin/../lib/gcc/arm-none-eabi/5.4.1/../../../../arm-none-eabi/lib/armv7-m\libg_nano.a(lib_a-nano-vfprintf_float.o)
                0x000024a6                __cvt
 .text.__exponent
                0x00002566       0x62 c:/program files (x86)/cypress/psoc creator/4.3/psoc creator/import/gnu/arm/5.4.1/bin/../lib/gcc/arm-none-eabi/5.4.1/../../../../arm-none-eabi/lib/armv7-m\libg_nano.a(lib_a-nano-vfprintf_float.o)
                0x00002566                __exponent
 .text._printf_float
                0x000025c8      0x488 c:/program files (x86)/cypress/psoc creator/4.3/psoc creator/import/gnu/arm/5.4.1/bin/../lib/gcc/arm-none-eabi/5.4.1/../../../../arm-none-eabi/lib/armv7-m\libg_nano.a(lib_a-nano-vfprintf_float.o)
                0x000025c8                _printf_float
 .text._printf_common
                0x00002a50       0xec c:/program files (x86)/cypress/psoc creator/4.3/psoc creator/import/gnu/arm/5.4.1/bin/../lib/gcc/arm-none-eabi/5.4.1/../../../../arm-none-eabi/lib/armv7-m\libg_nano.a(lib_a-nano-vfprintf_i.o)
                0x00002a50                _printf_common
 .text          0x00002b3c       0x10 c:/program files (x86)/cypress/psoc creator/4.3/psoc creator/import/gnu/arm/5.4.1/bin/../lib/gcc/arm-none-eabi/5.4.1/../../../../arm-none-eabi/lib/armv7-m\libg_nano.a(lib_a-strlen.o)
                0x00002b3c                strlen
 .text.quorem   0x00002b4c      0x116 c:/program files (x86)/cypress/psoc creator/4.3/psoc creator/import/gnu/arm/5.4.1/bin/../lib/gcc/arm-none-eabi/5.4.1/../../../../arm-none-eabi/lib/armv7-m\libg_nano.a(lib_a-dtoa.o)
 *fill*         0x00002c62        0x6 
 .text._dtoa_r  0x00002c68      0xb30 c:/program files (x86)/cypress/psoc creator/4.3/psoc creator/import/gnu/arm/5.4.1/bin/../lib/gcc/arm-none-eabi/5.4.1/../../../../arm-none-eabi/lib/armv7-m\libg_nano.a(lib_a-dtoa.o)
                0x00002c68                _dtoa_r
 .text._localeconv_r
                0x00003798        0x8 c:/program files (x86)/cypress/psoc creator/4.3/psoc creator/import/gnu/arm/5.4.1/bin/../lib/gcc/arm-none-eabi/5.4.1/../../../../arm-none-eabi/lib/armv7-m\libg_nano.a(lib_a-locale.o)
                0x00003798                _localeconv_r
 .text.malloc   0x000037a0       0x10 c:/program files (x86)/cypress/psoc creator/4.3/psoc creator/import/gnu/arm/5.4.1/bin/../lib/gcc/arm-none-eabi/5.4.1/../../../../arm-none-eabi/lib/armv7-m\libg_nano.a(lib_a-malloc.o)
                0x000037a0                malloc
 .text._Balloc  0x000037b0       0x6a c:/program files (x86)/cypress/psoc creator/4.3/psoc creator/import/gnu/arm/5.4.1/bin/../lib/gcc/arm-none-eabi/5.4.1/../../../../arm-none-eabi/lib/armv7-m\libg_nano.a(lib_a-mprec.o)
                0x000037b0                _Balloc
 .text._Bfree   0x0000381a       0x2e c:/program files (x86)/cypress/psoc creator/4.3/psoc creator/import/gnu/arm/5.4.1/bin/../lib/gcc/arm-none-eabi/5.4.1/../../../../arm-none-eabi/lib/armv7-m\libg_nano.a(lib_a-mprec.o)
                0x0000381a                _Bfree
 .text.__multadd
                0x00003848       0x76 c:/program files (x86)/cypress/psoc creator/4.3/psoc creator/import/gnu/arm/5.4.1/bin/../lib/gcc/arm-none-eabi/5.4.1/../../../../arm-none-eabi/lib/armv7-m\libg_nano.a(lib_a-mprec.o)
                0x00003848                __multadd
 .text.__hi0bits
                0x000038be       0x40 c:/program files (x86)/cypress/psoc creator/4.3/psoc creator/import/gnu/arm/5.4.1/bin/../lib/gcc/arm-none-eabi/5.4.1/../../../../arm-none-eabi/lib/armv7-m\libg_nano.a(lib_a-mprec.o)
                0x000038be                __hi0bits
 .text.__lo0bits
                0x000038fe       0x5a c:/program files (x86)/cypress/psoc creator/4.3/psoc creator/import/gnu/arm/5.4.1/bin/../lib/gcc/arm-none-eabi/5.4.1/../../../../arm-none-eabi/lib/armv7-m\libg_nano.a(lib_a-mprec.o)
                0x000038fe                __lo0bits
 .text.__i2b    0x00003958       0x12 c:/program files (x86)/cypress/psoc creator/4.3/psoc creator/import/gnu/arm/5.4.1/bin/../lib/gcc/arm-none-eabi/5.4.1/../../../../arm-none-eabi/lib/armv7-m\libg_nano.a(lib_a-mprec.o)
                0x00003958                __i2b
 .text.__multiply
                0x0000396a      0x120 c:/program files (x86)/cypress/psoc creator/4.3/psoc creator/import/gnu/arm/5.4.1/bin/../lib/gcc/arm-none-eabi/5.4.1/../../../../arm-none-eabi/lib/armv7-m\libg_nano.a(lib_a-mprec.o)
                0x0000396a                __multiply
 *fill*         0x00003a8a        0x2 
 .text.__pow5mult
                0x00003a8c       0x9c c:/program files (x86)/cypress/psoc creator/4.3/psoc creator/import/gnu/arm/5.4.1/bin/../lib/gcc/arm-none-eabi/5.4.1/../../../../arm-none-eabi/lib/armv7-m\libg_nano.a(lib_a-mprec.o)
                0x00003a8c                __pow5mult
 .text.__lshift
                0x00003b28       0xa2 c:/program files (x86)/cypress/psoc creator/4.3/psoc creator/import/gnu/arm/5.4.1/bin/../lib/gcc/arm-none-eabi/5.4.1/../../../../arm-none-eabi/lib/armv7-m\libg_nano.a(lib_a-mprec.o)
                0x00003b28                __lshift
 .text.__mcmp   0x00003bca       0x38 c:/program files (x86)/cypress/psoc creator/4.3/psoc creator/import/gnu/arm/5.4.1/bin/../lib/gcc/arm-none-eabi/5.4.1/../../../../arm-none-eabi/lib/armv7-m\libg_nano.a(lib_a-mprec.o)
                0x00003bca                __mcmp
 .text.__mdiff  0x00003c02       0xbe c:/program files (x86)/cypress/psoc creator/4.3/psoc creator/import/gnu/arm/5.4.1/bin/../lib/gcc/arm-none-eabi/5.4.1/../../../../arm-none-eabi/lib/armv7-m\libg_nano.a(lib_a-mprec.o)
                0x00003c02                __mdiff
 .text.__d2b    0x00003cc0       0x9c c:/program files (x86)/cypress/psoc creator/4.3/psoc creator/import/gnu/arm/5.4.1/bin/../lib/gcc/arm-none-eabi/5.4.1/../../../../arm-none-eabi/lib/armv7-m\libg_nano.a(lib_a-mprec.o)
                0x00003cc0                __d2b
 .text._calloc_r
                0x00003d5c       0x1c c:/program files (x86)/cypress/psoc creator/4.3/psoc creator/import/gnu/arm/5.4.1/bin/../lib/gcc/arm-none-eabi/5.4.1/../../../../arm-none-eabi/lib/armv7-m\libg_nano.a(lib_a-nano-callocr.o)
                0x00003d5c                _calloc_r
 .text._malloc_r
                0x00003d78       0xbc c:/program files (x86)/cypress/psoc creator/4.3/psoc creator/import/gnu/arm/5.4.1/bin/../lib/gcc/arm-none-eabi/5.4.1/../../../../arm-none-eabi/lib/armv7-m\libg_nano.a(lib_a-nano-mallocr.o)
                0x00003d78                _malloc_r
 .text._sbrk_r  0x00003e34       0x20 c:/program files (x86)/cypress/psoc creator/4.3/psoc creator/import/gnu/arm/5.4.1/bin/../lib/gcc/arm-none-eabi/5.4.1/../../../../arm-none-eabi/lib/armv7-m\libg_nano.a(lib_a-sbrkr.o)
                0x00003e34                _sbrk_r
 .text.__malloc_lock
                0x00003e54        0x2 c:/program files (x86)/cypress/psoc creator/4.3/psoc creator/import/gnu/arm/5.4.1/bin/../lib/gcc/arm-none-eabi/5.4.1/../../../../arm-none-eabi/lib/armv7-m\libg_nano.a(lib_a-mlock.o)
                0x00003e54                __malloc_lock
 .text.__malloc_unlock
                0x00003e56        0x2 c:/program files (x86)/cypress/psoc creator/4.3/psoc creator/import/gnu/arm/5.4.1/bin/../lib/gcc/arm-none-eabi/5.4.1/../../../../arm-none-eabi/lib/armv7-m\libg_nano.a(lib_a-mlock.o)
                0x00003e56                __malloc_unlock
 .text          0x00003e58       0x2c c:/program files (x86)/cypress/psoc creator/4.3/psoc creator/import/gnu/arm/5.4.1/bin/../lib/gcc/arm-none-eabi/5.4.1/armv7-m\libgcc.a(_arm_unorddf2.o)
                0x00003e58                __unorddf2
                0x00003e58                __aeabi_dcmpun
 *(.plt)
 *(.gnu.warning)
 *(.glue_7t)
 .glue_7t       0x00003e84        0x0 linker stubs
 *(.glue_7)
 .glue_7        0x00003e84        0x0 linker stubs
 *(.vfp11_veneer)
 .vfp11_veneer  0x00003e84        0x0 linker stubs
 *(.bootloader)
 *(.ARM.extab* .gnu.linkonce.armextab.*)
 *(.gcc_except_table)

.v4_bx          0x00003e84        0x0
 .v4_bx         0x00003e84        0x0 linker stubs

.iplt           0x00003e84        0x0
 .iplt          0x00003e84        0x0 c:/program files (x86)/cypress/psoc creator/4.3/psoc creator/import/gnu/arm/5.4.1/bin/../lib/gcc/arm-none-eabi/5.4.1/armv7-m/crtbegin.o

.eh_frame_hdr
 *(.eh_frame_hdr)

.eh_frame       0x00003e84        0x4
 *(.eh_frame)
 .eh_frame      0x00003e84        0x0 c:/program files (x86)/cypress/psoc creator/4.3/psoc creator/import/gnu/arm/5.4.1/bin/../lib/gcc/arm-none-eabi/5.4.1/armv7-m/crtbegin.o
 .eh_frame      0x00003e84        0x4 c:/program files (x86)/cypress/psoc creator/4.3/psoc creator/import/gnu/arm/5.4.1/bin/../lib/gcc/arm-none-eabi/5.4.1/armv7-m/crtend.o
                [!provide]                PROVIDE (__exidx_start, .)

.ARM.exidx
 *(.ARM.exidx* .gnu.linkonce.armexidx.*)
                0x00003e88                __exidx_end = .

.rodata         0x00003e88      0x1a8
 *(.rodata .rodata.* .gnu.linkonce.r.*)
 .rodata        0x00003e88       0x42 .\CortexM3\ARM_GCC_541\Debug\cyfitter_cfg.o
 .rodata.str1.1
                0x00003eca        0x2 c:/program files (x86)/cypress/psoc creator/4.3/psoc creator/import/gnu/arm/5.4.1/bin/../lib/gcc/arm-none-eabi/5.4.1/../../../../arm-none-eabi/lib/armv7-m\libg_nano.a(lib_a-impure.o)
 .rodata.str1.1
                0x00003ecc       0x12 c:/program files (x86)/cypress/psoc creator/4.3/psoc creator/import/gnu/arm/5.4.1/bin/../lib/gcc/arm-none-eabi/5.4.1/../../../../arm-none-eabi/lib/armv7-m\libg_nano.a(lib_a-nano-vfprintf_float.o)
 .rodata.str1.1
                0x00003ede        0xd c:/program files (x86)/cypress/psoc creator/4.3/psoc creator/import/gnu/arm/5.4.1/bin/../lib/gcc/arm-none-eabi/5.4.1/../../../../arm-none-eabi/lib/armv7-m\libg_nano.a(lib_a-dtoa.o)
                                  0xf (size before relaxing)
 .rodata.str1.1
                0x00003eeb        0x8 c:/program files (x86)/cypress/psoc creator/4.3/psoc creator/import/gnu/arm/5.4.1/bin/../lib/gcc/arm-none-eabi/5.4.1/../../../../arm-none-eabi/lib/armv7-m\libg_nano.a(lib_a-locale.o)
                                  0xb (size before relaxing)
 *fill*         0x00003ef3        0x5 
 .rodata.__mprec_tens
                0x00003ef8       0xc8 c:/program files (x86)/cypress/psoc creator/4.3/psoc creator/import/gnu/arm/5.4.1/bin/../lib/gcc/arm-none-eabi/5.4.1/../../../../arm-none-eabi/lib/armv7-m\libg_nano.a(lib_a-mprec.o)
                0x00003ef8                __mprec_tens
 .rodata.p05.5408
                0x00003fc0        0xc c:/program files (x86)/cypress/psoc creator/4.3/psoc creator/import/gnu/arm/5.4.1/bin/../lib/gcc/arm-none-eabi/5.4.1/../../../../arm-none-eabi/lib/armv7-m\libg_nano.a(lib_a-mprec.o)
 *fill*         0x00003fcc        0x4 
 .rodata.__mprec_bigtens
                0x00003fd0       0x28 c:/program files (x86)/cypress/psoc creator/4.3/psoc creator/import/gnu/arm/5.4.1/bin/../lib/gcc/arm-none-eabi/5.4.1/../../../../arm-none-eabi/lib/armv7-m\libg_nano.a(lib_a-mprec.o)
                0x00003fd0                __mprec_bigtens
                0x00003ff8                . = ALIGN (0x4)
 *(.init)
 .init          0x00003ff8        0x4 c:/program files (x86)/cypress/psoc creator/4.3/psoc creator/import/gnu/arm/5.4.1/bin/../lib/gcc/arm-none-eabi/5.4.1/armv7-m/crti.o
                0x00003ff8                _init
 .init          0x00003ffc        0x8 c:/program files (x86)/cypress/psoc creator/4.3/psoc creator/import/gnu/arm/5.4.1/bin/../lib/gcc/arm-none-eabi/5.4.1/armv7-m/crtn.o
                0x00004004                . = ALIGN (0x4)
                0x00004004                __preinit_array_start = .
 *(.preinit_array)
                0x00004004                __preinit_array_end = .
                0x00004004                . = ALIGN (0x4)
                0x00004004                __init_array_start = .
 *(SORT(.init_array.*))
 *(.init_array)
 .init_array    0x00004004        0x4 c:/program files (x86)/cypress/psoc creator/4.3/psoc creator/import/gnu/arm/5.4.1/bin/../lib/gcc/arm-none-eabi/5.4.1/armv7-m/crtbegin.o
 .init_array    0x00004008        0x4 .\CortexM3\ARM_GCC_541\Debug\Cm3Start.o
                0x0000400c                __init_array_end = .
                0x0000400c                . = ALIGN (0x4)
 *(.fini)
 .fini          0x0000400c        0x4 c:/program files (x86)/cypress/psoc creator/4.3/psoc creator/import/gnu/arm/5.4.1/bin/../lib/gcc/arm-none-eabi/5.4.1/armv7-m/crti.o
                0x0000400c                _fini
 .fini          0x00004010        0x8 c:/program files (x86)/cypress/psoc creator/4.3/psoc creator/import/gnu/arm/5.4.1/bin/../lib/gcc/arm-none-eabi/5.4.1/armv7-m/crtn.o
                0x00004018                . = ALIGN (0x4)
                0x00004018                __fini_array_start = .
 *(.fini_array)
 .fini_array    0x00004018        0x4 c:/program files (x86)/cypress/psoc creator/4.3/psoc creator/import/gnu/arm/5.4.1/bin/../lib/gcc/arm-none-eabi/5.4.1/armv7-m/crtbegin.o
 *(SORT(.fini_array.*))
                0x0000401c                __fini_array_end = .
                0x0000401c                . = ALIGN (0x4)
 *crtbegin.o(.ctors)
 *(EXCLUDE_FILE(*crtend.o) .ctors)
 *(SORT(.ctors.*))
 *crtend.o(.ctors)
                0x0000401c                . = ALIGN (0x4)
 *crtbegin.o(.dtors)
 *(EXCLUDE_FILE(*crtend.o) .dtors)
 *(SORT(.dtors.*))
 *crtend.o(.dtors)
                0x0000401c                . = ALIGN (0x4)
                0x0000401c                __cy_regions = .
                0x0000401c        0x4 LONG 0x4030 __cy_region_init_ram
                0x00004020        0x4 LONG 0x1fff80c8 __cy_region_start_data
                0x00004024        0x4 LONG 0xb8 __cy_region_init_size_ram
                0x00004028        0x4 LONG 0x50 __cy_region_zero_size_ram
                0x0000402c                __cy_regions_end = .
                0x00004030                . = ALIGN (0x8)
 *fill*         0x0000402c        0x4 
                0x00004030                _etext = .

.cy_checksum_exclude
                0x00004030        0x0
 *(.cy_checksum_exclude)

.ramvectors     0x1fff8000       0xc0
                0x1fff8000                __cy_region_start_ram = .
 *(.ramvectors)
 .ramvectors    0x1fff8000       0xc0 .\CortexM3\ARM_GCC_541\Debug\Cm3Start.o
                0x1fff8000                CyRamVectors

.noinit         0x1fff80c0        0x1
 *(.noinit)
 .noinit        0x1fff80c0        0x1 .\CortexM3\ARM_GCC_541\Debug\LED_control.a(CyLib.o)
                0x1fff80c0                CyResetStatus

.data           0x1fff80c8       0xb8 load address 0x00004030
                0x1fff80c8                __cy_region_start_data = .
 *(.jcr)
 .jcr           0x1fff80c8        0x0 c:/program files (x86)/cypress/psoc creator/4.3/psoc creator/import/gnu/arm/5.4.1/bin/../lib/gcc/arm-none-eabi/5.4.1/armv7-m/crtbegin.o
 .jcr           0x1fff80c8        0x4 c:/program files (x86)/cypress/psoc creator/4.3/psoc creator/import/gnu/arm/5.4.1/bin/../lib/gcc/arm-none-eabi/5.4.1/armv7-m/crtend.o
 *(.got.plt)
 *(.got)
 *(.shdata)
 *(.data .data.* .gnu.linkonce.d.*)
 .data          0x1fff80cc        0x4 .\CortexM3\ARM_GCC_541\Debug\LEDcontrol.o
 .data          0x1fff80d0        0x4 .\CortexM3\ARM_GCC_541\Debug\Cm3Start.o
 .data          0x1fff80d4       0x10 .\CortexM3\ARM_GCC_541\Debug\LED_control.a(CyLib.o)
                0x1fff80d4                cydelay_32k_ms
                0x1fff80d8                cydelay_freq_khz
                0x1fff80dc                cydelay_freq_mhz
                0x1fff80e0                cydelay_freq_hz
 .data.impure_data
                0x1fff80e4       0x60 c:/program files (x86)/cypress/psoc creator/4.3/psoc creator/import/gnu/arm/5.4.1/bin/../lib/gcc/arm-none-eabi/5.4.1/../../../../arm-none-eabi/lib/armv7-m\libg_nano.a(lib_a-impure.o)
 .data._impure_ptr
                0x1fff8144        0x4 c:/program files (x86)/cypress/psoc creator/4.3/psoc creator/import/gnu/arm/5.4.1/bin/../lib/gcc/arm-none-eabi/5.4.1/../../../../arm-none-eabi/lib/armv7-m\libg_nano.a(lib_a-impure.o)
                0x1fff8144                _impure_ptr
 .data.lconv    0x1fff8148       0x38 c:/program files (x86)/cypress/psoc creator/4.3/psoc creator/import/gnu/arm/5.4.1/bin/../lib/gcc/arm-none-eabi/5.4.1/../../../../arm-none-eabi/lib/armv7-m\libg_nano.a(lib_a-locale.o)
                0x1fff8180                . = ALIGN (0x8)
 *(.ram)
                0x1fff8180                _edata = .

.igot.plt       0x1fff8180        0x0 load address 0x000040e8
 .igot.plt      0x1fff8180        0x0 c:/program files (x86)/cypress/psoc creator/4.3/psoc creator/import/gnu/arm/5.4.1/bin/../lib/gcc/arm-none-eabi/5.4.1/armv7-m/crtbegin.o

.bss            0x1fff8180       0x50 load address 0x000040e8
                0x1fff8180                PROVIDE (__bss_start__, .)
 *(.shbss)
 *(.bss .bss.* .gnu.linkonce.b.*)
 .bss           0x1fff8180       0x1c c:/program files (x86)/cypress/psoc creator/4.3/psoc creator/import/gnu/arm/5.4.1/bin/../lib/gcc/arm-none-eabi/5.4.1/armv7-m/crtbegin.o
 .bss           0x1fff819c       0x1c .\CortexM3\ARM_GCC_541\Debug\LEDcontrol.o
                0x1fff819c                rgbLED1
                0x1fff81a0                rgbLED2
 .bss           0x1fff81b8        0x1 .\CortexM3\ARM_GCC_541\Debug\LED_control.a(Timer1.o)
                0x1fff81b8                Timer1_initVar
 .bss           0x1fff81b9        0x1 .\CortexM3\ARM_GCC_541\Debug\LED_control.a(SPIM_1.o)
                0x1fff81b9                SPIM_1_initVar
 .bss           0x1fff81ba        0x1 .\CortexM3\ARM_GCC_541\Debug\LED_control.a(Timer2.o)
                0x1fff81ba                Timer2_initVar
 .bss           0x1fff81bb        0x1 .\CortexM3\ARM_GCC_541\Debug\LED_control.a(Timer3.o)
                0x1fff81bb                Timer3_initVar
 .bss           0x1fff81bc        0x1 .\CortexM3\ARM_GCC_541\Debug\LED_control.a(Timer4.o)
                0x1fff81bc                Timer4_initVar
 .bss           0x1fff81bd        0x1 .\CortexM3\ARM_GCC_541\Debug\LED_control.a(Timer5.o)
                0x1fff81bd                Timer5_initVar
 *fill*         0x1fff81be        0x2 
 .bss.__malloc_sbrk_start
                0x1fff81c0        0x4 c:/program files (x86)/cypress/psoc creator/4.3/psoc creator/import/gnu/arm/5.4.1/bin/../lib/gcc/arm-none-eabi/5.4.1/../../../../arm-none-eabi/lib/armv7-m\libg_nano.a(lib_a-nano-mallocr.o)
                0x1fff81c0                __malloc_sbrk_start
 .bss.__malloc_free_list
                0x1fff81c4        0x4 c:/program files (x86)/cypress/psoc creator/4.3/psoc creator/import/gnu/arm/5.4.1/bin/../lib/gcc/arm-none-eabi/5.4.1/../../../../arm-none-eabi/lib/armv7-m\libg_nano.a(lib_a-nano-mallocr.o)
                0x1fff81c4                __malloc_free_list
 *(COMMON)
 COMMON         0x1fff81c8        0x4 c:/program files (x86)/cypress/psoc creator/4.3/psoc creator/import/gnu/arm/5.4.1/bin/../lib/gcc/arm-none-eabi/5.4.1/../../../../arm-none-eabi/lib/armv7-m\libg_nano.a(lib_a-reent.o)
                0x1fff81c8                errno
                0x1fff81d0                . = ALIGN (0x8)
 *fill*         0x1fff81cc        0x4 
 *(.ram.b)
                0x1fff81d0                _end = .
                0x1fff81d0                __end = .
                0x1fff81d0                PROVIDE (end, .)
                0x1fff81d0                PROVIDE (__bss_end__, .)
                0x00004030                __cy_region_init_ram = LOADADDR (.data)
                0x000000b8                __cy_region_init_size_ram = (_edata - ADDR (.data))
                0x00000050                __cy_region_zero_size_ram = (_end - _edata)

.heap           0x1fff81d0       0x80 load address 0x000040e8
                0x1fff81d0                . = _end
                0x1fff8250                . = (. + 0x80)
 *fill*         0x1fff81d0       0x80 
                0x1fff8250                __cy_heap_limit = .

.stack          0x20007800      0x800
                0x20007800                __cy_stack_limit = .
                0x20008000                . = (. + 0x800)
 *fill*         0x20007800      0x800 
                0x00000001                ASSERT ((__cy_stack_limit >= __cy_heap_limit), region RAM overflowed with stack)
                0x00000000                cy_checksum_exclude_size = (CY_APPL_LOADABLE == 0x1)?SIZEOF (.cy_checksum_exclude):0x0
                0x00000001                ASSERT ((cy_checksum_exclude_size <= CY_CHECKSUM_EXCLUDE_SIZE), CY_BOOT: Section .cy_checksum_exclude size exceedes specified limit.)

.cyloadermeta
 *(.cyloadermeta)

.cyloadablemeta
 *(.cyloadablemeta)

.cyconfigecc    0x80000000      0x66c
 *(.cyconfigecc)
 .cyconfigecc   0x80000000      0x66c .\CortexM3\ARM_GCC_541\Debug\cymetadata.o
                0x80000000                cy_meta_configecc

.cycustnvl      0x90000000        0x4
 *(.cycustnvl)
 .cycustnvl     0x90000000        0x4 .\CortexM3\ARM_GCC_541\Debug\cymetadata.o
                0x90000000                cy_meta_custnvl

.cywolatch      0x90100000        0x4
 *(.cywolatch)
 .cywolatch     0x90100000        0x4 .\CortexM3\ARM_GCC_541\Debug\cymetadata.o
                0x90100000                cy_meta_wonvl

.cyeeprom       0x90200000        0x0
 *(.cyeeprom)
                0x00000001                ASSERT ((. <= ((0x90200000 + ee_offset) + ee_size)), .cyeeprom data will not fit in EEPROM)

.cyflashprotect
                0x90400000      0x100
 *(.cyflashprotect)
 .cyflashprotect
                0x90400000      0x100 .\CortexM3\ARM_GCC_541\Debug\cymetadata.o
                0x90400000                cy_meta_flashprotect

.cymeta         0x90500000        0xc
 *(.cymeta)
 .cymeta        0x90500000        0xc .\CortexM3\ARM_GCC_541\Debug\cymetadata.o
                0x90500000                cy_metadata

.rel.dyn        0x000040e8        0x0 load address 0x9050000c
 .rel.iplt      0x000040e8        0x0 c:/program files (x86)/cypress/psoc creator/4.3/psoc creator/import/gnu/arm/5.4.1/bin/../lib/gcc/arm-none-eabi/5.4.1/armv7-m/crtbegin.o

.stab
 *(.stab)

.stabstr
 *(.stabstr)

.debug
 *(.debug)

.line
 *(.line)

.debug_srcinfo
 *(.debug_srcinfo)

.debug_sfnames
 *(.debug_sfnames)

.debug_aranges  0x00000000      0xce0
 *(.debug_aranges)
 .debug_aranges
                0x00000000       0x20 .\CortexM3\ARM_GCC_541\Debug\main.o
 .debug_aranges
                0x00000020       0xe8 .\CortexM3\ARM_GCC_541\Debug\LEDcontrol.o
 .debug_aranges
                0x00000108       0x58 .\CortexM3\ARM_GCC_541\Debug\cyfitter_cfg.o
 .debug_aranges
                0x00000160       0x18 .\CortexM3\ARM_GCC_541\Debug\cymetadata.o
 .debug_aranges
                0x00000178       0x48 .\CortexM3\ARM_GCC_541\Debug\Cm3Start.o
 .debug_aranges
                0x000001c0       0x90 .\CortexM3\ARM_GCC_541\Debug\LED_control.a(Timer1.o)
 .debug_aranges
                0x00000250      0x2a0 .\CortexM3\ARM_GCC_541\Debug\LED_control.a(CyLib.o)
 .debug_aranges
                0x000004f0       0x98 .\CortexM3\ARM_GCC_541\Debug\LED_control.a(cyPm.o)
 .debug_aranges
                0x00000588       0xd8 .\CortexM3\ARM_GCC_541\Debug\LED_control.a(SPIM_1.o)
 .debug_aranges
                0x00000660       0x70 .\CortexM3\ARM_GCC_541\Debug\LED_control.a(SPIM_1_IntClock.o)
 .debug_aranges
                0x000006d0       0x80 .\CortexM3\ARM_GCC_541\Debug\LED_control.a(isr_LED_refreshrate.o)
 .debug_aranges
                0x00000750       0x90 .\CortexM3\ARM_GCC_541\Debug\LED_control.a(Timer2.o)
 .debug_aranges
                0x000007e0       0x90 .\CortexM3\ARM_GCC_541\Debug\LED_control.a(Timer3.o)
 .debug_aranges
                0x00000870       0x80 .\CortexM3\ARM_GCC_541\Debug\LED_control.a(isr_LED_pulse.o)
 .debug_aranges
                0x000008f0       0x80 .\CortexM3\ARM_GCC_541\Debug\LED_control.a(isr_LED_ring.o)
 .debug_aranges
                0x00000970       0x28 .\CortexM3\ARM_GCC_541\Debug\LED_control.a(SPIMOutCtrl.o)
 .debug_aranges
                0x00000998       0x90 .\CortexM3\ARM_GCC_541\Debug\LED_control.a(Timer4.o)
 .debug_aranges
                0x00000a28       0x80 .\CortexM3\ARM_GCC_541\Debug\LED_control.a(isr_BlinkLED.o)
 .debug_aranges
                0x00000aa8       0x80 .\CortexM3\ARM_GCC_541\Debug\LED_control.a(isr_delay.o)
 .debug_aranges
                0x00000b28       0x90 .\CortexM3\ARM_GCC_541\Debug\LED_control.a(Timer5.o)
 .debug_aranges
                0x00000bb8       0x20 .\CortexM3\ARM_GCC_541\Debug\LED_control.a(CyBootAsmGnu.o)
 .debug_aranges
                0x00000bd8       0x88 .\CortexM3\ARM_GCC_541\Debug\LED_control.a(CyFlash.o)
 .debug_aranges
                0x00000c60       0x80 .\CortexM3\ARM_GCC_541\Debug\LED_control.a(CySpc.o)

.debug_pubnames
 *(.debug_pubnames)

.debug_info     0x00000000     0x6b74
 *(.debug_info .gnu.linkonce.wi.*)
 .debug_info    0x00000000      0x29e .\CortexM3\ARM_GCC_541\Debug\main.o
 .debug_info    0x0000029e      0xfa2 .\CortexM3\ARM_GCC_541\Debug\LEDcontrol.o
 .debug_info    0x00001240      0x570 .\CortexM3\ARM_GCC_541\Debug\cyfitter_cfg.o
 .debug_info    0x000017b0      0x138 .\CortexM3\ARM_GCC_541\Debug\cymetadata.o
 .debug_info    0x000018e8      0x3bb .\CortexM3\ARM_GCC_541\Debug\Cm3Start.o
 .debug_info    0x00001ca3      0x2f0 .\CortexM3\ARM_GCC_541\Debug\LED_control.a(Timer1.o)
 .debug_info    0x00001f93     0x1374 .\CortexM3\ARM_GCC_541\Debug\LED_control.a(CyLib.o)
 .debug_info    0x00003307      0xa2a .\CortexM3\ARM_GCC_541\Debug\LED_control.a(cyPm.o)
 .debug_info    0x00003d31      0x4d8 .\CortexM3\ARM_GCC_541\Debug\LED_control.a(SPIM_1.o)
 .debug_info    0x00004209      0x283 .\CortexM3\ARM_GCC_541\Debug\LED_control.a(SPIM_1_IntClock.o)
 .debug_info    0x0000448c      0x2d2 .\CortexM3\ARM_GCC_541\Debug\LED_control.a(isr_LED_refreshrate.o)
 .debug_info    0x0000475e      0x2f0 .\CortexM3\ARM_GCC_541\Debug\LED_control.a(Timer2.o)
 .debug_info    0x00004a4e      0x2f0 .\CortexM3\ARM_GCC_541\Debug\LED_control.a(Timer3.o)
 .debug_info    0x00004d3e      0x2d2 .\CortexM3\ARM_GCC_541\Debug\LED_control.a(isr_LED_pulse.o)
 .debug_info    0x00005010      0x2d2 .\CortexM3\ARM_GCC_541\Debug\LED_control.a(isr_LED_ring.o)
 .debug_info    0x000052e2       0xd6 .\CortexM3\ARM_GCC_541\Debug\LED_control.a(SPIMOutCtrl.o)
 .debug_info    0x000053b8      0x2f0 .\CortexM3\ARM_GCC_541\Debug\LED_control.a(Timer4.o)
 .debug_info    0x000056a8      0x2d2 .\CortexM3\ARM_GCC_541\Debug\LED_control.a(isr_BlinkLED.o)
 .debug_info    0x0000597a      0x2d2 .\CortexM3\ARM_GCC_541\Debug\LED_control.a(isr_delay.o)
 .debug_info    0x00005c4c      0x2f0 .\CortexM3\ARM_GCC_541\Debug\LED_control.a(Timer5.o)
 .debug_info    0x00005f3c       0x9b .\CortexM3\ARM_GCC_541\Debug\LED_control.a(CyBootAsmGnu.o)
 .debug_info    0x00005fd7      0x64d .\CortexM3\ARM_GCC_541\Debug\LED_control.a(CyFlash.o)
 .debug_info    0x00006624      0x550 .\CortexM3\ARM_GCC_541\Debug\LED_control.a(CySpc.o)

.debug_abbrev   0x00000000     0x1eea
 *(.debug_abbrev)
 .debug_abbrev  0x00000000       0xf1 .\CortexM3\ARM_GCC_541\Debug\main.o
 .debug_abbrev  0x000000f1      0x229 .\CortexM3\ARM_GCC_541\Debug\LEDcontrol.o
 .debug_abbrev  0x0000031a      0x20d .\CortexM3\ARM_GCC_541\Debug\cyfitter_cfg.o
 .debug_abbrev  0x00000527       0x77 .\CortexM3\ARM_GCC_541\Debug\cymetadata.o
 .debug_abbrev  0x0000059e      0x1e8 .\CortexM3\ARM_GCC_541\Debug\Cm3Start.o
 .debug_abbrev  0x00000786      0x12b .\CortexM3\ARM_GCC_541\Debug\LED_control.a(Timer1.o)
 .debug_abbrev  0x000008b1      0x254 .\CortexM3\ARM_GCC_541\Debug\LED_control.a(CyLib.o)
 .debug_abbrev  0x00000b05      0x1ab .\CortexM3\ARM_GCC_541\Debug\LED_control.a(cyPm.o)
 .debug_abbrev  0x00000cb0      0x146 .\CortexM3\ARM_GCC_541\Debug\LED_control.a(SPIM_1.o)
 .debug_abbrev  0x00000df6      0x139 .\CortexM3\ARM_GCC_541\Debug\LED_control.a(SPIM_1_IntClock.o)
 .debug_abbrev  0x00000f2f      0x173 .\CortexM3\ARM_GCC_541\Debug\LED_control.a(isr_LED_refreshrate.o)
 .debug_abbrev  0x000010a2      0x12b .\CortexM3\ARM_GCC_541\Debug\LED_control.a(Timer2.o)
 .debug_abbrev  0x000011cd      0x12b .\CortexM3\ARM_GCC_541\Debug\LED_control.a(Timer3.o)
 .debug_abbrev  0x000012f8      0x173 .\CortexM3\ARM_GCC_541\Debug\LED_control.a(isr_LED_pulse.o)
 .debug_abbrev  0x0000146b      0x173 .\CortexM3\ARM_GCC_541\Debug\LED_control.a(isr_LED_ring.o)
 .debug_abbrev  0x000015de       0x81 .\CortexM3\ARM_GCC_541\Debug\LED_control.a(SPIMOutCtrl.o)
 .debug_abbrev  0x0000165f      0x12b .\CortexM3\ARM_GCC_541\Debug\LED_control.a(Timer4.o)
 .debug_abbrev  0x0000178a      0x173 .\CortexM3\ARM_GCC_541\Debug\LED_control.a(isr_BlinkLED.o)
 .debug_abbrev  0x000018fd      0x173 .\CortexM3\ARM_GCC_541\Debug\LED_control.a(isr_delay.o)
 .debug_abbrev  0x00001a70      0x12b .\CortexM3\ARM_GCC_541\Debug\LED_control.a(Timer5.o)
 .debug_abbrev  0x00001b9b       0x14 .\CortexM3\ARM_GCC_541\Debug\LED_control.a(CyBootAsmGnu.o)
 .debug_abbrev  0x00001baf      0x1a7 .\CortexM3\ARM_GCC_541\Debug\LED_control.a(CyFlash.o)
 .debug_abbrev  0x00001d56      0x194 .\CortexM3\ARM_GCC_541\Debug\LED_control.a(CySpc.o)

.debug_line     0x00000000     0x2f00
 *(.debug_line)
 .debug_line    0x00000000      0x16f .\CortexM3\ARM_GCC_541\Debug\main.o
 .debug_line    0x0000016f      0x638 .\CortexM3\ARM_GCC_541\Debug\LEDcontrol.o
 .debug_line    0x000007a7      0x1f4 .\CortexM3\ARM_GCC_541\Debug\cyfitter_cfg.o
 .debug_line    0x0000099b      0x141 .\CortexM3\ARM_GCC_541\Debug\cymetadata.o
 .debug_line    0x00000adc      0x234 .\CortexM3\ARM_GCC_541\Debug\Cm3Start.o
 .debug_line    0x00000d10      0x171 .\CortexM3\ARM_GCC_541\Debug\LED_control.a(Timer1.o)
 .debug_line    0x00000e81      0x816 .\CortexM3\ARM_GCC_541\Debug\LED_control.a(CyLib.o)
 .debug_line    0x00001697      0x367 .\CortexM3\ARM_GCC_541\Debug\LED_control.a(cyPm.o)
 .debug_line    0x000019fe      0x24b .\CortexM3\ARM_GCC_541\Debug\LED_control.a(SPIM_1.o)
 .debug_line    0x00001c49      0x17e .\CortexM3\ARM_GCC_541\Debug\LED_control.a(SPIM_1_IntClock.o)
 .debug_line    0x00001dc7      0x140 .\CortexM3\ARM_GCC_541\Debug\LED_control.a(isr_LED_refreshrate.o)
 .debug_line    0x00001f07      0x171 .\CortexM3\ARM_GCC_541\Debug\LED_control.a(Timer2.o)
 .debug_line    0x00002078      0x171 .\CortexM3\ARM_GCC_541\Debug\LED_control.a(Timer3.o)
 .debug_line    0x000021e9      0x13a .\CortexM3\ARM_GCC_541\Debug\LED_control.a(isr_LED_pulse.o)
 .debug_line    0x00002323      0x139 .\CortexM3\ARM_GCC_541\Debug\LED_control.a(isr_LED_ring.o)
 .debug_line    0x0000245c       0x73 .\CortexM3\ARM_GCC_541\Debug\LED_control.a(SPIMOutCtrl.o)
 .debug_line    0x000024cf      0x171 .\CortexM3\ARM_GCC_541\Debug\LED_control.a(Timer4.o)
 .debug_line    0x00002640      0x139 .\CortexM3\ARM_GCC_541\Debug\LED_control.a(isr_BlinkLED.o)
 .debug_line    0x00002779      0x136 .\CortexM3\ARM_GCC_541\Debug\LED_control.a(isr_delay.o)
 .debug_line    0x000028af      0x171 .\CortexM3\ARM_GCC_541\Debug\LED_control.a(Timer5.o)
 .debug_line    0x00002a20       0x66 .\CortexM3\ARM_GCC_541\Debug\LED_control.a(CyBootAsmGnu.o)
 .debug_line    0x00002a86      0x21a .\CortexM3\ARM_GCC_541\Debug\LED_control.a(CyFlash.o)
 .debug_line    0x00002ca0      0x260 .\CortexM3\ARM_GCC_541\Debug\LED_control.a(CySpc.o)

.debug_frame    0x00000000     0x2630
 *(.debug_frame)
 .debug_frame   0x00000000       0x2c .\CortexM3\ARM_GCC_541\Debug\main.o
 .debug_frame   0x0000002c      0x3c4 .\CortexM3\ARM_GCC_541\Debug\LEDcontrol.o
 .debug_frame   0x000003f0       0xe4 .\CortexM3\ARM_GCC_541\Debug\cyfitter_cfg.o
 .debug_frame   0x000004d4       0xb8 .\CortexM3\ARM_GCC_541\Debug\Cm3Start.o
 .debug_frame   0x0000058c      0x124 .\CortexM3\ARM_GCC_541\Debug\LED_control.a(Timer1.o)
 .debug_frame   0x000006b0      0x738 .\CortexM3\ARM_GCC_541\Debug\LED_control.a(CyLib.o)
 .debug_frame   0x00000de8      0x1f8 .\CortexM3\ARM_GCC_541\Debug\LED_control.a(cyPm.o)
 .debug_frame   0x00000fe0      0x1e8 .\CortexM3\ARM_GCC_541\Debug\LED_control.a(SPIM_1.o)
 .debug_frame   0x000011c8       0xe0 .\CortexM3\ARM_GCC_541\Debug\LED_control.a(SPIM_1_IntClock.o)
 .debug_frame   0x000012a8      0x104 .\CortexM3\ARM_GCC_541\Debug\LED_control.a(isr_LED_refreshrate.o)
 .debug_frame   0x000013ac      0x124 .\CortexM3\ARM_GCC_541\Debug\LED_control.a(Timer2.o)
 .debug_frame   0x000014d0      0x124 .\CortexM3\ARM_GCC_541\Debug\LED_control.a(Timer3.o)
 .debug_frame   0x000015f4      0x104 .\CortexM3\ARM_GCC_541\Debug\LED_control.a(isr_LED_pulse.o)
 .debug_frame   0x000016f8      0x104 .\CortexM3\ARM_GCC_541\Debug\LED_control.a(isr_LED_ring.o)
 .debug_frame   0x000017fc       0x30 .\CortexM3\ARM_GCC_541\Debug\LED_control.a(SPIMOutCtrl.o)
 .debug_frame   0x0000182c      0x124 .\CortexM3\ARM_GCC_541\Debug\LED_control.a(Timer4.o)
 .debug_frame   0x00001950      0x104 .\CortexM3\ARM_GCC_541\Debug\LED_control.a(isr_BlinkLED.o)
 .debug_frame   0x00001a54      0x104 .\CortexM3\ARM_GCC_541\Debug\LED_control.a(isr_delay.o)
 .debug_frame   0x00001b58      0x124 .\CortexM3\ARM_GCC_541\Debug\LED_control.a(Timer5.o)
 .debug_frame   0x00001c7c      0x194 .\CortexM3\ARM_GCC_541\Debug\LED_control.a(CyFlash.o)
 .debug_frame   0x00001e10      0x180 .\CortexM3\ARM_GCC_541\Debug\LED_control.a(CySpc.o)
 .debug_frame   0x00001f90       0x20 c:/program files (x86)/cypress/psoc creator/4.3/psoc creator/import/gnu/arm/5.4.1/bin/../lib/gcc/arm-none-eabi/5.4.1/../../../../arm-none-eabi/lib/armv7-m\libg_nano.a(lib_a-errno.o)
 .debug_frame   0x00001fb0       0x28 c:/program files (x86)/cypress/psoc creator/4.3/psoc creator/import/gnu/arm/5.4.1/bin/../lib/gcc/arm-none-eabi/5.4.1/../../../../arm-none-eabi/lib/armv7-m\libg_nano.a(lib_a-exit.o)
 .debug_frame   0x00001fd8       0x2c c:/program files (x86)/cypress/psoc creator/4.3/psoc creator/import/gnu/arm/5.4.1/bin/../lib/gcc/arm-none-eabi/5.4.1/../../../../arm-none-eabi/lib/armv7-m\libg_nano.a(lib_a-init.o)
 .debug_frame   0x00002004       0x28 c:/program files (x86)/cypress/psoc creator/4.3/psoc creator/import/gnu/arm/5.4.1/bin/../lib/gcc/arm-none-eabi/5.4.1/../../../../arm-none-eabi/lib/armv7-m\libg_nano.a(lib_a-memcpy-stub.o)
 .debug_frame   0x0000202c       0x20 c:/program files (x86)/cypress/psoc creator/4.3/psoc creator/import/gnu/arm/5.4.1/bin/../lib/gcc/arm-none-eabi/5.4.1/../../../../arm-none-eabi/lib/armv7-m\libg_nano.a(lib_a-memset.o)
 .debug_frame   0x0000204c       0x8c c:/program files (x86)/cypress/psoc creator/4.3/psoc creator/import/gnu/arm/5.4.1/bin/../lib/gcc/arm-none-eabi/5.4.1/../../../../arm-none-eabi/lib/armv7-m\libg_nano.a(lib_a-nano-vfprintf_float.o)
 .debug_frame   0x000020d8       0x60 c:/program files (x86)/cypress/psoc creator/4.3/psoc creator/import/gnu/arm/5.4.1/bin/../lib/gcc/arm-none-eabi/5.4.1/../../../../arm-none-eabi/lib/armv7-m\libg_nano.a(lib_a-nano-vfprintf_i.o)
 .debug_frame   0x00002138       0x6c c:/program files (x86)/cypress/psoc creator/4.3/psoc creator/import/gnu/arm/5.4.1/bin/../lib/gcc/arm-none-eabi/5.4.1/../../../../arm-none-eabi/lib/armv7-m\libg_nano.a(lib_a-dtoa.o)
 .debug_frame   0x000021a4       0x98 c:/program files (x86)/cypress/psoc creator/4.3/psoc creator/import/gnu/arm/5.4.1/bin/../lib/gcc/arm-none-eabi/5.4.1/../../../../arm-none-eabi/lib/armv7-m\libg_nano.a(lib_a-locale.o)
 .debug_frame   0x0000223c       0x30 c:/program files (x86)/cypress/psoc creator/4.3/psoc creator/import/gnu/arm/5.4.1/bin/../lib/gcc/arm-none-eabi/5.4.1/../../../../arm-none-eabi/lib/armv7-m\libg_nano.a(lib_a-malloc.o)
 .debug_frame   0x0000226c       0x28 c:/program files (x86)/cypress/psoc creator/4.3/psoc creator/import/gnu/arm/5.4.1/bin/../lib/gcc/arm-none-eabi/5.4.1/../../../../arm-none-eabi/lib/armv7-m\libg_nano.a(lib_a-memchr-stub.o)
 .debug_frame   0x00002294      0x234 c:/program files (x86)/cypress/psoc creator/4.3/psoc creator/import/gnu/arm/5.4.1/bin/../lib/gcc/arm-none-eabi/5.4.1/../../../../arm-none-eabi/lib/armv7-m\libg_nano.a(lib_a-mprec.o)
 .debug_frame   0x000024c8       0x2c c:/program files (x86)/cypress/psoc creator/4.3/psoc creator/import/gnu/arm/5.4.1/bin/../lib/gcc/arm-none-eabi/5.4.1/../../../../arm-none-eabi/lib/armv7-m\libg_nano.a(lib_a-nano-callocr.o)
 .debug_frame   0x000024f4       0x38 c:/program files (x86)/cypress/psoc creator/4.3/psoc creator/import/gnu/arm/5.4.1/bin/../lib/gcc/arm-none-eabi/5.4.1/../../../../arm-none-eabi/lib/armv7-m\libg_nano.a(lib_a-nano-freer.o)
 .debug_frame   0x0000252c       0x2c c:/program files (x86)/cypress/psoc creator/4.3/psoc creator/import/gnu/arm/5.4.1/bin/../lib/gcc/arm-none-eabi/5.4.1/../../../../arm-none-eabi/lib/armv7-m\libg_nano.a(lib_a-nano-mallocr.o)
 .debug_frame   0x00002558       0x2c c:/program files (x86)/cypress/psoc creator/4.3/psoc creator/import/gnu/arm/5.4.1/bin/../lib/gcc/arm-none-eabi/5.4.1/../../../../arm-none-eabi/lib/armv7-m\libg_nano.a(lib_a-sbrkr.o)
 .debug_frame   0x00002584       0x20 c:/program files (x86)/cypress/psoc creator/4.3/psoc creator/import/gnu/arm/5.4.1/bin/../lib/gcc/arm-none-eabi/5.4.1/../../../../arm-none-eabi/lib/armv7-m\libg_nano.a(lib_a-strcmp.o)
 .debug_frame   0x000025a4       0x30 c:/program files (x86)/cypress/psoc creator/4.3/psoc creator/import/gnu/arm/5.4.1/bin/../lib/gcc/arm-none-eabi/5.4.1/../../../../arm-none-eabi/lib/armv7-m\libg_nano.a(lib_a-mlock.o)
 .debug_frame   0x000025d4       0x5c c:/program files (x86)/cypress/psoc creator/4.3/psoc creator/import/gnu/arm/5.4.1/bin/../lib/gcc/arm-none-eabi/5.4.1/../../../../arm-none-eabi/lib/armv7-m\libg_nano.a(lib_a-reent.o)

.debug_str      0x00000000     0x2745
 *(.debug_str)
 .debug_str     0x00000000      0x1ed .\CortexM3\ARM_GCC_541\Debug\main.o
                                0x246 (size before relaxing)
 .debug_str     0x000001ed      0x307 .\CortexM3\ARM_GCC_541\Debug\LEDcontrol.o
                                0x53c (size before relaxing)
 .debug_str     0x000004f4      0x1b6 .\CortexM3\ARM_GCC_541\Debug\cyfitter_cfg.o
                                0x34f (size before relaxing)
 .debug_str     0x000006aa       0x7f .\CortexM3\ARM_GCC_541\Debug\cymetadata.o
                                0x1ef (size before relaxing)
 .debug_str     0x00000729      0x144 .\CortexM3\ARM_GCC_541\Debug\Cm3Start.o
                                0x315 (size before relaxing)
 .debug_str     0x0000086d      0x18e .\CortexM3\ARM_GCC_541\Debug\LED_control.a(Timer1.o)
                                0x358 (size before relaxing)
 .debug_str     0x000009fb      0x80e .\CortexM3\ARM_GCC_541\Debug\LED_control.a(CyLib.o)
                                0xa52 (size before relaxing)
 .debug_str     0x00001209      0x365 .\CortexM3\ARM_GCC_541\Debug\LED_control.a(cyPm.o)
                                0x73e (size before relaxing)
 .debug_str     0x0000156e      0x266 .\CortexM3\ARM_GCC_541\Debug\LED_control.a(SPIM_1.o)
                                0x460 (size before relaxing)
 .debug_str     0x000017d4      0x197 .\CortexM3\ARM_GCC_541\Debug\LED_control.a(SPIM_1_IntClock.o)
                                0x359 (size before relaxing)
 .debug_str     0x0000196b      0x18e .\CortexM3\ARM_GCC_541\Debug\LED_control.a(isr_LED_refreshrate.o)
                                0x375 (size before relaxing)
 .debug_str     0x00001af9      0x148 .\CortexM3\ARM_GCC_541\Debug\LED_control.a(Timer2.o)
                                0x358 (size before relaxing)
 .debug_str     0x00001c41      0x148 .\CortexM3\ARM_GCC_541\Debug\LED_control.a(Timer3.o)
                                0x358 (size before relaxing)
 .debug_str     0x00001d89      0x140 .\CortexM3\ARM_GCC_541\Debug\LED_control.a(isr_LED_pulse.o)
                                0x321 (size before relaxing)
 .debug_str     0x00001ec9      0x133 .\CortexM3\ARM_GCC_541\Debug\LED_control.a(isr_LED_ring.o)
                                0x313 (size before relaxing)
 .debug_str     0x00001ffc       0x36 .\CortexM3\ARM_GCC_541\Debug\LED_control.a(SPIMOutCtrl.o)
                                0x1cc (size before relaxing)
 .debug_str     0x00002032      0x148 .\CortexM3\ARM_GCC_541\Debug\LED_control.a(Timer4.o)
                                0x358 (size before relaxing)
 .debug_str     0x0000217a      0x133 .\CortexM3\ARM_GCC_541\Debug\LED_control.a(isr_BlinkLED.o)
                                0x313 (size before relaxing)
 .debug_str     0x000022ad       0xe9 .\CortexM3\ARM_GCC_541\Debug\LED_control.a(isr_delay.o)
                                0x2e9 (size before relaxing)
 .debug_str     0x00002396      0x14f .\CortexM3\ARM_GCC_541\Debug\LED_control.a(Timer5.o)
                                0x358 (size before relaxing)
 .debug_str     0x000024e5      0x1b4 .\CortexM3\ARM_GCC_541\Debug\LED_control.a(CyFlash.o)
                                0x3cb (size before relaxing)
 .debug_str     0x00002699       0xac .\CortexM3\ARM_GCC_541\Debug\LED_control.a(CySpc.o)
                                0x343 (size before relaxing)

.debug_loc      0x00000000     0x29de
 *(.debug_loc)
 .debug_loc     0x00000000      0xb5d .\CortexM3\ARM_GCC_541\Debug\LEDcontrol.o
 .debug_loc     0x00000b5d      0x25a .\CortexM3\ARM_GCC_541\Debug\cyfitter_cfg.o
 .debug_loc     0x00000db7      0x144 .\CortexM3\ARM_GCC_541\Debug\Cm3Start.o
 .debug_loc     0x00000efb       0x13 .\CortexM3\ARM_GCC_541\Debug\LED_control.a(Timer1.o)
 .debug_loc     0x00000f0e      0xa11 .\CortexM3\ARM_GCC_541\Debug\LED_control.a(CyLib.o)
 .debug_loc     0x0000191f      0x1e4 .\CortexM3\ARM_GCC_541\Debug\LED_control.a(cyPm.o)
 .debug_loc     0x00001b03       0xfe .\CortexM3\ARM_GCC_541\Debug\LED_control.a(SPIM_1.o)
 .debug_loc     0x00001c01      0x12c .\CortexM3\ARM_GCC_541\Debug\LED_control.a(SPIM_1_IntClock.o)
 .debug_loc     0x00001d2d       0x56 .\CortexM3\ARM_GCC_541\Debug\LED_control.a(isr_LED_refreshrate.o)
 .debug_loc     0x00001d83       0x13 .\CortexM3\ARM_GCC_541\Debug\LED_control.a(Timer2.o)
 .debug_loc     0x00001d96       0x13 .\CortexM3\ARM_GCC_541\Debug\LED_control.a(Timer3.o)
 .debug_loc     0x00001da9       0x56 .\CortexM3\ARM_GCC_541\Debug\LED_control.a(isr_LED_pulse.o)
 .debug_loc     0x00001dff       0x56 .\CortexM3\ARM_GCC_541\Debug\LED_control.a(isr_LED_ring.o)
 .debug_loc     0x00001e55       0x13 .\CortexM3\ARM_GCC_541\Debug\LED_control.a(Timer4.o)
 .debug_loc     0x00001e68       0x56 .\CortexM3\ARM_GCC_541\Debug\LED_control.a(isr_BlinkLED.o)
 .debug_loc     0x00001ebe       0x56 .\CortexM3\ARM_GCC_541\Debug\LED_control.a(isr_delay.o)
 .debug_loc     0x00001f14       0x13 .\CortexM3\ARM_GCC_541\Debug\LED_control.a(Timer5.o)
 .debug_loc     0x00001f27      0x3b2 .\CortexM3\ARM_GCC_541\Debug\LED_control.a(CyFlash.o)
 .debug_loc     0x000022d9      0x705 .\CortexM3\ARM_GCC_541\Debug\LED_control.a(CySpc.o)

.debug_macinfo
 *(.debug_macinfo)

.debug_ranges   0x00000000      0xb58
 *(.debug_ranges)
 .debug_ranges  0x00000000       0x10 .\CortexM3\ARM_GCC_541\Debug\main.o
 .debug_ranges  0x00000010       0xd8 .\CortexM3\ARM_GCC_541\Debug\LEDcontrol.o
 .debug_ranges  0x000000e8       0x48 .\CortexM3\ARM_GCC_541\Debug\cyfitter_cfg.o
 .debug_ranges  0x00000130       0x38 .\CortexM3\ARM_GCC_541\Debug\Cm3Start.o
 .debug_ranges  0x00000168       0x80 .\CortexM3\ARM_GCC_541\Debug\LED_control.a(Timer1.o)
 .debug_ranges  0x000001e8      0x290 .\CortexM3\ARM_GCC_541\Debug\LED_control.a(CyLib.o)
 .debug_ranges  0x00000478       0x88 .\CortexM3\ARM_GCC_541\Debug\LED_control.a(cyPm.o)
 .debug_ranges  0x00000500       0xc8 .\CortexM3\ARM_GCC_541\Debug\LED_control.a(SPIM_1.o)
 .debug_ranges  0x000005c8       0x60 .\CortexM3\ARM_GCC_541\Debug\LED_control.a(SPIM_1_IntClock.o)
 .debug_ranges  0x00000628       0x70 .\CortexM3\ARM_GCC_541\Debug\LED_control.a(isr_LED_refreshrate.o)
 .debug_ranges  0x00000698       0x80 .\CortexM3\ARM_GCC_541\Debug\LED_control.a(Timer2.o)
 .debug_ranges  0x00000718       0x80 .\CortexM3\ARM_GCC_541\Debug\LED_control.a(Timer3.o)
 .debug_ranges  0x00000798       0x70 .\CortexM3\ARM_GCC_541\Debug\LED_control.a(isr_LED_pulse.o)
 .debug_ranges  0x00000808       0x70 .\CortexM3\ARM_GCC_541\Debug\LED_control.a(isr_LED_ring.o)
 .debug_ranges  0x00000878       0x18 .\CortexM3\ARM_GCC_541\Debug\LED_control.a(SPIMOutCtrl.o)
 .debug_ranges  0x00000890       0x80 .\CortexM3\ARM_GCC_541\Debug\LED_control.a(Timer4.o)
 .debug_ranges  0x00000910       0x70 .\CortexM3\ARM_GCC_541\Debug\LED_control.a(isr_BlinkLED.o)
 .debug_ranges  0x00000980       0x70 .\CortexM3\ARM_GCC_541\Debug\LED_control.a(isr_delay.o)
 .debug_ranges  0x000009f0       0x80 .\CortexM3\ARM_GCC_541\Debug\LED_control.a(Timer5.o)
 .debug_ranges  0x00000a70       0x78 .\CortexM3\ARM_GCC_541\Debug\LED_control.a(CyFlash.o)
 .debug_ranges  0x00000ae8       0x70 .\CortexM3\ARM_GCC_541\Debug\LED_control.a(CySpc.o)

.comment        0x00000000       0x6e
 .comment       0x00000000       0x6e .\CortexM3\ARM_GCC_541\Debug\main.o
                                 0x6f (size before relaxing)
 .comment       0x0000006e       0x6f .\CortexM3\ARM_GCC_541\Debug\LEDcontrol.o
 .comment       0x0000006e       0x6f .\CortexM3\ARM_GCC_541\Debug\cyfitter_cfg.o
 .comment       0x0000006e       0x6f .\CortexM3\ARM_GCC_541\Debug\cymetadata.o
 .comment       0x0000006e       0x6f .\CortexM3\ARM_GCC_541\Debug\Cm3Start.o
 .comment       0x0000006e       0x6f .\CortexM3\ARM_GCC_541\Debug\LED_control.a(Timer1.o)
 .comment       0x0000006e       0x6f .\CortexM3\ARM_GCC_541\Debug\LED_control.a(CyLib.o)
 .comment       0x0000006e       0x6f .\CortexM3\ARM_GCC_541\Debug\LED_control.a(cyPm.o)
 .comment       0x0000006e       0x6f .\CortexM3\ARM_GCC_541\Debug\LED_control.a(SPIM_1.o)
 .comment       0x0000006e       0x6f .\CortexM3\ARM_GCC_541\Debug\LED_control.a(SPIM_1_IntClock.o)
 .comment       0x0000006e       0x6f .\CortexM3\ARM_GCC_541\Debug\LED_control.a(isr_LED_refreshrate.o)
 .comment       0x0000006e       0x6f .\CortexM3\ARM_GCC_541\Debug\LED_control.a(Timer2.o)
 .comment       0x0000006e       0x6f .\CortexM3\ARM_GCC_541\Debug\LED_control.a(Timer3.o)
 .comment       0x0000006e       0x6f .\CortexM3\ARM_GCC_541\Debug\LED_control.a(isr_LED_pulse.o)
 .comment       0x0000006e       0x6f .\CortexM3\ARM_GCC_541\Debug\LED_control.a(isr_LED_ring.o)
 .comment       0x0000006e       0x6f .\CortexM3\ARM_GCC_541\Debug\LED_control.a(SPIMOutCtrl.o)
 .comment       0x0000006e       0x6f .\CortexM3\ARM_GCC_541\Debug\LED_control.a(Timer4.o)
 .comment       0x0000006e       0x6f .\CortexM3\ARM_GCC_541\Debug\LED_control.a(isr_BlinkLED.o)
 .comment       0x0000006e       0x6f .\CortexM3\ARM_GCC_541\Debug\LED_control.a(isr_delay.o)
 .comment       0x0000006e       0x6f .\CortexM3\ARM_GCC_541\Debug\LED_control.a(Timer5.o)
 .comment       0x0000006e       0x6f .\CortexM3\ARM_GCC_541\Debug\LED_control.a(CyFlash.o)
 .comment       0x0000006e       0x6f .\CortexM3\ARM_GCC_541\Debug\LED_control.a(CySpc.o)

.debug_weaknames
 *(.debug_weaknames)

.debug_funcnames
 *(.debug_funcnames)

.debug_typenames
 *(.debug_typenames)

.debug_varnames
 *(.debug_varnames)

.note.gnu.arm.ident
 *(.note.gnu.arm.ident)

.ARM.attributes
                0x00000000       0x29
 *(.ARM.attributes)
 .ARM.attributes
                0x00000000       0x1d c:/program files (x86)/cypress/psoc creator/4.3/psoc creator/import/gnu/arm/5.4.1/bin/../lib/gcc/arm-none-eabi/5.4.1/armv7-m/crti.o
 .ARM.attributes
                0x0000001d       0x2d c:/program files (x86)/cypress/psoc creator/4.3/psoc creator/import/gnu/arm/5.4.1/bin/../lib/gcc/arm-none-eabi/5.4.1/armv7-m/crtbegin.o
 .ARM.attributes
                0x0000004a       0x1b c:/program files (x86)/cypress/psoc creator/4.3/psoc creator/import/gnu/arm/5.4.1/bin/../lib/gcc/arm-none-eabi/5.4.1/../../../../arm-none-eabi/lib/armv7-m/crt0.o
 .ARM.attributes
                0x00000065       0x33 .\CortexM3\ARM_GCC_541\Debug\main.o
 .ARM.attributes
                0x00000098       0x33 .\CortexM3\ARM_GCC_541\Debug\LEDcontrol.o
 .ARM.attributes
                0x000000cb       0x33 .\CortexM3\ARM_GCC_541\Debug\cyfitter_cfg.o
 .ARM.attributes
                0x000000fe       0x33 .\CortexM3\ARM_GCC_541\Debug\cymetadata.o
 .ARM.attributes
                0x00000131       0x33 .\CortexM3\ARM_GCC_541\Debug\Cm3Start.o
 .ARM.attributes
                0x00000164       0x33 .\CortexM3\ARM_GCC_541\Debug\LED_control.a(Timer1.o)
 .ARM.attributes
                0x00000197       0x33 .\CortexM3\ARM_GCC_541\Debug\LED_control.a(CyLib.o)
 .ARM.attributes
                0x000001ca       0x33 .\CortexM3\ARM_GCC_541\Debug\LED_control.a(cyPm.o)
 .ARM.attributes
                0x000001fd       0x33 .\CortexM3\ARM_GCC_541\Debug\LED_control.a(SPIM_1.o)
 .ARM.attributes
                0x00000230       0x33 .\CortexM3\ARM_GCC_541\Debug\LED_control.a(SPIM_1_IntClock.o)
 .ARM.attributes
                0x00000263       0x33 .\CortexM3\ARM_GCC_541\Debug\LED_control.a(isr_LED_refreshrate.o)
 .ARM.attributes
                0x00000296       0x33 .\CortexM3\ARM_GCC_541\Debug\LED_control.a(Timer2.o)
 .ARM.attributes
                0x000002c9       0x33 .\CortexM3\ARM_GCC_541\Debug\LED_control.a(Timer3.o)
 .ARM.attributes
                0x000002fc       0x33 .\CortexM3\ARM_GCC_541\Debug\LED_control.a(isr_LED_pulse.o)
 .ARM.attributes
                0x0000032f       0x33 .\CortexM3\ARM_GCC_541\Debug\LED_control.a(isr_LED_ring.o)
 .ARM.attributes
                0x00000362       0x33 .\CortexM3\ARM_GCC_541\Debug\LED_control.a(SPIMOutCtrl.o)
 .ARM.attributes
                0x00000395       0x33 .\CortexM3\ARM_GCC_541\Debug\LED_control.a(Timer4.o)
 .ARM.attributes
                0x000003c8       0x33 .\CortexM3\ARM_GCC_541\Debug\LED_control.a(isr_BlinkLED.o)
 .ARM.attributes
                0x000003fb       0x33 .\CortexM3\ARM_GCC_541\Debug\LED_control.a(isr_delay.o)
 .ARM.attributes
                0x0000042e       0x33 .\CortexM3\ARM_GCC_541\Debug\LED_control.a(Timer5.o)
 .ARM.attributes
                0x00000461       0x21 .\CortexM3\ARM_GCC_541\Debug\LED_control.a(CyBootAsmGnu.o)
 .ARM.attributes
                0x00000482       0x33 .\CortexM3\ARM_GCC_541\Debug\LED_control.a(CyFlash.o)
 .ARM.attributes
                0x000004b5       0x33 .\CortexM3\ARM_GCC_541\Debug\LED_control.a(CySpc.o)
 .ARM.attributes
                0x000004e8       0x1d c:/program files (x86)/cypress/psoc creator/4.3/psoc creator/import/gnu/arm/5.4.1/bin/../lib/gcc/arm-none-eabi/5.4.1/armv7-m\libgcc.a(_arm_addsubdf3.o)
 .ARM.attributes
                0x00000505       0x1d c:/program files (x86)/cypress/psoc creator/4.3/psoc creator/import/gnu/arm/5.4.1/bin/../lib/gcc/arm-none-eabi/5.4.1/armv7-m\libgcc.a(_arm_muldivdf3.o)
 .ARM.attributes
                0x00000522       0x1d c:/program files (x86)/cypress/psoc creator/4.3/psoc creator/import/gnu/arm/5.4.1/bin/../lib/gcc/arm-none-eabi/5.4.1/armv7-m\libgcc.a(_arm_cmpdf2.o)
 .ARM.attributes
                0x0000053f       0x1d c:/program files (x86)/cypress/psoc creator/4.3/psoc creator/import/gnu/arm/5.4.1/bin/../lib/gcc/arm-none-eabi/5.4.1/armv7-m\libgcc.a(_arm_fixdfsi.o)
 .ARM.attributes
                0x0000055c       0x1d c:/program files (x86)/cypress/psoc creator/4.3/psoc creator/import/gnu/arm/5.4.1/bin/../lib/gcc/arm-none-eabi/5.4.1/armv7-m\libgcc.a(_arm_truncdfsf2.o)
 .ARM.attributes
                0x00000579       0x1d c:/program files (x86)/cypress/psoc creator/4.3/psoc creator/import/gnu/arm/5.4.1/bin/../lib/gcc/arm-none-eabi/5.4.1/armv7-m\libgcc.a(_arm_addsubsf3.o)
 .ARM.attributes
                0x00000596       0x1d c:/program files (x86)/cypress/psoc creator/4.3/psoc creator/import/gnu/arm/5.4.1/bin/../lib/gcc/arm-none-eabi/5.4.1/armv7-m\libgcc.a(_arm_muldivsf3.o)
 .ARM.attributes
                0x000005b3       0x1d c:/program files (x86)/cypress/psoc creator/4.3/psoc creator/import/gnu/arm/5.4.1/bin/../lib/gcc/arm-none-eabi/5.4.1/armv7-m\libgcc.a(_arm_cmpsf2.o)
 .ARM.attributes
                0x000005d0       0x1d c:/program files (x86)/cypress/psoc creator/4.3/psoc creator/import/gnu/arm/5.4.1/bin/../lib/gcc/arm-none-eabi/5.4.1/armv7-m\libgcc.a(_arm_fixsfsi.o)
 .ARM.attributes
                0x000005ed       0x2d c:/program files (x86)/cypress/psoc creator/4.3/psoc creator/import/gnu/arm/5.4.1/bin/../lib/gcc/arm-none-eabi/5.4.1/../../../../arm-none-eabi/lib/armv7-m\libg_nano.a(lib_a-errno.o)
 .ARM.attributes
                0x0000061a       0x2d c:/program files (x86)/cypress/psoc creator/4.3/psoc creator/import/gnu/arm/5.4.1/bin/../lib/gcc/arm-none-eabi/5.4.1/../../../../arm-none-eabi/lib/armv7-m\libg_nano.a(lib_a-exit.o)
 .ARM.attributes
                0x00000647       0x2d c:/program files (x86)/cypress/psoc creator/4.3/psoc creator/import/gnu/arm/5.4.1/bin/../lib/gcc/arm-none-eabi/5.4.1/../../../../arm-none-eabi/lib/armv7-m\libg_nano.a(lib_a-impure.o)
 .ARM.attributes
                0x00000674       0x2d c:/program files (x86)/cypress/psoc creator/4.3/psoc creator/import/gnu/arm/5.4.1/bin/../lib/gcc/arm-none-eabi/5.4.1/../../../../arm-none-eabi/lib/armv7-m\libg_nano.a(lib_a-init.o)
 .ARM.attributes
                0x000006a1       0x2d c:/program files (x86)/cypress/psoc creator/4.3/psoc creator/import/gnu/arm/5.4.1/bin/../lib/gcc/arm-none-eabi/5.4.1/../../../../arm-none-eabi/lib/armv7-m\libg_nano.a(lib_a-memcpy-stub.o)
 .ARM.attributes
                0x000006ce       0x2d c:/program files (x86)/cypress/psoc creator/4.3/psoc creator/import/gnu/arm/5.4.1/bin/../lib/gcc/arm-none-eabi/5.4.1/../../../../arm-none-eabi/lib/armv7-m\libg_nano.a(lib_a-memset.o)
 .ARM.attributes
                0x000006fb       0x2d c:/program files (x86)/cypress/psoc creator/4.3/psoc creator/import/gnu/arm/5.4.1/bin/../lib/gcc/arm-none-eabi/5.4.1/../../../../arm-none-eabi/lib/armv7-m\libg_nano.a(lib_a-nano-vfprintf_float.o)
 .ARM.attributes
                0x00000728       0x2d c:/program files (x86)/cypress/psoc creator/4.3/psoc creator/import/gnu/arm/5.4.1/bin/../lib/gcc/arm-none-eabi/5.4.1/../../../../arm-none-eabi/lib/armv7-m\libg_nano.a(lib_a-nano-vfprintf_i.o)
 .ARM.attributes
                0x00000755       0x17 c:/program files (x86)/cypress/psoc creator/4.3/psoc creator/import/gnu/arm/5.4.1/bin/../lib/gcc/arm-none-eabi/5.4.1/../../../../arm-none-eabi/lib/armv7-m\libg_nano.a(lib_a-strlen.o)
 .ARM.attributes
                0x0000076c       0x2d c:/program files (x86)/cypress/psoc creator/4.3/psoc creator/import/gnu/arm/5.4.1/bin/../lib/gcc/arm-none-eabi/5.4.1/../../../../arm-none-eabi/lib/armv7-m\libg_nano.a(lib_a-dtoa.o)
 .ARM.attributes
                0x00000799       0x2d c:/program files (x86)/cypress/psoc creator/4.3/psoc creator/import/gnu/arm/5.4.1/bin/../lib/gcc/arm-none-eabi/5.4.1/../../../../arm-none-eabi/lib/armv7-m\libg_nano.a(lib_a-locale.o)
 .ARM.attributes
                0x000007c6       0x2d c:/program files (x86)/cypress/psoc creator/4.3/psoc creator/import/gnu/arm/5.4.1/bin/../lib/gcc/arm-none-eabi/5.4.1/../../../../arm-none-eabi/lib/armv7-m\libg_nano.a(lib_a-malloc.o)
 .ARM.attributes
                0x000007f3       0x2d c:/program files (x86)/cypress/psoc creator/4.3/psoc creator/import/gnu/arm/5.4.1/bin/../lib/gcc/arm-none-eabi/5.4.1/../../../../arm-none-eabi/lib/armv7-m\libg_nano.a(lib_a-memchr-stub.o)
 .ARM.attributes
                0x00000820       0x2d c:/program files (x86)/cypress/psoc creator/4.3/psoc creator/import/gnu/arm/5.4.1/bin/../lib/gcc/arm-none-eabi/5.4.1/../../../../arm-none-eabi/lib/armv7-m\libg_nano.a(lib_a-mprec.o)
 .ARM.attributes
                0x0000084d       0x2d c:/program files (x86)/cypress/psoc creator/4.3/psoc creator/import/gnu/arm/5.4.1/bin/../lib/gcc/arm-none-eabi/5.4.1/../../../../arm-none-eabi/lib/armv7-m\libg_nano.a(lib_a-nano-callocr.o)
 .ARM.attributes
                0x0000087a       0x2d c:/program files (x86)/cypress/psoc creator/4.3/psoc creator/import/gnu/arm/5.4.1/bin/../lib/gcc/arm-none-eabi/5.4.1/../../../../arm-none-eabi/lib/armv7-m\libg_nano.a(lib_a-nano-freer.o)
 .ARM.attributes
                0x000008a7       0x2d c:/program files (x86)/cypress/psoc creator/4.3/psoc creator/import/gnu/arm/5.4.1/bin/../lib/gcc/arm-none-eabi/5.4.1/../../../../arm-none-eabi/lib/armv7-m\libg_nano.a(lib_a-nano-mallocr.o)
 .ARM.attributes
                0x000008d4       0x2d c:/program files (x86)/cypress/psoc creator/4.3/psoc creator/import/gnu/arm/5.4.1/bin/../lib/gcc/arm-none-eabi/5.4.1/../../../../arm-none-eabi/lib/armv7-m\libg_nano.a(lib_a-sbrkr.o)
 .ARM.attributes
                0x00000901       0x1b c:/program files (x86)/cypress/psoc creator/4.3/psoc creator/import/gnu/arm/5.4.1/bin/../lib/gcc/arm-none-eabi/5.4.1/../../../../arm-none-eabi/lib/armv7-m\libg_nano.a(lib_a-strcmp.o)
 .ARM.attributes
                0x0000091c       0x2d c:/program files (x86)/cypress/psoc creator/4.3/psoc creator/import/gnu/arm/5.4.1/bin/../lib/gcc/arm-none-eabi/5.4.1/../../../../arm-none-eabi/lib/armv7-m\libg_nano.a(lib_a-mlock.o)
 .ARM.attributes
                0x00000949       0x2d c:/program files (x86)/cypress/psoc creator/4.3/psoc creator/import/gnu/arm/5.4.1/bin/../lib/gcc/arm-none-eabi/5.4.1/../../../../arm-none-eabi/lib/armv7-m\libg_nano.a(lib_a-reent.o)
 .ARM.attributes
                0x00000976       0x1d c:/program files (x86)/cypress/psoc creator/4.3/psoc creator/import/gnu/arm/5.4.1/bin/../lib/gcc/arm-none-eabi/5.4.1/armv7-m\libgcc.a(_arm_unorddf2.o)
 .ARM.attributes
                0x00000993       0x2d c:/program files (x86)/cypress/psoc creator/4.3/psoc creator/import/gnu/arm/5.4.1/bin/../lib/gcc/arm-none-eabi/5.4.1/armv7-m/crtend.o
 .ARM.attributes
                0x000009c0       0x1d c:/program files (x86)/cypress/psoc creator/4.3/psoc creator/import/gnu/arm/5.4.1/bin/../lib/gcc/arm-none-eabi/5.4.1/armv7-m/crtn.o

/DISCARD/
 *(.note.GNU-stack)
OUTPUT(C:\Users\cring\Documents\GitHub\E5PRJ3\LED kode\LEDcontrol\LED_control.cydsn\CortexM3\ARM_GCC_541\Debug\LED_control.elf elf32-littlearm)
