Archive member included to satisfy reference by file (symbol)

.\CortexM3\ARM_GCC_541\Debug\LED_control.a(Timer1.o)
                              .\CortexM3\ARM_GCC_541\Debug\LEDcontrol.o (Timer1_Stop)
.\CortexM3\ARM_GCC_541\Debug\LED_control.a(CyLib.o)
                              .\CortexM3\ARM_GCC_541\Debug\Cm3Start.o (CyHalt)
.\CortexM3\ARM_GCC_541\Debug\LED_control.a(cyPm.o)
                              .\CortexM3\ARM_GCC_541\Debug\LED_control.a(CyLib.o) (CyPmReadStatus)
.\CortexM3\ARM_GCC_541\Debug\LED_control.a(SPIM_1.o)
                              .\CortexM3\ARM_GCC_541\Debug\LEDcontrol.o (SPIM_1_WriteTxData)
.\CortexM3\ARM_GCC_541\Debug\LED_control.a(SPIM_1_IntClock.o)
                              .\CortexM3\ARM_GCC_541\Debug\LED_control.a(SPIM_1.o) (SPIM_1_IntClock_Start)
.\CortexM3\ARM_GCC_541\Debug\LED_control.a(isr_LED_refreshrate.o)
                              .\CortexM3\ARM_GCC_541\Debug\LEDcontrol.o (isr_LED_refreshrate_StartEx)
.\CortexM3\ARM_GCC_541\Debug\LED_control.a(Timer2.o)
                              .\CortexM3\ARM_GCC_541\Debug\LEDcontrol.o (Timer2_WritePeriod)
.\CortexM3\ARM_GCC_541\Debug\LED_control.a(Timer3.o)
                              .\CortexM3\ARM_GCC_541\Debug\LEDcontrol.o (Timer3_WritePeriod)
.\CortexM3\ARM_GCC_541\Debug\LED_control.a(isr_LED_pulse.o)
                              .\CortexM3\ARM_GCC_541\Debug\LEDcontrol.o (isr_LED_pulse_StartEx)
.\CortexM3\ARM_GCC_541\Debug\LED_control.a(isr_LED_ring.o)
                              .\CortexM3\ARM_GCC_541\Debug\LEDcontrol.o (isr_LED_ring_StartEx)
.\CortexM3\ARM_GCC_541\Debug\LED_control.a(SPIMOutCtrl.o)
                              .\CortexM3\ARM_GCC_541\Debug\LEDcontrol.o (SPIMOutCtrl_Write)
.\CortexM3\ARM_GCC_541\Debug\LED_control.a(Timer4.o)
                              .\CortexM3\ARM_GCC_541\Debug\LEDcontrol.o (Timer4_WritePeriod)
.\CortexM3\ARM_GCC_541\Debug\LED_control.a(isr_BlinkLED.o)
                              .\CortexM3\ARM_GCC_541\Debug\LEDcontrol.o (isr_BlinkLED_StartEx)
.\CortexM3\ARM_GCC_541\Debug\LED_control.a(isr_delay.o)
                              .\CortexM3\ARM_GCC_541\Debug\LEDcontrol.o (isr_delay_Enable)
.\CortexM3\ARM_GCC_541\Debug\LED_control.a(Timer5.o)
                              .\CortexM3\ARM_GCC_541\Debug\LEDcontrol.o (Timer5_Stop)
.\CortexM3\ARM_GCC_541\Debug\LED_control.a(CyBootAsmGnu.o)
                              .\CortexM3\ARM_GCC_541\Debug\cyfitter_cfg.o (CyDelayCycles)
.\CortexM3\ARM_GCC_541\Debug\LED_control.a(CyFlash.o)
                              .\CortexM3\ARM_GCC_541\Debug\LED_control.a(cyPm.o) (CyFlash_SetWaitCycles)
.\CortexM3\ARM_GCC_541\Debug\LED_control.a(CySpc.o)
                              .\CortexM3\ARM_GCC_541\Debug\LED_control.a(CyFlash.o) (CySpcStart)
c:/program files (x86)/cypress/psoc creator/4.3/psoc creator/import/gnu/arm/5.4.1/bin/../lib/gcc/arm-none-eabi/5.4.1/../../../../arm-none-eabi/lib/armv7-m\libm.a(lib_a-s_round.o)
                              .\CortexM3\ARM_GCC_541\Debug\LEDcontrol.o (round)
c:/program files (x86)/cypress/psoc creator/4.3/psoc creator/import/gnu/arm/5.4.1/bin/../lib/gcc/arm-none-eabi/5.4.1/../../../../arm-none-eabi/lib/armv7-m\libm.a(lib_a-w_fmod.o)
                              .\CortexM3\ARM_GCC_541\Debug\LEDcontrol.o (fmod)
c:/program files (x86)/cypress/psoc creator/4.3/psoc creator/import/gnu/arm/5.4.1/bin/../lib/gcc/arm-none-eabi/5.4.1/../../../../arm-none-eabi/lib/armv7-m\libm.a(lib_a-e_fmod.o)
                              c:/program files (x86)/cypress/psoc creator/4.3/psoc creator/import/gnu/arm/5.4.1/bin/../lib/gcc/arm-none-eabi/5.4.1/../../../../arm-none-eabi/lib/armv7-m\libm.a(lib_a-w_fmod.o) (__ieee754_fmod)
c:/program files (x86)/cypress/psoc creator/4.3/psoc creator/import/gnu/arm/5.4.1/bin/../lib/gcc/arm-none-eabi/5.4.1/../../../../arm-none-eabi/lib/armv7-m\libm.a(lib_a-s_lib_ver.o)
                              c:/program files (x86)/cypress/psoc creator/4.3/psoc creator/import/gnu/arm/5.4.1/bin/../lib/gcc/arm-none-eabi/5.4.1/../../../../arm-none-eabi/lib/armv7-m\libm.a(lib_a-w_fmod.o) (__fdlib_version)
c:/program files (x86)/cypress/psoc creator/4.3/psoc creator/import/gnu/arm/5.4.1/bin/../lib/gcc/arm-none-eabi/5.4.1/../../../../arm-none-eabi/lib/armv7-m\libm.a(lib_a-s_matherr.o)
                              c:/program files (x86)/cypress/psoc creator/4.3/psoc creator/import/gnu/arm/5.4.1/bin/../lib/gcc/arm-none-eabi/5.4.1/../../../../arm-none-eabi/lib/armv7-m\libm.a(lib_a-w_fmod.o) (matherr)
c:/program files (x86)/cypress/psoc creator/4.3/psoc creator/import/gnu/arm/5.4.1/bin/../lib/gcc/arm-none-eabi/5.4.1/armv7-m\libgcc.a(_arm_addsubdf3.o)
                              .\CortexM3\ARM_GCC_541\Debug\LEDcontrol.o (__aeabi_dsub)
c:/program files (x86)/cypress/psoc creator/4.3/psoc creator/import/gnu/arm/5.4.1/bin/../lib/gcc/arm-none-eabi/5.4.1/armv7-m\libgcc.a(_arm_muldivdf3.o)
                              .\CortexM3\ARM_GCC_541\Debug\LEDcontrol.o (__aeabi_dmul)
[...]
Memory Configuration

Name             Origin             Length             Attributes
rom              0x00000000         0x00040000         xr
ram              0x1fff8000         0x00010000         xrw
*default*        0x00000000         0xffffffff

Linker script and memory map

LOAD c:/program files (x86)/cypress/psoc creator/4.3/psoc creator/import/gnu/arm/5.4.1/bin/../lib/gcc/arm-none-eabi/5.4.1/armv7-m/crti.o
LOAD c:/program files (x86)/cypress/psoc creator/4.3/psoc creator/import/gnu/arm/5.4.1/bin/../lib/gcc/arm-none-eabi/5.4.1/armv7-m/crtbegin.o
LOAD c:/program files (x86)/cypress/psoc creator/4.3/psoc creator/import/gnu/arm/5.4.1/bin/../lib/gcc/arm-none-eabi/5.4.1/../../../../arm-none-eabi/lib/armv7-m/crt0.o
START GROUP
LOAD .\CortexM3\ARM_GCC_541\Debug\main.o
LOAD .\CortexM3\ARM_GCC_541\Debug\LEDcontrol.o
LOAD .\CortexM3\ARM_GCC_541\Debug\cyfitter_cfg.o
LOAD .\CortexM3\ARM_GCC_541\Debug\cymetadata.o
LOAD .\CortexM3\ARM_GCC_541\Debug\Cm3Start.o
LOAD .\CortexM3\ARM_GCC_541\Debug\LED_control.a
LOAD C:\Program Files (x86)\Cypress\PSoC Creator\4.3\PSoC Creator\psoc\content\cycomponentlibrary\CyComponentLibrary.cylib\CortexM3\ARM_GCC_541\Debug\CyComponentLibrary.a
LOAD c:/program files (x86)/cypress/psoc creator/4.3/psoc creator/import/gnu/arm/5.4.1/bin/../lib/gcc/arm-none-eabi/5.4.1/../../../../arm-none-eabi/lib/armv7-m\libm.a
END GROUP
START GROUP
LOAD c:/program files (x86)/cypress/psoc creator/4.3/psoc creator/import/gnu/arm/5.4.1/bin/../lib/gcc/arm-none-eabi/5.4.1/armv7-m\libgcc.a
LOAD c:/program files (x86)/cypress/psoc creator/4.3/psoc creator/import/gnu/arm/5.4.1/bin/../lib/gcc/arm-none-eabi/5.4.1/../../../../arm-none-eabi/lib/armv7-m\libg_nano.a
LOAD c:/program files (x86)/cypress/psoc creator/4.3/psoc creator/import/gnu/arm/5.4.1/bin/../lib/gcc/arm-none-eabi/5.4.1/../../../../arm-none-eabi/lib/armv7-m\libc_nano.a
END GROUP
START GROUP
LOAD c:/program files (x86)/cypress/psoc creator/4.3/psoc creator/import/gnu/arm/5.4.1/bin/../lib/gcc/arm-none-eabi/5.4.1/armv7-m\libgcc.a
LOAD c:/program files (x86)/cypress/psoc creator/4.3/psoc creator/import/gnu/arm/5.4.1/bin/../lib/gcc/arm-none-eabi/5.4.1/../../../../arm-none-eabi/lib/armv7-m\libc_nano.a
END GROUP
LOAD c:/program files (x86)/cypress/psoc creator/4.3/psoc creator/import/gnu/arm/5.4.1/bin/../lib/gcc/arm-none-eabi/5.4.1/armv7-m/crtend.o
LOAD c:/program files (x86)/cypress/psoc creator/4.3/psoc creator/import/gnu/arm/5.4.1/bin/../lib/gcc/arm-none-eabi/5.4.1/armv7-m/crtn.o
START GROUP
LOAD c:/program files (x86)/cypress/psoc creator/4.3/psoc creator/import/gnu/arm/5.4.1/bin/../lib/gcc/arm-none-eabi/5.4.1/armv7-m\libgcc.a
LOAD c:/program files (x86)/cypress/psoc creator/4.3/psoc creator/import/gnu/arm/5.4.1/bin/../lib/gcc/arm-none-eabi/5.4.1/../../../../arm-none-eabi/lib/armv7-m\libc.a
LOAD c:/program files (x86)/cypress/psoc creator/4.3/psoc creator/import/gnu/arm/5.4.1/bin/../lib/gcc/arm-none-eabi/5.4.1/../../../../arm-none-eabi/lib/armv7-m\libnosys.a
END GROUP
                0x00000000                CY_APPL_ORIGIN = 0x0
                0x00000100                CY_FLASH_ROW_SIZE = 0x100
                0x00000020                CY_ECC_ROW_SIZE = 0x20
                0x00000000                CY_EE_IN_BTLDR = 0x0
                0x00000000                CY_APPL_LOADABLE = 0x0
                0x00000800                CY_EE_SIZE = 0x800
                0x00000001                CY_APPL_NUM = 0x1
                0x00000001                CY_APPL_MAX = 0x1
                0x00000040                CY_METADATA_SIZE = 0x40
                0x00000000                CY_APPL_LOADABLE = 0x0
                0x00000000                CY_CHECKSUM_EXCLUDE_SIZE = ALIGN (0x0, CY_FLASH_ROW_SIZE)
                [!provide]                PROVIDE (__cy_heap_start, _end)
                0x00000001                PROVIDE (__cy_region_num, ((__cy_regions_end - __cy_regions) / 0x10))
                0x20008000                PROVIDE (__cy_stack, (ORIGIN (ram) + LENGTH (ram)))
                [!provide]                PROVIDE (__cy_heap_end, (__cy_stack - 0x800))

.cybootloader   0x00000000        0x0
 *(.cybootloader)
                0x00000000                appl1_start = CY_APPL_ORIGIN?CY_APPL_ORIGIN:ALIGN (CY_FLASH_ROW_SIZE)
                0x0001ff00                appl2_start = (appl1_start + ALIGN ((((LENGTH (rom) - appl1_start) - (0x2 * CY_FLASH_ROW_SIZE)) / 0x2), CY_FLASH_ROW_SIZE))
                0x00000000                appl_start = (CY_APPL_NUM == 0x1)?appl1_start:appl2_start
                0x00000000                ecc_offset = ((appl_start / CY_FLASH_ROW_SIZE) * CY_ECC_ROW_SIZE)
                0x00000000                ee_offset = (CY_APPL_LOADABLE && ! (CY_EE_IN_BTLDR))?((CY_EE_SIZE / CY_APPL_MAX) * (CY_APPL_NUM - 0x1)):0x0
                0x00000800                ee_size = (CY_APPL_LOADABLE && ! (CY_EE_IN_BTLDR))?(CY_EE_SIZE / CY_APPL_MAX):CY_EE_SIZE
                [!provide]                PROVIDE (CY_ECC_OFFSET, ecc_offset)

.text           0x00000000     0x4188
 CREATE_OBJECT_SYMBOLS
                0x00000000                PROVIDE (__cy_interrupt_vector, RomVectors)
 *(.romvectors)
 .romvectors    0x00000000       0x10 .\CortexM3\ARM_GCC_541\Debug\Cm3Start.o
                0x00000000                RomVectors
                0x00000001                ASSERT ((. != __cy_interrupt_vector), No interrupt vector)
                0x00000001                ASSERT (CY_APPL_ORIGIN?(SIZEOF (.cybootloader) <= CY_APPL_ORIGIN):0x1, Wrong image location)
                0x00000010                PROVIDE (__cy_reset, Reset)
 *(.text.Reset)
 .text.Reset    0x00000010       0x18 .\CortexM3\ARM_GCC_541\Debug\Cm3Start.o
                0x00000010                Reset
                0x00000001                ASSERT ((. != __cy_reset), No reset code)
 *(.dma_init)
                0x00000001                ASSERT ((((appl_start + .) <= 0x10000) || 0x1), DMA Init must be within the first 64k of flash)
 *(.text .text.* .gnu.linkonce.t.*)
 .text          0x00000028       0x5c c:/program files (x86)/cypress/psoc creator/4.3/psoc creator/import/gnu/arm/5.4.1/bin/../lib/gcc/arm-none-eabi/5.4.1/armv7-m/crtbegin.o
 *fill*         0x00000084        0x4 
 .text.main     0x00000088       0x60 .\CortexM3\ARM_GCC_541\Debug\main.o
                0x00000088                main
 .text.setrefreshrate
                0x000000e8       0x30 .\CortexM3\ARM_GCC_541\Debug\LEDcontrol.o
                0x000000e8                setrefreshrate
 .text.setspeed
                0x00000118       0x2c .\CortexM3\ARM_GCC_541\Debug\LEDcontrol.o
                0x00000118                setspeed
 *fill*         0x00000144        0x4 
 .text.hsv2rgb  0x00000148      0x1f8 .\CortexM3\ARM_GCC_541\Debug\LEDcontrol.o
                0x00000148                hsv2rgb
 .text.UpdateLED
                0x00000340       0x54 .\CortexM3\ARM_GCC_541\Debug\LEDcontrol.o
                0x00000340                UpdateLED
 .text.isr_refreshrate
                0x00000394       0x30 .\CortexM3\ARM_GCC_541\Debug\LEDcontrol.o
                0x00000394                isr_refreshrate
 .text.setcolorLED
                0x000003c4      0x134 .\CortexM3\ARM_GCC_541\Debug\LEDcontrol.o
                0x000003c4                setcolorLED
 .text.fillcolor
                0x000004f8       0x3c .\CortexM3\ARM_GCC_541\Debug\LEDcontrol.o
                0x000004f8                fillcolor
 *fill*         0x00000534        0x4 
 .text.isr_LED_pulse
                0x00000538      0x128 .\CortexM3\ARM_GCC_541\Debug\LEDcontrol.o
                0x00000538                isr_LED_pulse
 .text.isr_BlinkLED
                0x00000660       0xbc .\CortexM3\ARM_GCC_541\Debug\LEDcontrol.o
                0x00000660                isr_BlinkLED
 .text.isr_LED_ring
                0x0000071c      0x10c .\CortexM3\ARM_GCC_541\Debug\LEDcontrol.o
                0x0000071c                isr_LED_ring
 .text.LEDOff   0x00000828       0x14 .\CortexM3\ARM_GCC_541\Debug\LEDcontrol.o
                0x00000828                LEDOff
 .text.addLEDstrip
                0x0000083c       0x48 .\CortexM3\ARM_GCC_541\Debug\LEDcontrol.o
                0x0000083c                addLEDstrip
 .text.initLED  0x00000884       0x7c .\CortexM3\ARM_GCC_541\Debug\LEDcontrol.o
                0x00000884                initLED
 .text.startSeq
                0x00000900      0x144 .\CortexM3\ARM_GCC_541\Debug\LEDcontrol.o
                0x00000900                startSeq
 .text.isr_delay
                0x00000a44       0x18 .\CortexM3\ARM_GCC_541\Debug\LEDcontrol.o
                0x00000a44                isr_delay
 .text.CyClockStartupError
                0x00000a5c        0x4 .\CortexM3\ARM_GCC_541\Debug\cyfitter_cfg.o
 .text.cfg_write_bytes32
                0x00000a60       0x34 .\CortexM3\ARM_GCC_541\Debug\cyfitter_cfg.o
 .text.AnalogSetDefault
                0x00000a94       0x28 .\CortexM3\ARM_GCC_541\Debug\cyfitter_cfg.o
 .text.CYMEMZERO
                0x00000abc        0xc .\CortexM3\ARM_GCC_541\Debug\cyfitter_cfg.o
 .text.ClockSetup
                0x00000ac8       0xcc .\CortexM3\ARM_GCC_541\Debug\cyfitter_cfg.o
 .text.CYCONFIGCPY
                0x00000b94        0x8 .\CortexM3\ARM_GCC_541\Debug\cyfitter_cfg.o
 .text.cyfitter_cfg
                0x00000b9c       0xfc .\CortexM3\ARM_GCC_541\Debug\cyfitter_cfg.o
                0x00000b9c                cyfitter_cfg
 .text.IntDefaultHandler
                0x00000c98       0x10 .\CortexM3\ARM_GCC_541\Debug\Cm3Start.o
                0x00000c98                IntDefaultHandler
 .text._sbrk    0x00000ca8       0x30 .\CortexM3\ARM_GCC_541\Debug\Cm3Start.o
                0x00000ca8                _sbrk
 .text.Start_c  0x00000cd8       0x4c .\CortexM3\ARM_GCC_541\Debug\Cm3Start.o
                0x00000cd8                Start_c
 .text.initialize_psoc
                0x00000d24       0x68 .\CortexM3\ARM_GCC_541\Debug\Cm3Start.o
                0x00000d24                initialize_psoc
 .text.Timer1_Enable
                0x00000d8c       0x10 .\CortexM3\ARM_GCC_541\Debug\LED_control.a(Timer1.o)
                0x00000d8c                Timer1_Enable
 .text.Timer1_Stop
                0x00000d9c       0x10 .\CortexM3\ARM_GCC_541\Debug\LED_control.a(Timer1.o)
                0x00000d9c                Timer1_Stop
 .text.Timer1_SetInterruptMode
                0x00000dac        0xc .\CortexM3\ARM_GCC_541\Debug\LED_control.a(Timer1.o)
                0x00000dac                Timer1_SetInterruptMode
 .text.Timer1_ReadStatusRegister
                0x00000db8        0xc .\CortexM3\ARM_GCC_541\Debug\LED_control.a(Timer1.o)
                0x00000db8                Timer1_ReadStatusRegister
 .text.Timer1_WritePeriod
                0x00000dc4        0xc .\CortexM3\ARM_GCC_541\Debug\LED_control.a(Timer1.o)
                0x00000dc4                Timer1_WritePeriod
 .text.Timer1_ReadCapture
                0x00000dd0        0xc .\CortexM3\ARM_GCC_541\Debug\LED_control.a(Timer1.o)
                0x00000dd0                Timer1_ReadCapture
 .text.Timer1_WriteCounter
                0x00000ddc        0xc .\CortexM3\ARM_GCC_541\Debug\LED_control.a(Timer1.o)
                0x00000ddc                Timer1_WriteCounter
 .text.Timer1_ClearFIFO
                0x00000de8       0x14 .\CortexM3\ARM_GCC_541\Debug\LED_control.a(Timer1.o)
                0x00000de8                Timer1_ClearFIFO
 .text.Timer1_Init
                0x00000dfc       0x34 .\CortexM3\ARM_GCC_541\Debug\LED_control.a(Timer1.o)
                0x00000dfc                Timer1_Init
 .text.Timer1_Start
                0x00000e30       0x1c .\CortexM3\ARM_GCC_541\Debug\LED_control.a(Timer1.o)
                0x00000e30                Timer1_Start
 .text.CyDelayUs
                0x00000e4c       0x14 .\CortexM3\ARM_GCC_541\Debug\LED_control.a(CyLib.o)
                0x00000e4c                CyDelayUs
 .text.SPIM_1_Enable
                0x00000e60       0x34 .\CortexM3\ARM_GCC_541\Debug\LED_control.a(SPIM_1.o)
                0x00000e60                SPIM_1_Enable
 .text.SPIM_1_ReadTxStatus
                0x00000e94        0xc .\CortexM3\ARM_GCC_541\Debug\LED_control.a(SPIM_1.o)
                0x00000e94                SPIM_1_ReadTxStatus
 .text.SPIM_1_ReadRxStatus
                0x00000ea0        0xc .\CortexM3\ARM_GCC_541\Debug\LED_control.a(SPIM_1.o)
                0x00000ea0                SPIM_1_ReadRxStatus
 .text.SPIM_1_WriteTxData
                0x00000eac       0x18 .\CortexM3\ARM_GCC_541\Debug\LED_control.a(SPIM_1.o)
                0x00000eac                SPIM_1_WriteTxData
 .text.SPIM_1_ClearFIFO
                0x00000ec4       0x4c .\CortexM3\ARM_GCC_541\Debug\LED_control.a(SPIM_1.o)
                0x00000ec4                SPIM_1_ClearFIFO
 .text.SPIM_1_Init
                0x00000f10       0x28 .\CortexM3\ARM_GCC_541\Debug\LED_control.a(SPIM_1.o)
                0x00000f10                SPIM_1_Init
 .text.SPIM_1_Start
                0x00000f38       0x1c .\CortexM3\ARM_GCC_541\Debug\LED_control.a(SPIM_1.o)
                0x00000f38                SPIM_1_Start
 .text.SPIM_1_IntClock_Start
                0x00000f54       0x1c .\CortexM3\ARM_GCC_541\Debug\LED_control.a(SPIM_1_IntClock.o)
                0x00000f54                SPIM_1_IntClock_Start
 .text.isr_LED_refreshrate_SetVector
                0x00000f70        0xc .\CortexM3\ARM_GCC_541\Debug\LED_control.a(isr_LED_refreshrate.o)
                0x00000f70                isr_LED_refreshrate_SetVector
 .text.isr_LED_refreshrate_SetPriority
                0x00000f7c       0x10 .\CortexM3\ARM_GCC_541\Debug\LED_control.a(isr_LED_refreshrate.o)
                0x00000f7c                isr_LED_refreshrate_SetPriority
 .text.isr_LED_refreshrate_Enable
                0x00000f8c        0xc .\CortexM3\ARM_GCC_541\Debug\LED_control.a(isr_LED_refreshrate.o)
                0x00000f8c                isr_LED_refreshrate_Enable
 .text.isr_LED_refreshrate_Disable
                0x00000f98        0xc .\CortexM3\ARM_GCC_541\Debug\LED_control.a(isr_LED_refreshrate.o)
                0x00000f98                isr_LED_refreshrate_Disable
 .text.isr_LED_refreshrate_StartEx
                0x00000fa4       0x1c .\CortexM3\ARM_GCC_541\Debug\LED_control.a(isr_LED_refreshrate.o)
                0x00000fa4                isr_LED_refreshrate_StartEx
 .text.Timer2_Enable
                0x00000fc0       0x10 .\CortexM3\ARM_GCC_541\Debug\LED_control.a(Timer2.o)
                0x00000fc0                Timer2_Enable
 .text.Timer2_SetInterruptMode
                0x00000fd0        0xc .\CortexM3\ARM_GCC_541\Debug\LED_control.a(Timer2.o)
                0x00000fd0                Timer2_SetInterruptMode
 .text.Timer2_ReadStatusRegister
                0x00000fdc        0xc .\CortexM3\ARM_GCC_541\Debug\LED_control.a(Timer2.o)
                0x00000fdc                Timer2_ReadStatusRegister
 .text.Timer2_WritePeriod
                0x00000fe8        0xc .\CortexM3\ARM_GCC_541\Debug\LED_control.a(Timer2.o)
                0x00000fe8                Timer2_WritePeriod
 .text.Timer2_ReadCapture
                0x00000ff4        0xc .\CortexM3\ARM_GCC_541\Debug\LED_control.a(Timer2.o)
                0x00000ff4                Timer2_ReadCapture
 .text.Timer2_WriteCounter
                0x00001000        0xc .\CortexM3\ARM_GCC_541\Debug\LED_control.a(Timer2.o)
                0x00001000                Timer2_WriteCounter
 .text.Timer2_ClearFIFO
                0x0000100c       0x14 .\CortexM3\ARM_GCC_541\Debug\LED_control.a(Timer2.o)
                0x0000100c                Timer2_ClearFIFO
 .text.Timer2_Init
                0x00001020       0x34 .\CortexM3\ARM_GCC_541\Debug\LED_control.a(Timer2.o)
                0x00001020                Timer2_Init
 .text.Timer2_Start
                0x00001054       0x1c .\CortexM3\ARM_GCC_541\Debug\LED_control.a(Timer2.o)
                0x00001054                Timer2_Start
 .text.Timer3_Enable
                0x00001070       0x10 .\CortexM3\ARM_GCC_541\Debug\LED_control.a(Timer3.o)
                0x00001070                Timer3_Enable
 .text.Timer3_SetInterruptMode
                0x00001080        0xc .\CortexM3\ARM_GCC_541\Debug\LED_control.a(Timer3.o)
                0x00001080                Timer3_SetInterruptMode
 .text.Timer3_ReadStatusRegister
                0x0000108c        0xc .\CortexM3\ARM_GCC_541\Debug\LED_control.a(Timer3.o)
                0x0000108c                Timer3_ReadStatusRegister
 .text.Timer3_WritePeriod
                0x00001098        0xc .\CortexM3\ARM_GCC_541\Debug\LED_control.a(Timer3.o)
                0x00001098                Timer3_WritePeriod
 .text.Timer3_ReadCapture
                0x000010a4        0xc .\CortexM3\ARM_GCC_541\Debug\LED_control.a(Timer3.o)
                0x000010a4                Timer3_ReadCapture
 .text.Timer3_WriteCounter
                0x000010b0        0xc .\CortexM3\ARM_GCC_541\Debug\LED_control.a(Timer3.o)
                0x000010b0                Timer3_WriteCounter
 .text.Timer3_ClearFIFO
                0x000010bc       0x14 .\CortexM3\ARM_GCC_541\Debug\LED_control.a(Timer3.o)
                0x000010bc                Timer3_ClearFIFO
 .text.Timer3_Init
                0x000010d0       0x34 .\CortexM3\ARM_GCC_541\Debug\LED_control.a(Timer3.o)
                0x000010d0                Timer3_Init
 .text.Timer3_Start
                0x00001104       0x1c .\CortexM3\ARM_GCC_541\Debug\LED_control.a(Timer3.o)
                0x00001104                Timer3_Start
 .text.isr_LED_pulse_SetVector
                0x00001120        0xc .\CortexM3\ARM_GCC_541\Debug\LED_control.a(isr_LED_pulse.o)
                0x00001120                isr_LED_pulse_SetVector
 .text.isr_LED_pulse_SetPriority
                0x0000112c       0x10 .\CortexM3\ARM_GCC_541\Debug\LED_control.a(isr_LED_pulse.o)
                0x0000112c                isr_LED_pulse_SetPriority
 .text.isr_LED_pulse_Enable
                0x0000113c        0xc .\CortexM3\ARM_GCC_541\Debug\LED_control.a(isr_LED_pulse.o)
                0x0000113c                isr_LED_pulse_Enable
 .text.isr_LED_pulse_Disable
                0x00001148        0xc .\CortexM3\ARM_GCC_541\Debug\LED_control.a(isr_LED_pulse.o)
                0x00001148                isr_LED_pulse_Disable
 .text.isr_LED_pulse_StartEx
                0x00001154       0x1c .\CortexM3\ARM_GCC_541\Debug\LED_control.a(isr_LED_pulse.o)
                0x00001154                isr_LED_pulse_StartEx
 .text.isr_LED_ring_SetVector
                0x00001170        0xc .\CortexM3\ARM_GCC_541\Debug\LED_control.a(isr_LED_ring.o)
                0x00001170                isr_LED_ring_SetVector
 .text.isr_LED_ring_SetPriority
                0x0000117c       0x10 .\CortexM3\ARM_GCC_541\Debug\LED_control.a(isr_LED_ring.o)
                0x0000117c                isr_LED_ring_SetPriority
 .text.isr_LED_ring_Enable
                0x0000118c        0xc .\CortexM3\ARM_GCC_541\Debug\LED_control.a(isr_LED_ring.o)
                0x0000118c                isr_LED_ring_Enable
 .text.isr_LED_ring_Disable
                0x00001198        0xc .\CortexM3\ARM_GCC_541\Debug\LED_control.a(isr_LED_ring.o)
                0x00001198                isr_LED_ring_Disable
 .text.isr_LED_ring_StartEx
                0x000011a4       0x1c .\CortexM3\ARM_GCC_541\Debug\LED_control.a(isr_LED_ring.o)
                0x000011a4                isr_LED_ring_StartEx
 .text.SPIMOutCtrl_Write
                0x000011c0        0xc .\CortexM3\ARM_GCC_541\Debug\LED_control.a(SPIMOutCtrl.o)
                0x000011c0                SPIMOutCtrl_Write
 .text.Timer4_Enable
                0x000011cc       0x10 .\CortexM3\ARM_GCC_541\Debug\LED_control.a(Timer4.o)
                0x000011cc                Timer4_Enable
 .text.Timer4_SetInterruptMode
                0x000011dc        0xc .\CortexM3\ARM_GCC_541\Debug\LED_control.a(Timer4.o)
                0x000011dc                Timer4_SetInterruptMode
 .text.Timer4_ReadStatusRegister
                0x000011e8        0xc .\CortexM3\ARM_GCC_541\Debug\LED_control.a(Timer4.o)
                0x000011e8                Timer4_ReadStatusRegister
 .text.Timer4_WritePeriod
                0x000011f4        0xc .\CortexM3\ARM_GCC_541\Debug\LED_control.a(Timer4.o)
                0x000011f4                Timer4_WritePeriod
 .text.Timer4_ReadCapture
                0x00001200        0xc .\CortexM3\ARM_GCC_541\Debug\LED_control.a(Timer4.o)
                0x00001200                Timer4_ReadCapture
 .text.Timer4_WriteCounter
                0x0000120c        0xc .\CortexM3\ARM_GCC_541\Debug\LED_control.a(Timer4.o)
                0x0000120c                Timer4_WriteCounter
 .text.Timer4_ClearFIFO
                0x00001218       0x14 .\CortexM3\ARM_GCC_541\Debug\LED_control.a(Timer4.o)
                0x00001218                Timer4_ClearFIFO
 .text.Timer4_Init
                0x0000122c       0x34 .\CortexM3\ARM_GCC_541\Debug\LED_control.a(Timer4.o)
                0x0000122c                Timer4_Init
 .text.Timer4_Start
                0x00001260       0x1c .\CortexM3\ARM_GCC_541\Debug\LED_control.a(Timer4.o)
                0x00001260                Timer4_Start
 .text.isr_BlinkLED_SetVector
                0x0000127c        0xc .\CortexM3\ARM_GCC_541\Debug\LED_control.a(isr_BlinkLED.o)
                0x0000127c                isr_BlinkLED_SetVector
 .text.isr_BlinkLED_SetPriority
                0x00001288       0x10 .\CortexM3\ARM_GCC_541\Debug\LED_control.a(isr_BlinkLED.o)
                0x00001288                isr_BlinkLED_SetPriority
 .text.isr_BlinkLED_Enable
                0x00001298        0xc .\CortexM3\ARM_GCC_541\Debug\LED_control.a(isr_BlinkLED.o)
                0x00001298                isr_BlinkLED_Enable
 .text.isr_BlinkLED_Disable
                0x000012a4        0xc .\CortexM3\ARM_GCC_541\Debug\LED_control.a(isr_BlinkLED.o)
                0x000012a4                isr_BlinkLED_Disable
 .text.isr_BlinkLED_StartEx
                0x000012b0       0x1c .\CortexM3\ARM_GCC_541\Debug\LED_control.a(isr_BlinkLED.o)
                0x000012b0                isr_BlinkLED_StartEx
 .text.isr_delay_SetVector
                0x000012cc        0xc .\CortexM3\ARM_GCC_541\Debug\LED_control.a(isr_delay.o)
                0x000012cc                isr_delay_SetVector
 .text.isr_delay_SetPriority
                0x000012d8       0x10 .\CortexM3\ARM_GCC_541\Debug\LED_control.a(isr_delay.o)
                0x000012d8                isr_delay_SetPriority
 .text.isr_delay_Enable
                0x000012e8        0xc .\CortexM3\ARM_GCC_541\Debug\LED_control.a(isr_delay.o)
                0x000012e8                isr_delay_Enable
 .text.isr_delay_Disable
                0x000012f4        0xc .\CortexM3\ARM_GCC_541\Debug\LED_control.a(isr_delay.o)
                0x000012f4                isr_delay_Disable
 .text.isr_delay_StartEx
                0x00001300       0x1c .\CortexM3\ARM_GCC_541\Debug\LED_control.a(isr_delay.o)
                0x00001300                isr_delay_StartEx
 .text.Timer5_Enable
                0x0000131c       0x10 .\CortexM3\ARM_GCC_541\Debug\LED_control.a(Timer5.o)
                0x0000131c                Timer5_Enable
 .text.Timer5_Stop
                0x0000132c       0x10 .\CortexM3\ARM_GCC_541\Debug\LED_control.a(Timer5.o)
                0x0000132c                Timer5_Stop
 .text.Timer5_SetInterruptMode
                0x0000133c        0xc .\CortexM3\ARM_GCC_541\Debug\LED_control.a(Timer5.o)
                0x0000133c                Timer5_SetInterruptMode
 .text.Timer5_ReadStatusRegister
                0x00001348        0xc .\CortexM3\ARM_GCC_541\Debug\LED_control.a(Timer5.o)
                0x00001348                Timer5_ReadStatusRegister
 .text.Timer5_WritePeriod
                0x00001354        0xc .\CortexM3\ARM_GCC_541\Debug\LED_control.a(Timer5.o)
                0x00001354                Timer5_WritePeriod
 .text.Timer5_ReadCapture
                0x00001360        0xc .\CortexM3\ARM_GCC_541\Debug\LED_control.a(Timer5.o)
                0x00001360                Timer5_ReadCapture
 .text.Timer5_WriteCounter
                0x0000136c        0xc .\CortexM3\ARM_GCC_541\Debug\LED_control.a(Timer5.o)
                0x0000136c                Timer5_WriteCounter
 .text.Timer5_ClearFIFO
                0x00001378       0x14 .\CortexM3\ARM_GCC_541\Debug\LED_control.a(Timer5.o)
                0x00001378                Timer5_ClearFIFO
 .text.Timer5_Init
                0x0000138c       0x34 .\CortexM3\ARM_GCC_541\Debug\LED_control.a(Timer5.o)
                0x0000138c                Timer5_Init
 .text.Timer5_Start
                0x000013c0       0x1c .\CortexM3\ARM_GCC_541\Debug\LED_control.a(Timer5.o)
                0x000013c0                Timer5_Start
 *fill*         0x000013dc        0x4 
 .text          0x000013e0       0x20 .\CortexM3\ARM_GCC_541\Debug\LED_control.a(CyBootAsmGnu.o)
                0x000013e0                CyDelayCycles
                0x000013f0                CyEnterCriticalSection
                0x000013f8                CyExitCriticalSection
 .text.round    0x00001400       0xa0 c:/program files (x86)/cypress/psoc creator/4.3/psoc creator/import/gnu/arm/5.4.1/bin/../lib/gcc/arm-none-eabi/5.4.1/../../../../arm-none-eabi/lib/armv7-m\libm.a(lib_a-s_round.o)
                0x00001400                round
 .text.fmod     0x000014a0       0xc4 c:/program files (x86)/cypress/psoc creator/4.3/psoc creator/import/gnu/arm/5.4.1/bin/../lib/gcc/arm-none-eabi/5.4.1/../../../../arm-none-eabi/lib/armv7-m\libm.a(lib_a-w_fmod.o)
                0x000014a0                fmod
 .text.__ieee754_fmod
                0x00001564      0x23c c:/program files (x86)/cypress/psoc creator/4.3/psoc creator/import/gnu/arm/5.4.1/bin/../lib/gcc/arm-none-eabi/5.4.1/../../../../arm-none-eabi/lib/armv7-m\libm.a(lib_a-e_fmod.o)
                0x00001564                __ieee754_fmod
 .text.matherr  0x000017a0        0x4 c:/program files (x86)/cypress/psoc creator/4.3/psoc creator/import/gnu/arm/5.4.1/bin/../lib/gcc/arm-none-eabi/5.4.1/../../../../arm-none-eabi/lib/armv7-m\libm.a(lib_a-s_matherr.o)
                0x000017a0                matherr
 .text          0x000017a4      0x370 c:/program files (x86)/cypress/psoc creator/4.3/psoc creator/import/gnu/arm/5.4.1/bin/../lib/gcc/arm-none-eabi/5.4.1/armv7-m\libgcc.a(_arm_addsubdf3.o)
                0x000017a4                __aeabi_drsub
                0x000017ac                __aeabi_dsub
                0x000017ac                __subdf3
                0x000017b0                __aeabi_dadd
                0x000017b0                __adddf3
                0x00001a28                __floatunsidf
                0x00001a28                __aeabi_ui2d
                0x00001a48                __floatsidf
                0x00001a48                __aeabi_i2d
                0x00001a6c                __aeabi_f2d
                0x00001a6c                __extendsfdf2
                0x00001aa8                __floatundidf
                0x00001aa8                __aeabi_ul2d
                0x00001ab8                __floatdidf
                0x00001ab8                __aeabi_l2d
 .text          0x00001b14      0x424 c:/program files (x86)/cypress/psoc creator/4.3/psoc creator/import/gnu/arm/5.4.1/bin/../lib/gcc/arm-none-eabi/5.4.1/armv7-m\libgcc.a(_arm_muldivdf3.o)
                0x00001b14                __aeabi_dmul
                0x00001b14                __muldf3
                0x00001d68                __divdf3
                0x00001d68                __aeabi_ddiv
 .text          0x00001f38      0x110 c:/program files (x86)/cypress/psoc creator/4.3/psoc creator/import/gnu/arm/5.4.1/bin/../lib/gcc/arm-none-eabi/5.4.1/armv7-m\libgcc.a(_arm_cmpdf2.o)
                0x00001f38                __gtdf2
                0x00001f38                __gedf2
                0x00001f40                __ltdf2
                0x00001f40                __ledf2
                0x00001f48                __nedf2
                0x00001f48                __eqdf2
                0x00001f48                __cmpdf2
                0x00001fc4                __aeabi_cdrcmple
                0x00001fd4                __aeabi_cdcmpeq
                0x00001fd4                __aeabi_cdcmple
                0x00001fe4                __aeabi_dcmpeq
                0x00001ff8                __aeabi_dcmplt
                0x0000200c                __aeabi_dcmple
                0x00002020                __aeabi_dcmpge
                0x00002034                __aeabi_dcmpgt
 .text          0x00002048       0x2c c:/program files (x86)/cypress/psoc creator/4.3/psoc creator/import/gnu/arm/5.4.1/bin/../lib/gcc/arm-none-eabi/5.4.1/armv7-m\libgcc.a(_arm_unorddf2.o)
                0x00002048                __unorddf2
                0x00002048                __aeabi_dcmpun
 .text          0x00002074       0x50 c:/program files (x86)/cypress/psoc creator/4.3/psoc creator/import/gnu/arm/5.4.1/bin/../lib/gcc/arm-none-eabi/5.4.1/armv7-m\libgcc.a(_arm_fixdfsi.o)
                0x00002074                __aeabi_d2iz
                0x00002074                __fixdfsi
 .text          0x000020c4       0xa0 c:/program files (x86)/cypress/psoc creator/4.3/psoc creator/import/gnu/arm/5.4.1/bin/../lib/gcc/arm-none-eabi/5.4.1/armv7-m\libgcc.a(_arm_truncdfsf2.o)
                0x000020c4                __truncdfsf2
                0x000020c4                __aeabi_d2f
 .text          0x00002164      0x21c c:/program files (x86)/cypress/psoc creator/4.3/psoc creator/import/gnu/arm/5.4.1/bin/../lib/gcc/arm-none-eabi/5.4.1/armv7-m\libgcc.a(_arm_addsubsf3.o)
                0x00002164                __aeabi_frsub
                0x0000216c                __subsf3
                0x0000216c                __aeabi_fsub
                0x00002170                __aeabi_fadd
                0x00002170                __addsf3
                0x000022d0                __aeabi_ui2f
                0x000022d0                __floatunsisf
                0x000022d8                __aeabi_i2f
                0x000022d8                __floatsisf
                0x000022f4                __aeabi_ul2f
                0x000022f4                __floatundisf
                0x00002304                __aeabi_l2f
                0x00002304                __floatdisf
 .text          0x00002380      0x2a0 c:/program files (x86)/cypress/psoc creator/4.3/psoc creator/import/gnu/arm/5.4.1/bin/../lib/gcc/arm-none-eabi/5.4.1/armv7-m\libgcc.a(_arm_muldivsf3.o)
                0x00002380                __mulsf3
                0x00002380                __aeabi_fmul
                0x000024e8                __aeabi_fdiv
                0x000024e8                __divsf3
 .text          0x00002620       0xec c:/program files (x86)/cypress/psoc creator/4.3/psoc creator/import/gnu/arm/5.4.1/bin/../lib/gcc/arm-none-eabi/5.4.1/armv7-m\libgcc.a(_arm_cmpsf2.o)
                0x00002620                __gesf2
                0x00002620                __gtsf2
                0x00002628                __lesf2
                0x00002628                __ltsf2
                0x00002630                __nesf2
                0x00002630                __eqsf2
                0x00002630                __cmpsf2
                0x00002690                __aeabi_cfrcmple
                0x00002698                __aeabi_cfcmpeq
                0x00002698                __aeabi_cfcmple
                0x000026a8                __aeabi_fcmpeq
                0x000026bc                __aeabi_fcmplt
                0x000026d0                __aeabi_fcmple
                0x000026e4                __aeabi_fcmpge
                0x000026f8                __aeabi_fcmpgt
 .text          0x0000270c       0x4c c:/program files (x86)/cypress/psoc creator/4.3/psoc creator/import/gnu/arm/5.4.1/bin/../lib/gcc/arm-none-eabi/5.4.1/armv7-m\libgcc.a(_arm_fixsfsi.o)
                0x0000270c                __aeabi_f2iz
                0x0000270c                __fixsfsi
 .text.__errno  0x00002758        0xc c:/program files (x86)/cypress/psoc creator/4.3/psoc creator/import/gnu/arm/5.4.1/bin/../lib/gcc/arm-none-eabi/5.4.1/../../../../arm-none-eabi/lib/armv7-m\libg_nano.a(lib_a-errno.o)
                0x00002758                __errno
 .text.__libc_init_array
                0x00002764       0x4c c:/program files (x86)/cypress/psoc creator/4.3/psoc creator/import/gnu/arm/5.4.1/bin/../lib/gcc/arm-none-eabi/5.4.1/../../../../arm-none-eabi/lib/armv7-m\libg_nano.a(lib_a-init.o)
                0x00002764                __libc_init_array
 .text.memcpy   0x000027b0       0x16 c:/program files (x86)/cypress/psoc creator/4.3/psoc creator/import/gnu/arm/5.4.1/bin/../lib/gcc/arm-none-eabi/5.4.1/../../../../arm-none-eabi/lib/armv7-m\libg_nano.a(lib_a-memcpy-stub.o)
                0x000027b0                memcpy
 .text.memset   0x000027c6       0x10 c:/program files (x86)/cypress/psoc creator/4.3/psoc creator/import/gnu/arm/5.4.1/bin/../lib/gcc/arm-none-eabi/5.4.1/../../../../arm-none-eabi/lib/armv7-m\libg_nano.a(lib_a-memset.o)
                0x000027c6                memset
 .text.__cvt    0x000027d6       0xc0 c:/program files (x86)/cypress/psoc creator/4.3/psoc creator/import/gnu/arm/5.4.1/bin/../lib/gcc/arm-none-eabi/5.4.1/../../../../arm-none-eabi/lib/armv7-m\libg_nano.a(lib_a-nano-vfprintf_float.o)
                0x000027d6                __cvt
 .text.__exponent
                0x00002896       0x62 c:/program files (x86)/cypress/psoc creator/4.3/psoc creator/import/gnu/arm/5.4.1/bin/../lib/gcc/arm-none-eabi/5.4.1/../../../../arm-none-eabi/lib/armv7-m\libg_nano.a(lib_a-nano-vfprintf_float.o)
                0x00002896                __exponent
 .text._printf_float
                0x000028f8      0x488 c:/program files (x86)/cypress/psoc creator/4.3/psoc creator/import/gnu/arm/5.4.1/bin/../lib/gcc/arm-none-eabi/5.4.1/../../../../arm-none-eabi/lib/armv7-m\libg_nano.a(lib_a-nano-vfprintf_float.o)
                0x000028f8                _printf_float
 .text._printf_common
                0x00002d80       0xec c:/program files (x86)/cypress/psoc creator/4.3/psoc creator/import/gnu/arm/5.4.1/bin/../lib/gcc/arm-none-eabi/5.4.1/../../../../arm-none-eabi/lib/armv7-m\libg_nano.a(lib_a-nano-vfprintf_i.o)
                0x00002d80                _printf_common
 .text          0x00002e6c       0x10 c:/program files (x86)/cypress/psoc creator/4.3/psoc creator/import/gnu/arm/5.4.1/bin/../lib/gcc/arm-none-eabi/5.4.1/../../../../arm-none-eabi/lib/armv7-m\libg_nano.a(lib_a-strlen.o)
                0x00002e6c                strlen
 .text.quorem   0x00002e7c      0x116 c:/program files (x86)/cypress/psoc creator/4.3/psoc creator/import/gnu/arm/5.4.1/bin/../lib/gcc/arm-none-eabi/5.4.1/../../../../arm-none-eabi/lib/armv7-m\libg_nano.a(lib_a-dtoa.o)
 *fill*         0x00002f92        0x6 
 .text._dtoa_r  0x00002f98      0xb30 c:/program files (x86)/cypress/psoc creator/4.3/psoc creator/import/gnu/arm/5.4.1/bin/../lib/gcc/arm-none-eabi/5.4.1/../../../../arm-none-eabi/lib/armv7-m\libg_nano.a(lib_a-dtoa.o)
                0x00002f98                _dtoa_r
 .text._localeconv_r
                0x00003ac8        0x8 c:/program files (x86)/cypress/psoc creator/4.3/psoc creator/import/gnu/arm/5.4.1/bin/../lib/gcc/arm-none-eabi/5.4.1/../../../../arm-none-eabi/lib/armv7-m\libg_nano.a(lib_a-locale.o)
                0x00003ac8                _localeconv_r
 .text.malloc   0x00003ad0       0x10 c:/program files (x86)/cypress/psoc creator/4.3/psoc creator/import/gnu/arm/5.4.1/bin/../lib/gcc/arm-none-eabi/5.4.1/../../../../arm-none-eabi/lib/armv7-m\libg_nano.a(lib_a-malloc.o)
                0x00003ad0                malloc
 .text._Balloc  0x00003ae0       0x6a c:/program files (x86)/cypress/psoc creator/4.3/psoc creator/import/gnu/arm/5.4.1/bin/../lib/gcc/arm-none-eabi/5.4.1/../../../../arm-none-eabi/lib/armv7-m\libg_nano.a(lib_a-mprec.o)
                0x00003ae0                _Balloc
 .text._Bfree   0x00003b4a       0x2e c:/program files (x86)/cypress/psoc creator/4.3/psoc creator/import/gnu/arm/5.4.1/bin/../lib/gcc/arm-none-eabi/5.4.1/../../../../arm-none-eabi/lib/armv7-m\libg_nano.a(lib_a-mprec.o)
                0x00003b4a                _Bfree
 .text.__multadd
                0x00003b78       0x76 c:/program files (x86)/cypress/psoc creator/4.3/psoc creator/import/gnu/arm/5.4.1/bin/../lib/gcc/arm-none-eabi/5.4.1/../../../../arm-none-eabi/lib/armv7-m\libg_nano.a(lib_a-mprec.o)
                0x00003b78                __multadd
 .text.__hi0bits
                0x00003bee       0x40 c:/program files (x86)/cypress/psoc creator/4.3/psoc creator/import/gnu/arm/5.4.1/bin/../lib/gcc/arm-none-eabi/5.4.1/../../../../arm-none-eabi/lib/armv7-m\libg_nano.a(lib_a-mprec.o)
                0x00003bee                __hi0bits
 .text.__lo0bits
                0x00003c2e       0x5a c:/program files (x86)/cypress/psoc creator/4.3/psoc creator/import/gnu/arm/5.4.1/bin/../lib/gcc/arm-none-eabi/5.4.1/../../../../arm-none-eabi/lib/armv7-m\libg_nano.a(lib_a-mprec.o)
                0x00003c2e                __lo0bits
 .text.__i2b    0x00003c88       0x12 c:/program files (x86)/cypress/psoc creator/4.3/psoc creator/import/gnu/arm/5.4.1/bin/../lib/gcc/arm-none-eabi/5.4.1/../../../../arm-none-eabi/lib/armv7-m\libg_nano.a(lib_a-mprec.o)
                0x00003c88                __i2b
 .text.__multiply
                0x00003c9a      0x120 c:/program files (x86)/cypress/psoc creator/4.3/psoc creator/import/gnu/arm/5.4.1/bin/../lib/gcc/arm-none-eabi/5.4.1/../../../../arm-none-eabi/lib/armv7-m\libg_nano.a(lib_a-mprec.o)
                0x00003c9a                __multiply
 *fill*         0x00003dba        0x2 
 .text.__pow5mult
                0x00003dbc       0x9c c:/program files (x86)/cypress/psoc creator/4.3/psoc creator/import/gnu/arm/5.4.1/bin/../lib/gcc/arm-none-eabi/5.4.1/../../../../arm-none-eabi/lib/armv7-m\libg_nano.a(lib_a-mprec.o)
                0x00003dbc                __pow5mult
 .text.__lshift
                0x00003e58       0xa2 c:/program files (x86)/cypress/psoc creator/4.3/psoc creator/import/gnu/arm/5.4.1/bin/../lib/gcc/arm-none-eabi/5.4.1/../../../../arm-none-eabi/lib/armv7-m\libg_nano.a(lib_a-mprec.o)
                0x00003e58                __lshift
 .text.__mcmp   0x00003efa       0x38 c:/program files (x86)/cypress/psoc creator/4.3/psoc creator/import/gnu/arm/5.4.1/bin/../lib/gcc/arm-none-eabi/5.4.1/../../../../arm-none-eabi/lib/armv7-m\libg_nano.a(lib_a-mprec.o)
                0x00003efa                __mcmp
 .text.__mdiff  0x00003f32       0xbe c:/program files (x86)/cypress/psoc creator/4.3/psoc creator/import/gnu/arm/5.4.1/bin/../lib/gcc/arm-none-eabi/5.4.1/../../../../arm-none-eabi/lib/armv7-m\libg_nano.a(lib_a-mprec.o)
                0x00003f32                __mdiff
 .text.__d2b    0x00003ff0       0x9c c:/program files (x86)/cypress/psoc creator/4.3/psoc creator/import/gnu/arm/5.4.1/bin/../lib/gcc/arm-none-eabi/5.4.1/../../../../arm-none-eabi/lib/armv7-m\libg_nano.a(lib_a-mprec.o)
                0x00003ff0                __d2b
 .text._calloc_r
                0x0000408c       0x1c c:/program files (x86)/cypress/psoc creator/4.3/psoc creator/import/gnu/arm/5.4.1/bin/../lib/gcc/arm-none-eabi/5.4.1/../../../../arm-none-eabi/lib/armv7-m\libg_nano.a(lib_a-nano-callocr.o)
                0x0000408c                _calloc_r
 .text._malloc_r
                0x000040a8       0xbc c:/program files (x86)/cypress/psoc creator/4.3/psoc creator/import/gnu/arm/5.4.1/bin/../lib/gcc/arm-none-eabi/5.4.1/../../../../arm-none-eabi/lib/armv7-m\libg_nano.a(lib_a-nano-mallocr.o)
                0x000040a8                _malloc_r
 .text._sbrk_r  0x00004164       0x20 c:/program files (x86)/cypress/psoc creator/4.3/psoc creator/import/gnu/arm/5.4.1/bin/../lib/gcc/arm-none-eabi/5.4.1/../../../../arm-none-eabi/lib/armv7-m\libg_nano.a(lib_a-sbrkr.o)
                0x00004164                _sbrk_r
 .text.__malloc_lock
                0x00004184        0x2 c:/program files (x86)/cypress/psoc creator/4.3/psoc creator/import/gnu/arm/5.4.1/bin/../lib/gcc/arm-none-eabi/5.4.1/../../../../arm-none-eabi/lib/armv7-m\libg_nano.a(lib_a-mlock.o)
                0x00004184                __malloc_lock
 .text.__malloc_unlock
                0x00004186        0x2 c:/program files (x86)/cypress/psoc creator/4.3/psoc creator/import/gnu/arm/5.4.1/bin/../lib/gcc/arm-none-eabi/5.4.1/../../../../arm-none-eabi/lib/armv7-m\libg_nano.a(lib_a-mlock.o)
                0x00004186                __malloc_unlock
 *(.plt)
 *(.gnu.warning)
 *(.glue_7t)
 .glue_7t       0x00004188        0x0 linker stubs
 *(.glue_7)
 .glue_7        0x00004188        0x0 linker stubs
 *(.vfp11_veneer)
 .vfp11_veneer  0x00004188        0x0 linker stubs
 *(.bootloader)
 *(.ARM.extab* .gnu.linkonce.armextab.*)
 *(.gcc_except_table)

.v4_bx          0x00004188        0x0
 .v4_bx         0x00004188        0x0 linker stubs

.iplt           0x00004188        0x0
 .iplt          0x00004188        0x0 c:/program files (x86)/cypress/psoc creator/4.3/psoc creator/import/gnu/arm/5.4.1/bin/../lib/gcc/arm-none-eabi/5.4.1/armv7-m/crtbegin.o

.eh_frame_hdr
 *(.eh_frame_hdr)

.eh_frame       0x00004188        0x4
 *(.eh_frame)
 .eh_frame      0x00004188        0x0 c:/program files (x86)/cypress/psoc creator/4.3/psoc creator/import/gnu/arm/5.4.1/bin/../lib/gcc/arm-none-eabi/5.4.1/armv7-m/crtbegin.o
 .eh_frame      0x00004188        0x4 c:/program files (x86)/cypress/psoc creator/4.3/psoc creator/import/gnu/arm/5.4.1/bin/../lib/gcc/arm-none-eabi/5.4.1/armv7-m/crtend.o
                [!provide]                PROVIDE (__exidx_start, .)

.ARM.exidx
 *(.ARM.exidx* .gnu.linkonce.armexidx.*)
                0x0000418c                __exidx_end = .

.rodata         0x00004190      0x1c8
 *(.rodata .rodata.* .gnu.linkonce.r.*)
 .rodata        0x00004190       0x42 .\CortexM3\ARM_GCC_541\Debug\cyfitter_cfg.o
 *fill*         0x000041d2        0x2 
 .rodata.str1.4
                0x000041d4        0x8 c:/program files (x86)/cypress/psoc creator/4.3/psoc creator/import/gnu/arm/5.4.1/bin/../lib/gcc/arm-none-eabi/5.4.1/../../../../arm-none-eabi/lib/armv7-m\libm.a(lib_a-w_fmod.o)
                                  0x5 (size before relaxing)
 *fill*         0x000041dc        0x4 
 .rodata.Zero   0x000041e0       0x10 c:/program files (x86)/cypress/psoc creator/4.3/psoc creator/import/gnu/arm/5.4.1/bin/../lib/gcc/arm-none-eabi/5.4.1/../../../../arm-none-eabi/lib/armv7-m\libm.a(lib_a-e_fmod.o)
 .rodata.str1.1
                0x000041f0        0x2 c:/program files (x86)/cypress/psoc creator/4.3/psoc creator/import/gnu/arm/5.4.1/bin/../lib/gcc/arm-none-eabi/5.4.1/../../../../arm-none-eabi/lib/armv7-m\libg_nano.a(lib_a-impure.o)
 .rodata.str1.1
                0x000041f2       0x12 c:/program files (x86)/cypress/psoc creator/4.3/psoc creator/import/gnu/arm/5.4.1/bin/../lib/gcc/arm-none-eabi/5.4.1/../../../../arm-none-eabi/lib/armv7-m\libg_nano.a(lib_a-nano-vfprintf_float.o)
 .rodata.str1.1
                0x00004204        0xd c:/program files (x86)/cypress/psoc creator/4.3/psoc creator/import/gnu/arm/5.4.1/bin/../lib/gcc/arm-none-eabi/5.4.1/../../../../arm-none-eabi/lib/armv7-m\libg_nano.a(lib_a-dtoa.o)
                                  0xf (size before relaxing)
 .rodata.str1.1
                0x00004211        0x8 c:/program files (x86)/cypress/psoc creator/4.3/psoc creator/import/gnu/arm/5.4.1/bin/../lib/gcc/arm-none-eabi/5.4.1/../../../../arm-none-eabi/lib/armv7-m\libg_nano.a(lib_a-locale.o)
                                  0xb (size before relaxing)
 *fill*         0x00004219        0x7 
 .rodata.__mprec_tens
                0x00004220       0xc8 c:/program files (x86)/cypress/psoc creator/4.3/psoc creator/import/gnu/arm/5.4.1/bin/../lib/gcc/arm-none-eabi/5.4.1/../../../../arm-none-eabi/lib/armv7-m\libg_nano.a(lib_a-mprec.o)
                0x00004220                __mprec_tens
 .rodata.p05.5408
                0x000042e8        0xc c:/program files (x86)/cypress/psoc creator/4.3/psoc creator/import/gnu/arm/5.4.1/bin/../lib/gcc/arm-none-eabi/5.4.1/../../../../arm-none-eabi/lib/armv7-m\libg_nano.a(lib_a-mprec.o)
 *fill*         0x000042f4        0x4 
 .rodata.__mprec_bigtens
                0x000042f8       0x28 c:/program files (x86)/cypress/psoc creator/4.3/psoc creator/import/gnu/arm/5.4.1/bin/../lib/gcc/arm-none-eabi/5.4.1/../../../../arm-none-eabi/lib/armv7-m\libg_nano.a(lib_a-mprec.o)
                0x000042f8                __mprec_bigtens
                0x00004320                . = ALIGN (0x4)
 *(.init)
 .init          0x00004320        0x4 c:/program files (x86)/cypress/psoc creator/4.3/psoc creator/import/gnu/arm/5.4.1/bin/../lib/gcc/arm-none-eabi/5.4.1/armv7-m/crti.o
                0x00004320                _init
 .init          0x00004324        0x8 c:/program files (x86)/cypress/psoc creator/4.3/psoc creator/import/gnu/arm/5.4.1/bin/../lib/gcc/arm-none-eabi/5.4.1/armv7-m/crtn.o
                0x0000432c                . = ALIGN (0x4)
                0x0000432c                __preinit_array_start = .
 *(.preinit_array)
                0x0000432c                __preinit_array_end = .
                0x0000432c                . = ALIGN (0x4)
                0x0000432c                __init_array_start = .
 *(SORT(.init_array.*))
 *(.init_array)
 .init_array    0x0000432c        0x4 c:/program files (x86)/cypress/psoc creator/4.3/psoc creator/import/gnu/arm/5.4.1/bin/../lib/gcc/arm-none-eabi/5.4.1/armv7-m/crtbegin.o
 .init_array    0x00004330        0x4 .\CortexM3\ARM_GCC_541\Debug\Cm3Start.o
                0x00004334                __init_array_end = .
                0x00004334                . = ALIGN (0x4)
 *(.fini)
 .fini          0x00004334        0x4 c:/program files (x86)/cypress/psoc creator/4.3/psoc creator/import/gnu/arm/5.4.1/bin/../lib/gcc/arm-none-eabi/5.4.1/armv7-m/crti.o
                0x00004334                _fini
 .fini          0x00004338        0x8 c:/program files (x86)/cypress/psoc creator/4.3/psoc creator/import/gnu/arm/5.4.1/bin/../lib/gcc/arm-none-eabi/5.4.1/armv7-m/crtn.o
                0x00004340                . = ALIGN (0x4)
                0x00004340                __fini_array_start = .
 *(.fini_array)
 .fini_array    0x00004340        0x4 c:/program files (x86)/cypress/psoc creator/4.3/psoc creator/import/gnu/arm/5.4.1/bin/../lib/gcc/arm-none-eabi/5.4.1/armv7-m/crtbegin.o
 *(SORT(.fini_array.*))
                0x00004344                __fini_array_end = .
                0x00004344                . = ALIGN (0x4)
 *crtbegin.o(.ctors)
 *(EXCLUDE_FILE(*crtend.o) .ctors)
 *(SORT(.ctors.*))
 *crtend.o(.ctors)
                0x00004344                . = ALIGN (0x4)
 *crtbegin.o(.dtors)
 *(EXCLUDE_FILE(*crtend.o) .dtors)
 *(SORT(.dtors.*))
 *crtend.o(.dtors)
                0x00004344                . = ALIGN (0x4)
                0x00004344                __cy_regions = .
                0x00004344        0x4 LONG 0x4358 __cy_region_init_ram
                0x00004348        0x4 LONG 0x1fff80c8 __cy_region_start_data
                0x0000434c        0x4 LONG 0xc0 __cy_region_init_size_ram
                0x00004350        0x4 LONG 0x50 __cy_region_zero_size_ram
                0x00004354                __cy_regions_end = .
                0x00004358                . = ALIGN (0x8)
 *fill*         0x00004354        0x4 
                0x00004358                _etext = .

.cy_checksum_exclude
                0x00004358        0x0
 *(.cy_checksum_exclude)

.ramvectors     0x1fff8000       0xc0
                0x1fff8000                __cy_region_start_ram = .
 *(.ramvectors)
 .ramvectors    0x1fff8000       0xc0 .\CortexM3\ARM_GCC_541\Debug\Cm3Start.o
                0x1fff8000                CyRamVectors

.noinit         0x1fff80c0        0x1
 *(.noinit)
 .noinit        0x1fff80c0        0x1 .\CortexM3\ARM_GCC_541\Debug\LED_control.a(CyLib.o)
                0x1fff80c0                CyResetStatus

.data           0x1fff80c8       0xc0 load address 0x00004358
                0x1fff80c8                __cy_region_start_data = .
 *(.jcr)
 .jcr           0x1fff80c8        0x0 c:/program files (x86)/cypress/psoc creator/4.3/psoc creator/import/gnu/arm/5.4.1/bin/../lib/gcc/arm-none-eabi/5.4.1/armv7-m/crtbegin.o
 .jcr           0x1fff80c8        0x4 c:/program files (x86)/cypress/psoc creator/4.3/psoc creator/import/gnu/arm/5.4.1/bin/../lib/gcc/arm-none-eabi/5.4.1/armv7-m/crtend.o
 *(.got.plt)
 *(.got)
 *(.shdata)
 *(.data .data.* .gnu.linkonce.d.*)
 .data          0x1fff80cc        0x4 .\CortexM3\ARM_GCC_541\Debug\LEDcontrol.o
 .data          0x1fff80d0        0x4 .\CortexM3\ARM_GCC_541\Debug\Cm3Start.o
 .data          0x1fff80d4       0x10 .\CortexM3\ARM_GCC_541\Debug\LED_control.a(CyLib.o)
                0x1fff80d4                cydelay_32k_ms
                0x1fff80d8                cydelay_freq_khz
                0x1fff80dc                cydelay_freq_mhz
                0x1fff80e0                cydelay_freq_hz
 .data.__fdlib_version
                0x1fff80e4        0x1 c:/program files (x86)/cypress/psoc creator/4.3/psoc creator/import/gnu/arm/5.4.1/bin/../lib/gcc/arm-none-eabi/5.4.1/../../../../arm-none-eabi/lib/armv7-m\libm.a(lib_a-s_lib_ver.o)
                0x1fff80e4                __fdlib_version
 *fill*         0x1fff80e5        0x3 
 .data.impure_data
                0x1fff80e8       0x60 c:/program files (x86)/cypress/psoc creator/4.3/psoc creator/import/gnu/arm/5.4.1/bin/../lib/gcc/arm-none-eabi/5.4.1/../../../../arm-none-eabi/lib/armv7-m\libg_nano.a(lib_a-impure.o)
 .data._impure_ptr
                0x1fff8148        0x4 c:/program files (x86)/cypress/psoc creator/4.3/psoc creator/import/gnu/arm/5.4.1/bin/../lib/gcc/arm-none-eabi/5.4.1/../../../../arm-none-eabi/lib/armv7-m\libg_nano.a(lib_a-impure.o)
                0x1fff8148                _impure_ptr
 .data.lconv    0x1fff814c       0x38 c:/program files (x86)/cypress/psoc creator/4.3/psoc creator/import/gnu/arm/5.4.1/bin/../lib/gcc/arm-none-eabi/5.4.1/../../../../arm-none-eabi/lib/armv7-m\libg_nano.a(lib_a-locale.o)
                0x1fff8188                . = ALIGN (0x8)
 *fill*         0x1fff8184        0x4 
 *(.ram)
                0x1fff8188                _edata = .

.igot.plt       0x1fff8188        0x0 load address 0x00004418
 .igot.plt      0x1fff8188        0x0 c:/program files (x86)/cypress/psoc creator/4.3/psoc creator/import/gnu/arm/5.4.1/bin/../lib/gcc/arm-none-eabi/5.4.1/armv7-m/crtbegin.o

.bss            0x1fff8188       0x50 load address 0x00004418
                0x1fff8188                PROVIDE (__bss_start__, .)
 *(.shbss)
 *(.bss .bss.* .gnu.linkonce.b.*)
 .bss           0x1fff8188       0x1c c:/program files (x86)/cypress/psoc creator/4.3/psoc creator/import/gnu/arm/5.4.1/bin/../lib/gcc/arm-none-eabi/5.4.1/armv7-m/crtbegin.o
 .bss           0x1fff81a4       0x1c .\CortexM3\ARM_GCC_541\Debug\LEDcontrol.o
                0x1fff81a4                rgbLED1
                0x1fff81a8                rgbLED2
 .bss           0x1fff81c0        0x1 .\CortexM3\ARM_GCC_541\Debug\LED_control.a(Timer1.o)
                0x1fff81c0                Timer1_initVar
 .bss           0x1fff81c1        0x1 .\CortexM3\ARM_GCC_541\Debug\LED_control.a(SPIM_1.o)
                0x1fff81c1                SPIM_1_initVar
 .bss           0x1fff81c2        0x1 .\CortexM3\ARM_GCC_541\Debug\LED_control.a(Timer2.o)
                0x1fff81c2                Timer2_initVar
 .bss           0x1fff81c3        0x1 .\CortexM3\ARM_GCC_541\Debug\LED_control.a(Timer3.o)
                0x1fff81c3                Timer3_initVar
 .bss           0x1fff81c4        0x1 .\CortexM3\ARM_GCC_541\Debug\LED_control.a(Timer4.o)
                0x1fff81c4                Timer4_initVar
 .bss           0x1fff81c5        0x1 .\CortexM3\ARM_GCC_541\Debug\LED_control.a(Timer5.o)
                0x1fff81c5                Timer5_initVar
 *fill*         0x1fff81c6        0x2 
 .bss.__malloc_sbrk_start
                0x1fff81c8        0x4 c:/program files (x86)/cypress/psoc creator/4.3/psoc creator/import/gnu/arm/5.4.1/bin/../lib/gcc/arm-none-eabi/5.4.1/../../../../arm-none-eabi/lib/armv7-m\libg_nano.a(lib_a-nano-mallocr.o)
                0x1fff81c8                __malloc_sbrk_start
 .bss.__malloc_free_list
                0x1fff81cc        0x4 c:/program files (x86)/cypress/psoc creator/4.3/psoc creator/import/gnu/arm/5.4.1/bin/../lib/gcc/arm-none-eabi/5.4.1/../../../../arm-none-eabi/lib/armv7-m\libg_nano.a(lib_a-nano-mallocr.o)
                0x1fff81cc                __malloc_free_list
 *(COMMON)
 COMMON         0x1fff81d0        0x4 c:/program files (x86)/cypress/psoc creator/4.3/psoc creator/import/gnu/arm/5.4.1/bin/../lib/gcc/arm-none-eabi/5.4.1/../../../../arm-none-eabi/lib/armv7-m\libg_nano.a(lib_a-reent.o)
                0x1fff81d0                errno
                0x1fff81d8                . = ALIGN (0x8)
 *fill*         0x1fff81d4        0x4 
 *(.ram.b)
                0x1fff81d8                _end = .
                0x1fff81d8                __end = .
                0x1fff81d8                PROVIDE (end, .)
                0x1fff81d8                PROVIDE (__bss_end__, .)
                0x00004358                __cy_region_init_ram = LOADADDR (.data)
                0x000000c0                __cy_region_init_size_ram = (_edata - ADDR (.data))
                0x00000050                __cy_region_zero_size_ram = (_end - _edata)

.heap           0x1fff81d8       0x80 load address 0x00004418
                0x1fff81d8                . = _end
                0x1fff8258                . = (. + 0x80)
 *fill*         0x1fff81d8       0x80 
                0x1fff8258                __cy_heap_limit = .

.stack          0x20007800      0x800
                0x20007800                __cy_stack_limit = .
                0x20008000                . = (. + 0x800)
 *fill*         0x20007800      0x800 
                0x00000001                ASSERT ((__cy_stack_limit >= __cy_heap_limit), region RAM overflowed with stack)
                0x00000000                cy_checksum_exclude_size = (CY_APPL_LOADABLE == 0x1)?SIZEOF (.cy_checksum_exclude):0x0
                0x00000001                ASSERT ((cy_checksum_exclude_size <= CY_CHECKSUM_EXCLUDE_SIZE), CY_BOOT: Section .cy_checksum_exclude size exceedes specified limit.)

.cyloadermeta
 *(.cyloadermeta)

.cyloadablemeta
 *(.cyloadablemeta)

.cyconfigecc    0x80000000      0x66c
 *(.cyconfigecc)
 .cyconfigecc   0x80000000      0x66c .\CortexM3\ARM_GCC_541\Debug\cymetadata.o
                0x80000000                cy_meta_configecc

.cycustnvl      0x90000000        0x4
 *(.cycustnvl)
 .cycustnvl     0x90000000        0x4 .\CortexM3\ARM_GCC_541\Debug\cymetadata.o
                0x90000000                cy_meta_custnvl

.cywolatch      0x90100000        0x4
 *(.cywolatch)
 .cywolatch     0x90100000        0x4 .\CortexM3\ARM_GCC_541\Debug\cymetadata.o
                0x90100000                cy_meta_wonvl

.cyeeprom       0x90200000        0x0
 *(.cyeeprom)
                0x00000001                ASSERT ((. <= ((0x90200000 + ee_offset) + ee_size)), .cyeeprom data will not fit in EEPROM)

.cyflashprotect
                0x90400000      0x100
 *(.cyflashprotect)
 .cyflashprotect
                0x90400000      0x100 .\CortexM3\ARM_GCC_541\Debug\cymetadata.o
                0x90400000                cy_meta_flashprotect

.cymeta         0x90500000        0xc
 *(.cymeta)
 .cymeta        0x90500000        0xc .\CortexM3\ARM_GCC_541\Debug\cymetadata.o
                0x90500000                cy_metadata

.rel.dyn        0x00004418        0x0 load address 0x9050000c
 .rel.iplt      0x00004418        0x0 c:/program files (x86)/cypress/psoc creator/4.3/psoc creator/import/gnu/arm/5.4.1/bin/../lib/gcc/arm-none-eabi/5.4.1/armv7-m/crtbegin.o

.stab
 *(.stab)

.stabstr
 *(.stabstr)

.debug
 *(.debug)

.line
 *(.line)

.debug_srcinfo
 *(.debug_srcinfo)

.debug_sfnames
 *(.debug_sfnames)

.debug_aranges  0x00000000      0xce0
 *(.debug_aranges)
 .debug_aranges
                0x00000000       0x20 .\CortexM3\ARM_GCC_541\Debug\main.o
 .debug_aranges
                0x00000020       0xe8 .\CortexM3\ARM_GCC_541\Debug\LEDcontrol.o
 .debug_aranges
                0x00000108       0x58 .\CortexM3\ARM_GCC_541\Debug\cyfitter_cfg.o
 .debug_aranges
                0x00000160       0x18 .\CortexM3\ARM_GCC_541\Debug\cymetadata.o
 .debug_aranges
                0x00000178       0x48 .\CortexM3\ARM_GCC_541\Debug\Cm3Start.o
 .debug_aranges
                0x000001c0       0x90 .\CortexM3\ARM_GCC_541\Debug\LED_control.a(Timer1.o)
 .debug_aranges
                0x00000250      0x2a0 .\CortexM3\ARM_GCC_541\Debug\LED_control.a(CyLib.o)
 .debug_aranges
                0x000004f0       0x98 .\CortexM3\ARM_GCC_541\Debug\LED_control.a(cyPm.o)
 .debug_aranges
                0x00000588       0xd8 .\CortexM3\ARM_GCC_541\Debug\LED_control.a(SPIM_1.o)
 .debug_aranges
                0x00000660       0x70 .\CortexM3\ARM_GCC_541\Debug\LED_control.a(SPIM_1_IntClock.o)
 .debug_aranges
                0x000006d0       0x80 .\CortexM3\ARM_GCC_541\Debug\LED_control.a(isr_LED_refreshrate.o)
 .debug_aranges
                0x00000750       0x90 .\CortexM3\ARM_GCC_541\Debug\LED_control.a(Timer2.o)
 .debug_aranges
                0x000007e0       0x90 .\CortexM3\ARM_GCC_541\Debug\LED_control.a(Timer3.o)
 .debug_aranges
                0x00000870       0x80 .\CortexM3\ARM_GCC_541\Debug\LED_control.a(isr_LED_pulse.o)
 .debug_aranges
                0x000008f0       0x80 .\CortexM3\ARM_GCC_541\Debug\LED_control.a(isr_LED_ring.o)
 .debug_aranges
                0x00000970       0x28 .\CortexM3\ARM_GCC_541\Debug\LED_control.a(SPIMOutCtrl.o)
 .debug_aranges
                0x00000998       0x90 .\CortexM3\ARM_GCC_541\Debug\LED_control.a(Timer4.o)
 .debug_aranges
                0x00000a28       0x80 .\CortexM3\ARM_GCC_541\Debug\LED_control.a(isr_BlinkLED.o)
 .debug_aranges
                0x00000aa8       0x80 .\CortexM3\ARM_GCC_541\Debug\LED_control.a(isr_delay.o)
 .debug_aranges
                0x00000b28       0x90 .\CortexM3\ARM_GCC_541\Debug\LED_control.a(Timer5.o)
 .debug_aranges
                0x00000bb8       0x20 .\CortexM3\ARM_GCC_541\Debug\LED_control.a(CyBootAsmGnu.o)
 .debug_aranges
                0x00000bd8       0x88 .\CortexM3\ARM_GCC_541\Debug\LED_control.a(CyFlash.o)
 .debug_aranges
                0x00000c60       0x80 .\CortexM3\ARM_GCC_541\Debug\LED_control.a(CySpc.o)

.debug_pubnames
 *(.debug_pubnames)

.debug_info     0x00000000     0x6b91
 *(.debug_info .gnu.linkonce.wi.*)
 .debug_info    0x00000000      0x29e .\CortexM3\ARM_GCC_541\Debug\main.o
 .debug_info    0x0000029e      0xfbf .\CortexM3\ARM_GCC_541\Debug\LEDcontrol.o
 .debug_info    0x0000125d      0x570 .\CortexM3\ARM_GCC_541\Debug\cyfitter_cfg.o
 .debug_info    0x000017cd      0x138 .\CortexM3\ARM_GCC_541\Debug\cymetadata.o
 .debug_info    0x00001905      0x3bb .\CortexM3\ARM_GCC_541\Debug\Cm3Start.o
 .debug_info    0x00001cc0      0x2f0 .\CortexM3\ARM_GCC_541\Debug\LED_control.a(Timer1.o)
 .debug_info    0x00001fb0     0x1374 .\CortexM3\ARM_GCC_541\Debug\LED_control.a(CyLib.o)
 .debug_info    0x00003324      0xa2a .\CortexM3\ARM_GCC_541\Debug\LED_control.a(cyPm.o)
 .debug_info    0x00003d4e      0x4d8 .\CortexM3\ARM_GCC_541\Debug\LED_control.a(SPIM_1.o)
 .debug_info    0x00004226      0x283 .\CortexM3\ARM_GCC_541\Debug\LED_control.a(SPIM_1_IntClock.o)
 .debug_info    0x000044a9      0x2d2 .\CortexM3\ARM_GCC_541\Debug\LED_control.a(isr_LED_refreshrate.o)
 .debug_info    0x0000477b      0x2f0 .\CortexM3\ARM_GCC_541\Debug\LED_control.a(Timer2.o)
 .debug_info    0x00004a6b      0x2f0 .\CortexM3\ARM_GCC_541\Debug\LED_control.a(Timer3.o)
 .debug_info    0x00004d5b      0x2d2 .\CortexM3\ARM_GCC_541\Debug\LED_control.a(isr_LED_pulse.o)
 .debug_info    0x0000502d      0x2d2 .\CortexM3\ARM_GCC_541\Debug\LED_control.a(isr_LED_ring.o)
 .debug_info    0x000052ff       0xd6 .\CortexM3\ARM_GCC_541\Debug\LED_control.a(SPIMOutCtrl.o)
 .debug_info    0x000053d5      0x2f0 .\CortexM3\ARM_GCC_541\Debug\LED_control.a(Timer4.o)
 .debug_info    0x000056c5      0x2d2 .\CortexM3\ARM_GCC_541\Debug\LED_control.a(isr_BlinkLED.o)
 .debug_info    0x00005997      0x2d2 .\CortexM3\ARM_GCC_541\Debug\LED_control.a(isr_delay.o)
 .debug_info    0x00005c69      0x2f0 .\CortexM3\ARM_GCC_541\Debug\LED_control.a(Timer5.o)
 .debug_info    0x00005f59       0x9b .\CortexM3\ARM_GCC_541\Debug\LED_control.a(CyBootAsmGnu.o)
 .debug_info    0x00005ff4      0x64d .\CortexM3\ARM_GCC_541\Debug\LED_control.a(CyFlash.o)
 .debug_info    0x00006641      0x550 .\CortexM3\ARM_GCC_541\Debug\LED_control.a(CySpc.o)

.debug_abbrev   0x00000000     0x1efb
 *(.debug_abbrev)
 .debug_abbrev  0x00000000       0xf1 .\CortexM3\ARM_GCC_541\Debug\main.o
 .debug_abbrev  0x000000f1      0x23a .\CortexM3\ARM_GCC_541\Debug\LEDcontrol.o
 .debug_abbrev  0x0000032b      0x20d .\CortexM3\ARM_GCC_541\Debug\cyfitter_cfg.o
 .debug_abbrev  0x00000538       0x77 .\CortexM3\ARM_GCC_541\Debug\cymetadata.o
 .debug_abbrev  0x000005af      0x1e8 .\CortexM3\ARM_GCC_541\Debug\Cm3Start.o
 .debug_abbrev  0x00000797      0x12b .\CortexM3\ARM_GCC_541\Debug\LED_control.a(Timer1.o)
 .debug_abbrev  0x000008c2      0x254 .\CortexM3\ARM_GCC_541\Debug\LED_control.a(CyLib.o)
 .debug_abbrev  0x00000b16      0x1ab .\CortexM3\ARM_GCC_541\Debug\LED_control.a(cyPm.o)
 .debug_abbrev  0x00000cc1      0x146 .\CortexM3\ARM_GCC_541\Debug\LED_control.a(SPIM_1.o)
 .debug_abbrev  0x00000e07      0x139 .\CortexM3\ARM_GCC_541\Debug\LED_control.a(SPIM_1_IntClock.o)
 .debug_abbrev  0x00000f40      0x173 .\CortexM3\ARM_GCC_541\Debug\LED_control.a(isr_LED_refreshrate.o)
 .debug_abbrev  0x000010b3      0x12b .\CortexM3\ARM_GCC_541\Debug\LED_control.a(Timer2.o)
 .debug_abbrev  0x000011de      0x12b .\CortexM3\ARM_GCC_541\Debug\LED_control.a(Timer3.o)
 .debug_abbrev  0x00001309      0x173 .\CortexM3\ARM_GCC_541\Debug\LED_control.a(isr_LED_pulse.o)
 .debug_abbrev  0x0000147c      0x173 .\CortexM3\ARM_GCC_541\Debug\LED_control.a(isr_LED_ring.o)
 .debug_abbrev  0x000015ef       0x81 .\CortexM3\ARM_GCC_541\Debug\LED_control.a(SPIMOutCtrl.o)
 .debug_abbrev  0x00001670      0x12b .\CortexM3\ARM_GCC_541\Debug\LED_control.a(Timer4.o)
 .debug_abbrev  0x0000179b      0x173 .\CortexM3\ARM_GCC_541\Debug\LED_control.a(isr_BlinkLED.o)
 .debug_abbrev  0x0000190e      0x173 .\CortexM3\ARM_GCC_541\Debug\LED_control.a(isr_delay.o)
 .debug_abbrev  0x00001a81      0x12b .\CortexM3\ARM_GCC_541\Debug\LED_control.a(Timer5.o)
 .debug_abbrev  0x00001bac       0x14 .\CortexM3\ARM_GCC_541\Debug\LED_control.a(CyBootAsmGnu.o)
 .debug_abbrev  0x00001bc0      0x1a7 .\CortexM3\ARM_GCC_541\Debug\LED_control.a(CyFlash.o)
 .debug_abbrev  0x00001d67      0x194 .\CortexM3\ARM_GCC_541\Debug\LED_control.a(CySpc.o)

.debug_line     0x00000000     0x2f6f
 *(.debug_line)
 .debug_line    0x00000000      0x16e .\CortexM3\ARM_GCC_541\Debug\main.o
 .debug_line    0x0000016e      0x6a8 .\CortexM3\ARM_GCC_541\Debug\LEDcontrol.o
 .debug_line    0x00000816      0x1f4 .\CortexM3\ARM_GCC_541\Debug\cyfitter_cfg.o
 .debug_line    0x00000a0a      0x141 .\CortexM3\ARM_GCC_541\Debug\cymetadata.o
 .debug_line    0x00000b4b      0x234 .\CortexM3\ARM_GCC_541\Debug\Cm3Start.o
 .debug_line    0x00000d7f      0x171 .\CortexM3\ARM_GCC_541\Debug\LED_control.a(Timer1.o)
 .debug_line    0x00000ef0      0x816 .\CortexM3\ARM_GCC_541\Debug\LED_control.a(CyLib.o)
 .debug_line    0x00001706      0x367 .\CortexM3\ARM_GCC_541\Debug\LED_control.a(cyPm.o)
 .debug_line    0x00001a6d      0x24b .\CortexM3\ARM_GCC_541\Debug\LED_control.a(SPIM_1.o)
 .debug_line    0x00001cb8      0x17e .\CortexM3\ARM_GCC_541\Debug\LED_control.a(SPIM_1_IntClock.o)
 .debug_line    0x00001e36      0x140 .\CortexM3\ARM_GCC_541\Debug\LED_control.a(isr_LED_refreshrate.o)
 .debug_line    0x00001f76      0x171 .\CortexM3\ARM_GCC_541\Debug\LED_control.a(Timer2.o)
 .debug_line    0x000020e7      0x171 .\CortexM3\ARM_GCC_541\Debug\LED_control.a(Timer3.o)
 .debug_line    0x00002258      0x13a .\CortexM3\ARM_GCC_541\Debug\LED_control.a(isr_LED_pulse.o)
 .debug_line    0x00002392      0x139 .\CortexM3\ARM_GCC_541\Debug\LED_control.a(isr_LED_ring.o)
 .debug_line    0x000024cb       0x73 .\CortexM3\ARM_GCC_541\Debug\LED_control.a(SPIMOutCtrl.o)
 .debug_line    0x0000253e      0x171 .\CortexM3\ARM_GCC_541\Debug\LED_control.a(Timer4.o)
 .debug_line    0x000026af      0x139 .\CortexM3\ARM_GCC_541\Debug\LED_control.a(isr_BlinkLED.o)
 .debug_line    0x000027e8      0x136 .\CortexM3\ARM_GCC_541\Debug\LED_control.a(isr_delay.o)
 .debug_line    0x0000291e      0x171 .\CortexM3\ARM_GCC_541\Debug\LED_control.a(Timer5.o)
 .debug_line    0x00002a8f       0x66 .\CortexM3\ARM_GCC_541\Debug\LED_control.a(CyBootAsmGnu.o)
 .debug_line    0x00002af5      0x21a .\CortexM3\ARM_GCC_541\Debug\LED_control.a(CyFlash.o)
 .debug_line    0x00002d0f      0x260 .\CortexM3\ARM_GCC_541\Debug\LED_control.a(CySpc.o)

.debug_frame    0x00000000     0x2704
 *(.debug_frame)
 .debug_frame   0x00000000       0x30 .\CortexM3\ARM_GCC_541\Debug\main.o
 .debug_frame   0x00000030      0x3c8 .\CortexM3\ARM_GCC_541\Debug\LEDcontrol.o
 .debug_frame   0x000003f8       0xe4 .\CortexM3\ARM_GCC_541\Debug\cyfitter_cfg.o
 .debug_frame   0x000004dc       0xb8 .\CortexM3\ARM_GCC_541\Debug\Cm3Start.o
 .debug_frame   0x00000594      0x124 .\CortexM3\ARM_GCC_541\Debug\LED_control.a(Timer1.o)
 .debug_frame   0x000006b8      0x738 .\CortexM3\ARM_GCC_541\Debug\LED_control.a(CyLib.o)
 .debug_frame   0x00000df0      0x1f8 .\CortexM3\ARM_GCC_541\Debug\LED_control.a(cyPm.o)
 .debug_frame   0x00000fe8      0x1e8 .\CortexM3\ARM_GCC_541\Debug\LED_control.a(SPIM_1.o)
 .debug_frame   0x000011d0       0xe0 .\CortexM3\ARM_GCC_541\Debug\LED_control.a(SPIM_1_IntClock.o)
 .debug_frame   0x000012b0      0x104 .\CortexM3\ARM_GCC_541\Debug\LED_control.a(isr_LED_refreshrate.o)
 .debug_frame   0x000013b4      0x124 .\CortexM3\ARM_GCC_541\Debug\LED_control.a(Timer2.o)
 .debug_frame   0x000014d8      0x124 .\CortexM3\ARM_GCC_541\Debug\LED_control.a(Timer3.o)
 .debug_frame   0x000015fc      0x104 .\CortexM3\ARM_GCC_541\Debug\LED_control.a(isr_LED_pulse.o)
 .debug_frame   0x00001700      0x104 .\CortexM3\ARM_GCC_541\Debug\LED_control.a(isr_LED_ring.o)
 .debug_frame   0x00001804       0x30 .\CortexM3\ARM_GCC_541\Debug\LED_control.a(SPIMOutCtrl.o)
 .debug_frame   0x00001834      0x124 .\CortexM3\ARM_GCC_541\Debug\LED_control.a(Timer4.o)
 .debug_frame   0x00001958      0x104 .\CortexM3\ARM_GCC_541\Debug\LED_control.a(isr_BlinkLED.o)
 .debug_frame   0x00001a5c      0x104 .\CortexM3\ARM_GCC_541\Debug\LED_control.a(isr_delay.o)
 .debug_frame   0x00001b60      0x124 .\CortexM3\ARM_GCC_541\Debug\LED_control.a(Timer5.o)
 .debug_frame   0x00001c84      0x194 .\CortexM3\ARM_GCC_541\Debug\LED_control.a(CyFlash.o)
 .debug_frame   0x00001e18      0x180 .\CortexM3\ARM_GCC_541\Debug\LED_control.a(CySpc.o)
 .debug_frame   0x00001f98       0x30 c:/program files (x86)/cypress/psoc creator/4.3/psoc creator/import/gnu/arm/5.4.1/bin/../lib/gcc/arm-none-eabi/5.4.1/../../../../arm-none-eabi/lib/armv7-m\libm.a(lib_a-s_round.o)
 .debug_frame   0x00001fc8       0x44 c:/program files (x86)/cypress/psoc creator/4.3/psoc creator/import/gnu/arm/5.4.1/bin/../lib/gcc/arm-none-eabi/5.4.1/../../../../arm-none-eabi/lib/armv7-m\libm.a(lib_a-w_fmod.o)
 .debug_frame   0x0000200c       0x38 c:/program files (x86)/cypress/psoc creator/4.3/psoc creator/import/gnu/arm/5.4.1/bin/../lib/gcc/arm-none-eabi/5.4.1/../../../../arm-none-eabi/lib/armv7-m\libm.a(lib_a-e_fmod.o)
 .debug_frame   0x00002044       0x20 c:/program files (x86)/cypress/psoc creator/4.3/psoc creator/import/gnu/arm/5.4.1/bin/../lib/gcc/arm-none-eabi/5.4.1/../../../../arm-none-eabi/lib/armv7-m\libm.a(lib_a-s_matherr.o)
 .debug_frame   0x00002064       0x20 c:/program files (x86)/cypress/psoc creator/4.3/psoc creator/import/gnu/arm/5.4.1/bin/../lib/gcc/arm-none-eabi/5.4.1/../../../../arm-none-eabi/lib/armv7-m\libg_nano.a(lib_a-errno.o)
 .debug_frame   0x00002084       0x28 c:/program files (x86)/cypress/psoc creator/4.3/psoc creator/import/gnu/arm/5.4.1/bin/../lib/gcc/arm-none-eabi/5.4.1/../../../../arm-none-eabi/lib/armv7-m\libg_nano.a(lib_a-exit.o)
 .debug_frame   0x000020ac       0x2c c:/program files (x86)/cypress/psoc creator/4.3/psoc creator/import/gnu/arm/5.4.1/bin/../lib/gcc/arm-none-eabi/5.4.1/../../../../arm-none-eabi/lib/armv7-m\libg_nano.a(lib_a-init.o)
 .debug_frame   0x000020d8       0x28 c:/program files (x86)/cypress/psoc creator/4.3/psoc creator/import/gnu/arm/5.4.1/bin/../lib/gcc/arm-none-eabi/5.4.1/../../../../arm-none-eabi/lib/armv7-m\libg_nano.a(lib_a-memcpy-stub.o)
 .debug_frame   0x00002100       0x20 c:/program files (x86)/cypress/psoc creator/4.3/psoc creator/import/gnu/arm/5.4.1/bin/../lib/gcc/arm-none-eabi/5.4.1/../../../../arm-none-eabi/lib/armv7-m\libg_nano.a(lib_a-memset.o)
 .debug_frame   0x00002120       0x8c c:/program files (x86)/cypress/psoc creator/4.3/psoc creator/import/gnu/arm/5.4.1/bin/../lib/gcc/arm-none-eabi/5.4.1/../../../../arm-none-eabi/lib/armv7-m\libg_nano.a(lib_a-nano-vfprintf_float.o)
 .debug_frame   0x000021ac       0x60 c:/program files (x86)/cypress/psoc creator/4.3/psoc creator/import/gnu/arm/5.4.1/bin/../lib/gcc/arm-none-eabi/5.4.1/../../../../arm-none-eabi/lib/armv7-m\libg_nano.a(lib_a-nano-vfprintf_i.o)
 .debug_frame   0x0000220c       0x6c c:/program files (x86)/cypress/psoc creator/4.3/psoc creator/import/gnu/arm/5.4.1/bin/../lib/gcc/arm-none-eabi/5.4.1/../../../../arm-none-eabi/lib/armv7-m\libg_nano.a(lib_a-dtoa.o)
 .debug_frame   0x00002278       0x98 c:/program files (x86)/cypress/psoc creator/4.3/psoc creator/import/gnu/arm/5.4.1/bin/../lib/gcc/arm-none-eabi/5.4.1/../../../../arm-none-eabi/lib/armv7-m\libg_nano.a(lib_a-locale.o)
 .debug_frame   0x00002310       0x30 c:/program files (x86)/cypress/psoc creator/4.3/psoc creator/import/gnu/arm/5.4.1/bin/../lib/gcc/arm-none-eabi/5.4.1/../../../../arm-none-eabi/lib/armv7-m\libg_nano.a(lib_a-malloc.o)
 .debug_frame   0x00002340       0x28 c:/program files (x86)/cypress/psoc creator/4.3/psoc creator/import/gnu/arm/5.4.1/bin/../lib/gcc/arm-none-eabi/5.4.1/../../../../arm-none-eabi/lib/armv7-m\libg_nano.a(lib_a-memchr-stub.o)
 .debug_frame   0x00002368      0x234 c:/program files (x86)/cypress/psoc creator/4.3/psoc creator/import/gnu/arm/5.4.1/bin/../lib/gcc/arm-none-eabi/5.4.1/../../../../arm-none-eabi/lib/armv7-m\libg_nano.a(lib_a-mprec.o)
 .debug_frame   0x0000259c       0x2c c:/program files (x86)/cypress/psoc creator/4.3/psoc creator/import/gnu/arm/5.4.1/bin/../lib/gcc/arm-none-eabi/5.4.1/../../../../arm-none-eabi/lib/armv7-m\libg_nano.a(lib_a-nano-callocr.o)
 .debug_frame   0x000025c8       0x38 c:/program files (x86)/cypress/psoc creator/4.3/psoc creator/import/gnu/arm/5.4.1/bin/../lib/gcc/arm-none-eabi/5.4.1/../../../../arm-none-eabi/lib/armv7-m\libg_nano.a(lib_a-nano-freer.o)
 .debug_frame   0x00002600       0x2c c:/program files (x86)/cypress/psoc creator/4.3/psoc creator/import/gnu/arm/5.4.1/bin/../lib/gcc/arm-none-eabi/5.4.1/../../../../arm-none-eabi/lib/armv7-m\libg_nano.a(lib_a-nano-mallocr.o)
 .debug_frame   0x0000262c       0x2c c:/program files (x86)/cypress/psoc creator/4.3/psoc creator/import/gnu/arm/5.4.1/bin/../lib/gcc/arm-none-eabi/5.4.1/../../../../arm-none-eabi/lib/armv7-m\libg_nano.a(lib_a-sbrkr.o)
 .debug_frame   0x00002658       0x20 c:/program files (x86)/cypress/psoc creator/4.3/psoc creator/import/gnu/arm/5.4.1/bin/../lib/gcc/arm-none-eabi/5.4.1/../../../../arm-none-eabi/lib/armv7-m\libg_nano.a(lib_a-strcmp.o)
 .debug_frame   0x00002678       0x30 c:/program files (x86)/cypress/psoc creator/4.3/psoc creator/import/gnu/arm/5.4.1/bin/../lib/gcc/arm-none-eabi/5.4.1/../../../../arm-none-eabi/lib/armv7-m\libg_nano.a(lib_a-mlock.o)
 .debug_frame   0x000026a8       0x5c c:/program files (x86)/cypress/psoc creator/4.3/psoc creator/import/gnu/arm/5.4.1/bin/../lib/gcc/arm-none-eabi/5.4.1/../../../../arm-none-eabi/lib/armv7-m\libg_nano.a(lib_a-reent.o)

.debug_str      0x00000000     0x2750
 *(.debug_str)
 .debug_str     0x00000000      0x1ee .\CortexM3\ARM_GCC_541\Debug\main.o
                                0x247 (size before relaxing)
 .debug_str     0x000001ee      0x311 .\CortexM3\ARM_GCC_541\Debug\LEDcontrol.o
                                0x547 (size before relaxing)
 .debug_str     0x000004ff      0x1b6 .\CortexM3\ARM_GCC_541\Debug\cyfitter_cfg.o
                                0x34f (size before relaxing)
 .debug_str     0x000006b5       0x7f .\CortexM3\ARM_GCC_541\Debug\cymetadata.o
                                0x1ef (size before relaxing)
 .debug_str     0x00000734      0x144 .\CortexM3\ARM_GCC_541\Debug\Cm3Start.o
                                0x315 (size before relaxing)
 .debug_str     0x00000878      0x18e .\CortexM3\ARM_GCC_541\Debug\LED_control.a(Timer1.o)
                                0x358 (size before relaxing)
 .debug_str     0x00000a06      0x80e .\CortexM3\ARM_GCC_541\Debug\LED_control.a(CyLib.o)
                                0xa52 (size before relaxing)
 .debug_str     0x00001214      0x365 .\CortexM3\ARM_GCC_541\Debug\LED_control.a(cyPm.o)
                                0x73e (size before relaxing)
 .debug_str     0x00001579      0x266 .\CortexM3\ARM_GCC_541\Debug\LED_control.a(SPIM_1.o)
                                0x460 (size before relaxing)
 .debug_str     0x000017df      0x197 .\CortexM3\ARM_GCC_541\Debug\LED_control.a(SPIM_1_IntClock.o)
                                0x359 (size before relaxing)
 .debug_str     0x00001976      0x18e .\CortexM3\ARM_GCC_541\Debug\LED_control.a(isr_LED_refreshrate.o)
                                0x375 (size before relaxing)
 .debug_str     0x00001b04      0x148 .\CortexM3\ARM_GCC_541\Debug\LED_control.a(Timer2.o)
                                0x358 (size before relaxing)
 .debug_str     0x00001c4c      0x148 .\CortexM3\ARM_GCC_541\Debug\LED_control.a(Timer3.o)
                                0x358 (size before relaxing)
 .debug_str     0x00001d94      0x140 .\CortexM3\ARM_GCC_541\Debug\LED_control.a(isr_LED_pulse.o)
                                0x321 (size before relaxing)
 .debug_str     0x00001ed4      0x133 .\CortexM3\ARM_GCC_541\Debug\LED_control.a(isr_LED_ring.o)
                                0x313 (size before relaxing)
 .debug_str     0x00002007       0x36 .\CortexM3\ARM_GCC_541\Debug\LED_control.a(SPIMOutCtrl.o)
                                0x1cc (size before relaxing)
 .debug_str     0x0000203d      0x148 .\CortexM3\ARM_GCC_541\Debug\LED_control.a(Timer4.o)
                                0x358 (size before relaxing)
 .debug_str     0x00002185      0x133 .\CortexM3\ARM_GCC_541\Debug\LED_control.a(isr_BlinkLED.o)
                                0x313 (size before relaxing)
 .debug_str     0x000022b8       0xe9 .\CortexM3\ARM_GCC_541\Debug\LED_control.a(isr_delay.o)
                                0x2e9 (size before relaxing)
 .debug_str     0x000023a1      0x14f .\CortexM3\ARM_GCC_541\Debug\LED_control.a(Timer5.o)
                                0x358 (size before relaxing)
 .debug_str     0x000024f0      0x1b4 .\CortexM3\ARM_GCC_541\Debug\LED_control.a(CyFlash.o)
                                0x3cb (size before relaxing)
 .debug_str     0x000026a4       0xac .\CortexM3\ARM_GCC_541\Debug\LED_control.a(CySpc.o)
                                0x343 (size before relaxing)

.debug_loc      0x00000000     0x29e7
 *(.debug_loc)
 .debug_loc     0x00000000      0xb66 .\CortexM3\ARM_GCC_541\Debug\LEDcontrol.o
 .debug_loc     0x00000b66      0x25a .\CortexM3\ARM_GCC_541\Debug\cyfitter_cfg.o
 .debug_loc     0x00000dc0      0x144 .\CortexM3\ARM_GCC_541\Debug\Cm3Start.o
 .debug_loc     0x00000f04       0x13 .\CortexM3\ARM_GCC_541\Debug\LED_control.a(Timer1.o)
 .debug_loc     0x00000f17      0xa11 .\CortexM3\ARM_GCC_541\Debug\LED_control.a(CyLib.o)
 .debug_loc     0x00001928      0x1e4 .\CortexM3\ARM_GCC_541\Debug\LED_control.a(cyPm.o)
 .debug_loc     0x00001b0c       0xfe .\CortexM3\ARM_GCC_541\Debug\LED_control.a(SPIM_1.o)
 .debug_loc     0x00001c0a      0x12c .\CortexM3\ARM_GCC_541\Debug\LED_control.a(SPIM_1_IntClock.o)
 .debug_loc     0x00001d36       0x56 .\CortexM3\ARM_GCC_541\Debug\LED_control.a(isr_LED_refreshrate.o)
 .debug_loc     0x00001d8c       0x13 .\CortexM3\ARM_GCC_541\Debug\LED_control.a(Timer2.o)
 .debug_loc     0x00001d9f       0x13 .\CortexM3\ARM_GCC_541\Debug\LED_control.a(Timer3.o)
 .debug_loc     0x00001db2       0x56 .\CortexM3\ARM_GCC_541\Debug\LED_control.a(isr_LED_pulse.o)
 .debug_loc     0x00001e08       0x56 .\CortexM3\ARM_GCC_541\Debug\LED_control.a(isr_LED_ring.o)
 .debug_loc     0x00001e5e       0x13 .\CortexM3\ARM_GCC_541\Debug\LED_control.a(Timer4.o)
 .debug_loc     0x00001e71       0x56 .\CortexM3\ARM_GCC_541\Debug\LED_control.a(isr_BlinkLED.o)
 .debug_loc     0x00001ec7       0x56 .\CortexM3\ARM_GCC_541\Debug\LED_control.a(isr_delay.o)
 .debug_loc     0x00001f1d       0x13 .\CortexM3\ARM_GCC_541\Debug\LED_control.a(Timer5.o)
 .debug_loc     0x00001f30      0x3b2 .\CortexM3\ARM_GCC_541\Debug\LED_control.a(CyFlash.o)
 .debug_loc     0x000022e2      0x705 .\CortexM3\ARM_GCC_541\Debug\LED_control.a(CySpc.o)

.debug_macinfo
 *(.debug_macinfo)

.debug_ranges   0x00000000      0xb58
 *(.debug_ranges)
 .debug_ranges  0x00000000       0x10 .\CortexM3\ARM_GCC_541\Debug\main.o
 .debug_ranges  0x00000010       0xd8 .\CortexM3\ARM_GCC_541\Debug\LEDcontrol.o
 .debug_ranges  0x000000e8       0x48 .\CortexM3\ARM_GCC_541\Debug\cyfitter_cfg.o
 .debug_ranges  0x00000130       0x38 .\CortexM3\ARM_GCC_541\Debug\Cm3Start.o
 .debug_ranges  0x00000168       0x80 .\CortexM3\ARM_GCC_541\Debug\LED_control.a(Timer1.o)
 .debug_ranges  0x000001e8      0x290 .\CortexM3\ARM_GCC_541\Debug\LED_control.a(CyLib.o)
 .debug_ranges  0x00000478       0x88 .\CortexM3\ARM_GCC_541\Debug\LED_control.a(cyPm.o)
 .debug_ranges  0x00000500       0xc8 .\CortexM3\ARM_GCC_541\Debug\LED_control.a(SPIM_1.o)
 .debug_ranges  0x000005c8       0x60 .\CortexM3\ARM_GCC_541\Debug\LED_control.a(SPIM_1_IntClock.o)
 .debug_ranges  0x00000628       0x70 .\CortexM3\ARM_GCC_541\Debug\LED_control.a(isr_LED_refreshrate.o)
 .debug_ranges  0x00000698       0x80 .\CortexM3\ARM_GCC_541\Debug\LED_control.a(Timer2.o)
 .debug_ranges  0x00000718       0x80 .\CortexM3\ARM_GCC_541\Debug\LED_control.a(Timer3.o)
 .debug_ranges  0x00000798       0x70 .\CortexM3\ARM_GCC_541\Debug\LED_control.a(isr_LED_pulse.o)
 .debug_ranges  0x00000808       0x70 .\CortexM3\ARM_GCC_541\Debug\LED_control.a(isr_LED_ring.o)
 .debug_ranges  0x00000878       0x18 .\CortexM3\ARM_GCC_541\Debug\LED_control.a(SPIMOutCtrl.o)
 .debug_ranges  0x00000890       0x80 .\CortexM3\ARM_GCC_541\Debug\LED_control.a(Timer4.o)
 .debug_ranges  0x00000910       0x70 .\CortexM3\ARM_GCC_541\Debug\LED_control.a(isr_BlinkLED.o)
 .debug_ranges  0x00000980       0x70 .\CortexM3\ARM_GCC_541\Debug\LED_control.a(isr_delay.o)
 .debug_ranges  0x000009f0       0x80 .\CortexM3\ARM_GCC_541\Debug\LED_control.a(Timer5.o)
 .debug_ranges  0x00000a70       0x78 .\CortexM3\ARM_GCC_541\Debug\LED_control.a(CyFlash.o)
 .debug_ranges  0x00000ae8       0x70 .\CortexM3\ARM_GCC_541\Debug\LED_control.a(CySpc.o)

.comment        0x00000000       0x6e
 .comment       0x00000000       0x6e .\CortexM3\ARM_GCC_541\Debug\main.o
                                 0x6f (size before relaxing)
 .comment       0x0000006e       0x6f .\CortexM3\ARM_GCC_541\Debug\LEDcontrol.o
 .comment       0x0000006e       0x6f .\CortexM3\ARM_GCC_541\Debug\cyfitter_cfg.o
 .comment       0x0000006e       0x6f .\CortexM3\ARM_GCC_541\Debug\cymetadata.o
 .comment       0x0000006e       0x6f .\CortexM3\ARM_GCC_541\Debug\Cm3Start.o
 .comment       0x0000006e       0x6f .\CortexM3\ARM_GCC_541\Debug\LED_control.a(Timer1.o)
 .comment       0x0000006e       0x6f .\CortexM3\ARM_GCC_541\Debug\LED_control.a(CyLib.o)
 .comment       0x0000006e       0x6f .\CortexM3\ARM_GCC_541\Debug\LED_control.a(cyPm.o)
 .comment       0x0000006e       0x6f .\CortexM3\ARM_GCC_541\Debug\LED_control.a(SPIM_1.o)
 .comment       0x0000006e       0x6f .\CortexM3\ARM_GCC_541\Debug\LED_control.a(SPIM_1_IntClock.o)
 .comment       0x0000006e       0x6f .\CortexM3\ARM_GCC_541\Debug\LED_control.a(isr_LED_refreshrate.o)
 .comment       0x0000006e       0x6f .\CortexM3\ARM_GCC_541\Debug\LED_control.a(Timer2.o)
 .comment       0x0000006e       0x6f .\CortexM3\ARM_GCC_541\Debug\LED_control.a(Timer3.o)
 .comment       0x0000006e       0x6f .\CortexM3\ARM_GCC_541\Debug\LED_control.a(isr_LED_pulse.o)
 .comment       0x0000006e       0x6f .\CortexM3\ARM_GCC_541\Debug\LED_control.a(isr_LED_ring.o)
 .comment       0x0000006e       0x6f .\CortexM3\ARM_GCC_541\Debug\LED_control.a(SPIMOutCtrl.o)
 .comment       0x0000006e       0x6f .\CortexM3\ARM_GCC_541\Debug\LED_control.a(Timer4.o)
 .comment       0x0000006e       0x6f .\CortexM3\ARM_GCC_541\Debug\LED_control.a(isr_BlinkLED.o)
 .comment       0x0000006e       0x6f .\CortexM3\ARM_GCC_541\Debug\LED_control.a(isr_delay.o)
 .comment       0x0000006e       0x6f .\CortexM3\ARM_GCC_541\Debug\LED_control.a(Timer5.o)
 .comment       0x0000006e       0x6f .\CortexM3\ARM_GCC_541\Debug\LED_control.a(CyFlash.o)
 .comment       0x0000006e       0x6f .\CortexM3\ARM_GCC_541\Debug\LED_control.a(CySpc.o)

.debug_weaknames
 *(.debug_weaknames)

.debug_funcnames
 *(.debug_funcnames)

.debug_typenames
 *(.debug_typenames)

.debug_varnames
 *(.debug_varnames)

.note.gnu.arm.ident
 *(.note.gnu.arm.ident)

.ARM.attributes
                0x00000000       0x29
 *(.ARM.attributes)
 .ARM.attributes
                0x00000000       0x1d c:/program files (x86)/cypress/psoc creator/4.3/psoc creator/import/gnu/arm/5.4.1/bin/../lib/gcc/arm-none-eabi/5.4.1/armv7-m/crti.o
 .ARM.attributes
                0x0000001d       0x2d c:/program files (x86)/cypress/psoc creator/4.3/psoc creator/import/gnu/arm/5.4.1/bin/../lib/gcc/arm-none-eabi/5.4.1/armv7-m/crtbegin.o
 .ARM.attributes
                0x0000004a       0x1b c:/program files (x86)/cypress/psoc creator/4.3/psoc creator/import/gnu/arm/5.4.1/bin/../lib/gcc/arm-none-eabi/5.4.1/../../../../arm-none-eabi/lib/armv7-m/crt0.o
 .ARM.attributes
                0x00000065       0x33 .\CortexM3\ARM_GCC_541\Debug\main.o
 .ARM.attributes
                0x00000098       0x33 .\CortexM3\ARM_GCC_541\Debug\LEDcontrol.o
 .ARM.attributes
                0x000000cb       0x33 .\CortexM3\ARM_GCC_541\Debug\cyfitter_cfg.o
 .ARM.attributes
                0x000000fe       0x33 .\CortexM3\ARM_GCC_541\Debug\cymetadata.o
 .ARM.attributes
                0x00000131       0x33 .\CortexM3\ARM_GCC_541\Debug\Cm3Start.o
 .ARM.attributes
                0x00000164       0x33 .\CortexM3\ARM_GCC_541\Debug\LED_control.a(Timer1.o)
 .ARM.attributes
                0x00000197       0x33 .\CortexM3\ARM_GCC_541\Debug\LED_control.a(CyLib.o)
 .ARM.attributes
                0x000001ca       0x33 .\CortexM3\ARM_GCC_541\Debug\LED_control.a(cyPm.o)
 .ARM.attributes
                0x000001fd       0x33 .\CortexM3\ARM_GCC_541\Debug\LED_control.a(SPIM_1.o)
 .ARM.attributes
                0x00000230       0x33 .\CortexM3\ARM_GCC_541\Debug\LED_control.a(SPIM_1_IntClock.o)
 .ARM.attributes
                0x00000263       0x33 .\CortexM3\ARM_GCC_541\Debug\LED_control.a(isr_LED_refreshrate.o)
 .ARM.attributes
                0x00000296       0x33 .\CortexM3\ARM_GCC_541\Debug\LED_control.a(Timer2.o)
 .ARM.attributes
                0x000002c9       0x33 .\CortexM3\ARM_GCC_541\Debug\LED_control.a(Timer3.o)
 .ARM.attributes
                0x000002fc       0x33 .\CortexM3\ARM_GCC_541\Debug\LED_control.a(isr_LED_pulse.o)
 .ARM.attributes
                0x0000032f       0x33 .\CortexM3\ARM_GCC_541\Debug\LED_control.a(isr_LED_ring.o)
 .ARM.attributes
                0x00000362       0x33 .\CortexM3\ARM_GCC_541\Debug\LED_control.a(SPIMOutCtrl.o)
 .ARM.attributes
                0x00000395       0x33 .\CortexM3\ARM_GCC_541\Debug\LED_control.a(Timer4.o)
 .ARM.attributes
                0x000003c8       0x33 .\CortexM3\ARM_GCC_541\Debug\LED_control.a(isr_BlinkLED.o)
 .ARM.attributes
                0x000003fb       0x33 .\CortexM3\ARM_GCC_541\Debug\LED_control.a(isr_delay.o)
 .ARM.attributes
                0x0000042e       0x33 .\CortexM3\ARM_GCC_541\Debug\LED_control.a(Timer5.o)
 .ARM.attributes
                0x00000461       0x21 .\CortexM3\ARM_GCC_541\Debug\LED_control.a(CyBootAsmGnu.o)
 .ARM.attributes
                0x00000482       0x33 .\CortexM3\ARM_GCC_541\Debug\LED_control.a(CyFlash.o)
 .ARM.attributes
                0x000004b5       0x33 .\CortexM3\ARM_GCC_541\Debug\LED_control.a(CySpc.o)
 .ARM.attributes
                0x000004e8       0x2d c:/program files (x86)/cypress/psoc creator/4.3/psoc creator/import/gnu/arm/5.4.1/bin/../lib/gcc/arm-none-eabi/5.4.1/../../../../arm-none-eabi/lib/armv7-m\libm.a(lib_a-s_round.o)
 .ARM.attributes
                0x00000515       0x2d c:/program files (x86)/cypress/psoc creator/4.3/psoc creator/import/gnu/arm/5.4.1/bin/../lib/gcc/arm-none-eabi/5.4.1/../../../../arm-none-eabi/lib/armv7-m\libm.a(lib_a-w_fmod.o)
 .ARM.attributes
                0x00000542       0x2d c:/program files (x86)/cypress/psoc creator/4.3/psoc creator/import/gnu/arm/5.4.1/bin/../lib/gcc/arm-none-eabi/5.4.1/../../../../arm-none-eabi/lib/armv7-m\libm.a(lib_a-e_fmod.o)
 .ARM.attributes
                0x0000056f       0x2d c:/program files (x86)/cypress/psoc creator/4.3/psoc creator/import/gnu/arm/5.4.1/bin/../lib/gcc/arm-none-eabi/5.4.1/../../../../arm-none-eabi/lib/armv7-m\libm.a(lib_a-s_lib_ver.o)
 .ARM.attributes
                0x0000059c       0x2d c:/program files (x86)/cypress/psoc creator/4.3/psoc creator/import/gnu/arm/5.4.1/bin/../lib/gcc/arm-none-eabi/5.4.1/../../../../arm-none-eabi/lib/armv7-m\libm.a(lib_a-s_matherr.o)
 .ARM.attributes
                0x000005c9       0x1d c:/program files (x86)/cypress/psoc creator/4.3/psoc creator/import/gnu/arm/5.4.1/bin/../lib/gcc/arm-none-eabi/5.4.1/armv7-m\libgcc.a(_arm_addsubdf3.o)
 .ARM.attributes
                0x000005e6       0x1d c:/program files (x86)/cypress/psoc creator/4.3/psoc creator/import/gnu/arm/5.4.1/bin/../lib/gcc/arm-none-eabi/5.4.1/armv7-m\libgcc.a(_arm_muldivdf3.o)
 .ARM.attributes
                0x00000603       0x1d c:/program files (x86)/cypress/psoc creator/4.3/psoc creator/import/gnu/arm/5.4.1/bin/../lib/gcc/arm-none-eabi/5.4.1/armv7-m\libgcc.a(_arm_cmpdf2.o)
 .ARM.attributes
                0x00000620       0x1d c:/program files (x86)/cypress/psoc creator/4.3/psoc creator/import/gnu/arm/5.4.1/bin/../lib/gcc/arm-none-eabi/5.4.1/armv7-m\libgcc.a(_arm_unorddf2.o)
 .ARM.attributes
                0x0000063d       0x1d c:/program files (x86)/cypress/psoc creator/4.3/psoc creator/import/gnu/arm/5.4.1/bin/../lib/gcc/arm-none-eabi/5.4.1/armv7-m\libgcc.a(_arm_fixdfsi.o)
 .ARM.attributes
                0x0000065a       0x1d c:/program files (x86)/cypress/psoc creator/4.3/psoc creator/import/gnu/arm/5.4.1/bin/../lib/gcc/arm-none-eabi/5.4.1/armv7-m\libgcc.a(_arm_truncdfsf2.o)
 .ARM.attributes
                0x00000677       0x1d c:/program files (x86)/cypress/psoc creator/4.3/psoc creator/import/gnu/arm/5.4.1/bin/../lib/gcc/arm-none-eabi/5.4.1/armv7-m\libgcc.a(_arm_addsubsf3.o)
 .ARM.attributes
                0x00000694       0x1d c:/program files (x86)/cypress/psoc creator/4.3/psoc creator/import/gnu/arm/5.4.1/bin/../lib/gcc/arm-none-eabi/5.4.1/armv7-m\libgcc.a(_arm_muldivsf3.o)
 .ARM.attributes
                0x000006b1       0x1d c:/program files (x86)/cypress/psoc creator/4.3/psoc creator/import/gnu/arm/5.4.1/bin/../lib/gcc/arm-none-eabi/5.4.1/armv7-m\libgcc.a(_arm_cmpsf2.o)
 .ARM.attributes
                0x000006ce       0x1d c:/program files (x86)/cypress/psoc creator/4.3/psoc creator/import/gnu/arm/5.4.1/bin/../lib/gcc/arm-none-eabi/5.4.1/armv7-m\libgcc.a(_arm_fixsfsi.o)
 .ARM.attributes
                0x000006eb       0x2d c:/program files (x86)/cypress/psoc creator/4.3/psoc creator/import/gnu/arm/5.4.1/bin/../lib/gcc/arm-none-eabi/5.4.1/../../../../arm-none-eabi/lib/armv7-m\libg_nano.a(lib_a-errno.o)
 .ARM.attributes
                0x00000718       0x2d c:/program files (x86)/cypress/psoc creator/4.3/psoc creator/import/gnu/arm/5.4.1/bin/../lib/gcc/arm-none-eabi/5.4.1/../../../../arm-none-eabi/lib/armv7-m\libg_nano.a(lib_a-exit.o)
 .ARM.attributes
                0x00000745       0x2d c:/program files (x86)/cypress/psoc creator/4.3/psoc creator/import/gnu/arm/5.4.1/bin/../lib/gcc/arm-none-eabi/5.4.1/../../../../arm-none-eabi/lib/armv7-m\libg_nano.a(lib_a-impure.o)
 .ARM.attributes
                0x00000772       0x2d c:/program files (x86)/cypress/psoc creator/4.3/psoc creator/import/gnu/arm/5.4.1/bin/../lib/gcc/arm-none-eabi/5.4.1/../../../../arm-none-eabi/lib/armv7-m\libg_nano.a(lib_a-init.o)
 .ARM.attributes
                0x0000079f       0x2d c:/program files (x86)/cypress/psoc creator/4.3/psoc creator/import/gnu/arm/5.4.1/bin/../lib/gcc/arm-none-eabi/5.4.1/../../../../arm-none-eabi/lib/armv7-m\libg_nano.a(lib_a-memcpy-stub.o)
 .ARM.attributes
                0x000007cc       0x2d c:/program files (x86)/cypress/psoc creator/4.3/psoc creator/import/gnu/arm/5.4.1/bin/../lib/gcc/arm-none-eabi/5.4.1/../../../../arm-none-eabi/lib/armv7-m\libg_nano.a(lib_a-memset.o)
 .ARM.attributes
                0x000007f9       0x2d c:/program files (x86)/cypress/psoc creator/4.3/psoc creator/import/gnu/arm/5.4.1/bin/../lib/gcc/arm-none-eabi/5.4.1/../../../../arm-none-eabi/lib/armv7-m\libg_nano.a(lib_a-nano-vfprintf_float.o)
 .ARM.attributes
                0x00000826       0x2d c:/program files (x86)/cypress/psoc creator/4.3/psoc creator/import/gnu/arm/5.4.1/bin/../lib/gcc/arm-none-eabi/5.4.1/../../../../arm-none-eabi/lib/armv7-m\libg_nano.a(lib_a-nano-vfprintf_i.o)
 .ARM.attributes
                0x00000853       0x17 c:/program files (x86)/cypress/psoc creator/4.3/psoc creator/import/gnu/arm/5.4.1/bin/../lib/gcc/arm-none-eabi/5.4.1/../../../../arm-none-eabi/lib/armv7-m\libg_nano.a(lib_a-strlen.o)
 .ARM.attributes
                0x0000086a       0x2d c:/program files (x86)/cypress/psoc creator/4.3/psoc creator/import/gnu/arm/5.4.1/bin/../lib/gcc/arm-none-eabi/5.4.1/../../../../arm-none-eabi/lib/armv7-m\libg_nano.a(lib_a-dtoa.o)
 .ARM.attributes
                0x00000897       0x2d c:/program files (x86)/cypress/psoc creator/4.3/psoc creator/import/gnu/arm/5.4.1/bin/../lib/gcc/arm-none-eabi/5.4.1/../../../../arm-none-eabi/lib/armv7-m\libg_nano.a(lib_a-locale.o)
 .ARM.attributes
                0x000008c4       0x2d c:/program files (x86)/cypress/psoc creator/4.3/psoc creator/import/gnu/arm/5.4.1/bin/../lib/gcc/arm-none-eabi/5.4.1/../../../../arm-none-eabi/lib/armv7-m\libg_nano.a(lib_a-malloc.o)
 .ARM.attributes
                0x000008f1       0x2d c:/program files (x86)/cypress/psoc creator/4.3/psoc creator/import/gnu/arm/5.4.1/bin/../lib/gcc/arm-none-eabi/5.4.1/../../../../arm-none-eabi/lib/armv7-m\libg_nano.a(lib_a-memchr-stub.o)
 .ARM.attributes
                0x0000091e       0x2d c:/program files (x86)/cypress/psoc creator/4.3/psoc creator/import/gnu/arm/5.4.1/bin/../lib/gcc/arm-none-eabi/5.4.1/../../../../arm-none-eabi/lib/armv7-m\libg_nano.a(lib_a-mprec.o)
 .ARM.attributes
                0x0000094b       0x2d c:/program files (x86)/cypress/psoc creator/4.3/psoc creator/import/gnu/arm/5.4.1/bin/../lib/gcc/arm-none-eabi/5.4.1/../../../../arm-none-eabi/lib/armv7-m\libg_nano.a(lib_a-nano-callocr.o)
 .ARM.attributes
                0x00000978       0x2d c:/program files (x86)/cypress/psoc creator/4.3/psoc creator/import/gnu/arm/5.4.1/bin/../lib/gcc/arm-none-eabi/5.4.1/../../../../arm-none-eabi/lib/armv7-m\libg_nano.a(lib_a-nano-freer.o)
 .ARM.attributes
                0x000009a5       0x2d c:/program files (x86)/cypress/psoc creator/4.3/psoc creator/import/gnu/arm/5.4.1/bin/../lib/gcc/arm-none-eabi/5.4.1/../../../../arm-none-eabi/lib/armv7-m\libg_nano.a(lib_a-nano-mallocr.o)
 .ARM.attributes
                0x000009d2       0x2d c:/program files (x86)/cypress/psoc creator/4.3/psoc creator/import/gnu/arm/5.4.1/bin/../lib/gcc/arm-none-eabi/5.4.1/../../../../arm-none-eabi/lib/armv7-m\libg_nano.a(lib_a-sbrkr.o)
 .ARM.attributes
                0x000009ff       0x1b c:/program files (x86)/cypress/psoc creator/4.3/psoc creator/import/gnu/arm/5.4.1/bin/../lib/gcc/arm-none-eabi/5.4.1/../../../../arm-none-eabi/lib/armv7-m\libg_nano.a(lib_a-strcmp.o)
 .ARM.attributes
                0x00000a1a       0x2d c:/program files (x86)/cypress/psoc creator/4.3/psoc creator/import/gnu/arm/5.4.1/bin/../lib/gcc/arm-none-eabi/5.4.1/../../../../arm-none-eabi/lib/armv7-m\libg_nano.a(lib_a-mlock.o)
 .ARM.attributes
                0x00000a47       0x2d c:/program files (x86)/cypress/psoc creator/4.3/psoc creator/import/gnu/arm/5.4.1/bin/../lib/gcc/arm-none-eabi/5.4.1/../../../../arm-none-eabi/lib/armv7-m\libg_nano.a(lib_a-reent.o)
 .ARM.attributes
                0x00000a74       0x2d c:/program files (x86)/cypress/psoc creator/4.3/psoc creator/import/gnu/arm/5.4.1/bin/../lib/gcc/arm-none-eabi/5.4.1/armv7-m/crtend.o
 .ARM.attributes
                0x00000aa1       0x1d c:/program files (x86)/cypress/psoc creator/4.3/psoc creator/import/gnu/arm/5.4.1/bin/../lib/gcc/arm-none-eabi/5.4.1/armv7-m/crtn.o

/DISCARD/
 *(.note.GNU-stack)
OUTPUT(C:\Users\cring\Documents\GitHub\E5PRJ3\LED kode\LEDcontrol\LED_control.cydsn\CortexM3\ARM_GCC_541\Debug\LED_control.elf elf32-littlearm)